# 573 stars found using the following parameters:
# sigma=1.00 roundness=0.10 radius=5 relax=1 profile=0 minbeta=1.5 max_stars=0 layer=1 minA=0.00 maxA=0.00 maxR=1.00
# star#	layer	B	A	beta	X	Y	FWHMx [px]	FWHMy [px]	FWHMx ["]	FWHMy ["]	angle	RMSE	mag	Sat	Profile	RA	Dec
1	1	 -0.000527	  0.002343	     -1.00	    698.78	     83.82	     49.18	     22.89	    860.78	    400.72	2.92	 3.531e-04	     -0.12	0	Gaussian	329.566259	49.821724
2	1	  0.000064	  0.002052	     -1.00	    179.24	    548.15	     31.70	     21.91	    554.77	    383.57	-86.96	 3.951e-04	     -0.07	0	Gaussian	331.752633	47.036219
3	1	  0.002278	  0.096757	     -1.00	    313.08	    315.56	      2.89	      2.49	     50.60	     43.56	31.58	 1.980e-03	      0.26	0	Gaussian	331.462077	48.231379
4	1	  0.002013	  0.075500	     -1.00	    221.85	    633.13	      3.08	      2.67	     53.83	     46.77	26.41	 1.458e-03	      0.38	0	Gaussian	331.316876	46.744862
5	1	  0.002012	  0.060862	     -1.00	    660.94	    340.80	      3.33	      2.73	     58.34	     47.82	26.33	 1.186e-03	      0.51	0	Gaussian	329.260853	48.668863
6	1	  0.001731	  0.051047	     -1.00	    515.36	    773.71	      3.00	      2.70	     52.58	     47.22	31.10	 7.993e-04	      0.82	0	Gaussian	329.269623	46.592885
7	1	  0.002047	  0.044830	     -1.00	    186.60	    337.51	      3.14	      2.78	     54.91	     48.66	33.43	 1.112e-03	      0.88	0	Gaussian	332.174889	47.933443
8	1	  0.001754	  0.040546	     -1.00	    270.90	    535.71	      3.07	      2.84	     53.72	     49.69	34.13	 8.139e-04	      0.99	0	Gaussian	331.234937	47.234787
9	1	  0.001673	  0.029120	     -1.00	    220.44	    210.79	      3.04	      3.03	     53.18	     53.05	7.23	 6.872e-04	      1.29	0	Gaussian	332.257657	48.519240
10	1	  0.001615	  0.027759	     -1.00	    505.63	    707.14	      3.08	      2.74	     53.96	     47.92	28.44	 4.485e-04	      1.44	0	Gaussian	329.463204	46.864742
11	1	  0.001625	  0.029444	     -1.00	    644.90	    687.25	      3.02	      2.60	     52.84	     45.48	31.68	 4.724e-04	      1.46	0	Gaussian	328.653473	47.156019
12	1	  0.001643	  0.025117	     -1.00	    712.12	    468.22	      3.33	      2.68	     58.37	     46.86	32.45	 4.456e-04	      1.49	0	Gaussian	328.677412	48.198939
13	1	  0.001749	  0.022593	     -1.00	    598.70	    211.79	      3.07	      3.07	     53.74	     53.73	89.12	 5.303e-04	      1.54	0	Gaussian	329.925071	49.122978
14	1	  0.001614	  0.023980	     -1.00	    643.22	    618.35	      3.12	      2.72	     54.64	     47.52	32.59	 3.973e-04	      1.59	0	Gaussian	328.801879	47.450812
15	1	  0.000912	  0.022443	     -1.00	    191.72	     72.14	      3.25	      2.77	     56.84	     48.43	46.07	 1.107e-03	      1.60	0	Gaussian	332.750086	49.048426
16	1	  0.001628	  0.024727	     -1.00	    647.30	    723.82	      3.04	      2.60	     53.17	     45.54	28.38	 3.829e-04	      1.64	0	Gaussian	328.565999	47.001487
17	1	  0.001583	  0.017602	     -1.00	    568.61	    217.50	      3.39	      2.72	     59.37	     47.62	36.38	 3.302e-04	      1.84	0	Gaussian	330.101484	49.051781
18	1	  0.001628	  0.018026	     -1.00	    730.05	    391.59	      3.25	      2.67	     56.91	     46.78	34.21	 3.189e-04	      1.87	0	Gaussian	328.721184	48.554985
19	1	  0.001565	  0.014566	     -1.00	    299.33	     73.97	      3.40	      2.85	     59.58	     49.83	29.81	 3.299e-04	      1.99	0	Gaussian	332.089894	49.221091
20	1	  0.001550	  0.013860	     -1.00	    434.24	    254.17	      3.55	      2.78	     62.17	     48.65	34.61	 2.637e-04	      2.02	0	Gaussian	330.856433	48.684446
21	1	  0.001563	  0.011188	     -1.00	    249.14	    377.34	      4.30	      2.78	     75.20	     48.69	17.17	 2.280e-04	      2.05	0	Gaussian	331.711358	47.868130
22	1	  0.001600	  0.015429	     -1.00	    369.48	    500.04	      2.96	      2.89	     51.83	     50.64	21.58	 2.699e-04	      2.06	0	Gaussian	330.719301	47.541112
23	1	  0.001611	  0.013900	     -1.00	    553.28	    593.64	      3.22	      2.74	     56.39	     48.00	34.72	 2.467e-04	      2.14	0	Gaussian	329.404859	47.423397
24	1	  0.001553	  0.012909	     -1.00	    496.90	    351.02	      3.29	      2.61	     57.52	     45.71	38.44	 2.296e-04	      2.25	0	Gaussian	330.260142	48.373045
25	1	  0.001590	  0.012653	     -1.00	    481.90	    298.46	      3.06	      2.84	     53.58	     49.79	35.98	 2.740e-04	      2.26	0	Gaussian	330.465857	48.572580
26	1	  0.001548	  0.011904	     -1.00	    601.80	    467.03	      3.35	      2.74	     58.71	     47.92	29.51	 2.182e-04	      2.27	0	Gaussian	329.367024	48.039172
27	1	  0.001569	  0.013585	     -1.00	    750.46	    726.68	      2.99	      2.69	     52.36	     47.03	32.48	 1.968e-04	      2.27	0	Gaussian	327.924617	47.137418
28	1	  0.001550	  0.011980	     -1.00	    475.80	    360.74	      3.25	      2.76	     56.84	     48.28	39.70	 2.099e-04	      2.29	0	Gaussian	330.369315	48.298828
29	1	  0.001537	  0.013095	     -1.00	    417.77	     98.73	      2.90	      2.82	     50.75	     49.29	32.53	 2.928e-04	      2.29	0	Gaussian	331.303221	49.312237
30	1	  0.001543	  0.010486	     -1.00	    355.20	     85.09	      3.11	      2.98	     54.45	     52.12	34.34	 2.243e-04	      2.39	0	Gaussian	331.720929	49.267027
31	1	  0.001549	  0.011681	     -1.00	    266.29	    687.62	      2.92	      2.58	     51.19	     45.18	25.38	 2.025e-04	      2.50	0	Gaussian	330.937787	46.583245
32	1	  0.001549	  0.010948	     -1.00	    560.96	     88.08	      2.93	      2.69	     51.35	     47.10	65.82	 2.369e-04	      2.53	0	Gaussian	330.431663	49.587316
33	1	  0.001502	  0.008514	     -1.00	    452.21	    221.86	      3.74	      2.68	     65.42	     46.96	33.81	 1.665e-04	      2.53	0	Gaussian	330.816361	48.849537
34	1	  0.001814	  0.010009	     -1.00	    606.81	    601.29	      3.14	      2.62	     55.04	     45.85	26.15	 1.085e-03	      2.57	0	Gaussian	329.060679	47.470438
35	1	  0.001548	  0.011621	     -1.00	    233.16	    729.40	      2.83	      2.52	     49.56	     44.12	25.63	 1.901e-04	      2.58	0	Gaussian	331.045123	46.354136
36	1	  0.001830	  0.010689	     -1.00	    602.31	    592.55	      2.93	      2.56	     51.36	     44.74	14.53	 1.082e-03	      2.60	0	Gaussian	329.106151	47.501321
37	1	  0.001551	  0.008829	     -1.00	    447.76	    505.28	      3.22	      2.72	     56.39	     47.60	36.67	 1.971e-04	      2.64	0	Gaussian	330.233265	47.640540
38	1	  0.000921	  0.003050	     -1.00	    233.82	     52.17	      5.41	      4.56	     94.64	     79.81	13.59	 6.592e-04	      2.67	0	Gaussian	332.540620	49.202302
39	1	  0.001498	  0.009368	     -1.00	    776.16	    725.64	      3.02	      2.65	     52.90	     46.40	29.30	 1.398e-04	      2.68	0	Gaussian	327.767349	47.178429
40	1	  0.001519	  0.007878	     -1.00	    784.90	    243.42	      3.35	      2.75	     58.68	     48.10	32.66	 1.680e-04	      2.71	0	Gaussian	328.678581	49.272389
41	1	  0.001496	  0.009226	     -1.00	    633.56	    763.46	      2.98	      2.59	     52.08	     45.35	22.97	 1.321e-04	      2.73	0	Gaussian	328.571706	46.810123
42	1	  0.001565	  0.007705	     -1.00	    350.76	    444.87	      2.97	      2.93	     52.03	     51.25	23.71	 1.551e-04	      2.79	0	Gaussian	330.951121	47.745593
43	1	  0.001552	  0.007439	     -1.00	    483.86	    390.68	      3.13	      2.79	     54.77	     48.83	29.00	 1.599e-04	      2.83	0	Gaussian	330.255649	48.184204
44	1	  0.001516	  0.006968	     -1.00	    473.04	    344.81	      3.33	      2.71	     58.20	     47.39	35.16	 1.319e-04	      2.87	0	Gaussian	330.420547	48.362132
45	1	  0.001552	  0.007381	     -1.00	    341.13	    768.75	      3.24	      2.59	     56.67	     45.30	18.64	 1.559e-04	      2.88	0	Gaussian	330.323912	46.352655
46	1	  0.001525	  0.007006	     -1.00	    544.39	    459.61	      3.01	      2.92	     52.73	     51.16	30.30	 1.684e-04	      2.89	0	Gaussian	329.737258	47.983748
47	1	  0.001536	  0.007266	     -1.00	    276.70	    621.69	      3.02	      2.73	     52.89	     47.83	12.82	 1.531e-04	      2.92	0	Gaussian	331.015932	46.879508
48	1	  0.001503	  0.006885	     -1.00	    169.65	    720.59	      3.12	      2.72	     54.61	     47.65	28.04	 1.375e-04	      2.95	0	Gaussian	331.436929	46.292178
49	1	  0.001627	  0.006813	     -1.00	    571.92	    614.90	      3.09	      2.71	     54.08	     47.51	26.80	 3.071e-04	      2.97	0	Gaussian	329.247190	47.359987
50	1	  0.001533	  0.007078	     -1.00	    299.75	    656.48	      2.91	      2.75	     50.95	     48.13	32.77	 1.750e-04	      2.99	0	Gaussian	330.804892	46.767655
51	1	  0.001575	  0.006367	     -1.00	    499.17	    373.12	      3.01	      2.96	     52.60	     51.76	0.37	 3.374e-04	      2.99	0	Gaussian	330.198880	48.282660
52	1	  0.001479	  0.006821	     -1.00	    281.20	    777.93	      2.86	      2.82	     50.00	     49.45	62.91	 1.193e-04	      3.01	0	Gaussian	330.659890	46.221848
53	1	  0.001549	  0.006930	     -1.00	    708.46	    132.56	      2.91	      2.66	     50.86	     46.54	25.23	 1.515e-04	      3.04	0	Gaussian	329.399886	49.629563
54	1	  0.001528	  0.006058	     -1.00	    202.09	    507.33	      3.20	      2.73	     55.98	     47.85	31.32	 1.417e-04	      3.05	0	Gaussian	331.706414	47.244972
55	1	  0.001421	  0.000318	     -1.00	    345.24	    787.52	     43.16	      6.39	    755.51	    111.83	38.04	 1.255e-04	      3.05	0	Gaussian	330.260709	46.278689
56	1	  0.001473	  0.001825	     -1.00	    665.92	    615.98	      7.57	      3.82	    132.46	     66.94	51.22	 9.522e-05	      3.05	0	Gaussian	328.666464	47.494383
57	1	  0.001567	  0.006289	     -1.00	    392.05	    107.77	      3.12	      2.67	     54.66	     46.66	42.69	 2.521e-04	      3.06	0	Gaussian	331.442123	49.232442
58	1	  0.001539	  0.005847	     -1.00	    237.12	    224.24	      3.06	      2.89	     53.59	     50.58	34.80	 1.572e-04	      3.07	0	Gaussian	332.126375	48.490590
59	1	  0.001579	  0.007072	     -1.00	    259.37	    627.53	      2.88	      2.52	     50.38	     44.19	16.65	 1.874e-04	      3.09	0	Gaussian	331.106538	46.827596
60	1	  0.001505	  0.005633	     -1.00	    700.21	    434.62	      3.05	      2.98	     53.47	     52.14	26.92	 1.360e-04	      3.09	0	Gaussian	328.820544	48.325734
61	1	  0.001514	  0.005495	     -1.00	    549.92	    139.45	      3.32	      2.81	     58.14	     49.18	5.22	 1.278e-04	      3.09	0	Gaussian	330.388330	49.352832
62	1	  0.001456	  0.001166	     -1.00	    185.17	    425.10	     10.11	      4.21	    176.88	     73.67	-36.87	 1.153e-04	      3.12	0	Gaussian	331.988131	47.563645
63	1	  0.001511	  0.006194	     -1.00	    412.81	    619.31	      3.14	      2.54	     55.03	     44.45	32.68	 1.076e-04	      3.12	0	Gaussian	330.205500	47.100517
64	1	  0.001562	  0.005758	     -1.00	    569.35	    253.13	      3.01	      2.87	     52.67	     50.32	14.55	 1.527e-04	      3.13	0	Gaussian	330.020144	48.901718
65	1	  0.001518	  0.004435	     -1.00	    192.95	    315.70	      3.46	      3.07	     60.64	     53.66	25.04	 1.561e-04	      3.19	0	Gaussian	332.185917	48.035196
66	1	  0.001527	  0.004973	     -1.00	    592.78	    280.70	      3.40	      2.76	     59.49	     48.34	38.12	 1.100e-04	      3.19	0	Gaussian	329.814689	48.820880
67	1	  0.001467	  0.004163	     -1.00	    599.88	    337.73	      3.83	      2.91	     66.95	     50.91	32.94	 9.115e-05	      3.20	0	Gaussian	329.649370	48.588868
68	1	  0.001498	  0.003653	     -1.00	    793.35	    261.35	      4.09	      3.07	     71.67	     53.69	-7.31	 9.469e-05	      3.21	0	Gaussian	328.587516	49.208184
69	1	  0.001488	  0.005406	     -1.00	    562.45	    673.36	      3.05	      2.78	     53.32	     48.59	22.84	 1.067e-04	      3.23	0	Gaussian	329.186343	47.094548
70	1	  0.001509	  0.005342	     -1.00	    511.49	    521.05	      3.13	      2.68	     54.74	     46.88	43.09	 1.009e-04	      3.23	0	Gaussian	329.810949	47.671023
71	1	  0.001483	  0.001794	     -1.00	    780.58	    186.20	      6.44	      3.84	    112.68	     67.18	-62.65	 1.566e-04	      3.24	0	Gaussian	328.825378	49.510761
72	1	  0.001486	  0.004478	     -1.00	    531.33	    499.78	      3.20	      3.15	     55.96	     55.18	-5.60	 1.169e-04	      3.24	0	Gaussian	329.733706	47.792201
73	1	  0.001579	  0.006018	     -1.00	    753.50	    125.47	      2.85	      2.53	     49.89	     44.29	21.98	 3.894e-04	      3.26	0	Gaussian	329.126876	49.728791
74	1	  0.001478	  0.004597	     -1.00	    788.78	    106.48	      3.30	      2.87	     57.70	     50.30	-25.20	 1.528e-04	      3.26	0	Gaussian	328.940364	49.863474
75	1	  0.001513	  0.005574	     -1.00	    173.29	    683.44	      2.99	      2.58	     52.37	     45.09	17.64	 1.655e-04	      3.27	0	Gaussian	331.495106	46.455246
76	1	  0.001577	  0.002418	     -1.00	    220.99	    679.10	      4.93	      3.59	     86.34	     62.76	-68.18	 1.661e-04	      3.28	0	Gaussian	331.223683	46.548671
77	1	  0.001679	  0.005680	     -1.00	    307.11	    531.23	      2.90	      2.64	     50.71	     46.22	29.69	 5.036e-04	      3.29	0	Gaussian	331.027884	47.310905
78	1	  0.001507	  0.001470	     -1.00	    197.38	    450.47	      6.93	      4.15	    121.21	     72.64	-84.10	 1.601e-04	      3.30	0	Gaussian	331.859321	47.476826
79	1	  0.001647	  0.004698	     -1.00	    793.44	    323.19	      3.08	      2.95	     53.90	     51.64	5.02	 2.238e-04	      3.31	0	Gaussian	328.459850	48.942889
80	1	  0.001505	  0.004444	     -1.00	    438.06	    566.38	      3.27	      2.81	     57.26	     49.18	35.09	 1.065e-04	      3.33	0	Gaussian	330.163596	47.365124
81	1	  0.001691	  0.005980	     -1.00	    351.34	    553.18	      2.78	      2.40	     48.62	     42.08	3.40	 5.520e-04	      3.34	0	Gaussian	330.715311	47.287079
82	1	  0.001534	  0.004944	     -1.00	    433.51	    656.24	      3.08	      2.68	     53.85	     46.84	13.63	 1.180e-04	      3.35	0	Gaussian	330.003795	46.974288
83	1	  0.001489	  0.003579	     -1.00	    423.01	    294.35	      3.78	      2.94	     66.10	     51.50	34.53	 1.026e-04	      3.37	0	Gaussian	330.837588	48.496864
84	1	  0.001471	  0.004046	     -1.00	    387.36	    239.06	      3.30	      2.94	     57.75	     51.50	27.69	 1.018e-04	      3.37	0	Gaussian	331.178036	48.673139
85	1	  0.001480	  0.003964	     -1.00	    657.64	    246.12	      3.33	      2.97	     58.34	     52.07	23.37	 9.581e-05	      3.38	0	Gaussian	329.480739	49.067997
86	1	  0.001481	  0.001761	     -1.00	    667.38	    587.21	      6.66	      3.36	    116.60	     58.79	-42.03	 1.004e-04	      3.38	0	Gaussian	328.715221	47.620576
87	1	  0.001492	  0.004614	     -1.00	    548.43	    761.52	      3.07	      2.79	     53.71	     48.91	12.57	 1.148e-04	      3.38	0	Gaussian	329.093915	46.694168
88	1	  0.001514	  0.003607	     -1.00	    670.80	    257.26	      3.68	      2.94	     64.38	     51.46	24.57	 1.376e-04	      3.38	0	Gaussian	329.374163	49.040648
89	1	  0.001507	  0.003821	     -1.00	    740.85	    408.74	      3.19	      3.14	     55.79	     54.95	43.76	 1.080e-04	      3.40	0	Gaussian	328.618066	48.497294
90	1	  0.001517	  0.004564	     -1.00	    355.04	    672.43	      3.00	      2.74	     52.52	     47.96	32.16	 2.158e-04	      3.43	0	Gaussian	330.441429	46.785207
91	1	  0.001502	  0.002534	     -1.00	    473.94	    719.56	      4.42	      3.24	     77.37	     56.74	-81.16	 1.978e-04	      3.44	0	Gaussian	329.629537	46.764030
92	1	  0.001499	  0.003910	     -1.00	    231.11	    574.86	      3.23	      2.86	     56.46	     49.97	37.45	 1.223e-04	      3.49	0	Gaussian	331.387352	47.006119
93	1	  0.001477	  0.003408	     -1.00	    758.00	    340.12	      3.43	      3.01	     59.95	     52.68	40.02	 9.858e-05	      3.50	0	Gaussian	328.650148	48.817591
94	1	  0.001498	  0.003222	     -1.00	    199.87	    635.93	      3.25	      3.24	     56.95	     56.76	66.78	 1.074e-04	      3.52	0	Gaussian	331.440692	46.698273
95	1	  0.001505	  0.003361	     -1.00	    442.60	     93.23	      3.49	      2.86	     61.09	     49.99	35.82	 1.305e-04	      3.52	0	Gaussian	331.161301	49.375624
96	1	  0.001491	  0.003837	     -1.00	    760.09	    556.37	      2.99	      2.90	     52.32	     50.74	37.72	 9.448e-05	      3.54	0	Gaussian	328.199820	47.889074
97	1	  0.001480	  0.003695	     -1.00	    700.59	    578.41	      3.10	      2.97	     54.28	     52.00	29.93	 7.694e-05	      3.54	0	Gaussian	328.526903	47.707213
98	1	  0.001672	  0.000853	     -1.00	    196.62	    699.04	      8.59	      4.52	    150.42	     79.05	-16.89	 3.444e-04	      3.54	0	Gaussian	331.324668	46.425877
99	1	  0.001462	  0.001618	     -1.00	    409.53	    252.34	      6.15	      3.29	    107.57	     57.56	39.01	 9.004e-05	      3.57	0	Gaussian	331.012529	48.652735
100	1	  0.001570	  0.003860	     -1.00	    661.41	    700.45	      3.10	      2.81	     54.22	     49.17	24.23	 1.821e-04	      3.57	0	Gaussian	328.525683	47.123012
101	1	  0.001465	  0.001908	     -1.00	    311.73	    582.38	      5.04	      3.34	     88.27	     58.47	6.40	 7.298e-05	      3.60	0	Gaussian	330.890718	47.101190
102	1	  0.001687	  0.004282	     -1.00	    311.60	    538.81	      2.70	      2.70	     47.31	     47.23	56.20	 6.517e-04	      3.60	0	Gaussian	330.984727	47.285822
103	1	  0.001594	  0.003545	     -1.00	    509.05	    372.74	      3.24	      2.77	     56.74	     48.57	37.23	 6.021e-04	      3.60	0	Gaussian	330.138734	48.299622
104	1	  0.001453	  0.002871	     -1.00	    640.59	    400.89	      3.60	      2.94	     62.94	     51.52	31.73	 7.990e-05	      3.64	0	Gaussian	329.262999	48.380972
105	1	  0.001494	  0.003153	     -1.00	    309.12	    509.88	      3.31	      2.95	     57.87	     51.72	20.80	 1.000e-04	      3.65	0	Gaussian	331.061817	47.404540
106	1	  0.001468	  0.003349	     -1.00	    412.05	    500.44	      3.30	      2.84	     57.78	     49.62	12.68	 8.965e-05	      3.65	0	Gaussian	330.460652	47.605832
107	1	  0.001454	  0.002367	     -1.00	    237.42	    102.03	      3.90	      3.29	     68.28	     57.64	24.57	 8.017e-05	      3.66	0	Gaussian	332.403503	49.000992
108	1	  0.001616	  0.003921	     -1.00	    744.52	    133.97	      2.83	      2.74	     49.48	     47.99	66.56	 5.710e-04	      3.66	0	Gaussian	329.166369	49.678887
109	1	  0.001567	  0.003228	     -1.00	    231.58	    499.09	      3.17	      3.03	     55.47	     53.00	14.28	 2.908e-04	      3.67	0	Gaussian	331.548985	47.326960
110	1	  0.001522	  0.003292	     -1.00	    260.24	    611.64	      3.23	      2.81	     56.56	     49.21	11.22	 1.675e-04	      3.67	0	Gaussian	331.135328	46.896325
111	1	  0.001511	  0.002376	     -1.00	    283.83	    643.39	      3.81	      3.32	     66.68	     58.09	-8.12	 1.690e-04	      3.68	0	Gaussian	330.927393	46.798519
112	1	  0.001492	  0.003564	     -1.00	    311.49	    719.12	      3.04	      2.74	     53.29	     47.88	2.31	 1.367e-04	      3.69	0	Gaussian	330.603342	46.519143
113	1	  0.001498	  0.002965	     -1.00	    494.04	    454.09	      3.21	      3.13	     56.27	     54.85	39.21	 1.133e-04	      3.69	0	Gaussian	330.058470	47.930045
114	1	  0.001663	  0.000757	     -1.00	    200.13	    678.63	     13.04	      2.91	    228.31	     50.87	-56.04	 3.410e-04	      3.70	0	Gaussian	331.347574	46.517893
115	1	  0.001569	  0.003554	     -1.00	    620.48	    700.28	      3.04	      2.72	     53.21	     47.62	13.33	 1.295e-04	      3.71	0	Gaussian	328.777291	47.064084
116	1	  0.001496	  0.002787	     -1.00	    193.66	    592.29	      3.55	      2.89	     62.12	     50.58	15.96	 1.246e-04	      3.71	0	Gaussian	331.571529	46.872957
117	1	  0.001496	  0.000908	     -1.00	    481.48	    283.31	      7.14	      4.42	    125.01	     77.30	33.59	 1.625e-04	      3.72	0	Gaussian	330.501259	48.636101
118	1	  0.001513	  0.003322	     -1.00	    484.26	    707.77	      3.03	      2.78	     53.09	     48.57	19.80	 1.026e-04	      3.72	0	Gaussian	329.591310	46.830105
119	1	  0.001518	  0.001898	     -1.00	    451.41	    167.34	      3.92	      3.80	     68.55	     66.60	46.01	 1.799e-04	      3.72	0	Gaussian	330.941529	49.078121
120	1	  0.001490	  0.002775	     -1.00	    327.23	    357.88	      3.35	      3.08	     58.70	     53.85	3.01	 1.434e-04	      3.72	0	Gaussian	331.283014	48.075812
121	1	  0.001489	  0.003054	     -1.00	    768.79	    528.37	      3.23	      2.96	     56.60	     51.87	37.08	 9.368e-05	      3.73	0	Gaussian	328.201077	48.022696
122	1	  0.001461	  0.001011	     -1.00	    445.73	    124.24	      6.88	      4.01	    120.48	     70.13	36.08	 1.477e-04	      3.73	0	Gaussian	331.072519	49.250416
123	1	  0.001461	  0.002173	     -1.00	    408.78	    183.12	      4.25	      3.06	     74.44	     53.60	34.09	 8.020e-05	      3.74	0	Gaussian	331.170224	48.943106
124	1	  0.001527	  0.003001	     -1.00	    693.61	    677.95	      3.04	      3.03	     53.19	     53.03	75.76	 8.657e-05	      3.74	0	Gaussian	328.371813	47.267014
125	1	  0.001465	  0.002388	     -1.00	    788.96	    520.63	      3.74	      3.06	     65.38	     53.47	41.60	 6.719e-05	      3.76	0	Gaussian	328.089800	48.085407
126	1	  0.001493	  0.003063	     -1.00	    688.47	    691.34	      3.16	      2.90	     55.39	     50.74	22.05	 8.160e-05	      3.77	0	Gaussian	328.377059	47.201655
127	1	  0.001512	  0.002450	     -1.00	    475.70	    566.30	      3.68	      3.01	     64.45	     52.60	39.18	 1.060e-04	      3.77	0	Gaussian	329.935070	47.423076
128	1	  0.001554	  0.003198	     -1.00	    361.06	    603.03	      3.08	      2.72	     53.95	     47.54	70.19	 2.893e-04	      3.77	0	Gaussian	330.551238	47.090182
129	1	  0.001476	  0.002565	     -1.00	    488.37	    643.04	      3.42	      3.10	     59.78	     54.17	11.86	 7.062e-05	      3.78	0	Gaussian	329.699098	47.113914
130	1	  0.001550	  0.002936	     -1.00	    287.03	    511.12	      3.08	      3.02	     53.89	     52.79	43.88	 1.538e-04	      3.78	0	Gaussian	331.191552	47.364350
131	1	  0.001472	  0.002126	     -1.00	    639.20	    317.04	      3.66	      3.39	     64.00	     59.27	13.79	 9.183e-05	      3.79	0	Gaussian	329.447002	48.737313
132	1	  0.001475	  0.002419	     -1.00	    389.05	    149.85	      3.53	      3.12	     61.80	     54.66	6.17	 8.560e-05	      3.80	0	Gaussian	331.366160	49.051003
133	1	  0.001479	  0.002681	     -1.00	    754.93	    412.74	      3.45	      2.86	     60.35	     50.09	22.32	 7.346e-05	      3.81	0	Gaussian	328.521151	48.500907
134	1	  0.001533	  0.002620	     -1.00	    576.33	    467.78	      3.20	      3.16	     55.96	     55.30	12.70	 2.643e-04	      3.81	0	Gaussian	329.523069	47.997446
135	1	  0.001467	  0.002460	     -1.00	    602.72	    363.72	      3.33	      3.21	     58.33	     56.25	-23.98	 8.699e-05	      3.81	0	Gaussian	329.576934	48.482303
136	1	  0.001496	  0.000621	     -1.00	    282.24	    136.97	      8.84	      4.81	    154.66	     84.21	-73.43	 1.517e-04	      3.82	0	Gaussian	332.050482	48.929818
137	1	  0.001507	  0.002790	     -1.00	    438.19	    724.14	      3.10	      3.04	     54.28	     53.16	18.83	 1.234e-04	      3.83	0	Gaussian	329.835579	46.690662
138	1	  0.001492	  0.002482	     -1.00	    330.62	    339.27	      3.39	      3.06	     59.38	     53.55	21.07	 1.650e-04	      3.84	0	Gaussian	331.303356	48.159711
139	1	  0.001510	  0.001512	     -1.00	    460.09	    124.96	      4.71	      3.61	     82.38	     63.18	-15.68	 1.890e-04	      3.84	0	Gaussian	330.981682	49.270515
140	1	  0.001484	  0.001156	     -1.00	    245.03	    591.12	      5.47	      3.95	     95.71	     69.14	63.30	 1.198e-04	      3.85	0	Gaussian	331.269684	46.959322
141	1	  0.001447	  0.002051	     -1.00	    660.00	     96.32	      3.56	      3.46	     62.34	     60.51	17.91	 8.524e-05	      3.85	0	Gaussian	329.786589	49.708370
142	1	  0.001466	  0.002041	     -1.00	    238.24	    305.00	      4.00	      3.05	     69.93	     53.32	20.49	 9.252e-05	      3.86	0	Gaussian	331.937859	48.154228
143	1	  0.001462	  0.002570	     -1.00	    453.26	    714.40	      3.32	      3.05	     58.04	     53.32	30.26	 7.850e-05	      3.86	0	Gaussian	329.764831	46.755127
144	1	  0.001490	  0.002154	     -1.00	    458.83	    353.75	      3.40	      3.38	     59.52	     59.24	56.19	 1.012e-04	      3.88	0	Gaussian	330.488693	48.301916
145	1	  0.001498	  0.002798	     -1.00	    419.96	    581.36	      3.28	      2.75	     57.36	     48.18	14.99	 8.669e-05	      3.88	0	Gaussian	330.241808	47.273387
146	1	  0.001553	  0.002354	     -1.00	    579.45	    457.22	      3.27	      3.20	     57.17	     56.05	33.57	 2.582e-04	      3.88	0	Gaussian	329.525802	48.047343
147	1	  0.001453	  0.001106	     -1.00	    385.56	    752.46	      5.76	      3.80	    100.83	     66.47	28.61	 1.082e-04	      3.88	0	Gaussian	330.092794	46.489831
148	1	  0.001481	  0.002353	     -1.00	    314.84	    662.98	      3.24	      3.15	     56.66	     55.07	51.63	 1.054e-04	      3.90	0	Gaussian	330.701320	46.763406
149	1	  0.001506	  0.002649	     -1.00	    763.33	    212.69	      3.04	      2.96	     53.27	     51.86	27.92	 1.087e-04	      3.90	0	Gaussian	328.880351	49.371475
150	1	  0.001546	  0.002415	     -1.00	    421.51	    367.28	      3.27	      3.11	     57.16	     54.41	28.24	 1.083e-04	      3.91	0	Gaussian	330.688376	48.185883
151	1	  0.001457	  0.002096	     -1.00	    379.89	    541.98	      3.66	      3.07	     64.13	     53.66	17.72	 6.719e-05	      3.93	0	Gaussian	330.567077	47.379138
152	1	  0.001735	  0.002712	     -1.00	    201.36	    687.16	      3.04	      2.91	     53.26	     50.92	-1.30	 2.808e-04	      3.94	0	Gaussian	331.322157	46.483696
153	1	  0.001454	  0.001801	     -1.00	    300.47	    258.21	      3.80	      3.36	     66.54	     58.89	-5.34	 7.989e-05	      3.94	0	Gaussian	331.666096	48.451999
154	1	  0.001469	  0.001325	     -1.00	    718.18	    563.26	      4.18	      4.18	     73.15	     73.11	4.62	 6.434e-05	      3.95	0	Gaussian	328.447777	47.798330
155	1	  0.001463	  0.000294	     -1.00	    397.07	    357.10	     17.40	      4.55	    304.54	     79.64	-50.46	 8.914e-05	      3.95	0	Gaussian	330.859822	48.190353
156	1	  0.001491	  0.002000	     -1.00	    650.29	    573.87	      3.83	      3.02	     67.08	     52.86	10.07	 7.491e-05	      3.96	0	Gaussian	328.847956	47.652844
157	1	  0.001481	  0.002134	     -1.00	    375.52	    450.05	      3.46	      3.09	     60.48	     54.08	1.90	 7.230e-05	      3.96	0	Gaussian	330.789967	47.762685
158	1	  0.001459	  0.002356	     -1.00	    469.57	    789.69	      3.18	      3.11	     55.62	     54.46	5.39	 7.205e-05	      3.97	0	Gaussian	329.513301	46.456219
159	1	  0.001483	  0.002218	     -1.00	    587.58	    234.59	      3.18	      3.11	     55.66	     54.51	35.06	 7.495e-05	      3.99	0	Gaussian	329.945874	49.008835
160	1	  0.001450	  0.002367	     -1.00	    713.83	    720.39	      3.38	      2.83	     59.17	     49.51	14.96	 5.679e-05	      4.00	0	Gaussian	328.163354	47.112363
161	1	  0.001512	  0.002529	     -1.00	    651.18	    467.30	      2.97	      2.94	     52.00	     51.42	30.61	 1.090e-04	      4.00	0	Gaussian	329.059792	48.112234
162	1	  0.001452	  0.001285	     -1.00	    214.89	    751.35	      4.53	      3.85	     79.34	     67.47	87.30	 9.051e-05	      4.01	0	Gaussian	331.106270	46.232439
163	1	  0.001493	  0.001811	     -1.00	    517.00	    313.07	      3.54	      3.40	     62.03	     59.46	75.09	 1.132e-04	      4.02	0	Gaussian	330.217173	48.565570
164	1	  0.001499	  0.001063	     -1.00	    197.97	    302.01	      5.08	      4.04	     88.97	     70.75	14.75	 1.154e-04	      4.02	0	Gaussian	332.186589	48.100762
165	1	  0.001524	  0.002157	     -1.00	    370.32	    518.90	      3.41	      3.04	     59.68	     53.23	18.91	 1.023e-04	      4.03	0	Gaussian	330.673933	47.462364
166	1	  0.001485	  0.000609	     -1.00	    616.35	    256.79	      9.42	      3.60	    164.95	     63.09	-5.85	 8.620e-05	      4.04	0	Gaussian	329.717945	48.959007
167	1	  0.001476	  0.001333	     -1.00	    793.03	    632.55	      4.78	      3.35	     83.67	     58.61	-20.19	 5.577e-05	      4.04	0	Gaussian	327.843465	47.606603
168	1	  0.001615	  0.002234	     -1.00	    223.03	    507.01	      3.11	      3.04	     54.36	     53.14	60.10	 4.043e-04	      4.05	0	Gaussian	331.582660	47.279848
169	1	  0.001474	  0.001037	     -1.00	    452.30	    542.43	      4.89	      4.10	     85.55	     71.79	51.89	 6.877e-05	      4.05	0	Gaussian	330.127382	47.489142
170	1	  0.001457	  0.000895	     -1.00	    415.92	    597.35	      6.86	      3.48	    120.10	     60.91	-79.44	 7.335e-05	      4.05	0	Gaussian	330.232731	47.198990
171	1	  0.001494	  0.001482	     -1.00	    793.74	     85.66	      3.88	      3.64	     67.98	     63.78	41.76	 7.222e-05	      4.06	0	Gaussian	328.952433	49.959761
172	1	  0.001500	  0.001808	     -1.00	    246.85	    430.55	      3.60	      3.30	     63.01	     57.84	-4.29	 1.235e-04	      4.07	0	Gaussian	331.607775	47.640435
173	1	  0.001483	  0.002182	     -1.00	    640.69	    281.34	      3.28	      3.02	     57.38	     52.86	23.22	 7.153e-05	      4.07	0	Gaussian	329.512946	48.891876
174	1	  0.001517	  0.001738	     -1.00	    324.17	    499.10	      3.90	      3.07	     68.27	     53.81	20.20	 1.085e-04	      4.07	0	Gaussian	330.994575	47.473924
175	1	  0.001513	  0.001863	     -1.00	    488.55	    498.25	      3.58	      3.20	     62.72	     55.96	15.46	 1.027e-04	      4.07	0	Gaussian	329.999101	47.733318
176	1	  0.001454	  0.002109	     -1.00	    767.88	    791.70	      3.22	      3.11	     56.40	     54.46	32.04	 6.166e-05	      4.08	0	Gaussian	327.691116	46.879419
177	1	  0.001575	  0.001996	     -1.00	    309.35	    477.54	      3.43	      3.01	     59.95	     52.70	13.12	 1.851e-04	      4.08	0	Gaussian	331.130218	47.541784
178	1	  0.001457	  0.001624	     -1.00	    198.64	    248.10	      3.72	      3.40	     65.18	     59.48	-6.23	 9.032e-05	      4.08	0	Gaussian	332.304326	48.327300
179	1	  0.001479	  0.001391	     -1.00	    612.29	    431.81	      4.51	      3.28	     78.89	     57.33	2.87	 1.429e-04	      4.08	0	Gaussian	329.375007	48.205822
180	1	  0.001474	  0.001904	     -1.00	    708.16	    612.94	      3.52	      3.05	     61.60	     53.45	20.24	 4.827e-05	      4.09	0	Gaussian	328.410835	47.569158
181	1	  0.001531	  0.002163	     -1.00	    482.43	    603.90	      3.30	      2.87	     57.70	     50.16	10.03	 1.532e-04	      4.09	0	Gaussian	329.815979	47.272530
182	1	  0.001454	  0.001520	     -1.00	    676.38	    374.24	      3.78	      3.52	     66.16	     61.65	4.69	 6.678e-05	      4.10	0	Gaussian	329.094360	48.549071
183	1	  0.001458	  0.001553	     -1.00	    660.87	    545.65	      3.92	      3.33	     68.55	     58.32	30.81	 4.822e-05	      4.11	0	Gaussian	328.839635	47.789954
184	1	  0.001434	  0.001771	     -1.00	    200.63	    268.73	      3.38	      3.37	     59.07	     58.95	10.95	 8.374e-05	      4.11	0	Gaussian	332.245703	48.244343
185	1	  0.001473	  0.001797	     -1.00	    559.13	    294.91	      3.47	      3.23	     60.73	     56.52	8.24	 6.552e-05	      4.11	0	Gaussian	329.994358	48.708306
186	1	  0.001568	  0.002104	     -1.00	    533.07	    535.36	      3.36	      2.77	     58.83	     48.46	16.16	 1.553e-04	      4.11	0	Gaussian	329.648999	47.642651
187	1	  0.001526	  0.001776	     -1.00	    573.47	    509.83	      3.82	      2.91	     66.86	     50.93	23.92	 1.334e-04	      4.12	0	Gaussian	329.453500	47.813097
188	1	  0.001517	  0.002132	     -1.00	    745.04	    759.38	      3.37	      2.80	     58.94	     49.02	8.46	 1.128e-04	      4.14	0	Gaussian	327.894607	46.987680
189	1	  0.001523	  0.001514	     -1.00	    506.19	    161.08	      3.90	      3.28	     68.34	     57.37	48.63	 1.813e-04	      4.14	0	Gaussian	330.614555	49.192051
190	1	  0.001479	  0.001077	     -1.00	    581.63	    649.70	      5.27	      3.34	     92.18	     58.47	49.60	 8.460e-05	      4.14	0	Gaussian	329.117020	47.224810
191	1	  0.001456	  0.001402	     -1.00	    248.62	    160.14	      4.07	      3.43	     71.29	     60.10	33.89	 9.741e-05	      4.14	0	Gaussian	332.202329	48.777411
192	1	  0.001502	  0.002074	     -1.00	    637.09	    506.64	      3.30	      2.84	     57.79	     49.76	17.98	 1.153e-04	      4.14	0	Gaussian	329.066621	47.922331
193	1	  0.001476	  0.001927	     -1.00	    675.05	     94.04	      3.53	      2.89	     61.73	     50.54	3.21	 7.270e-05	      4.15	0	Gaussian	329.695693	49.741506
194	1	  0.001479	  0.002162	     -1.00	    308.64	    745.74	      3.04	      2.90	     53.15	     50.77	30.00	 7.518e-05	      4.15	0	Gaussian	330.564641	46.401260
195	1	  0.001524	  0.001687	     -1.00	    472.49	    130.74	      3.65	      3.13	     63.82	     54.74	14.20	 1.670e-04	      4.15	0	Gaussian	330.891589	49.266137
196	1	  0.001458	  0.001040	     -1.00	    588.35	     84.97	      4.31	      4.20	     75.48	     73.49	-71.41	 8.106e-05	      4.15	0	Gaussian	330.265669	49.643887
197	1	  0.001470	  0.001612	     -1.00	    579.63	    324.73	      3.57	      3.49	     62.41	     61.06	17.67	 6.714e-05	      4.16	0	Gaussian	329.803133	48.613124
198	1	  0.001507	  0.001583	     -1.00	    645.59	    226.04	      3.53	      3.37	     61.71	     59.01	35.70	 1.035e-04	      4.17	0	Gaussian	329.599403	49.134992
199	1	  0.001487	  0.001607	     -1.00	    667.51	    230.92	      3.42	      3.40	     59.87	     59.48	-45.59	 9.711e-05	      4.18	0	Gaussian	329.450648	49.147924
200	1	  0.001465	  0.001841	     -1.00	    360.11	    570.27	      3.37	      3.15	     59.01	     55.17	19.09	 8.809e-05	      4.18	0	Gaussian	330.626266	47.228118
201	1	  0.001479	  0.001725	     -1.00	    251.37	    190.90	      3.48	      3.08	     60.96	     53.87	32.95	 8.304e-05	      4.19	0	Gaussian	332.115677	48.653500
202	1	  0.001474	  0.000544	     -1.00	    444.92	    420.55	      6.07	      2.94	    106.31	     51.51	-76.87	 1.112e-04	      4.19	0	Gaussian	330.430658	47.996587
203	1	  0.001472	  0.001551	     -1.00	    316.18	    201.02	      3.40	      3.38	     59.51	     59.16	50.57	 1.074e-04	      4.21	0	Gaussian	331.698530	48.717585
204	1	  0.001464	  0.001252	     -1.00	    386.00	    253.15	      4.17	      3.53	     73.07	     61.72	-14.55	 8.867e-05	      4.21	0	Gaussian	331.155225	48.611587
205	1	  0.001491	  0.001855	     -1.00	    302.49	    362.98	      3.51	      2.72	     61.49	     47.59	-3.77	 1.130e-04	      4.21	0	Gaussian	331.421587	48.014584
206	1	  0.001535	  0.001223	     -1.00	    507.38	    232.34	      4.30	      3.56	     75.21	     62.30	21.94	 1.459e-04	      4.22	0	Gaussian	330.451321	48.892715
207	1	  0.001494	  0.001754	     -1.00	    689.29	    479.05	      3.23	      3.15	     56.52	     55.20	45.25	 8.866e-05	      4.22	0	Gaussian	328.798121	48.118569
208	1	  0.001474	  0.001573	     -1.00	    683.58	    531.04	      3.46	      3.38	     60.64	     59.18	32.89	 6.642e-05	      4.23	0	Gaussian	328.728125	47.886409
209	1	  0.001494	  0.001608	     -1.00	    709.21	    358.29	      3.35	      3.33	     58.57	     58.27	-84.30	 1.047e-04	      4.23	0	Gaussian	328.920958	48.666732
210	1	  0.001502	  0.001691	     -1.00	    243.81	    281.80	      3.25	      3.12	     56.93	     54.67	46.07	 1.027e-04	      4.25	0	Gaussian	331.956310	48.260618
211	1	  0.001456	  0.001193	     -1.00	    759.22	    444.08	      3.89	      3.79	     68.09	     66.27	58.34	 5.778e-05	      4.25	0	Gaussian	328.430537	48.372322
212	1	  0.001429	  0.000620	     -1.00	    622.86	     86.75	      7.25	      3.79	    126.96	     66.41	-51.23	 6.814e-05	      4.25	0	Gaussian	330.043322	49.690783
213	1	  0.001449	  0.001600	     -1.00	    749.08	    642.06	      3.57	      3.07	     62.53	     53.82	19.57	 6.585e-05	      4.26	0	Gaussian	328.098852	47.502408
214	1	  0.001482	  0.001625	     -1.00	    452.37	    269.73	      3.37	      3.12	     58.90	     54.54	-8.53	 1.050e-04	      4.26	0	Gaussian	330.710584	48.647524
215	1	  0.001457	  0.001167	     -1.00	    366.47	    474.18	      4.35	      3.50	     76.09	     61.24	-26.94	 6.663e-05	      4.27	0	Gaussian	330.792927	47.646128
216	1	  0.001511	  0.001346	     -1.00	    504.24	    256.06	      3.83	      3.33	     67.06	     58.21	-29.63	 1.128e-04	      4.27	0	Gaussian	330.419337	48.787342
217	1	  0.001483	  0.000643	     -1.00	    745.30	    618.34	      7.02	      3.69	    122.80	     64.58	-36.69	 1.038e-04	      4.28	0	Gaussian	328.169220	47.599664
218	1	  0.001481	  0.001462	     -1.00	    331.22	    474.83	      3.69	      3.19	     64.56	     55.89	20.20	 8.342e-05	      4.28	0	Gaussian	331.004403	47.587869
219	1	  0.001505	  0.001101	     -1.00	    556.86	    570.30	      4.15	      3.79	     72.55	     66.29	-15.70	 1.028e-04	      4.28	0	Gaussian	329.430874	47.528912
220	1	  0.001502	  0.001255	     -1.00	    206.05	    424.25	      3.73	      3.60	     65.28	     63.08	-86.60	 1.224e-04	      4.29	0	Gaussian	331.865578	47.601090
221	1	  0.001482	  0.001232	     -1.00	    590.35	    569.67	      4.58	      3.04	     80.19	     53.15	7.99	 6.096e-05	      4.29	0	Gaussian	329.226417	47.581818
222	1	  0.001498	  0.001660	     -1.00	    724.38	    696.87	      3.47	      2.95	     60.67	     51.55	0.18	 1.270e-04	      4.30	0	Gaussian	328.144323	47.229465
223	1	  0.001478	  0.001316	     -1.00	    560.10	    639.17	      3.68	      3.48	     64.47	     60.96	18.62	 9.814e-05	      4.30	0	Gaussian	329.270070	47.238079
224	1	  0.001505	  0.001869	     -1.00	    752.91	    746.58	      3.21	      2.76	     56.22	     48.34	9.45	 1.151e-04	      4.30	0	Gaussian	327.870781	47.054477
225	1	  0.001504	  0.001809	     -1.00	    626.02	    794.81	      3.19	      2.83	     55.88	     49.55	9.68	 8.029e-05	      4.30	0	Gaussian	328.555901	46.663573
226	1	  0.001483	  0.001462	     -1.00	    286.14	    586.98	      3.53	      3.25	     61.77	     56.87	-29.10	 1.174e-04	      4.31	0	Gaussian	331.033805	47.041581
227	1	  0.001494	  0.001666	     -1.00	    587.95	    694.29	      3.43	      2.95	     59.98	     51.58	13.91	 7.471e-05	      4.32	0	Gaussian	328.988336	47.042165
228	1	  0.001440	  0.001399	     -1.00	    466.13	    744.87	      3.62	      3.25	     63.33	     56.91	0.78	 4.887e-05	      4.32	0	Gaussian	329.624997	46.643685
229	1	  0.001479	  0.001429	     -1.00	    216.46	    324.80	      3.49	      3.42	     61.11	     59.88	26.44	 9.034e-05	      4.32	0	Gaussian	332.024510	48.035582
230	1	  0.001592	  0.001938	     -1.00	    604.82	    412.99	      3.24	      2.63	     56.65	     45.98	31.56	 2.226e-04	      4.33	0	Gaussian	329.460628	48.275008
231	1	  0.001476	  0.001403	     -1.00	    770.53	    384.62	      3.65	      3.08	     63.97	     53.91	19.59	 7.108e-05	      4.33	0	Gaussian	328.479832	48.644925
232	1	  0.001462	  0.001330	     -1.00	    242.80	    640.01	      3.49	      3.48	     61.10	     60.91	9.46	 8.258e-05	      4.34	0	Gaussian	331.178119	46.748675
233	1	  0.001447	  0.000630	     -1.00	    667.42	    437.43	      5.57	      4.53	     97.50	     79.29	-30.86	 5.081e-05	      4.34	0	Gaussian	329.019895	48.264727
234	1	  0.001434	  0.001321	     -1.00	    275.32	    279.72	      3.56	      3.55	     62.32	     62.16	68.14	 6.900e-05	      4.35	0	Gaussian	331.770520	48.320768
235	1	  0.001531	  0.001662	     -1.00	    793.50	    192.32	      3.07	      3.02	     53.79	     52.86	36.79	 8.204e-05	      4.35	0	Gaussian	328.729800	49.504018
236	1	  0.001453	  0.001477	     -1.00	    450.51	    760.47	      3.44	      3.25	     60.27	     56.83	30.40	 5.407e-05	      4.36	0	Gaussian	329.687222	46.553310
237	1	  0.001429	  0.001168	     -1.00	    185.85	    786.69	      4.34	      3.17	     76.05	     55.53	9.69	 6.324e-05	      4.36	0	Gaussian	331.201827	46.037125
238	1	  0.001486	  0.001440	     -1.00	    623.25	    585.88	      3.58	      3.06	     62.63	     53.56	7.61	 7.774e-05	      4.37	0	Gaussian	328.990666	47.561136
239	1	  0.001463	  0.001041	     -1.00	    630.42	    570.70	      4.70	      3.26	     82.34	     57.03	-1.54	 5.043e-05	      4.37	0	Gaussian	328.977257	47.637050
240	1	  0.001441	  0.001098	     -1.00	    222.68	    120.99	      3.77	      3.74	     65.98	     65.54	-16.92	 9.407e-05	      4.37	0	Gaussian	332.449396	48.897421
241	1	  0.001426	  0.001236	     -1.00	    291.29	    160.84	      3.65	      3.49	     63.82	     61.04	38.33	 6.215e-05	      4.37	0	Gaussian	331.941079	48.845019
242	1	  0.001527	  0.001560	     -1.00	    683.00	    299.64	      3.49	      2.92	     61.10	     51.04	13.84	 1.015e-04	      4.38	0	Gaussian	329.208128	48.878245
243	1	  0.001450	  0.001484	     -1.00	    597.59	    792.85	      3.43	      3.21	     60.04	     56.27	-1.31	 6.079e-05	      4.39	0	Gaussian	328.732867	46.630856
244	1	  0.001569	  0.001625	     -1.00	    219.55	    707.20	      3.29	      2.97	     57.56	     52.02	8.69	 1.498e-04	      4.40	0	Gaussian	331.172376	46.427187
245	1	  0.001541	  0.000911	     -1.00	    560.37	    554.77	      5.28	      3.24	     92.41	     56.71	-18.99	 1.421e-04	      4.41	0	Gaussian	329.441296	47.600751
246	1	  0.001538	  0.001673	     -1.00	    363.41	    535.07	      3.09	      2.84	     54.10	     49.67	1.02	 1.683e-04	      4.41	0	Gaussian	330.681203	47.382876
247	1	  0.001474	  0.000848	     -1.00	    447.34	    601.55	      4.94	      3.58	     86.42	     62.66	-12.57	 1.125e-04	      4.41	0	Gaussian	330.033847	47.229168
248	1	  0.001559	  0.001673	     -1.00	    362.11	    681.23	      3.10	      2.99	     54.22	     52.27	46.05	 4.660e-04	      4.42	0	Gaussian	330.380712	46.758510
249	1	  0.001481	  0.001466	     -1.00	    469.14	     97.27	      3.50	      2.95	     61.28	     51.71	5.44	 8.681e-05	      4.42	0	Gaussian	330.986961	49.401593
250	1	  0.001482	  0.000950	     -1.00	    255.98	    215.66	      5.25	      2.99	     91.88	     52.42	3.00	 1.425e-04	      4.44	0	Gaussian	332.031671	48.557538
251	1	  0.001476	  0.000804	     -1.00	    442.95	    740.43	      4.37	      4.16	     76.42	     72.86	85.01	 1.341e-04	      4.45	0	Gaussian	329.773573	46.627952
252	1	  0.001471	  0.000877	     -1.00	    365.82	    316.04	      4.09	      4.09	     71.60	     71.57	9.72	 8.307e-05	      4.45	0	Gaussian	331.140184	48.314091
253	1	  0.001540	  0.001473	     -1.00	    612.56	    419.20	      3.49	      2.84	     61.08	     49.66	4.82	 2.353e-04	      4.45	0	Gaussian	329.399542	48.260189
254	1	  0.001549	  0.001444	     -1.00	    319.54	    177.05	      3.56	      2.93	     62.40	     51.21	9.96	 2.029e-04	      4.46	0	Gaussian	331.731896	48.823555
255	1	  0.001485	  0.001313	     -1.00	    520.89	    667.87	      3.38	      3.24	     59.13	     56.63	27.94	 1.200e-04	      4.47	0	Gaussian	329.450653	47.056235
256	1	  0.001522	  0.001547	     -1.00	    732.12	    583.75	      3.22	      2.83	     56.31	     49.61	10.59	 1.379e-04	      4.47	0	Gaussian	328.319948	47.730149
257	1	  0.001497	  0.001298	     -1.00	    435.96	    364.59	      3.68	      3.00	     64.48	     52.57	10.89	 1.036e-04	      4.48	0	Gaussian	330.605707	48.220016
258	1	  0.001490	  0.001363	     -1.00	    551.76	    226.38	      3.50	      3.17	     61.27	     55.42	15.30	 7.724e-05	      4.48	0	Gaussian	330.187693	48.987779
259	1	  0.001506	  0.000893	     -1.00	    571.59	    183.44	      4.30	      3.69	     75.32	     64.62	-52.91	 1.416e-04	      4.49	0	Gaussian	330.156501	49.200832
260	1	  0.001442	  0.000652	     -1.00	    416.42	    416.68	      5.77	      3.66	    101.07	     64.14	-43.86	 5.186e-05	      4.49	0	Gaussian	330.612986	47.968461
261	1	  0.001457	  0.001348	     -1.00	    193.12	    618.71	      3.48	      3.11	     60.93	     54.37	0.66	 8.371e-05	      4.49	0	Gaussian	331.517616	46.760435
262	1	  0.001504	  0.001407	     -1.00	    483.73	    621.47	      3.32	      3.11	     58.02	     54.50	0.68	 1.126e-04	      4.50	0	Gaussian	329.771728	47.199290
263	1	  0.001501	  0.000512	     -1.00	    701.42	    321.97	      7.54	      3.62	    131.98	     63.31	26.96	 1.203e-04	      4.50	0	Gaussian	329.045390	48.810631
264	1	  0.001468	  0.001176	     -1.00	    268.89	    141.77	      3.57	      3.33	     62.55	     58.20	11.34	 9.400e-05	      4.50	0	Gaussian	332.120920	48.887695
265	1	  0.001463	  0.001089	     -1.00	    403.72	    211.30	      3.80	      3.29	     66.43	     57.52	-16.28	 8.486e-05	      4.50	0	Gaussian	331.138936	48.816356
266	1	  0.001496	  0.001198	     -1.00	    703.02	    340.01	      3.65	      3.13	     63.95	     54.87	16.97	 1.084e-04	      4.51	0	Gaussian	328.997813	48.735772
267	1	  0.001518	  0.001560	     -1.00	    328.18	    172.15	      2.97	      2.91	     51.97	     51.02	31.66	 2.026e-04	      4.51	0	Gaussian	331.690115	48.858216
268	1	  0.001462	  0.000441	     -1.00	    422.23	    743.52	      8.84	      3.35	    154.75	     58.55	-58.42	 1.107e-04	      4.52	0	Gaussian	329.891639	46.583561
269	1	  0.001487	  0.001361	     -1.00	    341.01	    647.45	      3.49	      2.94	     61.02	     51.40	2.55	 9.864e-05	      4.53	0	Gaussian	330.577754	46.870021
270	1	  0.001469	  0.000440	     -1.00	    785.39	    126.03	      6.70	      4.62	    117.30	     80.78	-87.57	 9.791e-05	      4.53	0	Gaussian	328.920920	49.774947
271	1	  0.001485	  0.001269	     -1.00	    271.14	    501.44	      3.68	      3.06	     64.38	     53.49	-3.14	 1.066e-04	      4.53	0	Gaussian	331.307697	47.380100
272	1	  0.001485	  0.001248	     -1.00	    763.45	    308.39	      3.42	      3.27	     59.91	     57.20	23.13	 7.713e-05	      4.53	0	Gaussian	328.680926	48.961851
273	1	  0.001545	  0.001205	     -1.00	    443.21	    175.04	      3.83	      2.78	     67.04	     48.60	17.97	 2.607e-04	      4.54	0	Gaussian	330.975338	49.032534
274	1	  0.001472	  0.001098	     -1.00	    475.71	    464.56	      3.70	      3.53	     64.70	     61.82	-33.86	 7.270e-05	      4.54	0	Gaussian	330.148711	47.857183
275	1	  0.001505	  0.001438	     -1.00	    424.30	    726.54	      3.22	      3.00	     56.39	     52.44	21.26	 1.169e-04	      4.54	0	Gaussian	329.914091	46.659427
276	1	  0.001502	  0.001432	     -1.00	    248.76	    337.46	      3.16	      3.01	     55.22	     52.69	13.84	 1.280e-04	      4.55	0	Gaussian	331.802149	48.035107
277	1	  0.001517	  0.001217	     -1.00	    397.15	    636.00	      3.50	      3.08	     61.19	     53.96	-3.52	 1.374e-04	      4.57	0	Gaussian	330.264973	47.005274
278	1	  0.001476	  0.001280	     -1.00	    489.45	    140.01	      3.46	      3.06	     60.56	     53.57	3.60	 9.404e-05	      4.57	0	Gaussian	330.765398	49.254262
279	1	  0.001476	  0.001081	     -1.00	    700.27	    511.89	      3.65	      3.14	     63.81	     54.99	21.83	 8.439e-05	      4.57	0	Gaussian	328.662887	47.993481
280	1	  0.001470	  0.000384	     -1.00	    466.67	    520.31	      6.02	      5.56	    105.45	     97.35	15.89	 8.130e-05	      4.58	0	Gaussian	330.086388	47.605608
281	1	  0.001483	  0.000858	     -1.00	    192.36	    665.97	      4.12	      3.43	     72.16	     59.98	-66.99	 1.479e-04	      4.58	0	Gaussian	331.420431	46.559272
282	1	  0.001453	  0.001143	     -1.00	    666.29	    670.52	      3.55	      3.35	     62.21	     58.60	18.65	 4.114e-05	      4.59	0	Gaussian	328.555159	47.259475
283	1	  0.001539	  0.001011	     -1.00	    421.43	    354.46	      3.73	      3.60	     65.31	     63.01	40.36	 1.258e-04	      4.59	0	Gaussian	330.716557	48.240042
284	1	  0.001464	  0.001255	     -1.00	    509.94	    639.68	      3.53	      2.92	     61.74	     51.15	9.02	 7.736e-05	      4.61	0	Gaussian	329.574957	47.160782
285	1	  0.001477	  0.000959	     -1.00	    564.51	    395.87	      3.92	      3.37	     68.66	     58.90	23.25	 6.127e-05	      4.62	0	Gaussian	329.746721	48.286629
286	1	  0.001503	  0.001221	     -1.00	    552.40	    431.54	      3.38	      3.15	     59.25	     55.21	13.96	 9.933e-05	      4.62	0	Gaussian	329.746646	48.115851
287	1	  0.001488	  0.001330	     -1.00	    791.42	    603.60	      3.25	      2.99	     56.85	     52.37	11.90	 8.457e-05	      4.62	0	Gaussian	327.910281	47.729824
288	1	  0.001459	  0.000628	     -1.00	    629.29	    541.24	      5.06	      3.77	     88.65	     65.91	-22.59	 4.721e-05	      4.62	0	Gaussian	329.044257	47.762032
289	1	  0.001520	  0.001262	     -1.00	    392.98	    496.12	      3.16	      3.00	     55.30	     52.56	39.02	 1.473e-04	      4.64	0	Gaussian	330.585469	47.594472
290	1	  0.001452	  0.000831	     -1.00	    228.64	    538.66	      3.96	      3.95	     69.27	     69.13	21.42	 7.721e-05	      4.64	0	Gaussian	331.480431	47.155191
291	1	  0.001533	  0.001279	     -1.00	    567.19	    452.39	      3.03	      2.99	     53.07	     52.29	39.51	 1.423e-04	      4.64	0	Gaussian	329.611640	48.049381
292	1	  0.001462	  0.000926	     -1.00	    552.02	    353.15	      3.99	      3.19	     69.83	     55.90	22.91	 4.752e-05	      4.64	0	Gaussian	329.914477	48.449499
293	1	  0.001479	  0.000883	     -1.00	    388.32	    640.22	      3.86	      3.82	     67.62	     66.85	-0.81	 1.359e-04	      4.65	0	Gaussian	330.309249	46.973703
294	1	  0.001452	  0.000579	     -1.00	    216.92	    591.75	      6.47	      3.15	    113.20	     55.13	89.81	 6.687e-05	      4.65	0	Gaussian	331.435065	46.912196
295	1	  0.001450	  0.000470	     -1.00	    475.38	    204.55	      6.34	      3.88	    110.89	     67.96	-63.88	 6.027e-05	      4.65	0	Gaussian	330.710806	48.959533
296	1	  0.001442	  0.000790	     -1.00	    399.23	    791.04	      4.39	      3.47	     76.79	     60.73	-66.57	 4.933e-05	      4.65	0	Gaussian	329.931943	46.345205
297	1	  0.001549	  0.001235	     -1.00	    295.52	    484.70	      3.29	      3.12	     57.53	     54.60	12.02	 1.557e-04	      4.65	0	Gaussian	331.197800	47.489596
298	1	  0.001468	  0.000788	     -1.00	    430.17	    436.00	      4.26	      3.53	     74.61	     61.82	3.92	 6.609e-05	      4.66	0	Gaussian	330.487701	47.907948
299	1	  0.001461	  0.000687	     -1.00	    381.43	    267.79	      5.55	      3.06	     97.16	     53.60	-52.42	 1.170e-04	      4.66	0	Gaussian	331.150938	48.542570
300	1	  0.001426	  0.001063	     -1.00	    744.30	    229.41	      3.47	      3.36	     60.68	     58.86	23.63	 4.665e-05	      4.66	0	Gaussian	328.966703	49.271283
301	1	  0.001466	  0.000663	     -1.00	    393.75	    742.74	      5.95	      2.99	    104.13	     52.36	25.28	 1.547e-04	      4.67	0	Gaussian	330.063833	46.543849
302	1	  0.001478	  0.000752	     -1.00	    399.54	    545.66	      4.14	      4.10	     72.52	     71.83	1.74	 5.964e-05	      4.67	0	Gaussian	330.440516	47.393993
303	1	  0.001518	  0.001234	     -1.00	    663.18	    522.61	      3.43	      2.82	     60.10	     49.28	11.07	 1.261e-04	      4.67	0	Gaussian	328.872052	47.892515
304	1	  0.001451	  0.001095	     -1.00	    526.82	    171.74	      3.30	      3.27	     57.80	     57.20	30.51	 5.321e-05	      4.67	0	Gaussian	330.462351	49.179805
305	1	  0.001467	  0.000825	     -1.00	    532.20	    441.88	      4.98	      2.71	     87.14	     47.49	24.88	 1.015e-04	      4.67	0	Gaussian	329.849632	48.040798
306	1	  0.001471	  0.000430	     -1.00	    636.52	    656.94	      9.52	      2.83	    166.66	     49.52	-32.22	 6.190e-05	      4.68	0	Gaussian	328.765584	47.274561
307	1	  0.001492	  0.000998	     -1.00	    477.34	    231.74	      3.42	      3.42	     59.80	     59.78	20.65	 8.717e-05	      4.68	0	Gaussian	330.639158	48.847746
308	1	  0.001451	  0.000590	     -1.00	    670.93	    413.17	      4.75	      4.08	     83.10	     71.45	42.99	 5.870e-05	      4.69	0	Gaussian	329.047998	48.374035
309	1	  0.001524	  0.000985	     -1.00	    565.27	    192.28	      3.59	      3.45	     62.88	     60.43	-2.16	 1.466e-04	      4.69	0	Gaussian	330.176957	49.153465
310	1	  0.001500	  0.001044	     -1.00	    324.69	    278.03	      3.55	      3.23	     62.06	     56.54	6.24	 8.398e-05	      4.69	0	Gaussian	331.474699	48.408016
311	1	  0.001479	  0.001061	     -1.00	    507.70	    291.32	      3.73	      2.89	     65.21	     50.51	21.32	 7.816e-05	      4.70	0	Gaussian	330.321603	48.643330
312	1	  0.001476	  0.000919	     -1.00	    506.36	    400.59	      3.67	      3.59	     64.24	     62.90	-17.02	 8.334e-05	      4.71	0	Gaussian	330.096073	48.176975
313	1	  0.001462	  0.001091	     -1.00	    280.41	    415.60	      3.60	      3.07	     62.99	     53.82	1.80	 7.841e-05	      4.71	0	Gaussian	331.439142	47.757344
314	1	  0.001448	  0.001063	     -1.00	    505.36	    728.87	      3.66	      3.14	     64.02	     54.98	-2.84	 5.264e-05	      4.71	0	Gaussian	329.420710	46.770991
315	1	  0.001498	  0.001108	     -1.00	    742.63	    592.17	      3.54	      3.10	     61.91	     54.30	12.78	 1.517e-04	      4.71	0	Gaussian	328.237706	47.708983
316	1	  0.001481	  0.001082	     -1.00	    738.02	    286.33	      3.57	      3.07	     62.55	     53.78	15.64	 1.026e-04	      4.71	0	Gaussian	328.887950	49.018289
317	1	  0.001500	  0.000518	     -1.00	    229.23	    661.22	      5.77	      3.68	    100.98	     64.43	-18.12	 1.316e-04	      4.72	0	Gaussian	331.213131	46.637406
318	1	  0.001520	  0.001155	     -1.00	    794.86	    222.81	      3.34	      2.91	     58.43	     50.94	9.00	 7.716e-05	      4.73	0	Gaussian	328.657661	49.375574
319	1	  0.001464	  0.000940	     -1.00	    577.55	    125.05	      3.72	      3.38	     65.17	     59.11	8.12	 7.357e-05	      4.73	0	Gaussian	330.246100	49.457368
320	1	  0.001459	  0.001131	     -1.00	    369.19	     80.64	      3.42	      2.98	     59.78	     52.23	30.35	 1.078e-04	      4.73	0	Gaussian	331.644705	49.308656
321	1	  0.001485	  0.001146	     -1.00	    241.20	    628.17	      3.48	      2.87	     60.94	     50.17	-0.70	 1.020e-04	      4.74	0	Gaussian	331.212908	46.796328
322	1	  0.001442	  0.000617	     -1.00	    499.10	    119.92	      5.47	      3.23	     95.80	     56.54	-24.86	 6.631e-05	      4.74	0	Gaussian	330.749548	49.354386
323	1	  0.001511	  0.001139	     -1.00	    178.16	    539.83	      3.23	      2.93	     56.59	     51.36	6.48	 1.319e-04	      4.74	0	Gaussian	331.777223	47.069555
324	1	  0.001560	  0.001219	     -1.00	    550.37	    378.40	      3.06	      3.01	     53.59	     52.68	35.42	 9.755e-05	      4.75	0	Gaussian	329.871206	48.339403
325	1	  0.001472	  0.000963	     -1.00	    400.70	    415.04	      3.86	      2.97	     67.56	     51.94	26.21	 7.777e-05	      4.75	0	Gaussian	330.712308	47.950716
326	1	  0.001510	  0.000682	     -1.00	    493.80	    166.92	      4.51	      3.33	     79.01	     58.28	30.16	 1.077e-04	      4.75	0	Gaussian	330.678935	49.147721
327	1	  0.001485	  0.000695	     -1.00	    756.17	    361.18	      3.99	      3.98	     69.82	     69.65	33.94	 7.670e-05	      4.76	0	Gaussian	328.618588	48.724424
328	1	  0.001465	  0.000450	     -1.00	    741.52	     88.38	      5.77	      3.91	    100.95	     68.51	63.57	 1.566e-04	      4.76	0	Gaussian	329.282732	49.868323
329	1	  0.001437	  0.000545	     -1.00	    559.98	    334.77	      4.58	      4.17	     80.09	     73.03	-52.30	 4.710e-05	      4.77	0	Gaussian	329.904115	48.540041
330	1	  0.001492	  0.000934	     -1.00	    433.38	    330.65	      3.65	      3.44	     63.80	     60.25	15.41	 1.069e-04	      4.77	0	Gaussian	330.694921	48.359722
331	1	  0.001479	  0.001149	     -1.00	    736.04	    323.52	      3.36	      2.86	     58.87	     50.03	12.92	 8.343e-05	      4.77	0	Gaussian	328.823447	48.856005
332	1	  0.001455	  0.001051	     -1.00	    393.62	    712.68	      3.44	      3.13	     60.21	     54.86	16.18	 6.645e-05	      4.78	0	Gaussian	330.126711	46.672252
333	1	  0.001455	  0.000941	     -1.00	    382.91	    342.79	      3.67	      3.18	     64.19	     55.71	2.69	 8.120e-05	      4.78	0	Gaussian	330.977377	48.228411
334	1	  0.001506	  0.000903	     -1.00	    712.66	    533.22	      3.77	      3.29	     65.91	     57.59	-33.86	 1.157e-04	      4.79	0	Gaussian	328.542532	47.919803
335	1	  0.001489	  0.000957	     -1.00	    593.71	    452.62	      3.78	      2.93	     66.08	     51.24	6.00	 1.180e-04	      4.79	0	Gaussian	329.447059	48.088649
336	1	  0.001467	  0.000943	     -1.00	    485.87	    737.62	      3.60	      3.13	     63.05	     54.71	-7.43	 7.036e-05	      4.80	0	Gaussian	329.520738	46.704305
337	1	  0.001470	  0.000934	     -1.00	    459.90	    183.27	      3.69	      3.12	     64.61	     54.69	18.57	 7.565e-05	      4.80	0	Gaussian	330.853707	49.024605
338	1	  0.001559	  0.001009	     -1.00	    605.14	    403.23	      3.55	      2.89	     62.08	     50.53	9.11	 2.232e-04	      4.80	0	Gaussian	329.479026	48.317239
339	1	  0.001478	  0.000911	     -1.00	    604.03	    444.76	      3.75	      3.21	     65.56	     56.15	8.49	 1.007e-04	      4.81	0	Gaussian	329.399434	48.137909
340	1	  0.001481	  0.000992	     -1.00	    683.69	    318.48	      3.54	      3.14	     61.92	     55.01	20.75	 9.728e-05	      4.81	0	Gaussian	329.164428	48.798777
341	1	  0.001471	  0.000362	     -1.00	    544.30	    639.14	      5.96	      4.79	    104.40	     83.92	-47.60	 7.224e-05	      4.81	0	Gaussian	329.366706	47.214634
342	1	  0.001492	  0.000954	     -1.00	    549.68	    545.83	      3.58	      3.15	     62.66	     55.11	6.57	 1.157e-04	      4.82	0	Gaussian	329.525385	47.622938
343	1	  0.001460	  0.000757	     -1.00	    547.65	    619.87	      3.70	      3.47	     64.84	     60.77	35.53	 4.653e-05	      4.82	0	Gaussian	329.385601	47.302357
344	1	  0.001498	  0.001000	     -1.00	    772.25	    485.61	      3.65	      2.83	     63.94	     49.47	7.98	 7.767e-05	      4.83	0	Gaussian	328.264895	48.212350
345	1	  0.001471	  0.000712	     -1.00	    612.09	    647.08	      3.83	      3.78	     66.98	     66.19	-5.90	 5.286e-05	      4.83	0	Gaussian	328.935528	47.281151
346	1	  0.001466	  0.000833	     -1.00	    521.27	    432.31	      3.79	      3.52	     66.36	     61.61	-2.72	 8.777e-05	      4.83	0	Gaussian	329.937067	48.064837
347	1	  0.001437	  0.000660	     -1.00	    483.69	    786.87	      5.00	      2.98	     87.46	     52.10	-0.16	 5.366e-05	      4.83	0	Gaussian	329.434081	46.489336
348	1	  0.001459	  0.000590	     -1.00	    724.50	    275.08	      4.90	      3.49	     85.85	     61.12	-72.12	 8.609e-05	      4.83	0	Gaussian	328.997124	49.046081
349	1	  0.001449	  0.001003	     -1.00	    379.94	    314.25	      3.52	      3.03	     61.70	     52.98	3.43	 6.302e-05	      4.83	0	Gaussian	331.057944	48.344209
350	1	  0.001461	  0.001194	     -1.00	    352.46	    123.22	      2.99	      2.81	     52.28	     49.20	23.16	 7.545e-05	      4.83	0	Gaussian	331.651453	49.102962
351	1	  0.001459	  0.000510	     -1.00	    411.00	    751.23	      5.82	      3.46	    101.80	     60.50	-29.03	 9.084e-05	      4.84	0	Gaussian	329.943169	46.533568
352	1	  0.001483	  0.000888	     -1.00	    496.01	    431.44	      3.76	      3.12	     65.77	     54.60	16.82	 8.848e-05	      4.84	0	Gaussian	330.094290	48.029591
353	1	  0.001449	  0.000999	     -1.00	    775.25	    224.16	      3.16	      3.14	     55.39	     54.94	20.01	 7.161e-05	      4.84	0	Gaussian	328.780224	49.340391
354	1	  0.001509	  0.000519	     -1.00	    480.49	    594.11	      6.56	      2.99	    114.78	     52.28	-33.98	 1.882e-04	      4.84	0	Gaussian	329.848091	47.311482
355	1	  0.001478	  0.000681	     -1.00	    261.34	    323.28	      4.99	      2.94	     87.33	     51.43	-41.62	 8.604e-05	      4.84	0	Gaussian	331.757921	48.115131
356	1	  0.001462	  0.000579	     -1.00	    180.46	    529.05	      5.01	      3.50	     87.73	     61.32	8.43	 1.866e-04	      4.85	0	Gaussian	331.787151	47.118693
357	1	  0.001481	  0.000912	     -1.00	    457.03	    301.33	      3.54	      3.19	     62.02	     55.83	3.59	 9.321e-05	      4.85	0	Gaussian	330.613111	48.521228
358	1	  0.001475	  0.000866	     -1.00	    622.82	    155.42	      3.87	      3.11	     67.66	     54.46	16.80	 9.105e-05	      4.85	0	Gaussian	329.894547	49.399781
359	1	  0.001467	  0.000976	     -1.00	    463.78	    693.64	      3.43	      3.18	     59.99	     55.58	9.24	 1.077e-04	      4.85	0	Gaussian	329.743929	46.859970
360	1	  0.001495	  0.001002	     -1.00	    750.99	    208.72	      3.45	      3.01	     60.43	     52.64	13.18	 1.329e-04	      4.85	0	Gaussian	328.967402	49.369817
361	1	  0.001453	  0.000640	     -1.00	    555.83	    529.26	      5.02	      3.24	     87.88	     56.77	-9.92	 4.837e-05	      4.86	0	Gaussian	329.521901	47.703222
362	1	  0.001483	  0.001135	     -1.00	    184.71	    445.32	      3.18	      2.86	     55.73	     50.11	19.81	 9.785e-05	      4.86	0	Gaussian	331.946080	47.477950
363	1	  0.001422	  0.000989	     -1.00	    405.28	    120.96	      3.60	      2.91	     63.06	     50.90	-11.13	 7.151e-05	      4.86	0	Gaussian	331.330656	49.198670
364	1	  0.001500	  0.000752	     -1.00	    213.97	    661.11	      4.00	      3.24	     70.06	     56.68	-74.30	 7.592e-05	      4.86	0	Gaussian	331.303510	46.613875
365	1	  0.001468	  0.000842	     -1.00	    576.25	    430.95	      3.63	      3.28	     63.52	     57.41	-1.95	 9.759e-05	      4.87	0	Gaussian	329.600425	48.154804
366	1	  0.001482	  0.000544	     -1.00	    263.19	    717.32	      7.16	      2.55	    125.24	     44.57	2.56	 1.006e-04	      4.87	0	Gaussian	330.893404	46.452165
367	1	  0.001479	  0.000918	     -1.00	    427.98	    516.14	      3.54	      3.06	     62.00	     53.59	25.49	 6.764e-05	      4.87	0	Gaussian	330.330608	47.563690
368	1	  0.001478	  0.000889	     -1.00	    620.33	    110.27	      3.73	      2.92	     65.31	     51.06	-29.63	 9.677e-05	      4.88	0	Gaussian	330.008123	49.587246
369	1	  0.001457	  0.000558	     -1.00	    234.05	    453.28	      5.78	      2.96	    101.14	     51.75	-16.71	 7.584e-05	      4.88	0	Gaussian	331.634489	47.524088
370	1	  0.001454	  0.000975	     -1.00	    763.26	    606.73	      3.51	      3.08	     61.35	     53.97	5.13	 5.409e-05	      4.88	0	Gaussian	328.080185	47.675811
371	1	  0.001470	  0.000902	     -1.00	    357.84	    643.75	      3.72	      3.01	     65.17	     52.62	-2.76	 6.661e-05	      4.88	0	Gaussian	330.484820	46.911777
372	1	  0.001481	  0.000578	     -1.00	    459.13	    400.30	      5.25	      3.24	     91.90	     56.67	-12.01	 9.130e-05	      4.88	0	Gaussian	330.386924	48.104788
373	1	  0.001490	  0.000940	     -1.00	    783.54	    157.91	      3.33	      3.17	     58.27	     55.50	14.17	 9.564e-05	      4.89	0	Gaussian	328.865692	49.636074
374	1	  0.001524	  0.001166	     -1.00	    251.07	    222.60	      3.11	      2.63	     54.35	     46.04	13.60	 1.528e-04	      4.89	0	Gaussian	332.045693	48.520426
375	1	  0.001480	  0.000853	     -1.00	    615.71	    383.04	      3.82	      3.05	     66.89	     53.35	15.32	 5.742e-05	      4.89	0	Gaussian	329.455470	48.419609
376	1	  0.001543	  0.000604	     -1.00	    233.16	    682.99	      4.83	      3.23	     84.59	     56.47	23.72	 2.037e-04	      4.89	0	Gaussian	331.143528	46.551227
377	1	  0.001499	  0.000774	     -1.00	    373.99	    165.11	      3.69	      3.32	     64.56	     58.06	13.15	 1.212e-04	      4.90	0	Gaussian	331.424766	48.962454
378	1	  0.001466	  0.000832	     -1.00	    231.65	    782.97	      3.47	      3.28	     60.77	     57.45	-14.22	 6.695e-05	      4.90	0	Gaussian	330.941188	46.124025
379	1	  0.001526	  0.001119	     -1.00	    750.52	    114.05	      3.46	      2.42	     60.63	     42.36	-15.05	 3.153e-04	      4.90	0	Gaussian	329.170242	49.772903
380	1	  0.001450	  0.000696	     -1.00	    321.28	    647.05	      3.89	      3.30	     68.09	     57.82	-31.41	 6.715e-05	      4.91	0	Gaussian	330.696507	46.841203
381	1	  0.001492	  0.000918	     -1.00	    591.28	    293.38	      3.62	      2.83	     63.44	     49.60	-0.57	 8.474e-05	      4.92	0	Gaussian	329.797053	48.764582
382	1	  0.001455	  0.000875	     -1.00	    589.48	    744.83	      3.58	      3.20	     62.72	     56.08	-6.90	 4.964e-05	      4.93	0	Gaussian	328.877756	46.826411
383	1	  0.001470	  0.000474	     -1.00	    747.11	    160.87	      5.30	      4.06	     92.79	     71.05	-10.47	 9.089e-05	      4.94	0	Gaussian	329.092887	49.568165
384	1	  0.001484	  0.000507	     -1.00	    305.65	    144.46	      6.61	      3.69	    115.69	     64.61	-82.05	 1.268e-04	      4.95	0	Gaussian	331.890492	48.937145
385	1	  0.001432	  0.000815	     -1.00	    417.30	    793.63	      3.82	      3.04	     66.79	     53.24	-5.21	 5.069e-05	      4.95	0	Gaussian	329.818712	46.361242
386	1	  0.001474	  0.000670	     -1.00	    717.86	    198.86	      4.01	      3.39	     70.13	     59.33	-67.53	 1.169e-04	      4.96	0	Gaussian	329.199213	49.361556
387	1	  0.001476	  0.000725	     -1.00	    624.39	    201.34	      3.87	      3.51	     67.77	     61.42	-26.91	 9.072e-05	      4.96	0	Gaussian	329.785877	49.207263
388	1	  0.001512	  0.000896	     -1.00	    649.11	    160.84	      3.33	      3.06	     58.36	     53.47	15.46	 9.174e-05	      4.96	0	Gaussian	329.716597	49.417651
389	1	  0.001474	  0.000699	     -1.00	    388.41	    423.46	      4.41	      2.93	     77.18	     51.20	-15.75	 1.005e-04	      4.97	0	Gaussian	330.768989	47.895688
390	1	  0.001447	  0.000851	     -1.00	    251.26	     83.95	      3.23	      3.10	     56.61	     54.21	15.43	 6.736e-05	      4.97	0	Gaussian	332.360885	49.099373
391	1	  0.001532	  0.000919	     -1.00	    756.96	    384.80	      3.30	      2.91	     57.83	     50.94	-1.32	 1.162e-04	      4.97	0	Gaussian	328.565234	48.624069
392	1	  0.001521	  0.000931	     -1.00	    384.99	    493.44	      3.56	      2.72	     62.23	     47.67	-5.70	 1.803e-04	      4.98	0	Gaussian	330.639601	47.593420
393	1	  0.001427	  0.000799	     -1.00	    330.44	     82.75	      3.25	      3.24	     56.93	     56.66	33.94	 8.460e-05	      4.98	0	Gaussian	331.878769	49.235968
394	1	  0.001555	  0.000926	     -1.00	    446.32	    734.46	      3.47	      2.73	     60.67	     47.74	-18.00	 3.021e-04	      4.99	0	Gaussian	329.765546	46.658652
395	1	  0.001499	  0.001110	     -1.00	    215.50	    195.53	      3.01	      2.69	     52.74	     47.13	26.29	 2.141e-04	      4.99	0	Gaussian	332.322217	48.574766
396	1	  0.001510	  0.000714	     -1.00	    457.30	    258.90	      3.80	      3.13	     66.54	     54.79	35.27	 1.353e-04	      4.99	0	Gaussian	330.703824	48.701154
397	1	  0.001738	  0.001450	     -1.00	    209.10	    680.52	      2.65	      2.14	     46.41	     37.40	8.87	 3.843e-04	      5.00	0	Gaussian	331.290766	46.523990
398	1	  0.001548	  0.001120	     -1.00	    187.61	    455.68	      2.96	      2.71	     51.80	     47.38	8.65	 2.121e-04	      5.00	0	Gaussian	331.905951	47.439071
399	1	  0.001489	  0.000785	     -1.00	    349.81	    791.82	      3.50	      3.12	     61.25	     54.60	-7.63	 1.226e-04	      5.00	0	Gaussian	330.224668	46.267207
400	1	  0.001502	  0.000854	     -1.00	    591.01	    357.50	      3.60	      2.91	     63.03	     50.89	15.29	 1.005e-04	      5.00	0	Gaussian	329.662939	48.490959
401	1	  0.001463	  0.000837	     -1.00	    610.90	    665.28	      3.69	      2.90	     64.60	     50.75	1.12	 7.157e-05	      5.00	0	Gaussian	328.906239	47.200973
402	1	  0.001499	  0.001026	     -1.00	    510.85	    674.48	      3.10	      2.68	     54.24	     46.94	0.00	 9.663e-05	      5.00	0	Gaussian	329.498160	47.012840
403	1	  0.001541	  0.000906	     -1.00	    505.02	    533.03	      3.51	      2.68	     61.36	     46.91	30.65	 3.879e-04	      5.01	0	Gaussian	329.825560	47.609964
404	1	  0.001468	  0.000716	     -1.00	    284.59	    475.73	      3.76	      3.23	     65.87	     56.45	-6.19	 1.070e-04	      5.01	0	Gaussian	331.282891	47.510165
405	1	  0.001464	  0.000509	     -1.00	    743.88	    504.17	      5.20	      3.14	     91.08	     54.97	-76.15	 6.429e-05	      5.01	0	Gaussian	328.405748	48.090824
406	1	  0.001469	  0.000519	     -1.00	    630.47	    385.58	      5.46	      3.01	     95.50	     52.72	22.76	 7.018e-05	      5.01	0	Gaussian	329.358073	48.431162
407	1	  0.001470	  0.000802	     -1.00	    527.65	    595.35	      3.73	      2.91	     65.31	     50.97	15.26	 8.248e-05	      5.01	0	Gaussian	329.558120	47.377513
408	1	  0.001450	  0.000889	     -1.00	    294.95	    246.16	      3.58	      2.96	     62.68	     51.75	0.70	 1.015e-04	      5.01	0	Gaussian	331.726589	48.493613
409	1	  0.001468	  0.000788	     -1.00	    473.75	     74.23	      3.76	      2.75	     65.77	     48.10	-37.46	 7.190e-05	      5.02	0	Gaussian	331.009579	49.505871
410	1	  0.001463	  0.000737	     -1.00	    703.68	    759.43	      3.96	      2.84	     69.38	     49.71	0.74	 5.940e-05	      5.02	0	Gaussian	328.149543	46.928566
411	1	  0.001517	  0.000919	     -1.00	    371.91	    634.49	      3.33	      2.78	     58.27	     48.59	4.45	 1.310e-04	      5.02	0	Gaussian	330.419828	46.972900
412	1	  0.001468	  0.000576	     -1.00	    785.65	    740.10	      5.30	      2.84	     92.76	     49.67	-28.57	 6.372e-05	      5.02	0	Gaussian	327.680438	47.128966
413	1	  0.001466	  0.000786	     -1.00	    713.93	    592.52	      3.77	      3.02	     66.02	     52.79	-2.63	 4.722e-05	      5.02	0	Gaussian	328.415707	47.665800
414	1	  0.001461	  0.000662	     -1.00	    175.62	    701.93	      3.69	      3.43	     64.66	     60.03	-7.82	 6.608e-05	      5.03	0	Gaussian	331.441835	46.380621
415	1	  0.001483	  0.000543	     -1.00	    595.70	    259.08	      4.96	      3.01	     86.86	     52.66	-23.63	 8.511e-05	      5.03	0	Gaussian	329.842563	48.917355
416	1	  0.001502	  0.000749	     -1.00	    593.09	    509.14	      3.46	      3.07	     60.64	     53.73	-70.41	 9.090e-05	      5.04	0	Gaussian	329.333861	47.845643
417	1	  0.001499	  0.000839	     -1.00	    460.78	     83.57	      3.46	      2.91	     60.61	     51.01	7.90	 1.181e-04	      5.04	0	Gaussian	331.069679	49.445656
418	1	  0.001501	  0.000486	     -1.00	    402.42	    404.10	      4.48	      3.67	     78.46	     64.19	-54.92	 1.166e-04	      5.04	0	Gaussian	330.725403	47.999782
419	1	  0.001468	  0.000919	     -1.00	    707.84	    207.24	      3.33	      2.79	     58.23	     48.90	19.71	 9.318e-05	      5.04	0	Gaussian	329.245204	49.310542
420	1	  0.001487	  0.000502	     -1.00	    643.50	    597.92	      4.19	      3.94	     73.40	     68.88	31.89	 7.804e-05	      5.05	0	Gaussian	328.841341	47.539231
421	1	  0.001508	  0.000664	     -1.00	    336.42	    485.79	      4.33	      2.79	     75.78	     48.88	-31.41	 1.674e-04	      5.05	0	Gaussian	330.949430	47.549658
422	1	  0.001473	  0.000584	     -1.00	    260.26	    512.89	      3.89	      3.39	     68.03	     59.35	-13.78	 1.026e-04	      5.05	0	Gaussian	331.347878	47.314389
423	1	  0.001456	  0.000776	     -1.00	    692.88	    778.74	      3.59	      3.05	     62.84	     53.31	-7.69	 5.248e-05	      5.05	0	Gaussian	328.178216	46.829324
424	1	  0.001469	  0.000603	     -1.00	    637.82	     83.03	      3.85	      3.47	     67.44	     60.69	-19.36	 1.017e-04	      5.05	0	Gaussian	329.956417	49.730010
425	1	  0.001525	  0.000828	     -1.00	    631.60	    698.45	      3.46	      2.86	     60.62	     50.09	-4.54	 2.562e-04	      5.06	0	Gaussian	328.712780	47.088241
426	1	  0.001489	  0.000632	     -1.00	    532.58	    748.81	      3.69	      3.44	     64.60	     60.15	61.69	 7.393e-05	      5.06	0	Gaussian	329.215569	46.725543
427	1	  0.001570	  0.000828	     -1.00	    537.86	    545.37	      3.42	      2.84	     59.81	     49.74	8.22	 2.473e-04	      5.06	0	Gaussian	329.598854	47.607032
428	1	  0.001528	  0.000819	     -1.00	    692.81	    331.54	      3.73	      2.81	     65.27	     49.23	-14.52	 1.583e-04	      5.07	0	Gaussian	329.079735	48.756670
429	1	  0.001489	  0.000883	     -1.00	    720.32	    524.21	      3.26	      2.98	     57.13	     52.19	-1.86	 1.272e-04	      5.07	0	Gaussian	328.512877	47.969906
430	1	  0.001502	  0.000701	     -1.00	    534.95	    214.43	      4.07	      2.75	     71.25	     48.11	-6.61	 1.225e-04	      5.07	0	Gaussian	330.318550	49.011993
431	1	  0.001434	  0.000717	     -1.00	    302.40	    118.53	      3.60	      3.30	     63.05	     57.84	78.82	 6.247e-05	      5.08	0	Gaussian	331.969275	49.040200
432	1	  0.001444	  0.000509	     -1.00	    252.52	    662.19	      5.19	      3.22	     90.77	     56.32	7.47	 5.983e-05	      5.08	0	Gaussian	331.073292	46.669804
433	1	  0.001494	  0.000661	     -1.00	    458.09	    148.86	      3.84	      3.25	     67.24	     56.84	27.28	 8.722e-05	      5.08	0	Gaussian	330.941038	49.166704
434	1	  0.001474	  0.000885	     -1.00	    324.66	    733.34	      3.48	      2.80	     60.86	     49.07	-12.58	 1.036e-04	      5.09	0	Gaussian	330.495348	46.478709
435	1	  0.001467	  0.000633	     -1.00	    688.07	    417.26	      3.88	      3.45	     67.97	     60.43	1.85	 8.099e-05	      5.09	0	Gaussian	328.932238	48.382169
436	1	  0.001458	  0.000518	     -1.00	    700.71	    151.81	      4.97	      3.44	     87.03	     60.14	-12.61	 5.810e-05	      5.09	0	Gaussian	329.408253	49.535767
437	1	  0.001464	  0.000527	     -1.00	    326.40	    458.50	      4.02	      3.83	     70.40	     67.05	34.41	 5.430e-05	      5.09	0	Gaussian	331.068745	47.649361
438	1	  0.001469	  0.000703	     -1.00	    589.01	    159.84	      3.89	      3.09	     68.09	     54.10	-9.89	 7.914e-05	      5.10	0	Gaussian	330.098188	49.328155
439	1	  0.001496	  0.000745	     -1.00	    408.70	    455.57	      3.94	      2.55	     68.93	     44.68	-6.86	 6.728e-05	      5.10	0	Gaussian	330.576672	47.791301
440	1	  0.001468	  0.000802	     -1.00	    358.93	    293.72	      3.56	      2.93	     62.30	     51.22	7.59	 7.629e-05	      5.10	0	Gaussian	331.231334	48.397152
441	1	  0.001487	  0.000429	     -1.00	    185.94	    515.39	      5.86	      3.05	    102.60	     53.44	-22.67	 1.779e-04	      5.10	0	Gaussian	331.784616	47.185036
442	1	  0.001441	  0.000759	     -1.00	    525.38	    124.56	      3.44	      3.20	     60.22	     56.09	-27.25	 7.687e-05	      5.11	0	Gaussian	330.574900	49.376760
443	1	  0.001476	  0.000842	     -1.00	    559.35	    657.09	      3.33	      2.93	     58.27	     51.28	13.88	 8.515e-05	      5.11	0	Gaussian	329.238255	47.159928
444	1	  0.001626	  0.001011	     -1.00	    596.47	    199.55	      2.73	      2.57	     47.73	     44.93	43.98	 4.686e-04	      5.11	0	Gaussian	329.965406	49.171468
445	1	  0.001468	  0.000686	     -1.00	    512.25	    690.38	      3.90	      2.90	     68.31	     50.85	-11.76	 8.217e-05	      5.12	0	Gaussian	329.457198	46.946624
446	1	  0.001462	  0.000799	     -1.00	    486.55	    533.48	      3.54	      2.95	     61.96	     51.61	6.00	 6.418e-05	      5.12	0	Gaussian	329.937457	47.579849
447	1	  0.001588	  0.000831	     -1.00	    663.27	    267.68	      3.37	      2.71	     59.06	     47.45	-5.67	 3.824e-04	      5.12	0	Gaussian	329.399666	48.984689
448	1	  0.001493	  0.000793	     -1.00	    553.74	    505.62	      3.50	      2.80	     61.24	     48.95	2.09	 7.683e-05	      5.14	0	Gaussian	329.583731	47.801260
449	1	  0.001502	  0.000417	     -1.00	    270.72	    586.26	      6.12	      2.99	    107.11	     52.32	38.83	 1.509e-04	      5.14	0	Gaussian	331.127311	47.020393
450	1	  0.001454	  0.000758	     -1.00	    290.22	    711.34	      3.60	      2.90	     63.00	     50.67	-10.07	 8.960e-05	      5.14	0	Gaussian	330.745889	46.519482
451	1	  0.001488	  0.000665	     -1.00	    570.53	    169.86	      3.79	      2.85	     66.34	     49.83	9.40	 8.675e-05	      5.15	0	Gaussian	330.192584	49.256692
452	1	  0.001452	  0.000635	     -1.00	    277.49	     75.30	      3.91	      2.87	     68.52	     50.16	-48.92	 8.409e-05	      5.15	0	Gaussian	332.220560	49.179206
453	1	  0.001443	  0.000683	     -1.00	    573.03	    721.87	      3.81	      3.12	     66.67	     54.66	6.75	 5.011e-05	      5.16	0	Gaussian	329.023943	46.901296
454	1	  0.001466	  0.000597	     -1.00	    688.09	    136.39	      4.38	      2.79	     76.58	     48.79	-4.80	 8.433e-05	      5.16	0	Gaussian	329.521568	49.581901
455	1	  0.001478	  0.000635	     -1.00	    656.68	    634.67	      3.83	      3.14	     66.98	     54.96	36.74	 8.005e-05	      5.16	0	Gaussian	328.686026	47.400199
456	1	  0.001525	  0.000947	     -1.00	    234.45	    599.04	      3.02	      2.61	     52.86	     45.68	0.78	 1.541e-04	      5.16	0	Gaussian	331.315479	46.909072
457	1	  0.001509	  0.000825	     -1.00	    563.31	    439.46	      3.18	      2.97	     55.58	     52.01	8.89	 1.065e-04	      5.16	0	Gaussian	329.662669	48.098700
458	1	  0.001472	  0.000787	     -1.00	    672.89	    242.59	      3.38	      2.82	     59.12	     49.43	7.02	 9.224e-05	      5.18	0	Gaussian	329.391960	49.106389
459	1	  0.001472	  0.000586	     -1.00	    759.03	    153.48	      4.27	      2.76	     74.74	     48.27	-9.72	 8.496e-05	      5.18	0	Gaussian	329.032179	49.617817
460	1	  0.001485	  0.000743	     -1.00	    242.70	    616.42	      3.57	      2.84	     62.52	     49.65	5.70	 9.175e-05	      5.18	0	Gaussian	331.229215	46.848501
461	1	  0.001470	  0.000690	     -1.00	    705.64	    629.81	      3.49	      3.17	     61.03	     55.52	-5.88	 7.849e-05	      5.18	0	Gaussian	328.392859	47.492621
462	1	  0.001582	  0.000917	     -1.00	    300.70	    466.96	      3.19	      2.54	     55.85	     44.51	10.58	 1.989e-04	      5.19	0	Gaussian	331.205177	47.572822
463	1	  0.001491	  0.000658	     -1.00	    505.14	    790.06	      4.13	      2.66	     72.22	     46.63	-19.63	 8.704e-05	      5.19	0	Gaussian	329.298432	46.507371
464	1	  0.001479	  0.000617	     -1.00	    502.97	    314.11	      3.45	      3.39	     60.43	     59.34	-0.46	 9.479e-05	      5.20	0	Gaussian	330.301874	48.539246
465	1	  0.001441	  0.000702	     -1.00	    662.11	    777.68	      3.64	      3.02	     63.80	     52.90	3.28	 4.467e-05	      5.20	0	Gaussian	328.369021	46.789810
466	1	  0.001471	  0.000632	     -1.00	    382.06	    674.17	      4.12	      2.88	     72.14	     50.40	9.68	 6.403e-05	      5.20	0	Gaussian	330.275946	46.819201
467	1	  0.001591	  0.000960	     -1.00	    559.63	    146.25	      2.65	      2.56	     46.45	     44.72	16.02	 5.460e-04	      5.20	0	Gaussian	330.312476	49.339445
468	1	  0.001529	  0.000712	     -1.00	    538.38	    427.45	      3.57	      3.04	     62.51	     53.21	-2.10	 1.371e-04	      5.20	0	Gaussian	329.841836	48.111839
469	1	  0.001471	  0.000773	     -1.00	    746.59	    278.81	      3.26	      2.55	     57.06	     44.68	-34.94	 1.548e-04	      5.20	0	Gaussian	328.849143	49.063360
470	1	  0.001508	  0.000444	     -1.00	    553.65	    282.71	      5.35	      2.84	     93.67	     49.77	-2.64	 1.682e-04	      5.21	0	Gaussian	330.054642	48.751646
471	1	  0.001448	  0.000681	     -1.00	    396.07	     69.46	      3.68	      3.06	     64.41	     53.64	4.51	 8.542e-05	      5.21	0	Gaussian	331.503721	49.399513
472	1	  0.001465	  0.000740	     -1.00	    357.85	    355.61	      3.33	      3.06	     58.22	     53.47	26.15	 1.113e-04	      5.21	0	Gaussian	331.102081	48.134330
473	1	  0.001456	  0.000724	     -1.00	    720.33	    626.67	      3.55	      3.04	     62.14	     53.23	2.35	 3.894e-05	      5.21	0	Gaussian	328.307991	47.527483
474	1	  0.001499	  0.000605	     -1.00	    523.74	    518.51	      3.83	      2.99	     66.96	     52.38	-21.96	 1.235e-04	      5.21	0	Gaussian	329.741223	47.700544
475	1	  0.001477	  0.000710	     -1.00	    783.37	    418.02	      3.54	      2.99	     61.93	     52.39	6.22	 9.313e-05	      5.22	0	Gaussian	328.330824	48.520039
476	1	  0.001575	  0.000567	     -1.00	    613.20	    710.42	      4.19	      3.09	     73.25	     54.01	-84.22	 3.212e-04	      5.22	0	Gaussian	328.801641	47.009636
477	1	  0.001523	  0.000869	     -1.00	    543.47	    419.55	      2.88	      2.55	     50.49	     44.57	78.62	 1.302e-04	      5.22	0	Gaussian	329.827057	48.153360
478	1	  0.001469	  0.000641	     -1.00	    786.80	    440.30	      3.63	      3.14	     63.56	     54.99	15.81	 5.160e-05	      5.22	0	Gaussian	328.264216	48.429023
479	1	  0.001495	  0.000687	     -1.00	    438.75	    793.22	      3.85	      2.93	     67.39	     51.36	-12.31	 5.608e-05	      5.22	0	Gaussian	329.691133	46.395116
480	1	  0.001486	  0.000847	     -1.00	    456.83	    234.47	      2.98	      2.69	     52.22	     47.12	10.47	 9.340e-05	      5.23	0	Gaussian	330.760152	48.803635
481	1	  0.001575	  0.000733	     -1.00	    634.68	    724.41	      3.59	      2.52	     62.90	     44.06	6.79	 1.593e-04	      5.24	0	Gaussian	328.642219	46.980583
482	1	  0.001490	  0.000565	     -1.00	    456.09	    686.63	      3.93	      3.08	     68.77	     53.84	-13.70	 1.248e-04	      5.24	0	Gaussian	329.804752	46.878390
483	1	  0.001466	  0.000698	     -1.00	    414.01	    335.44	      3.59	      2.94	     62.85	     51.50	36.73	 8.375e-05	      5.24	0	Gaussian	330.803270	48.308826
484	1	  0.001512	  0.000618	     -1.00	    239.85	    360.69	      3.84	      3.06	     67.13	     53.63	11.82	 1.480e-04	      5.24	0	Gaussian	331.804078	47.923052
485	1	  0.001482	  0.000597	     -1.00	    732.47	    606.75	      4.33	      2.85	     75.71	     49.82	-1.54	 6.534e-05	      5.24	0	Gaussian	328.272053	47.631226
486	1	  0.001483	  0.000638	     -1.00	    513.13	    549.27	      3.83	      2.89	     67.01	     50.53	-0.89	 7.080e-05	      5.25	0	Gaussian	329.742174	47.552863
487	1	  0.001482	  0.000768	     -1.00	    677.08	    481.35	      3.41	      2.70	     59.71	     47.31	5.31	 8.963e-05	      5.25	0	Gaussian	328.869596	48.090544
488	1	  0.001456	  0.000673	     -1.00	    345.50	    594.13	      3.62	      3.10	     63.32	     54.34	3.03	 6.721e-05	      5.25	0	Gaussian	330.663441	47.103930
489	1	  0.001456	  0.000675	     -1.00	    768.55	    126.36	      3.23	      3.12	     56.50	     54.67	-31.27	 7.881e-05	      5.25	0	Gaussian	329.028409	49.747951
490	1	  0.001479	  0.000707	     -1.00	    549.23	    309.28	      3.68	      2.88	     64.40	     50.42	1.51	 9.499e-05	      5.26	0	Gaussian	330.025288	48.631827
491	1	  0.001514	  0.000597	     -1.00	    573.09	    103.30	      4.23	      2.73	     74.08	     47.77	4.85	 1.106e-04	      5.26	0	Gaussian	330.321774	49.542262
492	1	  0.001491	  0.000549	     -1.00	    446.21	    453.15	      3.85	      3.21	     67.33	     56.17	2.54	 8.528e-05	      5.26	0	Gaussian	330.353194	47.860020
493	1	  0.001461	  0.000633	     -1.00	    618.25	    142.32	      3.53	      3.12	     61.74	     54.53	-9.28	 8.873e-05	      5.26	0	Gaussian	329.951738	49.448192
494	1	  0.001489	  0.000639	     -1.00	    712.15	    485.48	      3.75	      2.83	     65.70	     49.50	-4.05	 7.495e-05	      5.27	0	Gaussian	328.642154	48.124729
495	1	  0.001443	  0.000568	     -1.00	    544.71	    718.55	      3.96	      3.00	     69.26	     52.56	0.86	 5.162e-05	      5.27	0	Gaussian	329.202973	46.873798
496	1	  0.001524	  0.000657	     -1.00	    335.90	    503.36	      3.75	      2.80	     65.57	     48.98	-9.88	 9.837e-05	      5.27	0	Gaussian	330.914759	47.474346
497	1	  0.001458	  0.000875	     -1.00	    285.63	    296.28	      2.86	      2.56	     50.02	     44.76	27.67	 8.592e-05	      5.27	0	Gaussian	331.671185	48.268000
498	1	  0.001514	  0.000938	     -1.00	    280.48	    147.49	      2.74	      2.47	     47.97	     43.30	49.20	 1.449e-04	      5.28	0	Gaussian	332.037277	48.882979
499	1	  0.001453	  0.000559	     -1.00	    193.87	    744.02	      4.03	      3.29	     70.58	     57.53	-12.96	 6.754e-05	      5.28	0	Gaussian	331.245173	46.230826
500	1	  0.001485	  0.000726	     -1.00	    275.82	    433.57	      3.35	      2.80	     58.65	     48.94	7.39	 8.685e-05	      5.29	0	Gaussian	331.427398	47.674183
501	1	  0.001625	  0.000695	     -1.00	    209.01	    703.00	      3.33	      2.83	     58.33	     49.55	-40.54	 2.162e-04	      5.29	0	Gaussian	331.243376	46.428510
502	1	  0.001454	  0.000722	     -1.00	    453.81	    315.20	      3.23	      2.86	     56.54	     50.07	12.12	 6.343e-05	      5.30	0	Gaussian	330.602863	48.457395
503	1	  0.001464	  0.000556	     -1.00	    557.65	    480.84	      3.77	      3.12	     65.97	     54.60	11.05	 4.495e-05	      5.30	0	Gaussian	329.611209	47.913223
504	1	  0.001469	  0.000653	     -1.00	    441.65	    388.42	      3.72	      2.70	     65.16	     47.20	13.29	 7.123e-05	      5.30	0	Gaussian	330.519550	48.127915
505	1	  0.001483	  0.000573	     -1.00	    612.44	    555.97	      3.60	      3.22	     63.07	     56.32	3.86	 9.019e-05	      5.30	0	Gaussian	329.118259	47.673645
506	1	  0.001469	  0.000834	     -1.00	    173.92	    604.50	      2.93	      2.39	     51.35	     41.86	8.10	 7.788e-05	      5.30	0	Gaussian	331.661568	46.789956
507	1	  0.001494	  0.000598	     -1.00	    668.17	    281.50	      3.90	      2.73	     68.19	     47.84	11.37	 8.064e-05	      5.31	0	Gaussian	329.339670	48.933210
508	1	  0.001461	  0.000614	     -1.00	    731.85	    340.69	      3.81	      2.84	     66.77	     49.66	13.99	 7.712e-05	      5.31	0	Gaussian	328.814449	48.776120
509	1	  0.001486	  0.000589	     -1.00	    388.08	    521.38	      3.88	      3.03	     67.99	     53.04	0.58	 7.787e-05	      5.31	0	Gaussian	330.561349	47.479497
510	1	  0.001460	  0.000597	     -1.00	    710.70	    169.64	      3.65	      3.24	     63.88	     56.74	11.62	 7.023e-05	      5.31	0	Gaussian	329.306686	49.475169
511	1	  0.001462	  0.000704	     -1.00	    656.79	    752.49	      3.44	      2.79	     60.20	     48.80	1.57	 6.379e-05	      5.32	0	Gaussian	328.451138	46.891195
512	1	  0.001467	  0.000656	     -1.00	    227.95	    246.26	      3.54	      2.94	     62.04	     51.47	6.72	 8.091e-05	      5.33	0	Gaussian	332.131973	48.383363
513	1	  0.001531	  0.000674	     -1.00	    754.23	    138.48	      3.39	      2.82	     59.30	     49.30	-11.22	 3.689e-04	      5.34	0	Gaussian	329.094646	49.674497
514	1	  0.001502	  0.000710	     -1.00	    491.90	    265.77	      3.41	      2.70	     59.65	     47.29	22.70	 8.281e-05	      5.34	0	Gaussian	330.474827	48.726783
515	1	  0.001465	  0.000665	     -1.00	    311.07	    398.40	      3.64	      2.80	     63.72	     49.06	8.43	 6.954e-05	      5.35	0	Gaussian	331.292059	47.878988
516	1	  0.001534	  0.000674	     -1.00	    245.50	    724.94	      3.58	      2.76	     62.70	     48.31	-55.87	 1.652e-04	      5.35	0	Gaussian	330.981813	46.392303
517	1	  0.001551	  0.000784	     -1.00	    741.90	    750.55	      3.16	      2.52	     55.39	     44.14	0.70	 2.513e-04	      5.35	0	Gaussian	327.931157	47.021592
518	1	  0.001486	  0.000756	     -1.00	    668.54	    304.62	      2.92	      2.63	     51.03	     46.00	57.39	 6.408e-05	      5.35	0	Gaussian	329.288803	48.835017
519	1	  0.001491	  0.000747	     -1.00	    322.54	    160.50	      2.90	      2.71	     50.79	     47.50	42.81	 1.157e-04	      5.35	0	Gaussian	331.750889	48.897776
520	1	  0.001518	  0.000565	     -1.00	    311.21	    377.89	      3.87	      2.76	     67.72	     48.32	17.07	 1.132e-04	      5.36	0	Gaussian	331.336131	47.965715
521	1	  0.001489	  0.000595	     -1.00	    625.25	    680.51	      3.51	      3.02	     61.51	     52.78	8.21	 9.375e-05	      5.36	0	Gaussian	328.787624	47.156344
522	1	  0.001470	  0.000597	     -1.00	    350.83	    279.49	      3.42	      3.15	     59.93	     55.21	1.59	 8.147e-05	      5.36	0	Gaussian	331.312160	48.444078
523	1	  0.001479	  0.000540	     -1.00	    251.28	    302.34	      3.72	      3.09	     65.09	     54.10	18.66	 9.788e-05	      5.36	0	Gaussian	331.865247	48.186662
524	1	  0.001518	  0.000663	     -1.00	    573.44	    664.48	      3.50	      2.93	     61.23	     51.29	1.10	 2.936e-04	      5.37	0	Gaussian	329.137164	47.149055
525	1	  0.001506	  0.000498	     -1.00	    701.90	    489.76	      5.55	      2.47	     97.16	     43.20	-17.48	 1.707e-04	      5.38	0	Gaussian	328.697573	48.091146
526	1	  0.001509	  0.000705	     -1.00	    653.11	    514.80	      3.20	      2.72	     55.94	     47.54	-0.03	 1.632e-04	      5.39	0	Gaussian	328.950527	47.911135
527	1	  0.001470	  0.000542	     -1.00	    774.74	    418.03	      3.33	      3.18	     58.33	     55.61	14.78	 9.038e-05	      5.39	0	Gaussian	328.385352	48.507324
528	1	  0.001475	  0.000679	     -1.00	    339.37	    661.42	      3.50	      2.59	     61.28	     45.25	-12.30	 9.850e-05	      5.41	0	Gaussian	330.558165	46.807993
529	1	  0.001516	  0.000690	     -1.00	    670.95	    690.61	      3.27	      2.68	     57.20	     46.91	5.47	 3.647e-04	      5.41	0	Gaussian	328.486544	47.179421
530	1	  0.001481	  0.000503	     -1.00	    649.41	    260.10	      4.10	      3.27	     71.76	     57.27	-19.50	 7.968e-05	      5.41	0	Gaussian	329.503018	48.995807
531	1	  0.001475	  0.000568	     -1.00	    433.16	    154.64	      3.59	      2.98	     62.76	     52.15	28.92	 7.740e-05	      5.42	0	Gaussian	331.082833	49.102246
532	1	  0.001492	  0.000658	     -1.00	    640.28	    445.69	      3.29	      2.76	     57.56	     48.31	10.03	 8.986e-05	      5.42	0	Gaussian	329.172135	48.188592
533	1	  0.001462	  0.000602	     -1.00	    246.14	    518.56	      3.41	      2.94	     59.72	     51.43	10.26	 6.843e-05	      5.43	0	Gaussian	331.419845	47.267953
534	1	  0.001462	  0.000661	     -1.00	    187.45	    369.58	      3.03	      2.68	     53.05	     46.95	19.30	 7.558e-05	      5.43	0	Gaussian	332.098065	47.800388
535	1	  0.001494	  0.000664	     -1.00	    451.82	    412.35	      2.93	      2.79	     51.20	     48.78	-5.26	 1.232e-04	      5.43	0	Gaussian	330.405957	48.042207
536	1	  0.001482	  0.000690	     -1.00	    358.92	    172.67	      3.47	      2.47	     60.67	     43.22	25.81	 9.635e-05	      5.44	0	Gaussian	331.500486	48.906192
537	1	  0.001468	  0.000690	     -1.00	    635.47	    145.34	      3.00	      2.40	     52.48	     42.00	-10.25	 8.821e-05	      5.46	0	Gaussian	329.836303	49.462260
538	1	  0.001550	  0.000593	     -1.00	    621.77	    757.79	      3.22	      2.79	     56.32	     48.85	-2.11	 4.320e-04	      5.47	0	Gaussian	328.654930	46.817532
539	1	  0.001535	  0.000642	     -1.00	    540.09	    378.20	      3.29	      2.67	     57.63	     46.69	7.60	 1.509e-04	      5.47	0	Gaussian	329.935308	48.324403
540	1	  0.001540	  0.000830	     -1.00	    214.25	    432.11	      2.72	      2.35	     47.57	     41.07	5.36	 1.880e-04	      5.47	0	Gaussian	331.799259	47.581291
541	1	  0.001481	  0.000714	     -1.00	    367.35	    355.76	      2.87	      2.58	     50.25	     45.13	18.56	 9.572e-05	      5.47	0	Gaussian	331.043932	48.148809
542	1	  0.001548	  0.000655	     -1.00	    660.74	    469.58	      3.02	      2.65	     52.78	     46.41	4.61	 2.677e-04	      5.47	0	Gaussian	328.995577	48.116743
543	1	  0.001491	  0.000734	     -1.00	    212.41	    461.32	      2.88	      2.32	     50.43	     40.64	62.56	 9.364e-05	      5.47	0	Gaussian	331.745924	47.455404
544	1	  0.001516	  0.000374	     -1.00	    773.92	    538.39	      4.85	      3.12	     84.82	     54.60	10.15	 2.792e-04	      5.48	0	Gaussian	328.148952	47.986831
545	1	  0.001508	  0.000699	     -1.00	    564.16	    234.43	      3.14	      2.62	     54.89	     45.78	16.54	 9.658e-05	      5.48	0	Gaussian	330.092805	48.973001
546	1	  0.001494	  0.000457	     -1.00	    600.62	    237.66	      4.01	      2.80	     70.20	     48.93	-22.70	 6.129e-05	      5.49	0	Gaussian	329.857518	49.016028
547	1	  0.001479	  0.000733	     -1.00	    219.59	    382.77	      2.87	      2.39	     50.30	     41.88	29.63	 9.871e-05	      5.49	0	Gaussian	331.876533	47.797379
548	1	  0.001606	  0.000500	     -1.00	    554.87	    458.37	      3.63	      2.91	     63.51	     50.91	51.13	 6.272e-04	      5.49	0	Gaussian	329.675211	48.005019
549	1	  0.001501	  0.000675	     -1.00	    718.47	    363.43	      2.95	      2.39	     51.55	     41.77	33.23	 1.782e-04	      5.49	0	Gaussian	328.852028	48.658567
550	1	  0.001505	  0.000575	     -1.00	    503.08	    180.76	      3.49	      2.84	     61.16	     49.77	24.79	 8.465e-05	      5.50	0	Gaussian	330.590715	49.104007
551	1	  0.001509	  0.000541	     -1.00	    275.80	    719.80	      3.53	      2.87	     61.81	     50.24	-9.42	 1.101e-04	      5.50	0	Gaussian	330.813536	46.461152
552	1	  0.001498	  0.000661	     -1.00	    231.52	    420.48	      2.92	      2.45	     51.08	     42.83	23.16	 1.086e-04	      5.51	0	Gaussian	331.721735	47.658127
553	1	  0.001502	  0.000498	     -1.00	    208.52	    298.97	      3.71	      2.92	     64.91	     51.07	7.42	 1.410e-04	      5.51	0	Gaussian	332.130122	48.130790
554	1	  0.001499	  0.000668	     -1.00	    662.15	    172.62	      3.05	      2.61	     53.44	     45.67	11.43	 1.041e-04	      5.52	0	Gaussian	329.608721	49.387786
555	1	  0.001504	  0.000457	     -1.00	    249.17	    327.55	      4.07	      2.86	     71.27	     50.01	0.17	 1.684e-04	      5.52	0	Gaussian	331.821710	48.077397
556	1	  0.001496	  0.000540	     -1.00	    519.99	    243.73	      3.60	      2.83	     63.01	     49.53	2.63	 8.907e-05	      5.52	0	Gaussian	330.348224	48.864368
557	1	  0.001518	  0.000614	     -1.00	    604.38	    696.66	      2.97	      2.46	     52.04	     43.01	-5.60	 1.140e-04	      5.54	0	Gaussian	328.883165	47.056102
558	1	  0.001500	  0.000433	     -1.00	    425.78	    393.55	      3.91	      3.08	     68.35	     53.87	2.85	 9.738e-05	      5.56	0	Gaussian	330.605619	48.081250
559	1	  0.001457	  0.000586	     -1.00	    291.38	    196.69	      2.97	      2.83	     51.96	     49.56	63.44	 8.575e-05	      5.56	0	Gaussian	331.859435	48.695145
560	1	  0.001522	  0.000556	     -1.00	    570.27	    553.47	      3.47	      2.66	     60.82	     46.63	0.39	 1.098e-04	      5.56	0	Gaussian	329.383180	47.621240
561	1	  0.001504	  0.000470	     -1.00	    596.99	    323.60	      5.24	      2.22	     91.66	     38.93	-45.47	 1.206e-04	      5.57	0	Gaussian	329.697282	48.644664
562	1	  0.001468	  0.000555	     -1.00	    540.41	    184.20	      3.06	      2.67	     53.54	     46.65	42.11	 6.463e-05	      5.58	0	Gaussian	330.350143	49.148588
563	1	  0.001486	  0.000588	     -1.00	    189.65	    607.51	      2.86	      2.84	     49.97	     49.72	4.04	 1.065e-04	      5.58	0	Gaussian	331.562249	46.802247
564	1	  0.001499	  0.000462	     -1.00	    601.71	    546.19	      3.54	      2.91	     61.88	     51.01	1.53	 8.512e-05	      5.63	0	Gaussian	329.204478	47.699590
565	1	  0.001539	  0.000560	     -1.00	    290.86	    457.23	      3.35	      2.66	     58.69	     46.51	2.04	 1.397e-04	      5.63	0	Gaussian	331.285469	47.598289
566	1	  0.001626	  0.000668	     -1.00	    205.89	    710.39	      2.58	      2.30	     45.08	     40.28	12.11	 2.720e-04	      5.67	0	Gaussian	331.246009	46.392293
567	1	  0.001504	  0.000581	     -1.00	    507.63	    454.60	      2.84	      2.57	     49.79	     45.01	-18.12	 1.068e-04	      5.68	0	Gaussian	329.973968	47.948798
568	1	  0.001485	  0.000486	     -1.00	    492.52	    725.77	      3.04	      2.65	     53.23	     46.35	18.10	 7.562e-05	      5.72	0	Gaussian	329.504665	46.765144
569	1	  0.001652	  0.000248	     -1.00	    184.18	    687.76	     11.27	      1.43	    197.24	     24.95	20.14	 4.856e-04	      5.76	0	Gaussian	331.421905	46.454125
570	1	  0.001534	  0.000598	     -1.00	    512.65	    463.42	      2.79	      2.08	     48.92	     36.46	-29.21	 1.200e-04	      5.79	0	Gaussian	329.924596	47.918878
571	1	  0.001493	  0.000577	     -1.00	    277.65	    456.44	      2.84	      2.20	     49.69	     38.54	29.10	 1.006e-04	      5.79	0	Gaussian	331.366487	47.580556
572	1	  0.001512	  0.000617	     -1.00	    543.24	    301.62	      3.29	      1.91	     57.57	     33.40	-42.38	 1.149e-04	      5.90	0	Gaussian	330.078920	48.655099
573	1	  0.001554	  0.000587	     -1.00	    512.94	    258.93	      1.22	      1.17	     21.34	     20.56	25.51	 1.957e-04	      5.97	0	Gaussian	330.359083	48.788886
