# 552 stars found using the following parameters:
# sigma=1.00 roundness=0.10 radius=5 relax=1 profile=0 minbeta=1.5 max_stars=0 layer=1 minA=0.00 maxA=0.00 maxR=1.00
# star#	layer	B	A	beta	X	Y	FWHMx [px]	FWHMy [px]	FWHMx ["]	FWHMy ["]	angle	RMSE	mag	Sat	Profile	RA	Dec
1	1	  0.003481	  0.350857	     -1.00	    403.54	    447.73	      2.66	      2.57	     46.61	     44.99	-83.11	 5.160e-03	     -1.09	0	Gaussian	285.359724	46.933426
2	1	  0.000258	  0.001455	     -1.00	    657.39	    166.46	     41.57	     30.86	    727.66	    540.15	78.67	 2.993e-04	      0.68	0	Gaussian	283.365826	47.904495
3	1	  0.001760	  0.047587	     -1.00	    329.81	    690.79	      2.72	      2.64	     47.60	     46.19	-86.33	 6.440e-04	      1.03	0	Gaussian	286.137343	45.921056
4	1	  0.001842	  0.055062	     -1.00	    598.60	    440.44	      2.49	      2.49	     43.57	     43.50	-64.09	 8.964e-04	      1.03	0	Gaussian	284.133807	46.764522
5	1	  0.001748	  0.048554	     -1.00	    365.22	    208.32	      2.64	      2.59	     46.15	     45.27	80.29	 7.128e-04	      1.06	0	Gaussian	285.277034	48.034491
6	1	  0.001785	  0.049961	     -1.00	    602.39	    286.46	      2.54	      2.54	     44.39	     44.39	-41.74	 8.190e-04	      1.10	0	Gaussian	283.888099	47.438797
7	1	  0.001671	  0.037276	     -1.00	    114.33	     64.21	      2.78	      2.65	     48.74	     46.43	41.80	 5.235e-04	      1.26	0	Gaussian	286.714920	48.924839
8	1	  0.001729	  0.037292	     -1.00	    623.58	    640.48	      2.69	      2.69	     47.11	     47.08	-1.46	 6.501e-04	      1.28	0	Gaussian	284.262409	45.854529
9	1	  0.001673	  0.034045	     -1.00	    359.77	    378.10	      2.71	      2.70	     47.47	     47.21	-86.72	 4.699e-04	      1.37	0	Gaussian	285.542320	47.286679
10	1	  0.001667	  0.028376	     -1.00	    218.25	     54.40	      2.68	      2.68	     46.91	     46.91	9.77	 4.084e-04	      1.59	0	Gaussian	286.019073	48.866017
11	1	  0.001602	  0.026161	     -1.00	    476.25	    227.17	      2.75	      2.75	     48.19	     48.13	27.89	 3.813e-04	      1.62	0	Gaussian	284.596192	47.835342
12	1	  0.001577	  0.024693	     -1.00	    161.09	    477.11	      2.81	      2.68	     49.23	     46.97	66.60	 3.070e-04	      1.69	0	Gaussian	286.932989	47.035454
13	1	  0.001644	  0.025421	     -1.00	    214.91	    678.00	      2.64	      2.60	     46.18	     45.58	73.41	 3.096e-04	      1.75	0	Gaussian	286.838760	46.084714
14	1	  0.001608	  0.023350	     -1.00	    519.90	    362.69	      2.73	      2.70	     47.80	     47.26	-14.40	 3.448e-04	      1.77	0	Gaussian	284.513194	47.190884
15	1	  0.001616	  0.019414	     -1.00	    635.28	    488.88	      2.91	      2.77	     51.02	     48.52	-85.43	 2.857e-04	      1.87	0	Gaussian	283.976815	46.511896
16	1	  0.001633	  0.018672	     -1.00	     55.53	    340.12	      2.60	      2.60	     45.46	     45.42	-66.15	 2.856e-04	      2.11	0	Gaussian	287.445242	47.746540
17	1	  0.001541	  0.017824	     -1.00	    479.57	    426.11	      2.66	      2.66	     46.50	     46.50	-6.43	 2.525e-04	      2.11	0	Gaussian	284.853890	46.952173
18	1	  0.001555	  0.018234	     -1.00	    509.41	    313.58	      2.63	      2.61	     46.02	     45.70	-32.14	 2.831e-04	      2.11	0	Gaussian	284.509565	47.418861
19	1	  0.001601	  0.015754	     -1.00	    611.57	    648.88	      2.78	      2.68	     48.62	     46.96	-78.91	 3.127e-04	      2.19	0	Gaussian	284.347293	45.829722
20	1	  0.001538	  0.016257	     -1.00	     63.45	     40.03	      2.79	      2.53	     48.92	     44.20	66.09	 1.977e-04	      2.21	0	Gaussian	287.020368	49.081434
21	1	  0.001563	  0.013091	     -1.00	    632.64	    517.97	      2.95	      2.73	     51.57	     47.86	89.75	 2.527e-04	      2.31	0	Gaussian	284.034499	46.386363
22	1	  0.001915	  0.015506	     -1.00	     68.34	    227.26	      2.60	      2.54	     45.45	     44.41	32.49	 1.340e-03	      2.35	0	Gaussian	287.223490	48.240554
23	1	  0.001517	  0.012983	     -1.00	    172.76	     14.71	      2.77	      2.73	     48.52	     47.78	59.74	 1.548e-04	      2.39	0	Gaussian	286.264747	49.087593
24	1	  0.001536	  0.012617	     -1.00	    218.40	    713.31	      2.70	      2.70	     47.24	     47.23	37.21	 1.860e-04	      2.46	0	Gaussian	286.859822	45.922910
25	1	  0.001956	  0.012483	     -1.00	     75.30	    226.03	      2.58	      2.57	     45.10	     45.05	-15.84	 1.624e-03	      2.56	0	Gaussian	287.176407	48.239616
26	1	  0.001501	  0.010473	     -1.00	    265.04	    591.99	      2.78	      2.73	     48.65	     47.78	9.27	 1.254e-04	      2.62	0	Gaussian	286.417509	46.424129
27	1	  0.001571	  0.010010	     -1.00	    454.79	    735.02	      2.78	      2.73	     48.59	     47.71	80.58	 3.612e-04	      2.65	0	Gaussian	285.422425	45.603948
28	1	  0.001523	  0.009709	     -1.00	    563.78	    744.19	      2.76	      2.72	     48.29	     47.62	-35.82	 1.321e-04	      2.71	0	Gaussian	284.768724	45.455667
29	1	  0.001507	  0.010329	     -1.00	    518.41	    720.38	      2.65	      2.62	     46.42	     45.90	-45.88	 1.539e-04	      2.72	0	Gaussian	285.013352	45.606689
30	1	  0.001555	  0.010105	     -1.00	    551.66	    249.79	      2.66	      2.66	     46.58	     46.57	1.97	 2.097e-04	      2.72	0	Gaussian	284.152664	47.655054
31	1	  0.001514	  0.009423	     -1.00	    157.61	    647.04	      2.74	      2.72	     47.93	     47.60	0.90	 1.184e-04	      2.74	0	Gaussian	287.161814	46.275532
32	1	  0.001758	  0.010666	     -1.00	    269.49	    726.22	      2.52	      2.52	     44.14	     44.11	-21.57	 9.512e-04	      2.78	0	Gaussian	286.556768	45.818407
33	1	  0.001743	  0.010131	     -1.00	    451.86	    465.36	      2.62	      2.51	     45.80	     43.93	-34.31	 9.804e-04	      2.81	0	Gaussian	285.080877	46.806410
34	1	  0.001733	  0.009693	     -1.00	    460.12	    458.44	      2.61	      2.61	     45.67	     45.65	-10.12	 1.004e-03	      2.82	0	Gaussian	285.019855	46.828734
35	1	  0.001512	  0.008508	     -1.00	    442.26	    539.00	      2.77	      2.77	     48.54	     48.48	-39.65	 1.101e-04	      2.82	0	Gaussian	285.240196	46.488971
36	1	  0.001538	  0.008683	     -1.00	    419.92	    107.58	      2.75	      2.73	     48.12	     47.87	71.22	 1.212e-04	      2.83	0	Gaussian	284.785334	48.422570
37	1	  0.001537	  0.008319	     -1.00	    261.81	    124.95	      2.81	      2.79	     49.21	     48.82	-76.71	 1.565e-04	      2.83	0	Gaussian	285.830040	48.509238
38	1	  0.001531	  0.008696	     -1.00	    116.72	    624.27	      2.74	      2.70	     48.01	     47.19	-4.18	 1.086e-04	      2.84	0	Gaussian	287.393264	46.414420
39	1	  0.001497	  0.008218	     -1.00	    230.20	    524.89	      2.81	      2.77	     49.21	     48.57	-43.99	 1.128e-04	      2.85	0	Gaussian	286.553061	46.757203
40	1	  0.001497	  0.008575	     -1.00	    288.51	     67.04	      2.72	      2.71	     47.52	     47.52	-16.00	 1.140e-04	      2.86	0	Gaussian	285.577704	48.738730
41	1	  0.001515	  0.008922	     -1.00	    284.45	     47.79	      2.64	      2.64	     46.25	     46.24	-80.47	 1.292e-04	      2.88	0	Gaussian	285.577653	48.828099
42	1	  0.001761	  0.008992	     -1.00	    277.77	    725.57	      2.62	      2.60	     45.89	     45.48	1.65	 1.095e-03	      2.89	0	Gaussian	286.504460	45.813734
43	1	  0.001550	  0.008302	     -1.00	    105.20	    773.73	      2.75	      2.70	     48.09	     47.32	-5.10	 1.504e-04	      2.89	0	Gaussian	287.640837	45.750765
44	1	  0.001509	  0.008212	     -1.00	    117.36	    735.71	      2.74	      2.69	     47.92	     47.07	-1.60	 1.372e-04	      2.91	0	Gaussian	287.520305	45.911767
45	1	  0.001497	  0.007772	     -1.00	     79.19	    503.66	      2.85	      2.74	     49.92	     47.91	-21.94	 1.317e-04	      2.92	0	Gaussian	287.489096	46.990477
46	1	  0.001483	  0.007505	     -1.00	    223.38	    590.13	      2.75	      2.74	     48.19	     48.02	-33.09	 1.093e-04	      2.99	0	Gaussian	286.677488	46.471215
47	1	  0.001477	  0.007235	     -1.00	    374.47	    751.47	      2.74	      2.73	     47.99	     47.78	-21.78	 1.030e-04	      3.02	0	Gaussian	285.937818	45.607521
48	1	  0.001557	  0.006327	     -1.00	    163.89	    504.04	      3.11	      2.72	     54.48	     47.52	67.12	 2.436e-04	      3.05	0	Gaussian	286.948308	46.912131
49	1	  0.001519	  0.006750	     -1.00	    265.15	    487.00	      2.77	      2.75	     48.47	     48.19	-61.69	 1.095e-04	      3.07	0	Gaussian	286.283814	46.893668
50	1	  0.001509	  0.006655	     -1.00	    430.90	    684.01	      2.77	      2.77	     48.45	     48.45	39.24	 9.593e-05	      3.09	0	Gaussian	285.502704	45.854594
51	1	  0.001515	  0.006886	     -1.00	     35.53	     84.54	      2.70	      2.69	     47.31	     47.10	33.99	 1.132e-04	      3.11	0	Gaussian	287.261704	48.909228
52	1	  0.000885	  0.001698	     -1.00	    665.90	     19.70	      5.49	      5.46	     96.12	     95.64	26.78	 6.806e-04	      3.12	0	Gaussian	283.087948	48.535964
53	1	  0.001509	  0.006559	     -1.00	    202.73	    297.29	      2.81	      2.72	     49.14	     47.61	7.88	 1.045e-04	      3.12	0	Gaussian	286.439338	47.800597
54	1	  0.001495	  0.006858	     -1.00	    275.83	    315.62	      2.68	      2.65	     46.91	     46.30	-5.58	 8.454e-05	      3.14	0	Gaussian	285.993745	47.647829
55	1	  0.001480	  0.006060	     -1.00	    148.15	    178.10	      2.87	      2.85	     50.22	     49.92	56.19	 7.889e-05	      3.14	0	Gaussian	286.639963	48.384769
56	1	  0.001506	  0.005801	     -1.00	    394.96	    248.04	      2.91	      2.84	     50.89	     49.71	-40.32	 1.005e-04	      3.17	0	Gaussian	285.141902	47.827990
57	1	  0.001510	  0.006559	     -1.00	    387.64	    280.22	      2.69	      2.68	     47.11	     46.90	-72.60	 1.405e-04	      3.18	0	Gaussian	285.232776	47.692963
58	1	  0.001493	  0.005312	     -1.00	    583.13	    357.20	      3.11	      2.76	     54.36	     48.32	72.82	 9.943e-05	      3.21	0	Gaussian	284.110661	47.148090
59	1	  0.001497	  0.005986	     -1.00	    164.87	    245.45	      2.78	      2.72	     48.70	     47.61	6.69	 8.082e-05	      3.22	0	Gaussian	286.617553	48.068266
60	1	  0.001551	  0.006498	     -1.00	     51.25	    470.54	      2.72	      2.59	     47.62	     45.25	1.21	 1.414e-04	      3.22	0	Gaussian	287.629233	47.164317
61	1	  0.001482	  0.005673	     -1.00	     24.86	    661.98	      2.83	      2.81	     49.45	     49.14	-63.95	 8.271e-05	      3.24	0	Gaussian	288.020514	46.324117
62	1	  0.001499	  0.005432	     -1.00	    630.10	    109.07	      2.83	      2.83	     49.48	     49.45	32.11	 1.077e-04	      3.27	0	Gaussian	283.450635	48.186330
63	1	  0.001496	  0.005115	     -1.00	    498.48	    296.95	      2.98	      2.86	     52.12	     49.98	-64.55	 1.046e-04	      3.27	0	Gaussian	284.554757	47.503792
64	1	  0.001498	  0.005929	     -1.00	    300.00	    597.42	      2.69	      2.68	     47.05	     46.85	-26.45	 9.079e-05	      3.27	0	Gaussian	286.204989	46.366917
65	1	  0.001511	  0.004952	     -1.00	    450.76	    756.83	      3.05	      2.85	     53.42	     49.89	-70.35	 1.061e-04	      3.28	0	Gaussian	285.475622	45.510625
66	1	  0.001533	  0.005047	     -1.00	    358.99	    293.30	      2.86	      2.82	     50.06	     49.30	-6.65	 1.863e-04	      3.34	0	Gaussian	285.432973	47.664138
67	1	  0.001503	  0.005175	     -1.00	    474.17	    361.67	      2.82	      2.80	     49.44	     49.04	-52.43	 9.835e-05	      3.34	0	Gaussian	284.798439	47.243104
68	1	  0.001511	  0.005650	     -1.00	    628.40	    669.03	      2.68	      2.65	     46.98	     46.42	-33.22	 1.039e-04	      3.34	0	Gaussian	284.272845	45.723196
69	1	  0.001487	  0.004841	     -1.00	    461.76	    424.06	      2.96	      2.82	     51.85	     49.43	-45.00	 9.085e-05	      3.37	0	Gaussian	284.962469	46.979549
70	1	  0.000870	  0.002932	     -1.00	    667.94	     49.51	      4.45	      2.97	     77.94	     52.00	88.38	 7.120e-04	      3.39	0	Gaussian	283.121113	48.403584
71	1	  0.001460	  0.001305	     -1.00	    344.39	    234.28	      6.16	      4.81	    107.87	     84.19	66.24	 8.673e-05	      3.40	0	Gaussian	285.445898	47.940760
72	1	  0.001572	  0.004602	     -1.00	    559.08	    238.90	      2.93	      2.86	     51.34	     50.04	48.29	 3.940e-04	      3.40	0	Gaussian	284.090226	47.694964
73	1	  0.001542	  0.005066	     -1.00	    607.35	    177.65	      2.75	      2.73	     48.05	     47.83	-27.14	 1.775e-04	      3.41	0	Gaussian	283.696679	47.911254
74	1	  0.001448	  0.000749	     -1.00	      9.13	    620.66	      8.78	      5.77	    153.70	    100.93	-24.18	 1.058e-04	      3.41	0	Gaussian	288.073768	46.524153
75	1	  0.001497	  0.005005	     -1.00	    181.28	    157.89	      2.83	      2.66	     49.57	     46.48	85.77	 8.181e-05	      3.41	0	Gaussian	286.397639	48.442714
76	1	  0.001497	  0.004719	     -1.00	     89.81	    696.07	      2.83	      2.83	     49.56	     49.48	-34.04	 7.717e-05	      3.42	0	Gaussian	287.647830	46.114443
77	1	  0.001489	  0.005129	     -1.00	     25.39	    588.70	      2.71	      2.70	     47.43	     47.31	5.79	 8.023e-05	      3.42	0	Gaussian	287.933203	46.654530
78	1	  0.001539	  0.005140	     -1.00	    325.50	    767.13	      2.69	      2.69	     47.06	     47.06	4.31	 2.214e-04	      3.43	0	Gaussian	286.260006	45.583289
79	1	  0.001495	  0.004852	     -1.00	    293.10	    612.65	      2.80	      2.74	     49.08	     47.97	-18.21	 8.128e-05	      3.44	0	Gaussian	286.267538	46.305268
80	1	  0.001481	  0.004891	     -1.00	     25.88	    725.13	      2.75	      2.72	     48.05	     47.66	42.43	 6.342e-05	      3.46	0	Gaussian	288.085628	46.037837
81	1	  0.001493	  0.004884	     -1.00	    618.21	    458.48	      2.83	      2.65	     49.52	     46.35	-10.24	 1.082e-04	      3.46	0	Gaussian	284.038462	46.664132
82	1	  0.001487	  0.004610	     -1.00	    249.31	    584.51	      2.87	      2.71	     50.25	     47.51	88.28	 7.538e-05	      3.47	0	Gaussian	286.507118	46.472352
83	1	  0.001489	  0.004731	     -1.00	    209.69	    577.98	      2.73	      2.69	     47.82	     47.02	43.72	 7.027e-05	      3.49	0	Gaussian	286.748827	46.538338
84	1	  0.001485	  0.004596	     -1.00	    492.12	    678.15	      2.74	      2.74	     47.99	     47.99	1.94	 8.342e-05	      3.50	0	Gaussian	285.118087	45.820593
85	1	  0.001572	  0.004870	     -1.00	    458.35	    724.81	      2.76	      2.55	     48.36	     44.56	78.91	 3.701e-04	      3.51	0	Gaussian	285.387203	45.645992
86	1	  0.001496	  0.004820	     -1.00	    210.41	    785.72	      2.73	      2.61	     47.80	     45.60	40.50	 8.348e-05	      3.51	0	Gaussian	286.996996	45.604572
87	1	  0.001497	  0.004311	     -1.00	    106.71	    412.73	      2.87	      2.80	     50.26	     48.95	-0.95	 7.146e-05	      3.53	0	Gaussian	287.202582	47.374117
88	1	  0.001501	  0.004270	     -1.00	    314.88	    281.93	      2.87	      2.76	     50.15	     48.23	-54.70	 7.651e-05	      3.53	0	Gaussian	285.699117	47.758982
89	1	  0.001490	  0.004466	     -1.00	    283.53	    277.43	      2.80	      2.69	     49.02	     47.14	-40.35	 8.190e-05	      3.55	0	Gaussian	285.893942	47.810208
90	1	  0.001538	  0.002904	     -1.00	    296.02	    505.38	      3.43	      3.35	     59.97	     58.68	18.52	 2.309e-04	      3.56	0	Gaussian	286.112308	46.782027
91	1	  0.001514	  0.004185	     -1.00	    514.72	    641.77	      2.81	      2.78	     49.26	     48.70	-43.30	 1.258e-04	      3.58	0	Gaussian	284.930389	45.959720
92	1	  0.001592	  0.004386	     -1.00	    414.22	     57.41	      2.68	      2.68	     46.94	     46.86	-27.68	 2.111e-04	      3.60	0	Gaussian	284.750370	48.649784
93	1	  0.001477	  0.004015	     -1.00	    178.85	    441.74	      2.83	      2.79	     49.61	     48.88	9.46	 6.174e-05	      3.60	0	Gaussian	286.775649	47.177501
94	1	  0.001472	  0.003272	     -1.00	     61.27	    127.28	      3.18	      3.04	     55.58	     53.16	31.61	 6.618e-05	      3.61	0	Gaussian	287.145198	48.694201
95	1	  0.001483	  0.003502	     -1.00	    489.91	     28.95	      3.01	      3.00	     52.63	     52.58	0.20	 8.622e-05	      3.62	0	Gaussian	284.222448	48.693092
96	1	  0.001459	  0.001343	     -1.00	    522.44	    568.14	      5.43	      4.25	     95.08	     74.38	-0.75	 6.068e-05	      3.62	0	Gaussian	284.782758	46.278755
97	1	  0.001493	  0.003721	     -1.00	    212.83	    335.39	      3.04	      2.81	     53.28	     49.24	1.87	 1.069e-04	      3.63	0	Gaussian	286.423359	47.620889
98	1	  0.001474	  0.003783	     -1.00	    285.25	      9.50	      2.98	      2.79	     52.11	     48.83	-37.45	 6.678e-05	      3.63	0	Gaussian	285.519576	48.996613
99	1	  0.001491	  0.003591	     -1.00	    530.87	     61.55	      3.10	      2.84	     54.19	     49.74	-39.45	 7.874e-05	      3.64	0	Gaussian	284.008663	48.505031
100	1	  0.001521	  0.003818	     -1.00	    536.99	     15.64	      2.87	      2.80	     50.22	     49.06	-35.20	 1.403e-04	      3.64	0	Gaussian	283.901265	48.699515
101	1	  0.001474	  0.003868	     -1.00	     99.61	    494.81	      2.81	      2.81	     49.23	     49.22	-27.37	 6.518e-05	      3.65	0	Gaussian	287.347657	47.011967
102	1	  0.001491	  0.003801	     -1.00	    416.20	    217.31	      2.81	      2.79	     49.19	     48.77	-5.48	 7.968e-05	      3.67	0	Gaussian	284.963877	47.941983
103	1	  0.001468	  0.003553	     -1.00	     77.86	     79.82	      2.92	      2.86	     51.05	     50.04	16.56	 5.026e-05	      3.69	0	Gaussian	286.975684	48.890327
104	1	  0.001655	  0.004406	     -1.00	    105.29	     51.35	      2.61	      2.56	     45.76	     44.75	17.37	 4.524e-04	      3.69	0	Gaussian	286.757953	48.990844
105	1	  0.001498	  0.003722	     -1.00	     47.20	    297.63	      2.85	      2.77	     49.90	     48.42	-9.57	 8.137e-05	      3.70	0	Gaussian	287.447908	47.944734
106	1	  0.001536	  0.003764	     -1.00	    162.20	    514.26	      2.82	      2.77	     49.31	     48.54	-7.80	 2.709e-04	      3.70	0	Gaussian	286.971589	46.867803
107	1	  0.001483	  0.003446	     -1.00	    353.33	    126.07	      2.88	      2.87	     50.37	     50.28	-70.04	 7.383e-05	      3.74	0	Gaussian	285.239564	48.410761
108	1	  0.001481	  0.003568	     -1.00	    123.48	    713.77	      2.81	      2.79	     49.26	     48.91	-30.56	 1.110e-04	      3.75	0	Gaussian	287.456113	46.005315
109	1	  0.001485	  0.003135	     -1.00	    277.88	    170.58	      3.05	      2.93	     53.33	     51.37	-54.66	 5.882e-05	      3.77	0	Gaussian	285.787467	48.290621
110	1	  0.001485	  0.003252	     -1.00	    102.47	    216.32	      2.90	      2.89	     50.71	     50.58	-20.19	 6.933e-05	      3.77	0	Gaussian	286.986747	48.257607
111	1	  0.001497	  0.002532	     -1.00	    576.44	    541.50	      3.21	      3.20	     56.12	     55.94	80.64	 1.288e-04	      3.80	0	Gaussian	284.413121	46.341272
112	1	  0.001495	  0.003038	     -1.00	    398.53	    601.98	      2.96	      2.87	     51.74	     50.23	58.84	 8.679e-05	      3.82	0	Gaussian	285.595748	46.251815
113	1	  0.001490	  0.002971	     -1.00	    532.64	    322.09	      3.11	      2.71	     54.41	     47.39	-17.22	 7.102e-05	      3.84	0	Gaussian	284.375847	47.356712
114	1	  0.001511	  0.002187	     -1.00	    274.44	    290.11	      4.02	      2.95	     70.36	     51.63	-56.24	 1.367e-04	      3.85	0	Gaussian	285.969023	47.762759
115	1	  0.001472	  0.003016	     -1.00	     75.24	    313.91	      2.93	      2.93	     51.36	     51.30	84.97	 4.960e-05	      3.85	0	Gaussian	287.285283	47.846108
116	1	  0.001489	  0.002841	     -1.00	    278.85	    205.47	      3.13	      2.86	     54.84	     50.01	-9.98	 8.591e-05	      3.87	0	Gaussian	285.828037	48.134718
117	1	  0.001494	  0.003057	     -1.00	     26.43	    436.58	      2.87	      2.81	     50.22	     49.22	-23.67	 6.505e-05	      3.89	0	Gaussian	287.749190	47.339096
118	1	  0.001588	  0.002527	     -1.00	    115.53	    724.50	      3.27	      2.86	     57.20	     49.98	20.11	 4.050e-04	      3.90	0	Gaussian	287.518754	45.963869
119	1	  0.001495	  0.002889	     -1.00	    295.32	    518.08	      2.91	      2.90	     50.88	     50.81	-60.24	 1.389e-04	      3.91	0	Gaussian	286.133055	46.725957
120	1	  0.001509	  0.002887	     -1.00	    125.01	    478.63	      2.87	      2.82	     50.29	     49.41	-1.97	 1.242e-04	      3.91	0	Gaussian	287.165471	47.061671
121	1	  0.001477	  0.002637	     -1.00	    147.06	     57.07	      3.11	      3.02	     54.47	     52.84	45.41	 5.940e-05	      3.91	0	Gaussian	286.489944	48.924770
122	1	  0.001466	  0.001787	     -1.00	    333.08	    317.15	      4.10	      3.21	     71.74	     56.20	-80.70	 5.475e-05	      3.92	0	Gaussian	285.630157	47.584296
123	1	  0.001519	  0.002962	     -1.00	    431.67	    528.68	      2.96	      2.72	     51.81	     47.62	-46.07	 1.089e-04	      3.93	0	Gaussian	285.292344	46.545447
124	1	  0.001477	  0.002819	     -1.00	    226.76	    370.99	      2.93	      2.86	     51.34	     50.01	-44.43	 5.742e-05	      3.93	0	Gaussian	286.379681	47.448581
125	1	  0.001477	  0.002481	     -1.00	    345.75	    528.18	      3.19	      2.80	     55.79	     48.93	66.27	 7.047e-05	      3.96	0	Gaussian	285.828992	46.632242
126	1	  0.001498	  0.002585	     -1.00	    210.37	    773.52	      2.98	      2.93	     52.20	     51.27	-70.61	 7.403e-05	      3.99	0	Gaussian	286.982650	45.659479
127	1	  0.001492	  0.002397	     -1.00	    248.08	     65.78	      3.14	      3.00	     54.92	     52.44	-44.42	 9.121e-05	      4.02	0	Gaussian	285.839420	48.785511
128	1	  0.001534	  0.002770	     -1.00	    213.79	    637.48	      2.84	      2.78	     49.67	     48.62	-17.73	 1.993e-04	      4.02	0	Gaussian	286.796212	46.267635
129	1	  0.001524	  0.002587	     -1.00	    494.45	    264.46	      2.88	      2.87	     50.32	     50.31	-33.59	 1.582e-04	      4.02	0	Gaussian	284.534062	47.651496
130	1	  0.001465	  0.002378	     -1.00	    332.70	    551.99	      3.06	      3.05	     53.51	     53.32	-71.39	 4.304e-05	      4.02	0	Gaussian	285.941728	46.538646
131	1	  0.001467	  0.002385	     -1.00	     24.50	     52.21	      3.02	      3.01	     52.84	     52.69	-60.16	 5.245e-05	      4.03	0	Gaussian	287.294378	49.063936
132	1	  0.001521	  0.002512	     -1.00	    580.56	     14.04	      2.88	      2.87	     50.46	     50.32	-24.02	 1.784e-04	      4.04	0	Gaussian	283.620778	48.657783
133	1	  0.001573	  0.002590	     -1.00	    594.35	    573.11	      2.84	      2.83	     49.69	     49.57	-79.95	 1.924e-04	      4.05	0	Gaussian	284.347176	46.182838
134	1	  0.001491	  0.002513	     -1.00	    432.49	    793.49	      3.03	      2.78	     52.95	     48.70	-12.84	 6.310e-05	      4.06	0	Gaussian	285.635006	45.364597
135	1	  0.001520	  0.002531	     -1.00	    113.54	    467.24	      2.91	      2.88	     50.94	     50.35	-23.64	 1.169e-04	      4.06	0	Gaussian	287.225116	47.123275
136	1	  0.001507	  0.002387	     -1.00	    428.99	    331.94	      3.11	      2.80	     54.36	     48.94	-44.39	 1.445e-04	      4.07	0	Gaussian	285.041801	47.421397
137	1	  0.001547	  0.002151	     -1.00	    106.81	    380.34	      3.40	      2.94	     59.54	     51.38	3.06	 1.564e-04	      4.07	0	Gaussian	287.162314	47.519301
138	1	  0.001458	  0.002258	     -1.00	    344.69	    436.97	      3.06	      3.04	     53.58	     53.18	1.52	 4.605e-05	      4.07	0	Gaussian	285.715969	47.039744
139	1	  0.001518	  0.002526	     -1.00	    129.59	    299.35	      2.93	      2.81	     51.33	     49.17	-32.89	 1.373e-04	      4.08	0	Gaussian	286.914555	47.860878
140	1	  0.001476	  0.002395	     -1.00	    252.98	    351.52	      3.02	      2.86	     52.83	     50.09	-27.12	 6.361e-05	      4.09	0	Gaussian	286.186823	47.510168
141	1	  0.001606	  0.002740	     -1.00	     97.31	     47.97	      2.76	      2.72	     48.30	     47.64	-87.29	 4.761e-04	      4.10	0	Gaussian	286.806319	49.013604
142	1	  0.001509	  0.001690	     -1.00	    512.35	    630.48	      3.51	      3.48	     61.50	     60.96	-66.37	 1.859e-04	      4.11	0	Gaussian	284.929747	46.012289
143	1	  0.001485	  0.002152	     -1.00	    481.47	    573.11	      3.14	      2.79	     55.04	     48.76	89.25	 6.621e-05	      4.15	0	Gaussian	285.042774	46.298139
144	1	  0.001481	  0.001504	     -1.00	    172.32	    575.36	      4.44	      2.97	     77.64	     52.02	-1.63	 6.073e-05	      4.15	0	Gaussian	286.982050	46.584337
145	1	  0.001465	  0.002015	     -1.00	    156.24	    558.68	      3.21	      3.01	     56.10	     52.77	-14.28	 4.412e-05	      4.17	0	Gaussian	287.063754	46.673892
146	1	  0.001516	  0.001584	     -1.00	    175.42	    681.09	      3.61	      3.30	     63.14	     57.78	31.09	 1.781e-04	      4.18	0	Gaussian	287.090440	46.106461
147	1	  0.001474	  0.002169	     -1.00	    188.28	    598.43	      3.03	      2.86	     53.05	     50.00	-37.78	 5.041e-05	      4.19	0	Gaussian	286.909232	46.466227
148	1	  0.001467	  0.001924	     -1.00	    313.50	    248.12	      3.24	      2.82	     56.72	     49.39	82.52	 5.708e-05	      4.20	0	Gaussian	285.662559	47.910567
149	1	  0.001465	  0.002022	     -1.00	    149.97	    620.05	      3.00	      3.00	     52.47	     52.44	-15.86	 5.960e-05	      4.20	0	Gaussian	287.177627	46.403763
150	1	  0.001421	  0.001877	     -1.00	    640.65	    539.66	      3.14	      3.11	     54.92	     54.40	-4.70	 2.602e-04	      4.22	0	Gaussian	284.016242	46.282190
151	1	  0.001463	  0.001793	     -1.00	    223.84	    569.23	      3.31	      3.16	     57.96	     55.32	-31.93	 6.235e-05	      4.22	0	Gaussian	286.648610	46.564489
152	1	  0.001477	  0.001931	     -1.00	    149.93	    590.85	      3.05	      3.03	     53.42	     52.99	-17.29	 5.212e-05	      4.22	0	Gaussian	287.142736	46.535041
153	1	  0.001512	  0.002078	     -1.00	    631.17	    317.45	      2.97	      2.90	     51.92	     50.79	-13.44	 7.836e-05	      4.23	0	Gaussian	283.754075	47.271171
154	1	  0.001450	  0.001004	     -1.00	    450.60	    322.63	      5.72	      3.15	    100.10	     55.07	-15.33	 4.329e-05	      4.23	0	Gaussian	284.892533	47.440314
155	1	  0.001522	  0.002091	     -1.00	    417.50	    321.51	      3.02	      2.88	     52.89	     50.37	-39.66	 1.481e-04	      4.23	0	Gaussian	285.100103	47.479386
156	1	  0.001528	  0.002265	     -1.00	    377.05	    281.81	      2.88	      2.77	     50.45	     48.44	-43.74	 3.144e-04	      4.24	0	Gaussian	285.302330	47.696742
157	1	  0.001493	  0.001332	     -1.00	    568.98	    449.31	      4.16	      3.15	     72.83	     55.05	54.12	 6.912e-05	      4.25	0	Gaussian	284.329767	46.756649
158	1	  0.001503	  0.001907	     -1.00	    366.95	     93.45	      3.21	      2.89	     56.26	     50.52	-22.22	 1.411e-04	      4.29	0	Gaussian	285.106188	48.540727
159	1	  0.001476	  0.001815	     -1.00	    270.49	    500.53	      3.13	      3.04	     54.73	     53.20	-29.22	 4.450e-05	      4.29	0	Gaussian	286.267349	46.828105
160	1	  0.001490	  0.001754	     -1.00	    532.63	    399.71	      3.30	      2.93	     57.83	     51.20	-16.15	 1.233e-04	      4.32	0	Gaussian	284.485807	47.013929
161	1	  0.001469	  0.001350	     -1.00	    240.82	    303.90	      3.57	      3.43	     62.53	     60.07	-1.94	 7.827e-05	      4.32	0	Gaussian	286.202812	47.734270
162	1	  0.001496	  0.001818	     -1.00	    525.99	    657.75	      3.08	      2.94	     53.91	     51.46	-60.02	 9.998e-05	      4.33	0	Gaussian	284.882813	45.877450
163	1	  0.001479	  0.001544	     -1.00	    332.43	     62.03	      3.81	      2.80	     66.70	     49.06	-15.77	 6.061e-05	      4.33	0	Gaussian	285.285502	48.715546
164	1	  0.001491	  0.001808	     -1.00	    528.18	    278.66	      3.15	      2.93	     55.09	     51.33	-36.88	 1.001e-04	      4.34	0	Gaussian	284.341827	47.553037
165	1	  0.001463	  0.000626	     -1.00	     39.21	    183.49	      6.29	      4.09	    110.06	     71.60	12.01	 5.449e-05	      4.34	0	Gaussian	287.360429	48.463457
166	1	  0.001469	  0.001720	     -1.00	    584.96	    641.43	      3.19	      2.87	     55.78	     50.20	-9.89	 5.895e-05	      4.37	0	Gaussian	284.499432	45.890036
167	1	  0.001458	  0.001668	     -1.00	     52.19	    512.18	      3.18	      3.07	     55.59	     53.67	-38.39	 3.960e-05	      4.37	0	Gaussian	287.672325	46.976060
168	1	  0.001475	  0.001704	     -1.00	    479.48	    715.90	      3.16	      2.88	     55.24	     50.47	-45.82	 5.528e-05	      4.38	0	Gaussian	285.245823	45.665032
169	1	  0.001489	  0.001636	     -1.00	    490.54	    326.31	      3.23	      2.86	     56.46	     50.05	46.75	 5.650e-05	      4.39	0	Gaussian	284.646114	47.382428
170	1	  0.001474	  0.001611	     -1.00	    584.87	    489.40	      3.24	      3.06	     56.71	     53.60	-21.15	 6.756e-05	      4.39	0	Gaussian	284.288047	46.562812
171	1	  0.001471	  0.001613	     -1.00	    539.23	    454.27	      3.41	      2.93	     59.63	     51.24	-24.50	 5.409e-05	      4.39	0	Gaussian	284.521337	46.765814
172	1	  0.001472	  0.001768	     -1.00	    170.74	    463.68	      3.08	      2.90	     53.86	     50.76	-24.91	 5.618e-05	      4.39	0	Gaussian	286.854776	47.086745
173	1	  0.001529	  0.001677	     -1.00	    590.48	     47.92	      3.23	      2.84	     56.59	     49.71	-54.29	 1.162e-04	      4.40	0	Gaussian	283.608859	48.498431
174	1	  0.001460	  0.000484	     -1.00	    532.51	    541.07	      7.47	      4.08	    130.71	     71.47	-61.79	 6.884e-05	      4.40	0	Gaussian	284.683420	46.388477
175	1	  0.001472	  0.001587	     -1.00	    467.52	    387.11	      3.31	      2.87	     58.01	     50.24	-48.94	 4.869e-05	      4.41	0	Gaussian	284.875440	47.137370
176	1	  0.001469	  0.001658	     -1.00	     87.91	    676.62	      3.22	      2.83	     56.36	     49.45	-2.95	 4.407e-05	      4.41	0	Gaussian	287.637252	46.203823
177	1	  0.001459	  0.001596	     -1.00	    204.73	    273.77	      3.26	      2.98	     57.15	     52.21	-29.79	 3.804e-05	      4.42	0	Gaussian	286.396115	47.903590
178	1	  0.001449	  0.001074	     -1.00	     89.59	    617.19	      3.89	      3.65	     68.14	     63.97	5.79	 3.939e-05	      4.43	0	Gaussian	287.557093	46.470208
179	1	  0.001463	  0.001504	     -1.00	     23.12	    168.20	      3.12	      3.12	     54.60	     54.59	-3.81	 4.091e-05	      4.43	0	Gaussian	287.447534	48.546712
180	1	  0.001490	  0.001716	     -1.00	    296.18	    354.26	      3.06	      2.89	     53.64	     50.50	-23.26	 7.559e-05	      4.44	0	Gaussian	285.914616	47.455787
181	1	  0.001476	  0.001284	     -1.00	    579.65	     70.78	      3.95	      2.89	     69.22	     50.54	83.73	 7.418e-05	      4.45	0	Gaussian	283.712016	48.410472
182	1	  0.001470	  0.001512	     -1.00	    146.30	    230.05	      3.22	      3.10	     56.29	     54.25	-23.78	 4.009e-05	      4.46	0	Gaussian	286.718479	48.154774
183	1	  0.001462	  0.001463	     -1.00	    486.70	    772.82	      3.46	      2.91	     60.61	     50.93	-14.80	 4.158e-05	      4.46	0	Gaussian	285.276600	45.404431
184	1	  0.001466	  0.001416	     -1.00	    314.44	    342.17	      3.29	      3.15	     57.63	     55.14	-56.40	 4.791e-05	      4.48	0	Gaussian	285.782280	47.491600
185	1	  0.001501	  0.001638	     -1.00	    630.37	    445.15	      3.03	      2.94	     52.98	     51.49	-58.52	 1.228e-04	      4.48	0	Gaussian	283.944371	46.709943
186	1	  0.001459	  0.001458	     -1.00	    169.27	    199.27	      3.31	      3.02	     57.87	     52.87	-20.19	 3.379e-05	      4.49	0	Gaussian	286.529611	48.270046
187	1	  0.001464	  0.001470	     -1.00	    101.17	    680.50	      3.25	      3.01	     56.80	     52.72	-23.35	 4.192e-05	      4.51	0	Gaussian	287.557930	46.174780
188	1	  0.001453	  0.001510	     -1.00	    300.99	    546.19	      3.15	      2.85	     55.17	     49.94	-6.75	 4.299e-05	      4.52	0	Gaussian	286.133413	46.594969
189	1	  0.001487	  0.001510	     -1.00	    470.39	    548.35	      3.17	      2.91	     55.40	     50.98	-33.88	 6.548e-05	      4.53	0	Gaussian	285.078007	46.419221
190	1	  0.001472	  0.001595	     -1.00	    615.76	    503.96	      2.94	      2.86	     51.38	     50.04	1.99	 7.646e-05	      4.53	0	Gaussian	284.118354	46.466033
191	1	  0.001452	  0.000470	     -1.00	    432.28	    557.95	      7.37	      3.66	    129.02	     64.13	58.90	 5.295e-05	      4.53	0	Gaussian	285.327688	46.414646
192	1	  0.001463	  0.001249	     -1.00	    517.94	    704.91	      3.28	      3.06	     57.42	     53.63	-38.70	 5.238e-05	      4.56	0	Gaussian	284.995536	45.675942
193	1	  0.001468	  0.001161	     -1.00	     14.58	    306.39	      3.39	      3.39	     59.42	     59.36	-43.15	 6.859e-05	      4.58	0	Gaussian	287.671313	47.934912
194	1	  0.001496	  0.001343	     -1.00	    237.96	    377.53	      3.32	      2.92	     58.08	     51.17	-12.35	 6.403e-05	      4.59	0	Gaussian	286.316490	47.408625
195	1	  0.001488	  0.000724	     -1.00	    589.49	    304.21	      7.28	      2.40	    127.41	     41.97	-4.15	 2.401e-04	      4.59	0	Gaussian	283.994492	47.374668
196	1	  0.001477	  0.001406	     -1.00	    610.74	    210.75	      3.10	      2.99	     54.32	     52.33	-83.63	 7.948e-05	      4.60	0	Gaussian	283.724501	47.762275
197	1	  0.001477	  0.001381	     -1.00	    356.59	    522.04	      3.20	      2.83	     56.02	     49.49	-49.14	 9.159e-05	      4.61	0	Gaussian	285.752951	46.649077
198	1	  0.001550	  0.001480	     -1.00	    366.35	     83.97	      2.99	      2.85	     52.38	     49.91	-38.98	 2.231e-04	      4.61	0	Gaussian	285.096742	48.583227
199	1	  0.001492	  0.001166	     -1.00	    503.50	    713.52	      3.33	      3.29	     58.36	     57.51	-75.46	 9.804e-05	      4.63	0	Gaussian	285.095464	45.651958
200	1	  0.001476	  0.001377	     -1.00	    408.39	    400.56	      3.15	      2.90	     55.06	     50.71	-33.76	 5.095e-05	      4.63	0	Gaussian	285.265580	47.138068
201	1	  0.001465	  0.001336	     -1.00	    321.76	    146.35	      3.17	      3.01	     55.44	     52.61	-24.42	 4.238e-05	      4.63	0	Gaussian	285.471160	48.353543
202	1	  0.001534	  0.001192	     -1.00	    168.18	    675.99	      3.21	      3.03	     56.23	     53.07	-9.52	 2.135e-04	      4.63	0	Gaussian	287.129920	46.135872
203	1	  0.001467	  0.001265	     -1.00	     87.19	    328.52	      3.22	      3.12	     56.31	     54.67	81.90	 4.607e-05	      4.64	0	Gaussian	287.225631	47.769623
204	1	  0.001461	  0.000508	     -1.00	    499.09	    543.57	      7.05	      3.39	    123.32	     59.33	61.68	 7.104e-05	      4.64	0	Gaussian	284.893605	46.411484
205	1	  0.001491	  0.001405	     -1.00	    601.11	    536.82	      3.02	      2.93	     52.87	     51.33	-27.47	 7.699e-05	      4.64	0	Gaussian	284.254803	46.336274
206	1	  0.001468	  0.001200	     -1.00	    154.40	    216.95	      3.36	      3.12	     58.77	     54.66	4.88	 4.910e-05	      4.64	0	Gaussian	286.649102	48.205490
207	1	  0.001481	  0.001156	     -1.00	    321.62	    661.39	      3.45	      3.16	     60.42	     55.27	-22.21	 6.686e-05	      4.66	0	Gaussian	286.151059	46.060319
208	1	  0.001469	  0.001016	     -1.00	     48.68	    496.03	      3.56	      3.24	     62.35	     56.71	-15.97	 5.210e-05	      4.67	0	Gaussian	287.675859	47.051854
209	1	  0.001457	  0.000894	     -1.00	    372.69	    391.48	      4.26	      3.10	     74.60	     54.20	49.19	 7.535e-05	      4.67	0	Gaussian	285.478555	47.214292
210	1	  0.001508	  0.001806	     -1.00	    579.31	     49.67	      2.59	      2.46	     45.39	     43.11	-32.35	 1.346e-04	      4.67	0	Gaussian	283.682504	48.503261
211	1	  0.001471	  0.000939	     -1.00	    560.01	    722.96	      3.61	      3.52	     63.14	     61.67	-52.76	 6.152e-05	      4.67	0	Gaussian	284.762954	45.553736
212	1	  0.001463	  0.001178	     -1.00	    237.52	    410.19	      3.43	      2.95	     60.04	     51.68	-19.80	 3.714e-05	      4.68	0	Gaussian	286.361221	47.263231
213	1	  0.001508	  0.001414	     -1.00	    598.05	    224.59	      3.00	      2.65	     52.50	     46.31	-3.21	 7.787e-05	      4.68	0	Gaussian	283.824518	47.715451
214	1	  0.001486	  0.001361	     -1.00	    632.11	    470.99	      3.04	      2.85	     53.24	     49.94	81.30	 7.901e-05	      4.69	0	Gaussian	283.970690	46.594177
215	1	  0.001491	  0.001318	     -1.00	     17.73	    295.21	      3.15	      2.91	     55.22	     50.92	-9.76	 8.419e-05	      4.69	0	Gaussian	287.637289	47.982282
216	1	  0.001459	  0.001242	     -1.00	    446.42	    170.16	      3.35	      2.82	     58.64	     49.38	-30.03	 4.239e-05	      4.69	0	Gaussian	284.704763	48.118457
217	1	  0.001496	  0.001186	     -1.00	    223.54	    539.21	      3.38	      2.98	     59.16	     52.09	-22.29	 9.298e-05	      4.70	0	Gaussian	286.613113	46.699273
218	1	  0.001456	  0.001092	     -1.00	    188.85	    652.66	      3.47	      3.08	     60.71	     53.94	-19.85	 5.436e-05	      4.70	0	Gaussian	286.971698	46.222141
219	1	  0.001471	  0.000962	     -1.00	    436.51	    437.10	      3.46	      3.44	     60.61	     60.29	-1.48	 6.289e-05	      4.70	0	Gaussian	285.138516	46.947408
220	1	  0.001471	  0.001230	     -1.00	    502.86	    123.70	      3.28	      2.91	     57.41	     50.95	-8.78	 5.301e-05	      4.72	0	Gaussian	284.278383	48.262662
221	1	  0.001468	  0.001179	     -1.00	     42.42	    594.09	      3.18	      2.98	     55.62	     52.23	-11.10	 4.219e-05	      4.72	0	Gaussian	287.830582	46.615488
222	1	  0.001460	  0.001041	     -1.00	    536.69	    725.82	      3.44	      3.32	     60.13	     58.13	18.00	 4.807e-05	      4.73	0	Gaussian	284.909008	45.564326
223	1	  0.001477	  0.001154	     -1.00	    473.60	    147.25	      3.30	      3.00	     57.82	     52.49	-27.17	 6.566e-05	      4.75	0	Gaussian	284.498820	48.190529
224	1	  0.001478	  0.000614	     -1.00	    165.09	    778.96	      5.30	      3.12	     92.78	     54.57	26.88	 7.526e-05	      4.77	0	Gaussian	287.271728	45.675111
225	1	  0.001483	  0.001230	     -1.00	     16.77	    389.31	      3.06	      2.94	     53.63	     51.39	-31.66	 8.495e-05	      4.78	0	Gaussian	287.755827	47.560325
226	1	  0.001518	  0.001196	     -1.00	    266.37	    300.68	      3.11	      2.95	     54.35	     51.72	-29.78	 2.205e-04	      4.78	0	Gaussian	286.034683	47.723641
227	1	  0.001485	  0.000926	     -1.00	    484.57	    663.02	      3.72	      3.04	     65.04	     53.16	-24.01	 8.660e-05	      4.79	0	Gaussian	285.144307	45.895334
228	1	  0.001479	  0.001034	     -1.00	     73.21	    394.28	      3.50	      2.92	     61.27	     51.14	-64.53	 8.362e-05	      4.79	0	Gaussian	287.396270	47.487385
229	1	  0.001450	  0.001059	     -1.00	     48.28	    446.00	      3.29	      3.02	     57.54	     52.84	-8.80	 3.209e-05	      4.80	0	Gaussian	287.619213	47.277364
230	1	  0.001478	  0.001489	     -1.00	    610.39	     36.40	      2.71	      2.49	     47.40	     43.67	-16.82	 6.944e-05	      4.81	0	Gaussian	283.465060	48.526355
231	1	  0.001467	  0.001208	     -1.00	    284.97	    223.43	      3.06	      2.75	     53.52	     48.07	-6.59	 4.236e-05	      4.82	0	Gaussian	285.812675	48.048829
232	1	  0.001824	  0.003030	     -1.00	    202.93	    671.87	      3.19	      1.76	     55.84	     30.85	85.50	 1.828e-03	      4.82	0	Gaussian	286.906481	46.123108
233	1	  0.001543	  0.001044	     -1.00	    462.47	    699.70	      3.08	      3.07	     53.89	     53.80	-29.15	 1.265e-04	      4.82	0	Gaussian	285.328868	45.753867
234	1	  0.001507	  0.001224	     -1.00	    432.75	     77.15	      2.95	      2.87	     51.71	     50.20	-29.51	 9.616e-05	      4.83	0	Gaussian	284.659466	48.543029
235	1	  0.001490	  0.001191	     -1.00	    172.01	    174.50	      3.10	      2.75	     54.23	     48.14	-8.32	 6.283e-05	      4.83	0	Gaussian	286.479721	48.377785
236	1	  0.001477	  0.000896	     -1.00	    130.54	    571.26	      3.70	      3.33	     64.84	     58.21	-7.56	 6.972e-05	      4.83	0	Gaussian	287.242211	46.640549
237	1	  0.001491	  0.001154	     -1.00	    370.78	    191.21	      3.05	      2.97	     53.44	     51.99	-45.38	 6.211e-05	      4.84	0	Gaussian	285.217779	48.104499
238	1	  0.001483	  0.001045	     -1.00	     19.76	    257.29	      3.30	      3.02	     57.84	     52.83	-38.73	 6.917e-05	      4.85	0	Gaussian	287.578261	48.150597
239	1	  0.001473	  0.001052	     -1.00	    461.90	    138.63	      3.35	      2.98	     58.63	     52.15	1.38	 6.087e-05	      4.86	0	Gaussian	284.560995	48.241022
240	1	  0.001476	  0.001129	     -1.00	    243.08	    341.41	      3.20	      2.75	     55.94	     48.20	-11.68	 1.071e-04	      4.87	0	Gaussian	286.237102	47.564872
241	1	  0.001471	  0.000902	     -1.00	    235.58	    238.33	      3.43	      3.30	     60.06	     57.84	-22.70	 6.138e-05	      4.87	0	Gaussian	286.150828	48.031470
242	1	  0.001500	  0.001034	     -1.00	     81.37	    572.13	      3.12	      3.10	     54.67	     54.22	-16.28	 1.102e-04	      4.88	0	Gaussian	287.556310	46.680412
243	1	  0.001480	  0.000931	     -1.00	    360.39	    487.38	      3.43	      3.11	     60.00	     54.45	-19.88	 5.534e-05	      4.90	0	Gaussian	285.683605	46.799810
244	1	  0.001460	  0.000732	     -1.00	    537.08	    701.70	      4.14	      3.19	     72.49	     55.88	12.79	 4.943e-05	      4.90	0	Gaussian	284.874199	45.671095
245	1	  0.001477	  0.000955	     -1.00	    306.84	    742.81	      3.42	      2.99	     59.93	     52.25	-15.88	 7.617e-05	      4.90	0	Gaussian	286.345224	45.709577
246	1	  0.001482	  0.000544	     -1.00	    380.22	    523.56	      5.85	      3.29	    102.37	     57.51	-12.07	 8.557e-05	      4.91	0	Gaussian	285.606939	46.619142
247	1	  0.001494	  0.001052	     -1.00	    101.97	    182.30	      3.15	      2.81	     55.15	     49.16	-9.46	 7.828e-05	      4.91	0	Gaussian	286.947147	48.410073
248	1	  0.001465	  0.000728	     -1.00	    498.71	    760.60	      3.74	      3.63	     65.39	     63.47	-51.24	 4.564e-05	      4.92	0	Gaussian	285.187171	45.447135
249	1	  0.001467	  0.000874	     -1.00	    330.90	    519.93	      3.30	      3.29	     57.68	     57.50	-30.33	 5.147e-05	      4.92	0	Gaussian	285.911492	46.683462
250	1	  0.001461	  0.001020	     -1.00	     45.03	    653.41	      3.38	      2.83	     59.07	     49.58	-5.69	 4.479e-05	      4.93	0	Gaussian	287.882418	46.345582
251	1	  0.001525	  0.000951	     -1.00	    418.62	    120.26	      3.14	      3.06	     54.90	     53.63	-41.06	 1.831e-04	      4.93	0	Gaussian	284.811714	48.368023
252	1	  0.001462	  0.000486	     -1.00	    417.37	    620.47	      6.55	      2.82	    114.57	     49.36	-7.64	 5.389e-05	      4.93	0	Gaussian	285.503081	46.150980
253	1	  0.001478	  0.001155	     -1.00	    323.92	    262.25	      3.09	      2.59	     54.04	     45.33	-3.10	 4.205e-05	      4.94	0	Gaussian	285.614846	47.837336
254	1	  0.001506	  0.001118	     -1.00	    616.41	    330.99	      3.04	      2.71	     53.24	     47.45	-44.04	 1.421e-04	      4.94	0	Gaussian	283.865622	47.227686
255	1	  0.001478	  0.000611	     -1.00	     84.32	    581.08	      5.05	      2.94	     88.47	     51.46	-43.67	 1.161e-04	      4.94	0	Gaussian	287.548111	46.637504
256	1	  0.001497	  0.000854	     -1.00	    172.46	    356.16	      3.59	      3.13	     62.87	     54.83	-19.67	 8.444e-05	      4.95	0	Gaussian	286.709251	47.566491
257	1	  0.001497	  0.000608	     -1.00	    517.05	    663.40	      4.97	      2.95	     87.01	     51.59	8.71	 1.786e-04	      4.95	0	Gaussian	284.945289	45.861308
258	1	  0.001443	  0.000528	     -1.00	     17.62	    760.90	      4.35	      3.66	     76.14	     64.12	-80.44	 3.716e-05	      4.95	0	Gaussian	288.178056	45.882983
259	1	  0.001463	  0.000768	     -1.00	    296.43	    224.28	      3.79	      3.33	     66.27	     58.23	-15.52	 5.918e-05	      4.97	0	Gaussian	285.740086	48.033562
260	1	  0.001582	  0.001182	     -1.00	    586.32	    570.37	      2.77	      2.53	     48.42	     44.28	-39.91	 3.125e-04	      4.98	0	Gaussian	284.392608	46.203276
261	1	  0.001525	  0.000625	     -1.00	    455.32	    693.62	      5.34	      2.64	     93.42	     46.15	-12.67	 1.490e-04	      4.98	0	Gaussian	285.364815	45.787962
262	1	  0.001462	  0.000585	     -1.00	    469.14	    637.67	      4.50	      3.67	     78.69	     64.29	-21.58	 5.634e-05	      5.00	0	Gaussian	285.205629	46.023411
263	1	  0.001440	  0.000674	     -1.00	    501.43	    107.51	      3.90	      3.33	     68.30	     58.21	-76.43	 4.287e-05	      5.01	0	Gaussian	284.263895	48.335381
264	1	  0.001452	  0.000779	     -1.00	    517.51	    587.18	      3.59	      3.24	     62.92	     56.72	-27.38	 4.715e-05	      5.02	0	Gaussian	284.839178	46.199285
265	1	  0.001473	  0.000706	     -1.00	    216.78	    698.54	      3.99	      2.92	     69.89	     51.16	-19.20	 5.915e-05	      5.03	0	Gaussian	286.852010	45.990742
266	1	  0.001459	  0.000664	     -1.00	     51.02	    705.06	      3.77	      3.44	     65.95	     60.18	-67.61	 3.397e-05	      5.03	0	Gaussian	287.903599	46.107226
267	1	  0.001471	  0.000818	     -1.00	     42.42	    546.68	      3.42	      3.20	     59.82	     56.02	-21.61	 4.477e-05	      5.03	0	Gaussian	287.775427	46.829239
268	1	  0.001445	  0.000600	     -1.00	     77.81	    425.88	      3.77	      3.42	     65.98	     59.81	-33.22	 2.699e-05	      5.03	0	Gaussian	287.404760	47.341329
269	1	  0.001493	  0.000957	     -1.00	    150.86	    129.41	      3.28	      2.72	     57.35	     47.55	-8.21	 7.653e-05	      5.03	0	Gaussian	286.559324	48.599113
270	1	  0.001453	  0.000972	     -1.00	    598.19	    695.45	      3.17	      2.81	     55.54	     49.20	-22.39	 5.233e-05	      5.05	0	Gaussian	284.493033	45.637148
271	1	  0.001491	  0.001151	     -1.00	    308.38	    118.41	      2.80	      2.33	     49.04	     40.84	-22.83	 6.998e-05	      5.06	0	Gaussian	285.519260	48.490970
272	1	  0.001473	  0.000830	     -1.00	     83.96	    371.81	      3.39	      2.98	     59.40	     52.23	-3.40	 5.270e-05	      5.06	0	Gaussian	287.299506	47.578479
273	1	  0.001450	  0.000512	     -1.00	    476.98	    403.81	      4.50	      3.38	     78.79	     59.13	-87.25	 3.913e-05	      5.07	0	Gaussian	284.839299	47.053647
274	1	  0.001484	  0.000797	     -1.00	     87.81	    346.93	      3.51	      2.86	     61.43	     50.06	-13.35	 7.712e-05	      5.07	0	Gaussian	287.244192	47.686564
275	1	  0.001450	  0.000774	     -1.00	    187.10	    620.50	      3.62	      3.03	     63.44	     53.05	-8.85	 3.483e-05	      5.08	0	Gaussian	286.943606	46.368200
276	1	  0.001473	  0.000823	     -1.00	    230.72	    695.30	      3.49	      3.00	     61.13	     52.47	-16.45	 4.610e-05	      5.08	0	Gaussian	286.760815	45.992625
277	1	  0.001462	  0.000779	     -1.00	    514.03	    604.96	      3.43	      3.26	     60.07	     57.04	-30.97	 5.288e-05	      5.08	0	Gaussian	284.884812	46.123907
278	1	  0.001475	  0.000969	     -1.00	    453.00	    295.64	      3.13	      2.69	     54.76	     47.09	-8.66	 4.539e-05	      5.08	0	Gaussian	284.839799	47.557226
279	1	  0.001457	  0.000802	     -1.00	     47.74	     33.76	      3.49	      2.98	     61.16	     52.15	-24.79	 3.089e-05	      5.08	0	Gaussian	287.116688	49.124308
280	1	  0.001470	  0.001169	     -1.00	    504.13	     30.46	      2.71	      2.49	     47.44	     43.59	-16.79	 5.776e-05	      5.08	0	Gaussian	284.133556	48.670857
281	1	  0.001466	  0.000849	     -1.00	    550.74	    696.10	      3.18	      2.98	     55.62	     52.21	-13.95	 4.914e-05	      5.09	0	Gaussian	284.783175	45.682289
282	1	  0.001457	  0.000791	     -1.00	     84.51	    630.87	      3.51	      3.05	     61.42	     53.38	-0.27	 4.212e-05	      5.09	0	Gaussian	287.605419	46.413023
283	1	  0.001484	  0.000752	     -1.00	    214.98	    549.61	      3.74	      2.96	     65.49	     51.83	-14.66	 1.153e-04	      5.09	0	Gaussian	286.680225	46.660648
284	1	  0.001474	  0.000842	     -1.00	    348.95	    643.16	      3.26	      2.89	     57.10	     50.61	-12.81	 4.846e-05	      5.10	0	Gaussian	285.957649	46.115891
285	1	  0.001479	  0.000852	     -1.00	    303.93	    178.12	      3.05	      2.98	     53.32	     52.23	-49.71	 6.428e-05	      5.10	0	Gaussian	285.629444	48.230877
286	1	  0.001473	  0.001083	     -1.00	    518.65	    188.25	      2.75	      2.58	     48.10	     45.16	-36.35	 5.832e-05	      5.10	0	Gaussian	284.271837	47.961546
287	1	  0.001462	  0.000669	     -1.00	     67.93	    638.02	      3.81	      3.04	     66.67	     53.18	-12.52	 5.578e-05	      5.11	0	Gaussian	287.719036	46.395230
288	1	  0.001471	  0.000810	     -1.00	    295.98	    428.87	      3.22	      2.99	     56.36	     52.31	-11.30	 3.836e-05	      5.11	0	Gaussian	286.013559	47.123504
289	1	  0.001477	  0.000779	     -1.00	    259.10	    244.90	      3.29	      3.01	     57.56	     52.67	-10.58	 1.021e-04	      5.12	0	Gaussian	286.007818	47.979064
290	1	  0.001464	  0.000634	     -1.00	    292.35	    308.09	      3.97	      3.18	     69.57	     55.60	-0.23	 5.244e-05	      5.12	0	Gaussian	285.878077	47.665089
291	1	  0.001467	  0.000731	     -1.00	    415.64	    491.98	      3.48	      3.18	     60.93	     55.69	-16.23	 4.929e-05	      5.12	0	Gaussian	285.343255	46.724600
292	1	  0.001461	  0.000871	     -1.00	    117.91	    108.41	      3.20	      2.81	     55.94	     49.14	-7.79	 3.583e-05	      5.13	0	Gaussian	286.748315	48.724525
293	1	  0.001451	  0.000793	     -1.00	    238.01	    656.24	      3.51	      2.94	     61.38	     51.52	-14.77	 2.994e-05	      5.13	0	Gaussian	286.667214	46.161283
294	1	  0.001468	  0.000375	     -1.00	    337.52	    784.13	      6.59	      3.26	    115.34	     57.04	82.81	 6.165e-05	      5.13	0	Gaussian	286.207012	45.495981
295	1	  0.001459	  0.000380	     -1.00	    278.18	    538.47	      6.23	      3.22	    108.98	     56.44	17.48	 4.290e-05	      5.13	0	Gaussian	286.267163	46.651211
296	1	  0.001484	  0.000579	     -1.00	    612.06	    767.31	      4.13	      2.96	     72.29	     51.76	39.81	 8.397e-05	      5.14	0	Gaussian	284.507174	45.304485
297	1	  0.001505	  0.000803	     -1.00	    253.75	    785.16	      3.27	      3.04	     57.23	     53.17	-20.92	 1.027e-04	      5.14	0	Gaussian	286.726815	45.568175
298	1	  0.001477	  0.000791	     -1.00	     40.31	    572.79	      2.96	      2.95	     51.81	     51.71	-38.11	 5.188e-05	      5.14	0	Gaussian	287.819370	46.713364
299	1	  0.001481	  0.000729	     -1.00	     84.91	    295.91	      3.35	      2.83	     58.68	     49.55	-10.39	 5.638e-05	      5.15	0	Gaussian	287.200309	47.917853
300	1	  0.001465	  0.000970	     -1.00	    600.40	    746.77	      2.85	      2.62	     49.83	     45.90	-55.87	 6.140e-05	      5.16	0	Gaussian	284.549790	45.407379
301	1	  0.001474	  0.001062	     -1.00	    644.88	     97.34	      2.75	      2.62	     48.05	     45.82	82.70	 7.530e-05	      5.16	0	Gaussian	283.339669	48.220936
302	1	  0.001474	  0.000696	     -1.00	    149.93	    780.63	      3.76	      3.04	     65.73	     53.18	-8.88	 6.045e-05	      5.17	0	Gaussian	287.368524	45.680875
303	1	  0.001469	  0.000806	     -1.00	      5.86	    432.48	      3.27	      2.83	     57.28	     49.51	-9.34	 2.920e-05	      5.18	0	Gaussian	287.877453	47.375659
304	1	  0.001458	  0.000790	     -1.00	    479.96	    526.32	      3.40	      2.87	     59.51	     50.22	-9.85	 4.104e-05	      5.18	0	Gaussian	284.988706	46.507409
305	1	  0.001460	  0.000476	     -1.00	    509.60	    687.68	      5.14	      3.20	     89.96	     56.02	-25.73	 5.561e-05	      5.18	0	Gaussian	285.023565	45.760830
306	1	  0.001489	  0.000969	     -1.00	    266.57	     50.54	      2.79	      2.62	     48.80	     45.93	-27.71	 7.522e-05	      5.18	0	Gaussian	285.698024	48.834234
307	1	  0.001499	  0.000762	     -1.00	     16.97	    399.78	      3.43	      2.91	     59.95	     50.86	-21.30	 9.685e-05	      5.19	0	Gaussian	287.766964	47.513035
308	1	  0.001535	  0.000941	     -1.00	    222.57	    648.50	      2.84	      2.49	     49.71	     43.55	-50.69	 2.291e-04	      5.19	0	Gaussian	286.754540	46.210154
309	1	  0.001454	  0.000815	     -1.00	    228.00	    207.35	      3.40	      2.78	     59.45	     48.58	-23.37	 3.958e-05	      5.19	0	Gaussian	286.159030	48.176780
310	1	  0.001505	  0.000889	     -1.00	    454.42	     94.63	      2.80	      2.76	     49.00	     48.33	-56.06	 1.047e-04	      5.20	0	Gaussian	284.545583	48.442829
311	1	  0.001476	  0.001048	     -1.00	    552.57	    277.36	      2.65	      2.56	     46.37	     44.88	6.25	 7.931e-05	      5.20	0	Gaussian	284.186748	47.532667
312	1	  0.001456	  0.000944	     -1.00	    129.85	    155.49	      2.89	      2.43	     50.60	     42.54	-44.73	 4.435e-05	      5.20	0	Gaussian	286.730477	48.503183
313	1	  0.001506	  0.000892	     -1.00	    286.46	    590.56	      2.84	      2.67	     49.72	     46.66	-47.95	 1.137e-04	      5.20	0	Gaussian	286.281219	46.410393
314	1	  0.001496	  0.000856	     -1.00	    541.80	    393.53	      3.11	      2.83	     54.39	     49.46	-20.12	 2.033e-04	      5.20	0	Gaussian	284.419925	47.031612
315	1	  0.001504	  0.000985	     -1.00	    425.65	      5.15	      2.71	      2.61	     47.40	     45.68	-28.12	 6.364e-05	      5.20	0	Gaussian	284.601335	48.867528
316	1	  0.001485	  0.000569	     -1.00	    155.63	    574.23	      3.85	      3.50	     67.30	     61.32	-27.39	 7.379e-05	      5.20	0	Gaussian	287.086478	46.604579
317	1	  0.001456	  0.000630	     -1.00	      6.89	    410.86	      3.22	      3.18	     56.34	     55.74	16.38	 3.995e-05	      5.21	0	Gaussian	287.845382	47.472082
318	1	  0.001518	  0.000839	     -1.00	    114.09	    392.04	      3.11	      2.74	     54.41	     47.95	-16.74	 1.840e-04	      5.21	0	Gaussian	287.129701	47.460174
319	1	  0.001455	  0.000749	     -1.00	    457.03	    544.64	      3.35	      2.95	     58.55	     51.55	-14.94	 5.432e-05	      5.21	0	Gaussian	285.155930	46.449129
320	1	  0.001475	  0.000909	     -1.00	    298.52	    372.32	      2.86	      2.59	     50.13	     45.38	-41.10	 6.430e-05	      5.21	0	Gaussian	285.923499	47.373042
321	1	  0.001507	  0.000891	     -1.00	    538.06	    270.72	      2.97	      2.62	     51.97	     45.93	-4.82	 1.987e-04	      5.22	0	Gaussian	284.268342	47.577476
322	1	  0.001462	  0.000746	     -1.00	    616.92	    744.39	      3.45	      2.95	     60.40	     51.60	-31.12	 5.285e-05	      5.22	0	Gaussian	284.446450	45.401187
323	1	  0.001467	  0.000622	     -1.00	     75.66	    544.10	      3.83	      2.92	     67.09	     51.11	2.52	 3.457e-05	      5.23	0	Gaussian	287.559673	46.811635
324	1	  0.001505	  0.000855	     -1.00	    105.98	    716.47	      3.11	      2.65	     54.42	     46.44	-9.65	 1.890e-04	      5.23	0	Gaussian	287.569502	46.008423
325	1	  0.001460	  0.000649	     -1.00	    644.65	    261.88	      3.39	      3.19	     59.28	     55.91	-35.34	 7.029e-05	      5.24	0	Gaussian	283.588260	47.500480
326	1	  0.001461	  0.000666	     -1.00	    140.54	    557.70	      3.72	      2.99	     65.18	     52.32	1.61	 3.250e-05	      5.26	0	Gaussian	287.162317	46.692486
327	1	  0.001457	  0.000534	     -1.00	     66.90	    276.16	      3.95	      3.22	     69.12	     56.39	-36.38	 4.902e-05	      5.26	0	Gaussian	287.293200	48.022915
328	1	  0.001472	  0.000449	     -1.00	    260.19	     29.70	      4.41	      3.17	     77.11	     55.53	-86.08	 6.552e-05	      5.27	0	Gaussian	285.711172	48.933021
329	1	  0.001521	  0.000751	     -1.00	    203.67	    588.90	      3.24	      2.80	     56.69	     49.04	-18.38	 3.327e-04	      5.27	0	Gaussian	286.800351	46.494898
330	1	  0.001462	  0.000743	     -1.00	    106.54	    333.65	      3.40	      2.86	     59.55	     50.12	-12.49	 5.850e-05	      5.27	0	Gaussian	287.106584	47.728796
331	1	  0.001465	  0.000766	     -1.00	    579.02	    500.73	      3.32	      2.75	     58.02	     48.07	-16.75	 6.947e-05	      5.27	0	Gaussian	284.340094	46.518887
332	1	  0.001470	  0.000577	     -1.00	     97.96	    316.03	      3.95	      2.99	     69.20	     52.40	-39.56	 5.831e-05	      5.28	0	Gaussian	287.140395	47.815690
333	1	  0.001496	  0.000907	     -1.00	    544.90	    292.21	      2.78	      2.50	     48.66	     43.74	-64.07	 1.137e-04	      5.28	0	Gaussian	284.256281	47.475458
334	1	  0.001464	  0.000655	     -1.00	    229.43	    497.42	      3.09	      2.98	     54.17	     52.23	-52.41	 4.551e-05	      5.29	0	Gaussian	286.523388	46.880885
335	1	  0.001456	  0.000643	     -1.00	    618.34	    708.54	      3.93	      2.53	     68.74	     44.31	-14.14	 5.507e-05	      5.30	0	Gaussian	284.388595	45.558588
336	1	  0.001458	  0.000634	     -1.00	    246.51	    677.79	      4.00	      2.65	     69.97	     46.30	-22.17	 3.847e-05	      5.30	0	Gaussian	286.640526	46.056780
337	1	  0.001513	  0.000834	     -1.00	    455.34	    686.17	      2.82	      2.59	     49.43	     45.32	0.89	 1.195e-04	      5.31	0	Gaussian	285.354886	45.821131
338	1	  0.001459	  0.000659	     -1.00	    279.91	    356.21	      3.61	      2.93	     63.16	     51.29	-14.59	 4.150e-05	      5.31	0	Gaussian	286.020917	47.463063
339	1	  0.001473	  0.000884	     -1.00	    423.57	    153.59	      2.81	      2.49	     49.17	     43.50	-34.66	 5.964e-05	      5.31	0	Gaussian	284.827214	48.215735
340	1	  0.001455	  0.000404	     -1.00	    380.80	    420.32	      4.81	      3.11	     84.16	     54.44	81.64	 3.550e-05	      5.31	0	Gaussian	285.466062	47.078002
341	1	  0.001437	  0.000615	     -1.00	    408.07	    568.05	      3.63	      2.86	     63.51	     50.00	-24.70	 3.626e-05	      5.32	0	Gaussian	285.491751	46.393626
342	1	  0.001483	  0.000810	     -1.00	    243.58	    100.34	      2.82	      2.71	     49.30	     47.44	-42.70	 8.417e-05	      5.32	0	Gaussian	285.915414	48.636797
343	1	  0.001460	  0.000496	     -1.00	    560.16	    587.56	      4.20	      2.92	     73.45	     51.16	5.03	 5.645e-05	      5.33	0	Gaussian	284.577136	46.154126
344	1	  0.001484	  0.000771	     -1.00	     81.71	    357.66	      2.95	      2.50	     51.65	     43.81	-41.18	 8.156e-05	      5.33	0	Gaussian	287.296803	47.643987
345	1	  0.001504	  0.000922	     -1.00	    576.39	     40.35	      2.62	      2.58	     45.91	     45.08	-2.67	 1.870e-04	      5.33	0	Gaussian	283.687007	48.547339
346	1	  0.001462	  0.000736	     -1.00	    308.27	     54.56	      3.00	      2.66	     52.44	     46.51	3.83	 4.249e-05	      5.35	0	Gaussian	285.431981	48.773627
347	1	  0.001478	  0.000698	     -1.00	    141.13	    261.25	      3.42	      2.71	     59.78	     47.51	-11.43	 5.822e-05	      5.35	0	Gaussian	286.791755	48.020335
348	1	  0.001498	  0.000860	     -1.00	    601.47	    200.39	      2.74	      2.59	     48.02	     45.25	-37.10	 1.020e-04	      5.35	0	Gaussian	283.767317	47.817975
349	1	  0.001461	  0.000864	     -1.00	    489.41	    152.32	      2.79	      2.51	     48.78	     44.01	-57.77	 5.128e-05	      5.35	0	Gaussian	284.405446	48.151245
350	1	  0.001449	  0.000672	     -1.00	    311.80	    451.51	      3.31	      2.97	     57.98	     51.91	-31.73	 4.106e-05	      5.35	0	Gaussian	285.942853	47.007166
351	1	  0.001460	  0.000607	     -1.00	     41.55	    161.05	      3.52	      2.92	     61.69	     51.18	-5.47	 3.718e-05	      5.36	0	Gaussian	287.317254	48.561664
352	1	  0.001488	  0.000745	     -1.00	    167.42	    712.64	      2.95	      2.51	     51.64	     43.99	-69.92	 6.027e-05	      5.36	0	Gaussian	287.178509	45.971661
353	1	  0.001503	  0.000721	     -1.00	     34.95	    349.70	      3.20	      2.73	     55.96	     47.71	-16.23	 9.742e-05	      5.36	0	Gaussian	287.590527	47.722128
354	1	  0.001467	  0.000584	     -1.00	     52.12	    721.51	      3.88	      2.67	     67.89	     46.75	-7.19	 4.560e-05	      5.37	0	Gaussian	287.915436	46.031986
355	1	  0.001482	  0.000612	     -1.00	    227.18	    263.97	      3.46	      2.62	     60.55	     45.91	-28.64	 5.266e-05	      5.38	0	Gaussian	286.238588	47.925490
356	1	  0.001481	  0.000801	     -1.00	    261.47	    235.22	      2.75	      2.69	     48.06	     47.10	-37.98	 9.048e-05	      5.38	0	Gaussian	285.979709	48.019772
357	1	  0.001461	  0.000854	     -1.00	    586.02	    170.77	      2.83	      2.43	     49.61	     42.59	4.85	 5.773e-05	      5.38	0	Gaussian	283.820677	47.965000
358	1	  0.001474	  0.000756	     -1.00	    476.41	    477.60	      2.97	      2.39	     51.93	     41.82	-65.60	 5.783e-05	      5.38	0	Gaussian	284.944407	46.727171
359	1	  0.001480	  0.000808	     -1.00	    553.38	    477.26	      2.86	      2.41	     50.12	     42.22	-2.97	 6.245e-05	      5.39	0	Gaussian	284.465718	46.649402
360	1	  0.001495	  0.000764	     -1.00	    340.51	     83.25	      2.86	      2.60	     50.03	     45.46	-58.76	 6.652e-05	      5.39	0	Gaussian	285.262740	48.613357
361	1	  0.001455	  0.000389	     -1.00	    587.56	    399.64	      4.08	      3.46	     71.38	     60.49	50.44	 6.608e-05	      5.39	0	Gaussian	284.144003	46.956237
362	1	  0.001462	  0.000593	     -1.00	    444.69	    498.58	      3.62	      3.07	     63.41	     53.65	-15.85	 4.664e-05	      5.39	0	Gaussian	285.170699	46.666170
363	1	  0.001490	  0.000969	     -1.00	    446.46	     68.47	      2.54	      2.45	     44.48	     42.83	-20.91	 9.255e-05	      5.39	0	Gaussian	284.558881	48.566516
364	1	  0.001469	  0.000413	     -1.00	    513.74	    292.05	      4.79	      3.31	     83.78	     58.01	-0.18	 6.603e-05	      5.39	0	Gaussian	284.451755	47.509307
365	1	  0.001473	  0.000712	     -1.00	    215.36	    169.28	      2.97	      2.61	     51.92	     45.61	-22.23	 5.799e-05	      5.40	0	Gaussian	286.190815	48.358633
366	1	  0.001485	  0.000593	     -1.00	    461.27	    562.46	      3.26	      3.15	     57.11	     55.14	-32.83	 8.209e-05	      5.40	0	Gaussian	285.153606	46.365697
367	1	  0.001487	  0.000776	     -1.00	    354.35	     83.19	      2.79	      2.66	     48.80	     46.63	9.57	 6.185e-05	      5.40	0	Gaussian	285.173160	48.599240
368	1	  0.001468	  0.000573	     -1.00	    182.86	    340.63	      3.59	      3.00	     62.75	     52.53	-18.60	 3.658e-05	      5.41	0	Gaussian	286.622688	47.626046
369	1	  0.001459	  0.000522	     -1.00	    518.11	    785.13	      3.57	      3.03	     62.56	     53.10	-27.87	 4.522e-05	      5.42	0	Gaussian	285.101309	45.318908
370	1	  0.001482	  0.000770	     -1.00	    522.60	    426.60	      2.81	      2.62	     49.16	     45.92	-69.72	 7.934e-05	      5.42	0	Gaussian	284.586026	46.905508
371	1	  0.001458	  0.000724	     -1.00	    564.84	    623.65	      3.12	      2.65	     54.66	     46.37	-5.74	 5.721e-05	      5.42	0	Gaussian	284.598089	45.989390
372	1	  0.001498	  0.000789	     -1.00	    382.73	    475.41	      2.78	      2.50	     48.74	     43.82	-35.60	 8.859e-05	      5.43	0	Gaussian	285.527393	46.831062
373	1	  0.001478	  0.000759	     -1.00	    450.73	     12.87	      2.71	      2.70	     47.40	     47.21	39.93	 1.057e-04	      5.43	0	Gaussian	284.450748	48.806461
374	1	  0.001484	  0.000553	     -1.00	    423.30	    781.27	      3.88	      2.58	     67.91	     45.16	-20.34	 7.664e-05	      5.44	0	Gaussian	285.675599	45.427909
375	1	  0.001471	  0.000751	     -1.00	    113.24	     28.18	      2.88	      2.51	     50.42	     43.89	27.66	 4.991e-05	      5.44	0	Gaussian	286.675363	49.086274
376	1	  0.001487	  0.000737	     -1.00	    416.40	    202.30	      2.85	      2.56	     49.82	     44.80	-6.05	 6.596e-05	      5.44	0	Gaussian	284.941611	48.008097
377	1	  0.001468	  0.000538	     -1.00	    109.99	    759.69	      3.79	      2.94	     66.27	     51.52	-14.06	 4.835e-05	      5.45	0	Gaussian	287.594517	45.810002
378	1	  0.001476	  0.000692	     -1.00	    307.41	    637.38	      2.92	      2.64	     51.18	     46.18	-50.65	 6.203e-05	      5.45	0	Gaussian	286.209313	46.181140
379	1	  0.001456	  0.000646	     -1.00	     41.91	    206.30	      3.37	      2.78	     58.91	     48.69	-13.94	 3.866e-05	      5.46	0	Gaussian	287.370795	48.358845
380	1	  0.001480	  0.000672	     -1.00	    176.67	     91.05	      3.24	      2.75	     56.65	     48.06	-9.82	 5.615e-05	      5.46	0	Gaussian	286.340111	48.744583
381	1	  0.001468	  0.000561	     -1.00	    259.12	     97.17	      3.20	      2.79	     56.02	     48.88	-45.62	 6.206e-05	      5.47	0	Gaussian	285.809982	48.635160
382	1	  0.001444	  0.000464	     -1.00	    405.49	    688.27	      4.07	      2.96	     71.24	     51.86	-28.30	 4.198e-05	      5.47	0	Gaussian	285.665136	45.860197
383	1	  0.001472	  0.000707	     -1.00	    495.04	    401.50	      3.10	      2.61	     54.30	     45.63	-9.67	 5.602e-05	      5.47	0	Gaussian	284.723052	47.045181
384	1	  0.001455	  0.000622	     -1.00	    541.83	    199.67	      3.06	      2.73	     53.51	     47.77	-66.71	 6.195e-05	      5.48	0	Gaussian	284.141867	47.886252
385	1	  0.001476	  0.000711	     -1.00	    565.70	    323.96	      2.77	      2.75	     48.46	     48.15	-56.27	 6.928e-05	      5.48	0	Gaussian	284.171647	47.313230
386	1	  0.001460	  0.000423	     -1.00	    496.84	     75.93	      4.57	      3.11	     79.98	     54.49	-13.72	 5.714e-05	      5.48	0	Gaussian	284.247011	48.479203
387	1	  0.001465	  0.000445	     -1.00	    477.11	    284.75	      4.25	      2.97	     74.47	     51.96	57.46	 4.805e-05	      5.48	0	Gaussian	284.672225	47.580176
388	1	  0.001476	  0.000547	     -1.00	    250.76	    611.26	      3.65	      2.92	     63.92	     51.17	-10.49	 6.406e-05	      5.49	0	Gaussian	286.531392	46.351122
389	1	  0.001465	  0.000557	     -1.00	    197.21	    251.30	      3.42	      2.97	     59.83	     51.93	-4.08	 7.570e-05	      5.49	0	Gaussian	286.415625	48.011052
390	1	  0.001455	  0.000530	     -1.00	    305.17	    321.84	      3.50	      3.07	     61.33	     53.77	3.95	 3.048e-05	      5.49	0	Gaussian	285.814371	47.591215
391	1	  0.001479	  0.000455	     -1.00	    113.40	    565.37	      4.07	      2.69	     71.19	     47.16	-3.30	 6.778e-05	      5.50	0	Gaussian	287.344205	46.682405
392	1	  0.001477	  0.000768	     -1.00	    474.27	      8.21	      2.66	      2.62	     46.63	     45.81	-4.97	 5.376e-05	      5.50	0	Gaussian	284.292417	48.801260
393	1	  0.001489	  0.000688	     -1.00	    282.40	    565.01	      2.93	      2.62	     51.29	     45.89	-8.42	 8.159e-05	      5.51	0	Gaussian	286.274319	46.528522
394	1	  0.001478	  0.000470	     -1.00	    377.23	    367.00	      3.43	      3.43	     59.98	     59.98	-41.38	 5.402e-05	      5.51	0	Gaussian	285.416888	47.318492
395	1	  0.001463	  0.000608	     -1.00	     15.43	    694.66	      3.05	      2.66	     53.34	     46.61	-55.35	 4.007e-05	      5.51	0	Gaussian	288.117525	46.184441
396	1	  0.001479	  0.000855	     -1.00	    641.50	    139.72	      2.45	      2.44	     42.80	     42.79	6.67	 6.130e-05	      5.51	0	Gaussian	283.425191	48.039380
397	1	  0.001481	  0.000655	     -1.00	     38.54	    752.43	      2.96	      2.45	     51.75	     42.95	-52.96	 8.744e-05	      5.51	0	Gaussian	288.036338	45.903729
398	1	  0.001450	  0.000553	     -1.00	     20.90	    479.08	      3.64	      3.01	     63.66	     52.74	-5.83	 2.731e-05	      5.52	0	Gaussian	287.834791	47.152624
399	1	  0.001454	  0.000606	     -1.00	    480.57	    508.25	      3.05	      2.62	     53.43	     45.89	-54.05	 4.568e-05	      5.52	0	Gaussian	284.960311	46.586987
400	1	  0.001466	  0.000646	     -1.00	    129.30	    608.51	      3.01	      2.41	     52.64	     42.18	-47.66	 6.015e-05	      5.52	0	Gaussian	287.294749	46.474162
401	1	  0.001445	  0.000670	     -1.00	    473.22	    202.21	      2.87	      2.74	     50.17	     48.05	-75.03	 4.578e-05	      5.52	0	Gaussian	284.579904	47.948667
402	1	  0.001477	  0.000681	     -1.00	    344.65	    199.36	      2.83	      2.60	     49.59	     45.45	-28.21	 8.762e-05	      5.53	0	Gaussian	285.396555	48.095250
403	1	  0.001506	  0.000712	     -1.00	    344.65	    137.77	      2.74	      2.59	     47.94	     45.31	-70.50	 8.293e-05	      5.54	0	Gaussian	285.311703	48.367975
404	1	  0.001468	  0.000605	     -1.00	    128.07	    558.70	      3.34	      2.73	     58.47	     47.86	-13.01	 4.241e-05	      5.54	0	Gaussian	287.242800	46.699232
405	1	  0.001479	  0.000517	     -1.00	    202.89	    108.90	      3.61	      2.99	     63.26	     52.33	6.37	 5.564e-05	      5.54	0	Gaussian	286.192246	48.639374
406	1	  0.001496	  0.000662	     -1.00	    388.72	    353.81	      2.80	      2.70	     49.03	     47.28	-28.70	 9.242e-05	      5.54	0	Gaussian	285.326324	47.365469
407	1	  0.001461	  0.000627	     -1.00	    173.61	    129.54	      2.99	      2.55	     52.32	     44.57	-37.81	 4.134e-05	      5.54	0	Gaussian	286.410700	48.576395
408	1	  0.001469	  0.000731	     -1.00	    478.24	    267.58	      2.74	      2.59	     48.03	     45.40	-48.36	 4.407e-05	      5.54	0	Gaussian	284.640879	47.654845
409	1	  0.001445	  0.000566	     -1.00	    372.80	    765.52	      3.50	      2.80	     61.18	     49.09	-3.25	 2.911e-05	      5.55	0	Gaussian	285.965994	45.546228
410	1	  0.001519	  0.000620	     -1.00	    600.09	    769.99	      2.96	      2.68	     51.76	     46.92	-9.14	 9.167e-05	      5.55	0	Gaussian	284.583308	45.304698
411	1	  0.001482	  0.000643	     -1.00	    341.79	    515.55	      3.28	      2.54	     57.42	     44.51	-12.65	 8.646e-05	      5.55	0	Gaussian	285.837415	46.692437
412	1	  0.001461	  0.000563	     -1.00	    107.11	     94.69	      3.42	      2.83	     59.94	     49.48	7.77	 3.657e-05	      5.55	0	Gaussian	286.801741	48.796047
413	1	  0.001481	  0.000571	     -1.00	     10.87	    738.38	      3.42	      2.74	     59.91	     47.88	-11.01	 4.154e-05	      5.55	0	Gaussian	288.195623	45.990499
414	1	  0.001465	  0.000450	     -1.00	    180.03	     34.78	      3.56	      3.28	     62.26	     57.42	-18.46	 3.530e-05	      5.55	0	Gaussian	286.243612	48.991268
415	1	  0.001471	  0.000572	     -1.00	    135.99	    133.80	      3.22	      2.94	     56.42	     51.42	5.08	 4.940e-05	      5.55	0	Gaussian	286.662372	48.593939
416	1	  0.001471	  0.000759	     -1.00	    433.59	    144.25	      2.75	      2.38	     48.05	     41.62	-86.83	 7.219e-05	      5.55	0	Gaussian	284.749890	48.246338
417	1	  0.001501	  0.000424	     -1.00	    591.01	    769.76	      4.85	      2.33	     84.85	     40.87	-10.02	 9.363e-05	      5.56	0	Gaussian	284.637986	45.314826
418	1	  0.001455	  0.000607	     -1.00	    352.29	    449.15	      3.01	      2.53	     52.69	     44.20	30.14	 5.364e-05	      5.56	0	Gaussian	285.684123	46.978026
419	1	  0.001462	  0.000570	     -1.00	    188.15	    544.72	      3.56	      2.62	     62.28	     45.79	-11.63	 3.805e-05	      5.57	0	Gaussian	286.844131	46.707373
420	1	  0.001492	  0.000521	     -1.00	    536.67	    793.48	      3.52	      2.80	     61.56	     49.00	-22.68	 5.644e-05	      5.57	0	Gaussian	284.999520	45.263493
421	1	  0.001449	  0.000522	     -1.00	    220.96	    482.24	      3.61	      2.87	     63.12	     50.26	-22.11	 4.673e-05	      5.57	0	Gaussian	286.558066	46.956762
422	1	  0.001479	  0.000678	     -1.00	    132.57	     77.49	      2.86	      2.40	     50.12	     42.03	-28.49	 6.121e-05	      5.58	0	Gaussian	286.611933	48.848034
423	1	  0.001499	  0.000459	     -1.00	    447.59	    633.71	      3.56	      3.07	     62.23	     53.76	-19.00	 8.272e-05	      5.58	0	Gaussian	285.333440	46.062338
424	1	  0.001470	  0.000578	     -1.00	     14.00	    247.69	      3.17	      2.80	     55.47	     49.04	-11.10	 1.137e-04	      5.58	0	Gaussian	287.604421	48.198873
425	1	  0.001522	  0.000805	     -1.00	    607.44	    335.43	      2.58	      2.37	     45.19	     41.41	-17.93	 1.325e-04	      5.58	0	Gaussian	283.927927	47.217863
426	1	  0.001484	  0.000773	     -1.00	    613.53	    239.39	      2.54	      2.51	     44.53	     43.91	0.31	 7.202e-05	      5.59	0	Gaussian	283.749351	47.633479
427	1	  0.001470	  0.000594	     -1.00	    295.05	    212.22	      3.34	      2.70	     58.42	     47.25	-7.59	 8.577e-05	      5.59	0	Gaussian	285.732778	48.088493
428	1	  0.001485	  0.000400	     -1.00	    108.51	    587.71	      4.67	      2.71	     81.77	     47.49	8.76	 7.040e-05	      5.59	0	Gaussian	287.401978	46.586231
429	1	  0.001467	  0.000633	     -1.00	    302.77	    413.70	      2.94	      2.32	     51.50	     40.58	-46.05	 4.328e-05	      5.60	0	Gaussian	285.950698	47.184527
430	1	  0.001488	  0.000621	     -1.00	    625.40	    289.39	      2.86	      2.53	     50.05	     44.22	-34.03	 6.941e-05	      5.61	0	Gaussian	283.748854	47.400817
431	1	  0.001464	  0.000435	     -1.00	    432.01	    577.97	      3.83	      3.11	     67.04	     54.42	-16.06	 4.797e-05	      5.62	0	Gaussian	285.356005	46.325838
432	1	  0.001475	  0.000445	     -1.00	    335.23	    153.37	      3.66	      2.99	     64.04	     52.33	-14.07	 4.305e-05	      5.62	0	Gaussian	285.393927	48.308625
433	1	  0.001464	  0.000703	     -1.00	    566.51	     63.38	      2.66	      2.57	     46.57	     45.03	89.76	 6.216e-05	      5.62	0	Gaussian	283.784423	48.457537
434	1	  0.001447	  0.000550	     -1.00	     22.59	    516.64	      3.08	      2.50	     53.96	     43.77	-39.63	 3.638e-05	      5.63	0	Gaussian	287.867725	46.981917
435	1	  0.001465	  0.000610	     -1.00	    624.08	    260.45	      2.93	      2.52	     51.21	     44.05	-30.48	 6.680e-05	      5.63	0	Gaussian	283.714451	47.529388
436	1	  0.001451	  0.000398	     -1.00	    502.86	    559.84	      3.62	      3.44	     63.32	     60.21	5.28	 3.854e-05	      5.63	0	Gaussian	284.892449	46.335437
437	1	  0.001497	  0.000685	     -1.00	    523.48	    397.73	      2.71	      2.52	     47.36	     44.05	-57.91	 1.851e-04	      5.63	0	Gaussian	284.540101	47.032273
438	1	  0.001555	  0.000695	     -1.00	    464.25	    370.60	      2.60	      2.52	     45.51	     44.05	-89.98	 4.816e-04	      5.63	0	Gaussian	284.873149	47.213852
439	1	  0.001509	  0.000371	     -1.00	    120.36	    580.25	      3.96	      2.92	     69.25	     51.15	-34.25	 1.195e-04	      5.63	0	Gaussian	287.317714	46.609256
440	1	  0.001454	  0.000609	     -1.00	    211.27	    409.47	      2.94	      2.46	     51.48	     42.97	-69.73	 4.132e-05	      5.64	0	Gaussian	286.527886	47.291414
441	1	  0.001468	  0.000628	     -1.00	    621.12	    149.98	      2.58	      2.58	     45.21	     45.21	30.72	 6.954e-05	      5.64	0	Gaussian	283.568725	48.017242
442	1	  0.001479	  0.000585	     -1.00	    433.49	    426.15	      2.92	      2.60	     51.13	     45.51	-25.83	 1.024e-04	      5.64	0	Gaussian	285.142549	46.999076
443	1	  0.001463	  0.000636	     -1.00	    375.70	    155.53	      2.86	      2.48	     50.05	     43.37	-23.30	 3.613e-05	      5.64	0	Gaussian	285.136705	48.257268
444	1	  0.001481	  0.000380	     -1.00	      9.07	    119.79	      4.22	      2.81	     73.80	     49.22	-19.05	 9.370e-05	      5.64	0	Gaussian	287.480725	48.776295
445	1	  0.001467	  0.000626	     -1.00	    554.57	    657.69	      2.79	      2.69	     48.91	     47.07	-49.91	 5.607e-05	      5.64	0	Gaussian	284.707573	45.848878
446	1	  0.001460	  0.000428	     -1.00	    251.78	    396.43	      3.83	      3.00	     67.03	     52.53	-8.51	 5.138e-05	      5.65	0	Gaussian	286.252602	47.310979
447	1	  0.001474	  0.000598	     -1.00	     97.21	     25.27	      2.91	      2.50	     50.95	     43.77	30.33	 7.092e-05	      5.65	0	Gaussian	286.777688	49.114734
448	1	  0.001472	  0.000554	     -1.00	     13.30	    228.19	      2.91	      2.78	     50.99	     48.67	8.81	 4.763e-05	      5.65	0	Gaussian	287.585382	48.286978
449	1	  0.001488	  0.000646	     -1.00	    248.09	    701.40	      3.05	      2.42	     53.35	     42.30	-5.18	 8.248e-05	      5.66	0	Gaussian	286.659678	45.949396
450	1	  0.001460	  0.000438	     -1.00	    330.31	    753.84	      3.82	      2.83	     66.82	     49.50	-8.03	 5.607e-05	      5.66	0	Gaussian	286.213650	45.638357
451	1	  0.001467	  0.000520	     -1.00	    108.19	    286.78	      3.18	      2.85	     55.63	     49.91	-3.42	 5.708e-05	      5.66	0	Gaussian	287.037668	47.937117
452	1	  0.001459	  0.000535	     -1.00	    429.66	    721.74	      3.07	      2.44	     53.79	     42.70	-75.79	 4.165e-05	      5.67	0	Gaussian	285.559571	45.687553
453	1	  0.001462	  0.000507	     -1.00	    126.15	    178.38	      3.42	      2.79	     59.90	     48.75	-3.39	 5.977e-05	      5.67	0	Gaussian	286.783980	48.404608
454	1	  0.001456	  0.000556	     -1.00	    492.24	    727.95	      2.94	      2.77	     51.41	     48.40	61.13	 4.630e-05	      5.67	0	Gaussian	285.183545	45.598850
455	1	  0.001479	  0.000557	     -1.00	     17.17	    422.63	      3.12	      2.68	     54.61	     46.83	-11.87	 8.604e-05	      5.67	0	Gaussian	287.792600	47.410062
456	1	  0.001486	  0.000605	     -1.00	    373.63	    245.44	      2.85	      2.48	     49.95	     43.42	5.55	 6.477e-05	      5.68	0	Gaussian	285.274291	47.861444
457	1	  0.001456	  0.000514	     -1.00	     84.47	    146.90	      3.06	      2.69	     53.56	     47.07	-41.92	 3.724e-05	      5.68	0	Gaussian	287.017202	48.584723
458	1	  0.001470	  0.000539	     -1.00	    262.40	    677.82	      3.01	      2.57	     52.68	     45.02	69.61	 6.258e-05	      5.68	0	Gaussian	286.541205	46.042038
459	1	  0.001458	  0.000605	     -1.00	    305.50	     86.67	      2.81	      2.68	     49.20	     46.86	-33.92	 4.051e-05	      5.68	0	Gaussian	285.494321	48.634421
460	1	  0.001467	  0.000583	     -1.00	    386.72	    640.41	      2.84	      2.65	     49.70	     46.30	-38.10	 5.778e-05	      5.69	0	Gaussian	285.719274	46.091904
461	1	  0.001462	  0.000563	     -1.00	    226.38	    437.95	      2.91	      2.68	     50.92	     46.90	-87.15	 4.976e-05	      5.69	0	Gaussian	286.467629	47.149762
462	1	  0.001459	  0.000404	     -1.00	    207.09	    229.26	      3.83	      3.12	     67.06	     54.55	-9.94	 4.314e-05	      5.69	0	Gaussian	286.323087	48.099711
463	1	  0.001484	  0.000444	     -1.00	    256.04	    694.88	      3.79	      2.85	     66.37	     49.85	-26.77	 7.757e-05	      5.70	0	Gaussian	286.602009	45.971362
464	1	  0.001463	  0.000577	     -1.00	    480.71	    306.90	      2.79	      2.75	     48.77	     48.21	2.81	 4.907e-05	      5.70	0	Gaussian	284.680682	47.478533
465	1	  0.001464	  0.000534	     -1.00	    225.82	    390.21	      3.05	      2.30	     53.42	     40.33	-78.91	 4.345e-05	      5.70	0	Gaussian	286.410335	47.363618
466	1	  0.001470	  0.000398	     -1.00	    103.30	    741.90	      3.90	      2.86	     68.19	     50.03	-11.61	 5.878e-05	      5.70	0	Gaussian	287.615989	45.896009
467	1	  0.001474	  0.000640	     -1.00	     43.65	     50.55	      2.81	      2.31	     49.13	     40.38	-18.05	 6.495e-05	      5.71	0	Gaussian	287.165133	49.053310
468	1	  0.001490	  0.000530	     -1.00	    244.41	    791.08	      3.22	      2.77	     56.40	     48.56	-24.68	 1.018e-04	      5.71	0	Gaussian	286.791995	45.550004
469	1	  0.001486	  0.000633	     -1.00	    596.84	    125.89	      2.79	      2.46	     48.91	     43.04	-13.98	 7.983e-05	      5.71	0	Gaussian	283.685709	48.149861
470	1	  0.001471	  0.000440	     -1.00	    212.24	    728.51	      3.45	      2.98	     60.46	     52.13	-18.08	 5.066e-05	      5.71	0	Gaussian	286.916763	45.860206
471	1	  0.001484	  0.000601	     -1.00	    331.83	     35.33	      2.81	      2.52	     49.21	     44.14	-60.79	 5.772e-05	      5.71	0	Gaussian	285.252122	48.834116
472	1	  0.001492	  0.000687	     -1.00	    635.17	     48.69	      2.40	      2.35	     42.02	     41.08	-0.27	 1.078e-04	      5.72	0	Gaussian	283.326793	48.444557
473	1	  0.001469	  0.000509	     -1.00	    404.04	    368.61	      3.15	      2.82	     55.15	     49.30	-6.64	 4.051e-05	      5.72	0	Gaussian	285.249641	47.284284
474	1	  0.001450	  0.000560	     -1.00	    499.80	    791.40	      2.96	      2.44	     51.75	     42.76	23.25	 4.806e-05	      5.72	0	Gaussian	285.221068	45.308913
475	1	  0.001482	  0.000571	     -1.00	     18.45	    415.77	      2.86	      2.54	     50.01	     44.53	-57.79	 7.922e-05	      5.72	0	Gaussian	287.776266	47.439781
476	1	  0.001477	  0.000539	     -1.00	    314.07	    387.41	      2.99	      2.69	     52.40	     47.04	-3.51	 5.806e-05	      5.72	0	Gaussian	285.844490	47.290560
477	1	  0.001529	  0.000525	     -1.00	    428.66	    315.03	      3.43	      2.04	     60.06	     35.76	2.29	 1.951e-04	      5.72	0	Gaussian	285.020589	47.496610
478	1	  0.001502	  0.000534	     -1.00	     94.81	    653.39	      3.22	      2.57	     56.29	     45.01	-8.90	 7.877e-05	      5.73	0	Gaussian	287.566437	46.302502
479	1	  0.001469	  0.000567	     -1.00	    142.51	     36.70	      2.92	      2.37	     51.14	     41.56	-27.11	 4.136e-05	      5.73	0	Gaussian	286.493173	49.019788
480	1	  0.001492	  0.000517	     -1.00	    192.20	    419.77	      3.25	      2.65	     56.95	     46.40	-1.18	 6.386e-05	      5.73	0	Gaussian	286.662764	47.263349
481	1	  0.001470	  0.000430	     -1.00	    447.70	    711.74	      3.51	      2.64	     61.50	     46.25	-13.26	 5.660e-05	      5.73	0	Gaussian	285.435517	45.714617
482	1	  0.001468	  0.000565	     -1.00	    201.68	     78.44	      2.91	      2.39	     51.01	     41.87	-30.63	 4.680e-05	      5.74	0	Gaussian	286.159691	48.775867
483	1	  0.001446	  0.000583	     -1.00	    406.37	    545.19	      2.94	      2.25	     51.52	     39.30	-29.24	 3.865e-05	      5.74	0	Gaussian	285.472087	46.497089
484	1	  0.001463	  0.000485	     -1.00	    167.90	     73.57	      3.42	      2.80	     59.84	     49.07	0.93	 4.451e-05	      5.74	0	Gaussian	286.374611	48.830947
485	1	  0.001503	  0.000481	     -1.00	    159.68	    769.44	      2.96	      2.87	     51.75	     50.24	-40.76	 1.177e-04	      5.74	0	Gaussian	287.294343	45.722730
486	1	  0.001458	  0.000508	     -1.00	     42.64	    397.26	      3.05	      2.39	     53.35	     41.85	-77.01	 3.901e-05	      5.75	0	Gaussian	287.597569	47.501540
487	1	  0.001482	  0.000647	     -1.00	    558.56	    190.37	      2.66	      2.48	     46.59	     43.39	-6.44	 5.478e-05	      5.75	0	Gaussian	284.022672	47.908991
488	1	  0.001459	  0.000516	     -1.00	     67.67	    145.42	      3.03	      2.35	     53.06	     41.09	-23.29	 3.539e-05	      5.75	0	Gaussian	287.125786	48.607148
489	1	  0.001471	  0.000562	     -1.00	    594.86	    183.31	      2.81	      2.62	     49.12	     45.84	23.60	 6.485e-05	      5.76	0	Gaussian	283.783600	47.900195
490	1	  0.001474	  0.000545	     -1.00	    233.37	    559.21	      2.86	      2.61	     50.04	     45.73	-39.81	 1.088e-04	      5.76	0	Gaussian	286.576001	46.600548
491	1	  0.001492	  0.000508	     -1.00	     36.95	    743.55	      3.33	      2.61	     58.37	     45.61	-21.05	 1.004e-04	      5.76	0	Gaussian	288.036373	45.945258
492	1	  0.001465	  0.000549	     -1.00	    351.46	    782.42	      2.88	      2.56	     50.33	     44.83	-70.99	 4.410e-05	      5.76	0	Gaussian	286.118886	45.490638
493	1	  0.001520	  0.000773	     -1.00	    647.14	    163.44	      2.47	      2.13	     43.21	     37.30	12.40	 1.143e-04	      5.77	0	Gaussian	283.425493	47.929236
494	1	  0.001468	  0.000560	     -1.00	    616.83	    392.44	      2.84	      2.47	     49.63	     43.18	43.50	 7.520e-05	      5.78	0	Gaussian	283.952162	46.956700
495	1	  0.001474	  0.000516	     -1.00	     77.77	     49.78	      2.92	      2.61	     51.13	     45.72	-9.72	 6.170e-05	      5.78	0	Gaussian	286.937962	49.024286
496	1	  0.001484	  0.000528	     -1.00	    419.36	    677.86	      2.88	      2.61	     50.49	     45.71	-78.77	 1.078e-04	      5.78	0	Gaussian	285.565873	45.893241
497	1	  0.001462	  0.000636	     -1.00	    533.28	     82.45	      2.75	      2.20	     48.17	     38.57	17.23	 5.734e-05	      5.79	0	Gaussian	284.024188	48.410690
498	1	  0.001455	  0.000550	     -1.00	     99.59	    146.48	      2.89	      2.42	     50.57	     42.28	-47.55	 2.960e-05	      5.79	0	Gaussian	286.917321	48.572254
499	1	  0.001479	  0.000602	     -1.00	    430.27	    122.74	      2.74	      2.39	     47.93	     41.90	-49.28	 5.296e-05	      5.80	0	Gaussian	284.740535	48.344764
500	1	  0.001464	  0.000642	     -1.00	    488.44	    127.59	      2.69	      2.28	     47.05	     39.91	-8.55	 4.154e-05	      5.81	0	Gaussian	284.375864	48.261110
501	1	  0.001492	  0.000461	     -1.00	    263.53	    776.88	      3.05	      2.40	     53.34	     42.07	80.49	 1.059e-04	      5.81	0	Gaussian	286.656044	45.596491
502	1	  0.001478	  0.000567	     -1.00	    293.97	    175.60	      2.84	      2.46	     49.72	     43.10	-12.01	 6.396e-05	      5.81	0	Gaussian	285.690291	48.252090
503	1	  0.001465	  0.000541	     -1.00	    447.67	    665.60	      2.94	      2.08	     51.52	     36.35	-69.99	 7.800e-05	      5.82	0	Gaussian	285.375065	45.920248
504	1	  0.001472	  0.000467	     -1.00	    398.97	    227.30	      3.17	      2.78	     55.45	     48.59	-6.52	 6.925e-05	      5.82	0	Gaussian	285.087597	47.915663
505	1	  0.001473	  0.000514	     -1.00	    627.37	    356.30	      2.72	      2.72	     47.64	     47.61	20.76	 6.382e-05	      5.82	0	Gaussian	283.834431	47.104462
506	1	  0.001488	  0.000527	     -1.00	    169.50	    419.79	      2.83	      2.49	     49.61	     43.57	-28.39	 7.299e-05	      5.82	0	Gaussian	286.808067	47.284521
507	1	  0.001502	  0.000671	     -1.00	    631.20	    196.77	      2.32	      2.29	     40.62	     40.07	-56.76	 9.816e-05	      5.82	0	Gaussian	283.575427	47.800955
508	1	  0.001482	  0.000532	     -1.00	    235.58	     46.82	      2.79	      2.62	     48.91	     45.94	0.76	 4.577e-05	      5.82	0	Gaussian	285.895416	48.882180
509	1	  0.001470	  0.000468	     -1.00	    570.19	    149.47	      3.06	      2.29	     53.52	     40.03	-43.87	 6.420e-05	      5.84	0	Gaussian	283.889134	48.075910
510	1	  0.001481	  0.000456	     -1.00	      7.72	    397.18	      3.01	      2.51	     52.65	     43.94	-60.23	 4.973e-05	      5.85	0	Gaussian	287.823914	47.532914
511	1	  0.001481	  0.000465	     -1.00	    550.81	    368.63	      3.01	      2.35	     52.62	     41.05	78.89	 6.086e-05	      5.85	0	Gaussian	284.328447	47.132079
512	1	  0.001457	  0.000546	     -1.00	    307.34	    162.25	      2.79	      2.52	     48.75	     44.06	-0.61	 3.704e-05	      5.86	0	Gaussian	285.585904	48.297788
513	1	  0.001482	  0.000548	     -1.00	    234.98	    108.67	      2.88	      2.44	     50.37	     42.74	-16.07	 9.788e-05	      5.86	0	Gaussian	285.982660	48.608428
514	1	  0.001487	  0.000482	     -1.00	    315.35	    751.10	      2.93	      2.46	     51.25	     43.14	-31.32	 1.237e-04	      5.86	0	Gaussian	286.302851	45.664532
515	1	  0.001472	  0.000473	     -1.00	     28.54	    555.46	      2.76	      2.54	     48.30	     44.48	-42.21	 4.188e-05	      5.87	0	Gaussian	287.874646	46.801730
516	1	  0.001479	  0.000478	     -1.00	    187.35	    182.72	      2.89	      2.64	     50.59	     46.29	-14.45	 5.399e-05	      5.87	0	Gaussian	286.390540	48.326243
517	1	  0.001462	  0.000451	     -1.00	    169.42	    112.18	      2.85	      2.85	     49.94	     49.88	13.36	 3.623e-05	      5.87	0	Gaussian	286.415333	48.657755
518	1	  0.001457	  0.000510	     -1.00	     29.22	    114.30	      2.83	      2.58	     49.57	     45.23	-23.35	 3.457e-05	      5.87	0	Gaussian	287.340602	48.782169
519	1	  0.001467	  0.000495	     -1.00	    394.75	     67.20	      2.73	      2.72	     47.77	     47.55	-39.30	 4.427e-05	      5.89	0	Gaussian	284.889830	48.627307
520	1	  0.001504	  0.000605	     -1.00	    588.51	    220.40	      2.59	      2.35	     45.41	     41.07	-26.15	 1.351e-04	      5.89	0	Gaussian	283.878250	47.744303
521	1	  0.001463	  0.000496	     -1.00	    144.30	    164.44	      2.93	      2.27	     51.25	     39.73	-14.49	 5.814e-05	      5.90	0	Gaussian	286.647488	48.449360
522	1	  0.001465	  0.000489	     -1.00	    272.34	    245.74	      2.92	      2.40	     51.13	     41.96	-71.02	 3.853e-05	      5.90	0	Gaussian	285.923685	47.962237
523	1	  0.001483	  0.000523	     -1.00	    591.35	    264.30	      2.78	      2.41	     48.69	     42.21	-20.10	 6.237e-05	      5.90	0	Gaussian	283.924728	47.548215
524	1	  0.001468	  0.000456	     -1.00	    390.47	    586.80	      2.93	      2.61	     51.32	     45.69	-55.17	 4.545e-05	      5.91	0	Gaussian	285.626070	46.327316
525	1	  0.001460	  0.000471	     -1.00	    451.39	    184.26	      2.83	      2.73	     49.58	     47.86	-15.22	 4.918e-05	      5.91	0	Gaussian	284.693138	48.050980
526	1	  0.001500	  0.000505	     -1.00	    443.44	    640.75	      2.87	      2.12	     50.18	     37.09	-48.56	 9.451e-05	      5.91	0	Gaussian	285.368368	46.035077
527	1	  0.001491	  0.000464	     -1.00	    281.33	    556.16	      2.84	      2.57	     49.73	     44.97	-45.38	 9.071e-05	      5.93	0	Gaussian	286.269829	46.569092
528	1	  0.001479	  0.000515	     -1.00	     37.32	    506.33	      2.88	      2.00	     50.46	     35.09	-37.64	 5.990e-05	      5.93	0	Gaussian	287.760993	47.015509
529	1	  0.001462	  0.000483	     -1.00	    184.81	     54.63	      2.92	      2.27	     51.12	     39.73	-34.17	 3.372e-05	      5.93	0	Gaussian	286.238567	48.898383
530	1	  0.001472	  0.000420	     -1.00	     34.43	    643.65	      3.07	      2.31	     53.66	     40.38	-53.69	 8.599e-05	      5.93	0	Gaussian	287.938652	46.398723
531	1	  0.001526	  0.000557	     -1.00	    440.18	    674.53	      2.94	      2.23	     51.46	     38.95	-17.73	 3.646e-04	      5.93	0	Gaussian	285.433017	45.887781
532	1	  0.001482	  0.000431	     -1.00	    321.80	    353.80	      2.94	      2.64	     51.41	     46.21	-20.34	 6.647e-05	      5.94	0	Gaussian	285.750884	47.432566
533	1	  0.001464	  0.000506	     -1.00	    640.95	    274.49	      2.68	      2.61	     46.84	     45.64	13.89	 7.077e-05	      5.94	0	Gaussian	283.629988	47.449223
534	1	  0.001483	  0.000449	     -1.00	    113.28	    182.71	      2.92	      2.47	     51.07	     43.21	68.07	 7.851e-05	      5.95	0	Gaussian	286.873615	48.397539
535	1	  0.001492	  0.000401	     -1.00	     59.51	    501.32	      3.07	      2.29	     53.76	     40.04	77.81	 1.461e-04	      5.96	0	Gaussian	287.612553	47.018476
536	1	  0.001501	  0.000478	     -1.00	     25.51	    349.26	      2.79	      2.44	     48.90	     42.70	-30.12	 1.005e-04	      5.96	0	Gaussian	287.651414	47.732573
537	1	  0.001487	  0.000491	     -1.00	    341.32	     23.31	      2.75	      2.46	     48.12	     43.09	-70.34	 6.603e-05	      5.97	0	Gaussian	285.173560	48.877270
538	1	  0.001477	  0.000431	     -1.00	    265.76	    331.37	      2.94	      2.44	     51.45	     42.74	-71.92	 5.708e-05	      5.97	0	Gaussian	286.078802	47.587557
539	1	  0.001486	  0.000442	     -1.00	    622.25	    723.46	      2.75	      2.72	     48.20	     47.62	12.80	 8.457e-05	      5.98	0	Gaussian	284.385441	45.488524
540	1	  0.001524	  0.000393	     -1.00	    113.80	    784.44	      3.46	      2.52	     60.65	     44.04	-25.16	 2.139e-04	      6.00	0	Gaussian	287.599238	45.695026
541	1	  0.001488	  0.000527	     -1.00	    563.41	    667.60	      2.58	      2.40	     45.12	     41.96	78.67	 6.911e-05	      6.04	0	Gaussian	284.667008	45.795999
542	1	  0.001475	  0.000430	     -1.00	    372.59	     52.47	      2.76	      2.67	     48.26	     46.73	-16.63	 6.308e-05	      6.06	0	Gaussian	285.012007	48.715721
543	1	  0.001505	  0.000456	     -1.00	    181.64	    172.22	      2.59	      2.58	     45.38	     45.12	-11.57	 1.141e-04	      6.07	0	Gaussian	286.413988	48.378538
544	1	  0.001522	  0.000467	     -1.00	    463.89	    358.37	      2.66	      2.42	     46.64	     42.28	-81.13	 1.793e-04	      6.07	0	Gaussian	284.858441	47.268361
545	1	  0.001492	  0.000386	     -1.00	    261.33	     40.63	      2.90	      2.61	     50.80	     45.66	-47.52	 1.158e-04	      6.08	0	Gaussian	285.718668	48.883467
546	1	  0.001482	  0.000368	     -1.00	     76.44	    476.32	      3.04	      2.29	     53.24	     40.16	-63.92	 4.737e-05	      6.08	0	Gaussian	287.474120	47.115906
547	1	  0.001517	  0.000376	     -1.00	    434.80	     14.14	      2.96	      2.84	     51.79	     49.77	-35.37	 1.485e-04	      6.08	0	Gaussian	284.555309	48.818143
548	1	  0.001534	  0.000509	     -1.00	    484.20	    357.61	      2.57	      2.28	     44.96	     39.88	-35.39	 4.101e-04	      6.09	0	Gaussian	284.729824	47.250681
549	1	  0.001510	  0.000361	     -1.00	    147.49	    138.45	      2.80	      2.17	     49.06	     38.02	-42.40	 1.227e-04	      6.29	0	Gaussian	286.593081	48.562140
550	1	  0.001517	  0.000387	     -1.00	    604.41	    191.64	      2.57	      2.44	     45.01	     42.66	-46.69	 2.502e-04	      6.30	0	Gaussian	283.735920	47.853127
551	1	  0.001520	  0.000410	     -1.00	    122.65	    636.89	      2.66	      1.73	     46.61	     30.31	77.21	 3.179e-04	      8.21	0	Gaussian	287.370655	46.352357
552	1	  0.001480	  0.000168	     -1.00	    470.23	    162.36	      1.82	      1.46	     31.83	     25.57	5.36	 1.094e-04	      8.63	0	Gaussian	284.541946	48.127557
