# 509 stars found using the following parameters:
# sigma=1.00 roundness=0.10 radius=5 relax=1 profile=0 minbeta=1.5 max_stars=0 layer=1 minA=0.00 maxA=0.00 maxR=1.00
# star#	layer	B	A	beta	X	Y	FWHMx [px]	FWHMy [px]	FWHMx ["]	FWHMy ["]	angle	RMSE	mag	Sat	Profile	RA	Dec
1	1	  0.002014	  0.100841	     -1.00	    417.41	    217.61	      2.89	      2.36	     50.54	     41.32	26.09	 1.569e-03	      0.27	0	Gaussian	325.502871	35.509307
2	1	  0.001929	  0.075998	     -1.00	    272.70	    102.19	      3.04	      2.48	     53.18	     43.34	29.16	 1.253e-03	      0.47	0	Gaussian	326.434939	35.856259
3	1	  0.001792	  0.041772	     -1.00	    410.19	    406.63	      3.36	      2.46	     58.89	     43.11	40.17	 7.899e-04	      1.02	0	Gaussian	325.264364	34.673521
4	1	  0.001691	  0.039403	     -1.00	    614.26	    306.24	      3.12	      2.54	     54.63	     44.37	41.37	 6.317e-04	      1.13	0	Gaussian	324.337265	35.325069
5	1	  0.001755	  0.028405	     -1.00	    788.92	    599.82	      3.22	      2.52	     56.30	     44.11	35.40	 6.366e-04	      1.46	0	Gaussian	323.016291	34.199000
6	1	  0.001684	  0.024892	     -1.00	    466.56	    757.22	      3.21	      2.89	     56.13	     50.53	60.27	 5.069e-04	      1.46	0	Gaussian	324.479966	33.197961
7	1	  0.001620	  0.024207	     -1.00	    531.96	    764.05	      3.30	      2.72	     57.68	     47.68	42.00	 3.871e-04	      1.52	0	Gaussian	324.135046	33.231562
8	1	  0.001695	  0.022348	     -1.00	    455.28	    772.29	      3.31	      2.72	     57.95	     47.62	36.51	 3.994e-04	      1.60	0	Gaussian	324.517060	33.121190
9	1	  0.001605	  0.022712	     -1.00	    710.04	    673.48	      3.22	      2.61	     56.30	     45.67	38.12	 3.407e-04	      1.66	0	Gaussian	323.333247	33.799298
10	1	  0.001637	  0.024957	     -1.00	     96.53	    768.51	      3.11	      2.41	     54.50	     42.25	29.69	 4.440e-04	      1.68	0	Gaussian	326.336429	32.776899
11	1	  0.001591	  0.023210	     -1.00	    571.10	    460.57	      3.08	      2.51	     53.97	     43.88	35.43	 3.335e-04	      1.73	0	Gaussian	324.348445	34.601353
12	1	  0.001634	  0.023404	     -1.00	    780.18	    685.23	      2.74	      2.65	     47.98	     46.44	12.35	 4.326e-04	      1.78	0	Gaussian	322.950894	33.813287
13	1	  0.001462	  0.007129	     -1.00	    647.97	    385.13	      6.55	      3.40	    114.66	     59.53	-86.71	 3.518e-04	      1.86	0	Gaussian	324.048903	35.010869
14	1	  0.001615	  0.017483	     -1.00	    543.60	    655.90	      2.78	      2.75	     48.66	     48.09	63.56	 3.331e-04	      2.05	0	Gaussian	324.222097	33.716401
15	1	  0.001539	  0.016307	     -1.00	    756.35	    214.86	      3.02	      2.58	     52.79	     45.18	40.07	 2.132e-04	      2.10	0	Gaussian	323.707301	35.873466
16	1	  0.001523	  0.014671	     -1.00	    552.19	     41.25	      3.15	      2.70	     55.21	     47.22	40.96	 2.195e-04	      2.12	0	Gaussian	325.048983	36.429802
17	1	  0.001569	  0.013645	     -1.00	     41.76	    705.28	      3.35	      2.58	     58.63	     45.24	25.87	 2.458e-04	      2.18	0	Gaussian	326.703226	32.991753
18	1	  0.001575	  0.016589	     -1.00	    139.66	    433.17	      2.99	      2.35	     52.30	     41.18	23.88	 2.680e-04	      2.20	0	Gaussian	326.617102	34.270552
19	1	  0.001602	  0.014598	     -1.00	    774.64	    245.70	      3.03	      2.58	     53.05	     45.13	25.12	 3.468e-04	      2.23	0	Gaussian	323.566676	35.754855
20	1	  0.001549	  0.013161	     -1.00	    105.85	    693.23	      3.34	      2.56	     58.46	     44.74	32.06	 2.357e-04	      2.24	0	Gaussian	326.400219	33.110852
21	1	  0.001580	  0.013799	     -1.00	    700.19	    357.14	      2.85	      2.72	     49.86	     47.69	62.59	 2.503e-04	      2.29	0	Gaussian	323.810960	35.186691
22	1	  0.001725	  0.015444	     -1.00	    116.78	      5.46	      2.88	      2.42	     50.34	     42.31	27.53	 3.518e-04	      2.29	0	Gaussian	327.398910	36.100126
23	1	  0.001588	  0.013670	     -1.00	    676.90	    431.88	      2.78	      2.77	     48.61	     48.49	36.70	 2.747e-04	      2.31	0	Gaussian	323.831794	34.833221
24	1	  0.001520	  0.013599	     -1.00	    742.44	    188.66	      3.04	      2.55	     53.14	     44.56	30.50	 1.949e-04	      2.31	0	Gaussian	323.818309	35.975719
25	1	  0.001535	  0.012810	     -1.00	    405.09	    100.50	      3.04	      2.54	     53.23	     44.40	32.54	 1.918e-04	      2.38	0	Gaussian	325.742180	36.009776
26	1	  0.001666	  0.011020	     -1.00	    297.69	    246.45	      3.21	      2.62	     56.26	     45.91	35.27	 4.646e-04	      2.44	0	Gaussian	326.085304	35.253932
27	1	  0.001588	  0.011596	     -1.00	    604.66	     65.36	      3.03	      2.58	     53.03	     45.17	31.19	 2.400e-04	      2.47	0	Gaussian	324.732872	36.379231
28	1	  0.001517	  0.011933	     -1.00	    394.77	    365.10	      3.06	      2.46	     53.62	     43.08	35.71	 1.573e-04	      2.48	0	Gaussian	325.404836	34.839122
29	1	  0.001523	  0.011441	     -1.00	    192.02	    662.64	      3.19	      2.45	     55.85	     42.82	32.33	 2.000e-04	      2.49	0	Gaussian	326.010990	33.332635
30	1	  0.001607	  0.011790	     -1.00	    314.02	    522.53	      3.05	      2.41	     53.45	     42.12	27.53	 2.446e-04	      2.51	0	Gaussian	325.593209	34.067464
31	1	  0.001495	  0.009609	     -1.00	    577.71	    135.18	      3.24	      2.65	     56.73	     46.41	31.03	 1.394e-04	      2.57	0	Gaussian	324.775602	36.042299
32	1	  0.001505	  0.010116	     -1.00	    442.95	    237.36	      3.13	      2.56	     54.78	     44.84	37.79	 1.501e-04	      2.59	0	Gaussian	325.339708	35.449861
33	1	  0.001632	  0.009809	     -1.00	    412.19	    513.60	      3.16	      2.60	     55.32	     45.57	38.73	 4.986e-04	      2.60	0	Gaussian	325.100413	34.207692
34	1	  0.001529	  0.010387	     -1.00	    270.50	    749.36	      2.96	      2.53	     51.75	     44.20	31.07	 1.875e-04	      2.64	0	Gaussian	325.489195	33.037434
35	1	  0.001549	  0.010093	     -1.00	    151.34	    151.86	      3.05	      2.43	     53.38	     42.45	28.55	 1.841e-04	      2.68	0	Gaussian	326.988892	35.503765
36	1	  0.001498	  0.009162	     -1.00	    389.66	    475.17	      3.04	      2.50	     53.18	     43.81	28.66	 1.348e-04	      2.75	0	Gaussian	325.271971	34.352480
37	1	  0.001519	  0.007808	     -1.00	     28.94	    752.22	      3.44	      2.60	     60.26	     45.47	25.69	 1.705e-04	      2.75	0	Gaussian	326.697482	32.776611
38	1	  0.001590	  0.008310	     -1.00	    435.59	    320.55	      3.11	      2.63	     54.50	     46.05	13.67	 3.091e-04	      2.77	0	Gaussian	325.256796	35.077119
39	1	  0.001542	  0.008388	     -1.00	    700.26	    724.19	      3.04	      2.69	     53.21	     47.04	-0.42	 1.649e-04	      2.77	0	Gaussian	323.317501	33.566752
40	1	  0.001522	  0.008221	     -1.00	     42.79	    332.00	      3.07	      2.71	     53.82	     47.37	25.27	 1.600e-04	      2.78	0	Gaussian	327.265091	34.601652
41	1	  0.001488	  0.008321	     -1.00	    662.44	    442.96	      3.08	      2.52	     53.98	     44.12	44.76	 1.196e-04	      2.83	0	Gaussian	323.892893	34.769997
42	1	  0.001534	  0.008280	     -1.00	    316.17	    169.96	      2.83	      2.64	     49.56	     46.14	-62.81	 1.713e-04	      2.89	0	Gaussian	326.104395	35.608246
43	1	  0.001511	  0.007261	     -1.00	    768.98	    724.00	      3.04	      2.74	     53.27	     47.91	-16.78	 1.634e-04	      2.90	0	Gaussian	322.959317	33.631742
44	1	  0.001519	  0.007301	     -1.00	    318.69	    442.17	      3.17	      2.57	     55.50	     45.01	32.31	 1.267e-04	      2.93	0	Gaussian	325.686262	34.422521
45	1	  0.001682	  0.007768	     -1.00	    398.58	    397.91	      2.97	      2.54	     51.93	     44.44	-11.19	 6.343e-04	      2.95	0	Gaussian	325.337319	34.699546
46	1	  0.001513	  0.007504	     -1.00	    330.56	     40.65	      3.02	      2.55	     52.87	     44.66	20.68	 1.161e-04	      2.96	0	Gaussian	326.225865	36.189845
47	1	  0.001688	  0.007165	     -1.00	    402.61	    510.81	      2.99	      2.63	     52.27	     46.10	31.39	 7.201e-04	      2.97	0	Gaussian	325.153898	34.210093
48	1	  0.001548	  0.007934	     -1.00	    161.06	    439.03	      2.65	      2.65	     46.45	     46.45	10.72	 1.907e-04	      3.00	0	Gaussian	326.499233	34.268293
49	1	  0.001531	  0.007477	     -1.00	    155.18	    609.06	      3.10	      2.38	     54.20	     41.57	29.51	 1.470e-04	      3.02	0	Gaussian	326.275796	33.525949
50	1	  0.001604	  0.005597	     -1.00	    467.75	    769.60	      3.29	      2.91	     57.56	     50.90	41.63	 3.276e-04	      3.04	0	Gaussian	324.456940	33.145117
51	1	  0.001639	  0.007016	     -1.00	    615.72	    345.54	      3.00	      2.54	     52.47	     44.50	24.61	 3.189e-04	      3.05	0	Gaussian	324.274379	35.153105
52	1	  0.001530	  0.007633	     -1.00	    292.14	    326.55	      2.91	      2.37	     50.96	     41.52	24.09	 1.386e-04	      3.08	0	Gaussian	325.994185	34.898441
53	1	  0.001549	  0.006570	     -1.00	    793.85	    475.96	      2.73	      2.68	     47.83	     46.85	31.62	 1.520e-04	      3.14	0	Gaussian	323.153474	34.752090
54	1	  0.001518	  0.005608	     -1.00	    792.84	    579.65	      3.23	      2.68	     56.53	     46.86	32.73	 1.127e-04	      3.15	0	Gaussian	323.021996	34.291914
55	1	  0.001504	  0.005470	     -1.00	    453.53	    406.66	      3.17	      2.67	     55.40	     46.67	33.87	 1.128e-04	      3.20	0	Gaussian	325.038807	34.718304
56	1	  0.001491	  0.005038	     -1.00	    531.75	    515.08	      3.28	      2.67	     57.43	     46.76	40.20	 9.031e-05	      3.24	0	Gaussian	324.477983	34.322346
57	1	  0.001500	  0.004075	     -1.00	    415.54	    387.86	      3.61	      3.01	     63.16	     52.76	25.28	 1.236e-04	      3.25	0	Gaussian	325.263720	34.761225
58	1	  0.001482	  0.005206	     -1.00	    765.88	    170.42	      3.13	      2.70	     54.80	     47.29	31.60	 9.907e-05	      3.25	0	Gaussian	323.717621	36.080439
59	1	  0.001484	  0.004636	     -1.00	    397.85	    650.61	      3.34	      2.82	     58.47	     49.42	39.41	 8.959e-05	      3.26	0	Gaussian	324.980165	33.594983
60	1	  0.001510	  0.005358	     -1.00	    767.61	    560.47	      3.09	      2.60	     54.07	     45.43	21.59	 1.308e-04	      3.29	0	Gaussian	323.180331	34.352825
61	1	  0.001465	  0.004804	     -1.00	    755.86	     81.26	      3.20	      2.74	     56.10	     47.89	26.48	 6.976e-05	      3.30	0	Gaussian	323.896207	36.466394
62	1	  0.001494	  0.005499	     -1.00	    249.52	    693.03	      2.73	      2.68	     47.81	     46.84	-45.01	 1.352e-04	      3.34	0	Gaussian	325.675986	33.260237
63	1	  0.001477	  0.004279	     -1.00	    455.39	    585.20	      3.26	      2.79	     57.01	     48.77	-26.89	 1.151e-04	      3.38	0	Gaussian	324.775951	33.938472
64	1	  0.001513	  0.004689	     -1.00	    320.43	    683.93	      3.24	      2.61	     56.62	     45.72	0.09	 1.493e-04	      3.39	0	Gaussian	325.328704	33.371870
65	1	  0.001532	  0.004636	     -1.00	    317.57	    486.37	      3.14	      2.66	     54.99	     46.55	31.77	 1.458e-04	      3.39	0	Gaussian	325.627513	34.228677
66	1	  0.001478	  0.004456	     -1.00	    230.02	     67.77	      2.95	      2.86	     51.71	     50.05	52.06	 9.817e-05	      3.40	0	Gaussian	326.711130	35.958547
67	1	  0.001496	  0.004514	     -1.00	    380.93	     30.05	      3.00	      2.85	     52.51	     49.81	37.31	 1.337e-04	      3.40	0	Gaussian	325.976302	36.292270
68	1	  0.001490	  0.004349	     -1.00	     58.95	    112.88	      3.34	      2.62	     58.40	     45.94	37.21	 1.067e-04	      3.41	0	Gaussian	327.526700	35.567578
69	1	  0.001477	  0.004019	     -1.00	    411.90	    597.95	      3.11	      3.02	     54.41	     52.89	30.95	 8.935e-05	      3.44	0	Gaussian	324.982233	33.838920
70	1	  0.001485	  0.004567	     -1.00	     90.53	    360.77	      3.06	      2.67	     53.49	     46.71	9.75	 1.017e-04	      3.45	0	Gaussian	326.977670	34.530261
71	1	  0.001503	  0.004357	     -1.00	    692.07	    613.14	      2.99	      2.72	     52.32	     47.64	37.24	 1.061e-04	      3.48	0	Gaussian	323.507234	34.048147
72	1	  0.001501	  0.004124	     -1.00	    342.07	    418.71	      3.25	      2.67	     56.83	     46.67	32.79	 9.087e-05	      3.48	0	Gaussian	325.599856	34.549443
73	1	  0.001478	  0.003864	     -1.00	    632.32	    617.19	      3.22	      2.84	     56.40	     49.77	8.80	 7.009e-05	      3.51	0	Gaussian	323.813897	33.972754
74	1	  0.001478	  0.003480	     -1.00	    632.57	    523.20	      3.35	      2.92	     58.58	     51.07	34.33	 8.405e-05	      3.54	0	Gaussian	323.940102	34.386711
75	1	  0.001486	  0.003964	     -1.00	    404.01	    313.94	      3.25	      2.53	     56.85	     44.29	34.01	 7.732e-05	      3.57	0	Gaussian	325.431372	35.072812
76	1	  0.000900	  0.003280	     -1.00	     19.00	    624.59	      3.17	      3.17	     55.51	     55.50	11.89	 7.399e-04	      3.59	0	Gaussian	326.937718	33.314547
77	1	  0.001549	  0.003505	     -1.00	    512.06	    131.73	      3.05	      2.96	     53.41	     51.88	39.06	 2.191e-04	      3.60	0	Gaussian	325.129791	35.987917
78	1	  0.001499	  0.003958	     -1.00	    269.57	    278.41	      3.13	      2.60	     54.79	     45.46	23.78	 9.785e-05	      3.60	0	Gaussian	326.183146	35.083982
79	1	  0.001471	  0.003685	     -1.00	    565.47	    424.80	      3.28	      2.71	     57.35	     47.41	21.30	 1.092e-04	      3.60	0	Gaussian	324.427894	34.753044
80	1	  0.001476	  0.002486	     -1.00	    181.22	    772.68	      4.40	      2.91	     77.07	     51.01	40.21	 8.212e-05	      3.60	0	Gaussian	325.905971	32.845889
81	1	  0.001465	  0.003302	     -1.00	    577.17	    206.65	      3.41	      2.83	     59.60	     49.51	25.02	 5.905e-05	      3.61	0	Gaussian	324.675469	35.726262
82	1	  0.001469	  0.003681	     -1.00	    431.94	     45.18	      3.14	      2.71	     54.99	     47.45	29.87	 6.990e-05	      3.63	0	Gaussian	325.683373	36.282050
83	1	  0.001499	  0.003805	     -1.00	    771.27	    299.51	      3.20	      2.61	     56.01	     45.73	20.55	 1.257e-04	      3.63	0	Gaussian	323.511139	35.512615
84	1	  0.001523	  0.003841	     -1.00	    473.91	    688.55	      3.13	      2.60	     54.72	     45.49	9.90	 1.277e-04	      3.63	0	Gaussian	324.536690	33.505047
85	1	  0.001463	  0.003049	     -1.00	    738.71	    161.82	      3.22	      3.19	     56.37	     55.90	-5.60	 7.143e-05	      3.64	0	Gaussian	323.875770	36.091061
86	1	  0.001482	  0.004045	     -1.00	    359.32	     81.30	      2.95	      2.62	     51.62	     45.79	22.61	 9.061e-05	      3.64	0	Gaussian	326.012451	36.043698
87	1	  0.001494	  0.002432	     -1.00	    230.70	    255.48	      4.14	      3.03	     72.44	     53.11	31.93	 8.682e-05	      3.65	0	Gaussian	326.419048	35.141440
88	1	  0.001445	  0.002773	     -1.00	    516.36	     30.85	      3.56	      3.03	     62.36	     53.00	9.19	 5.175e-05	      3.67	0	Gaussian	325.255756	36.437064
89	1	  0.001530	  0.003124	     -1.00	    308.61	    361.20	      3.28	      2.93	     57.41	     51.27	21.51	 1.467e-04	      3.70	0	Gaussian	325.857487	34.764947
90	1	  0.001482	  0.003451	     -1.00	    207.73	    283.57	      3.15	      2.76	     55.18	     48.25	29.09	 9.176e-05	      3.70	0	Gaussian	326.494952	34.994012
91	1	  0.001493	  0.002968	     -1.00	    258.92	    724.73	      3.21	      3.01	     56.18	     52.63	16.11	 1.090e-04	      3.70	0	Gaussian	325.582930	33.132440
92	1	  0.001506	  0.003459	     -1.00	    544.00	    379.36	      3.07	      2.65	     53.82	     46.46	12.23	 9.417e-05	      3.72	0	Gaussian	324.604491	34.931160
93	1	  0.001568	  0.003423	     -1.00	    529.92	    751.67	      2.95	      2.75	     51.61	     48.22	35.84	 2.823e-04	      3.74	0	Gaussian	324.162315	33.283773
94	1	  0.001467	  0.002982	     -1.00	    462.74	    428.71	      3.13	      3.00	     54.79	     52.54	33.15	 6.728e-05	      3.75	0	Gaussian	324.959288	34.631162
95	1	  0.001482	  0.002976	     -1.00	    737.83	    640.91	      3.16	      3.03	     55.34	     53.10	7.90	 8.265e-05	      3.76	0	Gaussian	323.230805	33.969227
96	1	  0.001489	  0.002040	     -1.00	    758.89	    541.16	      4.01	      3.26	     70.20	     57.02	-23.55	 8.302e-05	      3.79	0	Gaussian	323.251864	34.429939
97	1	  0.001529	  0.003325	     -1.00	    396.72	    429.70	      2.97	      2.73	     52.02	     47.73	28.80	 1.640e-04	      3.79	0	Gaussian	325.300949	34.558571
98	1	  0.001540	  0.003275	     -1.00	    176.00	    155.95	      3.16	      2.56	     55.39	     44.75	38.18	 2.960e-04	      3.80	0	Gaussian	326.854947	35.513757
99	1	  0.001501	  0.002895	     -1.00	    497.84	     73.98	      3.04	      2.97	     53.18	     52.07	23.92	 8.195e-05	      3.80	0	Gaussian	325.290436	36.227003
100	1	  0.001478	  0.003102	     -1.00	    240.18	     27.66	      3.23	      2.62	     56.62	     45.92	24.01	 7.198e-05	      3.84	0	Gaussian	326.720492	36.144976
101	1	  0.001502	  0.003035	     -1.00	    521.68	    589.53	      3.13	      2.68	     54.79	     46.96	24.55	 1.315e-04	      3.86	0	Gaussian	324.426897	33.985702
102	1	  0.001513	  0.002800	     -1.00	    553.28	    597.80	      3.35	      2.66	     58.56	     46.49	35.20	 9.806e-05	      3.87	0	Gaussian	324.251542	33.980685
103	1	  0.001509	  0.002786	     -1.00	    722.22	    392.03	      3.00	      2.97	     52.52	     51.91	-12.55	 1.020e-04	      3.89	0	Gaussian	323.646314	35.054129
104	1	  0.001453	  0.002733	     -1.00	    778.81	    317.36	      3.27	      2.74	     57.15	     47.97	23.56	 5.044e-05	      3.89	0	Gaussian	323.446485	35.440852
105	1	  0.001487	  0.003036	     -1.00	    361.99	    645.43	      3.11	      2.58	     54.48	     45.10	13.60	 8.632e-05	      3.90	0	Gaussian	325.171180	33.581407
106	1	  0.001474	  0.002424	     -1.00	    646.55	    443.18	      3.55	      2.76	     62.15	     48.34	34.66	 6.954e-05	      3.90	0	Gaussian	323.976292	34.753260
107	1	  0.001463	  0.002040	     -1.00	    678.52	    753.74	      3.73	      3.17	     65.37	     55.43	16.54	 4.560e-05	      3.91	0	Gaussian	323.391700	33.416330
108	1	  0.001457	  0.002236	     -1.00	     80.44	    123.87	      3.60	      2.95	     63.07	     51.60	25.12	 5.789e-05	      3.92	0	Gaussian	327.398672	35.544651
109	1	  0.001488	  0.002626	     -1.00	    427.14	    251.06	      3.00	      2.97	     52.50	     51.94	23.79	 1.007e-04	      3.94	0	Gaussian	325.402593	35.372969
110	1	  0.001468	  0.002753	     -1.00	    294.40	    299.49	      3.18	      2.73	     55.67	     47.86	25.88	 7.000e-05	      3.95	0	Gaussian	326.022856	35.018902
111	1	  0.001502	  0.002229	     -1.00	    490.58	    257.58	      3.47	      3.11	     60.76	     54.39	20.27	 1.244e-04	      3.95	0	Gaussian	325.059724	35.411390
112	1	  0.001468	  0.002437	     -1.00	    139.22	    354.61	      3.21	      2.98	     56.19	     52.08	37.04	 7.685e-05	      3.95	0	Gaussian	326.738607	34.610453
113	1	  0.001448	  0.001975	     -1.00	    421.41	     20.10	      3.65	      3.16	     63.84	     55.31	56.66	 4.985e-05	      3.96	0	Gaussian	325.777061	36.380681
114	1	  0.001550	  0.002168	     -1.00	    173.24	    147.19	      3.33	      3.18	     58.27	     55.71	45.87	 3.517e-04	      3.96	0	Gaussian	326.882848	35.548748
115	1	  0.001495	  0.002191	     -1.00	    295.05	    366.86	      3.35	      3.08	     58.64	     53.86	31.07	 7.916e-05	      3.98	0	Gaussian	325.919192	34.725793
116	1	  0.001513	  0.002611	     -1.00	    623.45	    690.36	      3.18	      2.75	     55.64	     48.05	19.11	 1.385e-04	      3.99	0	Gaussian	323.761608	33.642554
117	1	  0.001474	  0.002593	     -1.00	    204.34	    331.64	      3.25	      2.71	     56.84	     47.48	22.80	 6.408e-05	      3.99	0	Gaussian	326.439511	34.781282
118	1	  0.001499	  0.002463	     -1.00	    623.40	     45.41	      3.30	      2.82	     57.70	     49.31	15.39	 9.349e-05	      4.00	0	Gaussian	324.661315	36.487296
119	1	  0.001463	  0.002277	     -1.00	    494.51	    221.55	      3.43	      2.93	     60.06	     51.34	23.69	 5.077e-05	      4.01	0	Gaussian	325.091384	35.573927
120	1	  0.001480	  0.002412	     -1.00	    342.44	    431.49	      3.31	      2.82	     57.98	     49.27	27.05	 5.837e-05	      4.01	0	Gaussian	325.579287	34.494020
121	1	  0.001451	  0.002258	     -1.00	    508.40	    702.92	      3.51	      2.81	     61.50	     49.20	29.00	 5.184e-05	      4.01	0	Gaussian	324.339460	33.476080
122	1	  0.001484	  0.002424	     -1.00	    733.48	    400.00	      3.34	      2.60	     58.39	     45.59	25.87	 1.490e-04	      4.01	0	Gaussian	323.575762	35.029942
123	1	  0.001468	  0.000676	     -1.00	    492.30	     42.41	      8.50	      3.67	    148.86	     64.25	67.43	 7.628e-05	      4.02	0	Gaussian	325.366822	36.360061
124	1	  0.001478	  0.002611	     -1.00	    236.05	     81.35	      3.10	      2.67	     54.26	     46.66	11.18	 7.656e-05	      4.02	0	Gaussian	326.658578	35.906112
125	1	  0.001541	  0.002292	     -1.00	     52.71	     57.11	      3.41	      2.76	     59.68	     48.37	42.51	 1.495e-04	      4.02	0	Gaussian	327.647849	35.801858
126	1	  0.001471	  0.002188	     -1.00	    543.52	    708.60	      3.49	      2.89	     61.10	     50.52	26.71	 6.880e-05	      4.03	0	Gaussian	324.150643	33.485449
127	1	  0.001488	  0.002411	     -1.00	    346.11	    522.31	      3.22	      2.70	     56.39	     47.32	9.20	 7.657e-05	      4.06	0	Gaussian	325.428614	34.101690
128	1	  0.001461	  0.001766	     -1.00	    664.22	    400.94	      3.90	      3.04	     68.23	     53.17	26.52	 4.703e-05	      4.06	0	Gaussian	323.941216	34.957291
129	1	  0.001508	  0.001992	     -1.00	    138.17	    288.52	      3.62	      2.98	     63.31	     52.15	28.54	 1.366e-04	      4.07	0	Gaussian	326.845167	34.895858
130	1	  0.001486	  0.002290	     -1.00	    667.45	    415.92	      3.35	      2.62	     58.65	     45.79	6.28	 6.558e-05	      4.08	0	Gaussian	323.903577	34.894329
131	1	  0.001472	  0.001738	     -1.00	    412.98	    551.10	      3.63	      3.29	     63.62	     57.61	38.90	 6.452e-05	      4.08	0	Gaussian	325.042963	34.044612
132	1	  0.001498	  0.002255	     -1.00	    297.28	    192.18	      3.18	      2.90	     55.65	     50.80	30.65	 1.600e-04	      4.09	0	Gaussian	326.169334	35.490455
133	1	  0.001483	  0.002291	     -1.00	    542.08	    221.43	      3.30	      2.74	     57.70	     48.03	6.24	 7.904e-05	      4.10	0	Gaussian	324.840150	35.624457
134	1	  0.001466	  0.002142	     -1.00	    683.26	     81.78	      3.31	      2.85	     57.91	     49.86	26.18	 5.340e-05	      4.10	0	Gaussian	324.287118	36.389039
135	1	  0.001501	  0.001360	     -1.00	     70.11	    605.71	      3.93	      3.76	     68.79	     65.84	55.27	 1.102e-04	      4.11	0	Gaussian	326.709650	33.450380
136	1	  0.001481	  0.002413	     -1.00	     45.62	    652.63	      3.14	      2.70	     54.96	     47.31	28.45	 8.920e-05	      4.11	0	Gaussian	326.762383	33.222291
137	1	  0.001489	  0.001621	     -1.00	     64.21	     85.09	      3.84	      3.07	     67.13	     53.72	52.39	 6.935e-05	      4.13	0	Gaussian	327.543855	35.693972
138	1	  0.001459	  0.001317	     -1.00	    208.81	     45.25	      4.78	      3.22	     83.74	     56.37	0.48	 7.992e-05	      4.14	0	Gaussian	326.856939	36.032697
139	1	  0.001461	  0.001965	     -1.00	    736.66	    343.21	      3.54	      2.92	     61.91	     51.14	15.94	 5.074e-05	      4.14	0	Gaussian	323.636191	35.284586
140	1	  0.001480	  0.001811	     -1.00	    149.53	    650.16	      3.61	      2.95	     63.22	     51.65	32.44	 8.801e-05	      4.15	0	Gaussian	326.243798	33.342378
141	1	  0.001481	  0.002167	     -1.00	    257.93	    536.41	      3.29	      2.72	     57.65	     47.60	14.69	 8.277e-05	      4.15	0	Gaussian	325.860215	33.948601
142	1	  0.001514	  0.002098	     -1.00	    508.54	    375.32	      3.30	      2.86	     57.78	     50.02	25.18	 1.205e-04	      4.16	0	Gaussian	324.796217	34.912585
143	1	  0.001484	  0.001829	     -1.00	    564.71	    748.43	      3.44	      3.18	     60.22	     55.71	20.76	 6.010e-05	      4.16	0	Gaussian	323.987499	33.331443
144	1	  0.001466	  0.001780	     -1.00	    364.05	    764.00	      3.74	      2.86	     65.48	     50.05	32.68	 6.090e-05	      4.16	0	Gaussian	324.993912	33.067537
145	1	  0.001452	  0.001795	     -1.00	    236.23	    158.36	      3.60	      2.87	     63.07	     50.30	20.29	 6.057e-05	      4.17	0	Gaussian	326.538744	35.570596
146	1	  0.001464	  0.001768	     -1.00	     38.72	    562.29	      3.50	      3.04	     61.34	     53.15	13.89	 6.688e-05	      4.18	0	Gaussian	326.932789	33.603864
147	1	  0.001459	  0.001638	     -1.00	    524.62	    452.77	      3.65	      3.09	     63.80	     54.03	44.67	 6.854e-05	      4.18	0	Gaussian	324.602453	34.588780
148	1	  0.001486	  0.001634	     -1.00	     49.38	    276.33	      3.66	      3.12	     63.98	     54.64	13.21	 8.124e-05	      4.19	0	Gaussian	327.318203	34.849574
149	1	  0.001496	  0.002009	     -1.00	    738.04	    623.70	      3.35	      2.81	     58.61	     49.16	11.29	 7.068e-05	      4.19	0	Gaussian	323.252338	34.045367
150	1	  0.001475	  0.000721	     -1.00	    446.75	    104.27	      6.03	      4.25	    105.54	     74.45	41.07	 6.790e-05	      4.19	0	Gaussian	325.516453	36.038504
151	1	  0.001513	  0.001977	     -1.00	    189.23	    527.65	      3.45	      2.70	     60.47	     47.29	28.88	 1.590e-04	      4.20	0	Gaussian	326.223416	33.914320
152	1	  0.001467	  0.001992	     -1.00	    294.12	     45.46	      3.40	      2.77	     59.47	     48.45	9.35	 5.735e-05	      4.20	0	Gaussian	326.410055	36.128049
153	1	  0.001487	  0.002004	     -1.00	    331.23	    613.06	      3.48	      2.72	     60.84	     47.54	10.81	 7.508e-05	      4.20	0	Gaussian	325.374608	33.691057
154	1	  0.001489	  0.001953	     -1.00	    642.51	    356.63	      3.39	      2.87	     59.41	     50.22	22.28	 5.667e-05	      4.21	0	Gaussian	324.117309	35.131202
155	1	  0.001443	  0.001619	     -1.00	    637.59	     78.73	      3.61	      3.10	     63.10	     54.27	9.89	 3.880e-05	      4.22	0	Gaussian	324.536920	36.354795
156	1	  0.001483	  0.001774	     -1.00	    240.59	    491.59	      3.53	      2.91	     61.81	     51.02	15.62	 6.815e-05	      4.22	0	Gaussian	326.014734	34.125119
157	1	  0.001464	  0.000837	     -1.00	    362.53	    232.69	      4.68	      4.61	     81.94	     80.67	0.55	 5.479e-05	      4.23	0	Gaussian	325.767952	35.384266
158	1	  0.001482	  0.001804	     -1.00	    575.29	    735.22	      3.34	      3.03	     58.54	     53.10	-4.85	 7.029e-05	      4.24	0	Gaussian	323.950706	33.399485
159	1	  0.001472	  0.001790	     -1.00	    782.55	    560.79	      3.41	      3.04	     59.64	     53.25	6.66	 8.140e-05	      4.24	0	Gaussian	323.101109	34.365651
160	1	  0.001470	  0.001990	     -1.00	    536.96	    349.32	      3.21	      2.75	     56.24	     48.13	10.41	 6.652e-05	      4.25	0	Gaussian	324.684043	35.056111
161	1	  0.001494	  0.001446	     -1.00	    131.19	    519.84	      4.26	      2.79	     74.61	     48.79	15.13	 7.263e-05	      4.26	0	Gaussian	326.529856	33.886353
162	1	  0.001475	  0.001623	     -1.00	    600.84	    252.78	      3.55	      2.97	     62.12	     51.98	6.46	 7.148e-05	      4.26	0	Gaussian	324.483963	35.547262
163	1	  0.001466	  0.001746	     -1.00	    709.66	    533.59	      3.48	      2.98	     60.94	     52.23	22.59	 4.754e-05	      4.26	0	Gaussian	323.521295	34.416036
164	1	  0.001466	  0.001099	     -1.00	    207.99	    248.15	      5.03	      3.11	     88.06	     54.37	31.12	 5.637e-05	      4.28	0	Gaussian	326.547605	35.148332
165	1	  0.001461	  0.001989	     -1.00	     76.07	    413.34	      3.30	      2.68	     57.78	     46.83	18.92	 7.048e-05	      4.28	0	Gaussian	326.970650	34.287080
166	1	  0.001487	  0.000712	     -1.00	    206.49	    500.46	      7.06	      3.40	    123.49	     59.44	35.34	 8.163e-05	      4.30	0	Gaussian	326.175770	34.050495
167	1	  0.001498	  0.001717	     -1.00	    721.46	    660.87	      3.56	      2.80	     62.27	     49.09	14.31	 6.935e-05	      4.31	0	Gaussian	323.290195	33.865701
168	1	  0.001469	  0.001674	     -1.00	    465.24	    496.75	      3.58	      2.82	     62.67	     49.30	17.50	 5.827e-05	      4.31	0	Gaussian	324.849582	34.335562
169	1	  0.001451	  0.001434	     -1.00	    278.54	    173.96	      3.84	      3.05	     67.25	     53.46	3.28	 5.389e-05	      4.31	0	Gaussian	326.294665	35.549399
170	1	  0.001468	  0.001541	     -1.00	    174.98	    215.06	      3.67	      2.90	     64.18	     50.78	4.40	 5.244e-05	      4.33	0	Gaussian	326.768835	35.255673
171	1	  0.001505	  0.001720	     -1.00	    121.23	    713.81	      3.59	      2.66	     62.90	     46.58	14.54	 1.091e-04	      4.33	0	Gaussian	326.292763	33.038155
172	1	  0.001522	  0.001593	     -1.00	     60.50	     67.53	      3.48	      2.93	     60.91	     51.23	9.29	 2.054e-04	      4.34	0	Gaussian	327.590986	35.765749
173	1	  0.001442	  0.000922	     -1.00	    763.75	    491.93	      5.48	      3.19	     95.86	     55.90	-10.92	 4.388e-05	      4.34	0	Gaussian	323.291649	34.652397
174	1	  0.001490	  0.001687	     -1.00	    503.03	     12.71	      3.53	      2.80	     61.76	     49.08	5.83	 1.072e-04	      4.35	0	Gaussian	325.353858	36.502526
175	1	  0.001493	  0.001569	     -1.00	     93.57	     59.98	      3.54	      2.98	     61.99	     52.09	10.87	 1.289e-04	      4.35	0	Gaussian	327.432286	35.836697
176	1	  0.001501	  0.001611	     -1.00	    510.11	     77.92	      3.40	      2.92	     59.54	     51.10	16.26	 7.162e-05	      4.36	0	Gaussian	325.219333	36.222838
177	1	  0.001532	  0.001678	     -1.00	    112.86	    143.28	      3.38	      2.79	     59.17	     48.83	11.70	 1.341e-04	      4.36	0	Gaussian	327.201022	35.497460
178	1	  0.001464	  0.001580	     -1.00	    176.53	    445.58	      3.68	      2.71	     64.38	     47.35	12.63	 6.333e-05	      4.37	0	Gaussian	326.410451	34.256556
179	1	  0.001458	  0.001562	     -1.00	    567.41	     47.02	      3.51	      2.98	     61.47	     52.16	8.36	 5.643e-05	      4.39	0	Gaussian	324.959074	36.420606
180	1	  0.001461	  0.001606	     -1.00	    481.87	    582.48	      3.38	      2.89	     59.10	     50.64	11.64	 5.923e-05	      4.39	0	Gaussian	324.642889	33.976919
181	1	  0.001452	  0.000929	     -1.00	    520.09	    361.11	      4.55	      3.50	     79.65	     61.24	-30.48	 4.521e-05	      4.39	0	Gaussian	324.755873	34.986925
182	1	  0.001459	  0.000244	     -1.00	    177.80	     57.01	     10.51	      6.01	    183.97	    105.22	-83.11	 6.303e-05	      4.40	0	Gaussian	327.000103	35.946183
183	1	  0.001471	  0.001468	     -1.00	    435.62	    159.28	      3.52	      3.06	     61.57	     53.55	20.53	 9.056e-05	      4.41	0	Gaussian	325.493435	35.784823
184	1	  0.001465	  0.001487	     -1.00	    439.29	    619.37	      3.51	      3.08	     61.40	     53.88	18.89	 5.896e-05	      4.41	0	Gaussian	324.811096	33.772918
185	1	  0.001462	  0.001409	     -1.00	    450.44	    134.00	      3.58	      3.16	     62.73	     55.24	2.89	 4.642e-05	      4.41	0	Gaussian	325.452694	35.911828
186	1	  0.001459	  0.001367	     -1.00	    489.60	    271.23	      3.65	      3.12	     63.89	     54.54	26.22	 4.809e-05	      4.43	0	Gaussian	325.045112	35.350356
187	1	  0.001460	  0.001683	     -1.00	     37.58	    633.48	      3.34	      2.49	     58.52	     43.60	-21.48	 7.597e-05	      4.45	0	Gaussian	326.831288	33.296153
188	1	  0.001524	  0.001481	     -1.00	    586.32	    154.24	      3.41	      3.05	     59.72	     53.38	21.92	 1.798e-04	      4.45	0	Gaussian	324.702202	35.967156
189	1	  0.001484	  0.000662	     -1.00	    596.52	    137.93	      6.79	      3.23	    118.84	     56.47	66.76	 1.493e-04	      4.46	0	Gaussian	324.671353	36.049893
190	1	  0.001483	  0.001615	     -1.00	    448.14	    150.17	      3.20	      2.78	     56.09	     48.62	9.39	 9.078e-05	      4.46	0	Gaussian	325.440912	35.838312
191	1	  0.001490	  0.001531	     -1.00	    674.74	    491.62	      3.40	      2.90	     59.55	     50.73	23.09	 1.150e-04	      4.47	0	Gaussian	323.761704	34.567330
192	1	  0.001520	  0.001444	     -1.00	    634.81	     49.94	      3.63	      2.68	     63.53	     46.92	2.26	 1.609e-04	      4.48	0	Gaussian	324.593452	36.479318
193	1	  0.001493	  0.001446	     -1.00	     77.97	    177.16	      3.38	      2.86	     59.16	     50.13	19.28	 1.467e-04	      4.49	0	Gaussian	327.327296	35.310964
194	1	  0.001462	  0.001396	     -1.00	    103.36	    120.97	      3.28	      3.21	     57.45	     56.13	-70.05	 6.331e-05	      4.49	0	Gaussian	327.285130	35.583410
195	1	  0.001508	  0.001558	     -1.00	    137.66	    299.06	      3.25	      2.89	     56.87	     50.51	26.78	 1.527e-04	      4.49	0	Gaussian	326.831573	34.849564
196	1	  0.001490	  0.001445	     -1.00	    550.16	    170.47	      3.56	      2.80	     62.27	     48.97	1.66	 5.616e-05	      4.50	0	Gaussian	324.871011	35.857545
197	1	  0.001460	  0.001283	     -1.00	    229.54	    681.79	      3.65	      3.12	     63.94	     54.53	23.02	 7.186e-05	      4.51	0	Gaussian	325.793379	33.288432
198	1	  0.001483	  0.001238	     -1.00	    304.90	    394.43	      3.66	      3.08	     64.13	     53.89	-6.62	 6.326e-05	      4.51	0	Gaussian	325.827512	34.616077
199	1	  0.001507	  0.001592	     -1.00	    339.14	    215.66	      3.25	      2.69	     56.80	     47.06	14.25	 1.357e-04	      4.52	0	Gaussian	325.915609	35.433486
200	1	  0.001483	  0.001256	     -1.00	    195.52	     36.92	      3.63	      2.97	     63.52	     51.92	28.87	 9.608e-05	      4.53	0	Gaussian	326.939337	36.053839
201	1	  0.001462	  0.000934	     -1.00	    404.12	    178.49	      4.71	      3.09	     82.53	     54.11	18.72	 4.669e-05	      4.54	0	Gaussian	325.630714	35.666577
202	1	  0.001504	  0.001670	     -1.00	    342.23	    792.60	      3.12	      2.65	     54.67	     46.31	30.74	 1.222e-04	      4.54	0	Gaussian	325.064779	32.921637
203	1	  0.001454	  0.001467	     -1.00	    699.05	    161.18	      3.41	      2.78	     59.66	     48.67	5.79	 4.526e-05	      4.55	0	Gaussian	324.089698	36.053403
204	1	  0.001517	  0.001522	     -1.00	     64.19	    765.85	      3.52	      2.58	     61.66	     45.09	21.50	 1.039e-04	      4.56	0	Gaussian	326.501744	32.754828
205	1	  0.001505	  0.000926	     -1.00	    412.10	    701.44	      4.73	      3.09	     82.87	     54.09	11.33	 1.075e-04	      4.56	0	Gaussian	324.835964	33.387616
206	1	  0.001489	  0.001480	     -1.00	    788.04	    722.44	      3.28	      2.77	     57.49	     48.43	10.23	 7.364e-05	      4.57	0	Gaussian	322.861630	33.656277
207	1	  0.001455	  0.001150	     -1.00	    523.75	    697.40	      3.74	      3.06	     65.48	     53.50	21.93	 4.304e-05	      4.58	0	Gaussian	324.267914	33.515221
208	1	  0.001479	  0.000426	     -1.00	    202.21	    383.83	      7.51	      3.94	    131.41	     68.88	74.89	 7.434e-05	      4.58	0	Gaussian	326.371764	34.552205
209	1	  0.001451	  0.000806	     -1.00	    772.80	     37.02	      4.61	      3.42	     80.71	     59.88	21.97	 7.655e-05	      4.60	0	Gaussian	323.866703	36.680539
210	1	  0.001455	  0.001157	     -1.00	    357.49	    706.68	      3.84	      2.86	     67.23	     50.00	0.37	 4.975e-05	      4.61	0	Gaussian	325.107646	33.310276
211	1	  0.001465	  0.001325	     -1.00	    300.97	    159.69	      3.63	      2.76	     63.49	     48.26	9.54	 4.917e-05	      4.61	0	Gaussian	326.199381	35.636430
212	1	  0.001454	  0.001203	     -1.00	    665.50	    102.03	      3.54	      2.91	     61.93	     50.89	4.53	 4.274e-05	      4.63	0	Gaussian	324.353676	36.280831
213	1	  0.001479	  0.001347	     -1.00	    145.52	     50.10	      3.50	      2.72	     61.20	     47.64	2.74	 6.055e-05	      4.65	0	Gaussian	327.178774	35.939313
214	1	  0.001456	  0.001170	     -1.00	    427.38	    681.04	      3.44	      2.93	     60.19	     51.29	-45.10	 6.493e-05	      4.66	0	Gaussian	324.786096	33.491800
215	1	  0.001470	  0.001007	     -1.00	    194.95	    299.00	      3.70	      3.25	     64.69	     56.93	25.44	 7.834e-05	      4.66	0	Gaussian	326.537313	34.912889
216	1	  0.001501	  0.001481	     -1.00	     32.18	    656.33	      2.88	      2.72	     50.46	     47.65	36.26	 9.108e-05	      4.66	0	Gaussian	326.824111	33.192090
217	1	  0.001523	  0.001296	     -1.00	    295.56	    182.99	      3.56	      2.65	     62.24	     46.33	3.15	 2.600e-04	      4.66	0	Gaussian	326.192212	35.528702
218	1	  0.001494	  0.001370	     -1.00	    143.72	    334.88	      3.08	      2.91	     53.99	     50.92	-2.13	 7.882e-05	      4.66	0	Gaussian	326.745699	34.700931
219	1	  0.001466	  0.001653	     -1.00	     24.07	    733.16	      2.71	      2.57	     47.50	     45.03	-61.64	 8.657e-05	      4.67	0	Gaussian	326.750032	32.853358
220	1	  0.001469	  0.001258	     -1.00	    328.08	     92.18	      3.44	      2.85	     60.22	     49.88	10.96	 4.896e-05	      4.68	0	Gaussian	326.160123	35.961557
221	1	  0.001495	  0.001327	     -1.00	    330.98	    688.82	      3.30	      2.75	     57.72	     48.21	21.04	 1.337e-04	      4.68	0	Gaussian	325.268033	33.361269
222	1	  0.001478	  0.001295	     -1.00	     56.93	    411.03	      3.02	      3.00	     52.79	     52.54	-18.28	 7.081e-05	      4.68	0	Gaussian	327.071301	34.276026
223	1	  0.001491	  0.001335	     -1.00	    790.60	    338.95	      3.36	      2.65	     58.75	     46.34	5.61	 1.383e-04	      4.68	0	Gaussian	323.354230	35.356601
224	1	  0.001460	  0.001223	     -1.00	    516.94	    204.50	      3.54	      2.77	     62.04	     48.41	11.56	 4.134e-05	      4.68	0	Gaussian	324.997718	35.672641
225	1	  0.001460	  0.001153	     -1.00	    694.14	    757.21	      3.47	      2.97	     60.80	     51.96	9.35	 4.195e-05	      4.69	0	Gaussian	323.306029	33.415729
226	1	  0.001485	  0.001462	     -1.00	    247.19	    704.51	      3.26	      2.51	     57.03	     43.91	9.19	 1.662e-04	      4.69	0	Gaussian	325.671261	33.208110
227	1	  0.001470	  0.001423	     -1.00	     82.02	    321.30	      3.04	      2.65	     53.28	     46.35	12.16	 6.237e-05	      4.69	0	Gaussian	327.081847	34.691583
228	1	  0.001495	  0.001070	     -1.00	    714.29	    354.66	      3.60	      3.23	     63.08	     56.47	12.05	 7.408e-05	      4.70	0	Gaussian	323.739504	35.211683
229	1	  0.001440	  0.001160	     -1.00	    706.86	     44.46	      3.56	      2.85	     62.33	     49.81	-0.99	 3.317e-05	      4.70	0	Gaussian	324.213142	36.579193
230	1	  0.001458	  0.001044	     -1.00	    379.60	    522.28	      3.86	      2.76	     67.52	     48.24	31.62	 5.136e-05	      4.71	0	Gaussian	325.256233	34.136344
231	1	  0.001495	  0.001225	     -1.00	    642.93	    103.04	      3.37	      2.78	     59.02	     48.62	8.95	 1.496e-04	      4.71	0	Gaussian	324.473308	36.252823
232	1	  0.001466	  0.001050	     -1.00	    258.30	    629.38	      3.56	      3.20	     62.24	     55.92	37.15	 6.071e-05	      4.72	0	Gaussian	325.723153	33.545291
233	1	  0.001456	  0.001094	     -1.00	    312.79	    111.15	      3.56	      2.94	     62.38	     51.39	13.25	 5.255e-05	      4.72	0	Gaussian	326.211406	35.861629
234	1	  0.001459	  0.000549	     -1.00	    567.14	    597.24	      6.80	      2.93	    119.04	     51.31	47.90	 6.527e-05	      4.72	0	Gaussian	324.180318	33.996810
235	1	  0.001473	  0.001043	     -1.00	    705.96	     85.18	      3.79	      3.02	     66.30	     52.81	13.26	 8.325e-05	      4.72	0	Gaussian	324.160022	36.397548
236	1	  0.001481	  0.001161	     -1.00	    732.61	    562.51	      3.51	      2.96	     61.36	     51.76	19.86	 7.058e-05	      4.72	0	Gaussian	323.361953	34.310398
237	1	  0.001512	  0.001302	     -1.00	     62.40	     53.76	      3.33	      2.75	     58.28	     48.22	11.26	 1.897e-04	      4.73	0	Gaussian	327.603254	35.827606
238	1	  0.001462	  0.001309	     -1.00	     34.87	    603.37	      3.17	      2.72	     55.45	     47.62	10.27	 6.633e-05	      4.74	0	Gaussian	326.890169	33.422858
239	1	  0.001479	  0.001082	     -1.00	     82.67	     73.83	      3.64	      3.06	     63.75	     53.49	14.27	 5.609e-05	      4.74	0	Gaussian	327.466595	35.764045
240	1	  0.001457	  0.001115	     -1.00	    463.35	    389.64	      3.46	      2.98	     60.57	     52.21	37.60	 5.254e-05	      4.74	0	Gaussian	325.011993	34.803093
241	1	  0.001460	  0.001182	     -1.00	     91.55	    235.73	      3.44	      2.85	     60.16	     49.91	21.47	 5.471e-05	      4.75	0	Gaussian	327.165890	35.072646
242	1	  0.001446	  0.001264	     -1.00	    115.46	    738.97	      2.89	      2.82	     50.50	     49.29	-19.59	 5.913e-05	      4.75	0	Gaussian	326.284881	32.923713
243	1	  0.001471	  0.001100	     -1.00	    511.40	    161.12	      3.38	      3.12	     59.10	     54.62	24.09	 6.127e-05	      4.75	0	Gaussian	325.090196	35.857759
244	1	  0.001511	  0.001085	     -1.00	    635.89	    108.67	      3.52	      2.85	     61.67	     49.90	-6.30	 1.474e-04	      4.76	0	Gaussian	324.502974	36.220504
245	1	  0.001485	  0.001229	     -1.00	    726.32	    641.63	      3.32	      2.80	     58.11	     49.02	13.26	 8.293e-05	      4.77	0	Gaussian	323.290126	33.955143
246	1	  0.001482	  0.001006	     -1.00	    187.28	    147.05	      3.70	      3.01	     64.75	     52.71	11.54	 1.379e-04	      4.77	0	Gaussian	326.810356	35.565139
247	1	  0.001467	  0.001097	     -1.00	     77.50	    669.88	      3.50	      3.00	     61.33	     52.57	26.38	 7.416e-05	      4.78	0	Gaussian	326.576934	33.181729
248	1	  0.001467	  0.001030	     -1.00	    357.29	    607.84	      3.57	      2.97	     62.49	     52.02	21.64	 5.439e-05	      4.79	0	Gaussian	325.248619	33.740379
249	1	  0.001449	  0.000786	     -1.00	    572.17	    364.74	      4.27	      3.09	     74.74	     54.07	54.49	 4.142e-05	      4.79	0	Gaussian	324.477080	35.024249
250	1	  0.001597	  0.001303	     -1.00	    272.63	    738.44	      3.01	      2.74	     52.74	     47.89	29.66	 5.767e-04	      4.79	0	Gaussian	325.493919	33.086892
251	1	  0.001459	  0.000460	     -1.00	     44.05	    679.82	      6.17	      3.75	    107.94	     65.58	30.08	 6.320e-05	      4.80	0	Gaussian	326.729631	33.103640
252	1	  0.001486	  0.001373	     -1.00	    171.69	    694.39	      3.04	      2.59	     53.29	     45.28	21.30	 7.403e-05	      4.80	0	Gaussian	326.067347	33.174306
253	1	  0.001508	  0.001170	     -1.00	    125.96	    300.40	      3.31	      2.70	     57.93	     47.33	5.79	 8.920e-05	      4.81	0	Gaussian	326.889472	34.830820
254	1	  0.001472	  0.000856	     -1.00	    284.48	    484.95	      3.78	      3.31	     66.13	     57.97	-31.07	 8.461e-05	      4.81	0	Gaussian	325.799569	34.200202
255	1	  0.001463	  0.001035	     -1.00	    791.74	    753.69	      3.53	      3.06	     61.75	     53.53	21.41	 4.064e-05	      4.81	0	Gaussian	322.802120	33.521753
256	1	  0.001497	  0.000866	     -1.00	     59.58	    617.84	      4.18	      2.70	     73.14	     47.22	-19.95	 1.517e-04	      4.81	0	Gaussian	326.744427	33.386911
257	1	  0.001476	  0.001029	     -1.00	    448.50	    485.31	      3.48	      2.82	     60.83	     49.37	-5.34	 8.537e-05	      4.82	0	Gaussian	324.952662	34.368606
258	1	  0.001465	  0.000713	     -1.00	    471.44	     71.10	      4.28	      3.42	     74.94	     59.78	-23.25	 7.648e-05	      4.82	0	Gaussian	325.434986	36.211113
259	1	  0.001447	  0.000974	     -1.00	    464.39	    649.55	      3.67	      2.97	     64.26	     52.02	30.41	 4.895e-05	      4.82	0	Gaussian	324.639705	33.666076
260	1	  0.001481	  0.000673	     -1.00	    331.13	    298.27	      5.18	      2.79	     90.60	     48.88	46.68	 8.047e-05	      4.83	0	Gaussian	325.834026	35.063763
261	1	  0.001467	  0.000995	     -1.00	    272.71	    329.66	      3.72	      2.68	     65.07	     46.99	-12.38	 7.021e-05	      4.84	0	Gaussian	326.090036	34.863991
262	1	  0.001515	  0.001169	     -1.00	    191.83	     24.38	      3.33	      2.56	     58.33	     44.76	3.33	 9.574e-05	      4.84	0	Gaussian	326.978277	36.104259
263	1	  0.001457	  0.000656	     -1.00	    383.61	    195.71	      4.66	      3.26	     81.62	     57.10	-9.21	 5.172e-05	      4.84	0	Gaussian	325.712710	35.568955
264	1	  0.001506	  0.000900	     -1.00	    402.49	    628.93	      3.64	      3.08	     63.70	     54.00	1.20	 1.234e-04	      4.84	0	Gaussian	324.986893	33.694202
265	1	  0.001472	  0.001024	     -1.00	    112.01	    592.76	      3.69	      2.81	     64.63	     49.23	8.11	 5.998e-05	      4.85	0	Gaussian	326.517981	33.550770
266	1	  0.001475	  0.000968	     -1.00	    613.75	    743.78	      3.54	      3.13	     62.02	     54.87	25.67	 8.607e-05	      4.85	0	Gaussian	323.740470	33.398783
267	1	  0.001456	  0.001000	     -1.00	    268.77	    212.31	      3.76	      2.66	     65.76	     46.53	1.84	 6.522e-05	      4.85	0	Gaussian	326.287238	35.371350
268	1	  0.001487	  0.001015	     -1.00	    107.39	    102.21	      3.42	      3.05	     59.94	     53.37	12.87	 8.202e-05	      4.86	0	Gaussian	327.293902	35.669387
269	1	  0.001513	  0.001075	     -1.00	    107.04	    155.92	      3.30	      2.85	     57.79	     49.86	-1.74	 1.407e-04	      4.86	0	Gaussian	327.211177	35.436040
270	1	  0.001457	  0.000979	     -1.00	    556.95	    256.58	      3.64	      2.97	     63.64	     51.99	13.30	 4.522e-05	      4.86	0	Gaussian	324.710974	35.485072
271	1	  0.001474	  0.001056	     -1.00	    103.48	    512.46	      3.52	      2.79	     61.70	     48.81	20.38	 5.937e-05	      4.86	0	Gaussian	326.681302	33.888507
272	1	  0.001463	  0.000977	     -1.00	    428.31	    190.11	      3.57	      3.10	     62.43	     54.25	-2.18	 3.695e-05	      4.87	0	Gaussian	325.486269	35.641645
273	1	  0.001439	  0.000845	     -1.00	    772.30	    188.08	      3.81	      3.08	     66.66	     53.94	4.26	 3.503e-05	      4.87	0	Gaussian	323.658580	36.008434
274	1	  0.001465	  0.000876	     -1.00	     87.58	    515.42	      4.37	      2.59	     76.45	     45.33	0.90	 5.646e-05	      4.87	0	Gaussian	326.757271	33.858630
275	1	  0.001592	  0.001453	     -1.00	    406.14	    420.60	      2.87	      2.30	     50.19	     40.30	10.48	 4.422e-04	      4.87	0	Gaussian	325.265211	34.608139
276	1	  0.001465	  0.001079	     -1.00	    775.82	    398.66	      3.34	      2.74	     58.53	     47.96	1.92	 4.118e-05	      4.87	0	Gaussian	323.352559	35.077279
277	1	  0.001476	  0.000616	     -1.00	    405.99	    442.11	      4.87	      3.27	     85.28	     57.20	67.03	 8.204e-05	      4.87	0	Gaussian	325.234961	34.513899
278	1	  0.001509	  0.000986	     -1.00	    299.32	     21.79	      3.50	      2.86	     61.26	     50.12	1.82	 1.079e-04	      4.88	0	Gaussian	326.419328	36.237393
279	1	  0.001448	  0.000703	     -1.00	    455.46	     22.62	      4.68	      2.96	     81.86	     51.72	34.56	 4.806e-05	      4.89	0	Gaussian	325.592395	36.406991
280	1	  0.001492	  0.000997	     -1.00	    597.73	    264.82	      3.45	      2.84	     60.44	     49.65	0.51	 1.163e-04	      4.89	0	Gaussian	324.483354	35.490894
281	1	  0.001467	  0.000756	     -1.00	    776.01	    739.21	      4.53	      2.68	     79.22	     46.97	2.28	 5.867e-05	      4.90	0	Gaussian	322.902905	33.571185
282	1	  0.001482	  0.000624	     -1.00	    726.85	    676.06	      4.51	      3.34	     78.89	     58.54	27.78	 8.353e-05	      4.90	0	Gaussian	323.242018	33.803789
283	1	  0.001506	  0.001081	     -1.00	     80.74	    185.88	      3.32	      2.83	     58.18	     49.46	24.02	 1.945e-04	      4.91	0	Gaussian	327.299384	35.276336
284	1	  0.001469	  0.000941	     -1.00	     79.42	    461.59	      3.62	      2.97	     63.40	     52.01	28.35	 6.445e-05	      4.92	0	Gaussian	326.880054	34.082285
285	1	  0.001473	  0.000998	     -1.00	    445.97	    746.94	      3.29	      2.92	     57.54	     51.13	21.25	 8.262e-05	      4.92	0	Gaussian	324.599555	33.222674
286	1	  0.001481	  0.001152	     -1.00	     61.89	    644.50	      2.89	      2.65	     50.51	     46.33	41.75	 7.180e-05	      4.92	0	Gaussian	326.692970	33.274525
287	1	  0.001480	  0.001093	     -1.00	    753.15	    170.19	      3.19	      2.73	     55.79	     47.75	3.29	 7.961e-05	      4.92	0	Gaussian	323.786454	36.068560
288	1	  0.001491	  0.000971	     -1.00	    399.04	    709.07	      3.24	      3.01	     56.69	     52.71	28.19	 8.527e-05	      4.93	0	Gaussian	324.892146	33.341360
289	1	  0.001475	  0.000997	     -1.00	    411.28	    247.52	      3.56	      2.67	     62.26	     46.67	3.65	 9.501e-05	      4.93	0	Gaussian	325.490901	35.371579
290	1	  0.001454	  0.000799	     -1.00	    472.29	    155.09	      3.96	      2.97	     69.26	     51.93	-5.84	 3.955e-05	      4.94	0	Gaussian	325.306034	35.842607
291	1	  0.001474	  0.000868	     -1.00	    639.43	    603.53	      3.80	      2.95	     66.43	     51.61	13.52	 5.643e-05	      4.94	0	Gaussian	323.795214	34.039751
292	1	  0.001458	  0.000591	     -1.00	    704.69	    391.96	      4.40	      3.55	     76.96	     62.15	-31.63	 5.388e-05	      4.96	0	Gaussian	323.739354	35.037136
293	1	  0.001440	  0.000919	     -1.00	    616.99	    276.66	      3.57	      2.88	     62.49	     50.48	1.20	 3.163e-05	      4.96	0	Gaussian	324.364508	35.458391
294	1	  0.001470	  0.000972	     -1.00	    522.80	    664.13	      3.48	      2.79	     60.84	     48.90	13.96	 4.185e-05	      4.96	0	Gaussian	324.318306	33.659943
295	1	  0.001469	  0.000821	     -1.00	    319.10	    128.29	      3.91	      2.82	     68.41	     49.36	10.84	 5.877e-05	      4.96	0	Gaussian	326.152266	35.793676
296	1	  0.001491	  0.000867	     -1.00	    523.35	    121.22	      3.78	      2.64	     66.23	     46.27	10.21	 1.512e-04	      4.96	0	Gaussian	325.085218	36.046249
297	1	  0.001464	  0.000800	     -1.00	    614.21	    221.26	      3.81	      3.03	     66.73	     53.12	13.87	 5.159e-05	      4.97	0	Gaussian	324.457768	35.700233
298	1	  0.001490	  0.000813	     -1.00	    517.07	    511.22	      3.85	      2.95	     67.42	     51.68	16.11	 7.086e-05	      4.97	0	Gaussian	324.559846	34.324556
299	1	  0.001505	  0.001060	     -1.00	    136.07	    151.69	      3.38	      2.56	     59.19	     44.80	3.26	 1.404e-04	      4.97	0	Gaussian	327.068041	35.487281
300	1	  0.001477	  0.000956	     -1.00	    239.34	    375.37	      3.41	      2.85	     59.76	     49.96	20.92	 8.748e-05	      4.97	0	Gaussian	326.193720	34.629055
301	1	  0.001446	  0.000565	     -1.00	    204.20	    701.51	      4.58	      3.44	     80.11	     60.13	66.25	 5.747e-05	      4.98	0	Gaussian	325.892962	33.177035
302	1	  0.001478	  0.000588	     -1.00	    334.55	    242.92	      4.32	      3.28	     75.60	     57.46	-17.95	 7.216e-05	      4.98	0	Gaussian	325.898732	35.309336
303	1	  0.001466	  0.001009	     -1.00	     99.42	    607.38	      3.13	      2.86	     54.80	     50.14	27.01	 6.334e-05	      4.99	0	Gaussian	326.559688	33.474357
304	1	  0.001456	  0.001003	     -1.00	    304.29	    705.33	      3.18	      2.81	     55.66	     49.23	32.44	 5.517e-05	      4.99	0	Gaussian	325.380404	33.262572
305	1	  0.001474	  0.000882	     -1.00	    126.84	    450.33	      3.78	      2.64	     66.10	     46.13	20.93	 6.937e-05	      4.99	0	Gaussian	326.656470	34.182370
306	1	  0.001466	  0.000916	     -1.00	    688.58	    630.69	      3.47	      2.90	     60.66	     50.78	16.59	 4.494e-05	      5.01	0	Gaussian	323.502086	33.967469
307	1	  0.001471	  0.000779	     -1.00	    212.38	    638.68	      3.59	      3.31	     62.91	     57.86	-15.79	 6.522e-05	      5.01	0	Gaussian	325.942828	33.457465
308	1	  0.001472	  0.001187	     -1.00	    136.51	    680.74	      2.79	      2.61	     48.90	     45.69	29.10	 7.111e-05	      5.01	0	Gaussian	326.264493	33.196710
309	1	  0.001458	  0.000778	     -1.00	    208.74	    426.75	      3.76	      3.09	     65.73	     54.12	-24.14	 6.002e-05	      5.01	0	Gaussian	326.273936	34.372866
310	1	  0.001490	  0.000896	     -1.00	    751.08	    362.64	      3.43	      2.83	     60.00	     49.57	5.69	 1.171e-04	      5.02	0	Gaussian	323.532931	35.212729
311	1	  0.001472	  0.000648	     -1.00	    790.42	    299.29	      4.92	      2.66	     86.15	     46.55	-5.11	 4.849e-05	      5.02	0	Gaussian	323.408938	35.532513
312	1	  0.001462	  0.000797	     -1.00	    625.30	    369.74	      3.69	      2.95	     64.60	     51.63	13.95	 4.114e-05	      5.03	0	Gaussian	324.189996	35.056033
313	1	  0.001457	  0.000777	     -1.00	    487.70	    146.87	      3.62	      3.04	     63.45	     53.15	-3.86	 4.248e-05	      5.03	0	Gaussian	325.236630	35.895260
314	1	  0.001462	  0.000897	     -1.00	     40.18	    482.50	      3.13	      2.94	     54.80	     51.52	46.06	 5.872e-05	      5.05	0	Gaussian	327.046633	33.949294
315	1	  0.001454	  0.000856	     -1.00	    127.11	    651.08	      3.16	      3.08	     55.31	     53.94	32.60	 5.645e-05	      5.05	0	Gaussian	326.355453	33.314942
316	1	  0.001531	  0.001172	     -1.00	    139.02	    143.24	      2.69	      2.53	     47.05	     44.23	30.47	 1.678e-04	      5.06	0	Gaussian	327.066010	35.527307
317	1	  0.001461	  0.000863	     -1.00	    558.00	    281.61	      3.56	      2.76	     62.26	     48.29	10.45	 4.363e-05	      5.07	0	Gaussian	324.669659	35.375878
318	1	  0.001468	  0.000818	     -1.00	    591.98	    449.65	      3.78	      2.76	     66.12	     48.32	5.04	 5.319e-05	      5.07	0	Gaussian	324.254217	34.670339
319	1	  0.001469	  0.000919	     -1.00	    137.07	    567.37	      3.29	      2.75	     57.52	     48.18	12.58	 5.981e-05	      5.07	0	Gaussian	326.429127	33.687083
320	1	  0.001508	  0.000875	     -1.00	    744.07	    361.96	      3.46	      2.58	     60.58	     45.13	17.01	 1.298e-04	      5.08	0	Gaussian	323.571170	35.208838
321	1	  0.001455	  0.000558	     -1.00	    431.50	    501.85	      4.61	      3.30	     80.62	     57.73	20.20	 4.565e-05	      5.08	0	Gaussian	325.017244	34.278821
322	1	  0.001448	  0.000816	     -1.00	    762.98	    426.73	      3.73	      2.84	     65.20	     49.64	10.54	 3.426e-05	      5.08	0	Gaussian	323.383033	34.940380
323	1	  0.001520	  0.000975	     -1.00	    346.70	    210.04	      3.36	      2.57	     58.87	     44.94	8.54	 2.061e-04	      5.09	0	Gaussian	325.884491	35.466256
324	1	  0.001468	  0.000334	     -1.00	    647.74	    190.26	      5.63	      4.05	     98.48	     70.90	38.20	 6.696e-05	      5.09	0	Gaussian	324.323143	35.871853
325	1	  0.001468	  0.000380	     -1.00	    492.16	    712.16	      6.39	      3.35	    111.83	     58.69	46.81	 5.636e-05	      5.09	0	Gaussian	324.410363	33.419784
326	1	  0.001463	  0.000820	     -1.00	    604.88	     89.18	      3.44	      2.87	     60.22	     50.20	-0.34	 4.966e-05	      5.09	0	Gaussian	324.697123	36.274143
327	1	  0.001477	  0.000964	     -1.00	    215.22	    468.65	      3.41	      2.48	     59.73	     43.49	19.88	 6.013e-05	      5.10	0	Gaussian	326.178382	34.197820
328	1	  0.001444	  0.000741	     -1.00	    779.56	     52.86	      3.71	      3.19	     64.93	     55.86	-5.99	 3.268e-05	      5.10	0	Gaussian	323.807774	36.617011
329	1	  0.001449	  0.000751	     -1.00	    544.30	     73.31	      3.62	      3.17	     63.28	     55.53	24.40	 5.333e-05	      5.11	0	Gaussian	325.044001	36.279859
330	1	  0.001469	  0.000637	     -1.00	    453.98	    719.72	      3.94	      3.32	     69.00	     58.12	-3.76	 4.840e-05	      5.11	0	Gaussian	324.596010	33.349284
331	1	  0.001457	  0.000779	     -1.00	    197.83	    270.14	      3.45	      2.92	     60.45	     51.07	4.65	 6.891e-05	      5.13	0	Gaussian	326.566441	35.041523
332	1	  0.001483	  0.000649	     -1.00	    324.11	    503.65	      3.72	      3.11	     65.12	     54.48	50.14	 5.524e-05	      5.13	0	Gaussian	325.568776	34.160180
333	1	  0.001467	  0.000710	     -1.00	    247.89	    257.60	      3.97	      2.61	     69.45	     45.71	4.46	 6.508e-05	      5.13	0	Gaussian	326.326859	35.151026
334	1	  0.001481	  0.000727	     -1.00	    695.92	    230.73	      3.72	      3.01	     65.08	     52.70	-3.71	 9.218e-05	      5.14	0	Gaussian	324.008880	35.742022
335	1	  0.001488	  0.000831	     -1.00	    589.54	    263.31	      3.45	      2.85	     60.36	     49.92	9.85	 1.415e-04	      5.14	0	Gaussian	324.528889	35.489121
336	1	  0.001492	  0.000593	     -1.00	    253.31	    496.84	      3.63	      3.27	     63.51	     57.28	2.41	 6.679e-05	      5.15	0	Gaussian	325.941888	34.115732
337	1	  0.001473	  0.000853	     -1.00	    775.62	    700.65	      3.20	      2.89	     56.08	     50.54	22.58	 7.635e-05	      5.15	0	Gaussian	322.954835	33.740964
338	1	  0.001467	  0.001018	     -1.00	     37.70	    523.37	      2.83	      2.44	     49.51	     42.66	49.28	 7.034e-05	      5.15	0	Gaussian	326.996911	33.770449
339	1	  0.001476	  0.000976	     -1.00	    679.70	    681.43	      2.86	      2.46	     50.12	     43.07	32.99	 5.638e-05	      5.16	0	Gaussian	323.481012	33.735517
340	1	  0.001480	  0.000971	     -1.00	    337.52	    749.50	      2.86	      2.66	     50.04	     46.57	32.81	 9.186e-05	      5.16	0	Gaussian	325.149108	33.104144
341	1	  0.001526	  0.000948	     -1.00	    500.72	    383.31	      3.17	      2.64	     55.47	     46.27	10.55	 2.540e-04	      5.16	0	Gaussian	324.825735	34.869428
342	1	  0.001471	  0.000801	     -1.00	     55.07	    427.58	      3.65	      2.66	     63.91	     46.63	17.64	 6.521e-05	      5.17	0	Gaussian	327.055337	34.202507
343	1	  0.001467	  0.000618	     -1.00	    590.08	    186.31	      3.79	      3.31	     66.34	     57.90	4.86	 6.126e-05	      5.17	0	Gaussian	324.636015	35.829508
344	1	  0.001465	  0.000800	     -1.00	    752.57	    299.46	      3.51	      2.85	     61.36	     49.91	8.12	 5.807e-05	      5.17	0	Gaussian	323.611149	35.494279
345	1	  0.001497	  0.000863	     -1.00	    534.85	    685.71	      3.11	      2.70	     54.52	     47.33	12.97	 9.705e-05	      5.18	0	Gaussian	324.226585	33.577244
346	1	  0.001459	  0.000648	     -1.00	    219.18	     89.87	      4.45	      2.66	     77.93	     46.57	3.29	 5.514e-05	      5.18	0	Gaussian	326.733294	35.850012
347	1	  0.001463	  0.000637	     -1.00	    684.82	     51.83	      3.85	      3.00	     67.41	     52.50	-3.57	 4.079e-05	      5.20	0	Gaussian	324.321512	36.523475
348	1	  0.001466	  0.000741	     -1.00	    695.04	    249.53	      3.46	      2.94	     60.55	     51.54	6.18	 6.714e-05	      5.20	0	Gaussian	323.987309	35.657834
349	1	  0.001470	  0.000529	     -1.00	    178.50	    365.78	      5.11	      2.58	     89.52	     45.24	8.31	 6.483e-05	      5.20	0	Gaussian	326.520556	34.604882
350	1	  0.001474	  0.000884	     -1.00	    323.85	    660.92	      2.87	      2.85	     50.27	     49.84	60.93	 5.588e-05	      5.21	0	Gaussian	325.344008	33.475356
351	1	  0.001473	  0.000469	     -1.00	    572.24	    317.96	      4.76	      3.24	     83.40	     56.77	6.54	 6.424e-05	      5.21	0	Gaussian	324.542785	35.230390
352	1	  0.001484	  0.000833	     -1.00	    141.04	    106.55	      3.20	      2.77	     56.07	     48.50	7.34	 6.872e-05	      5.22	0	Gaussian	327.113055	35.688925
353	1	  0.001487	  0.000796	     -1.00	    118.15	    311.19	      3.39	      2.65	     59.29	     46.42	17.79	 1.289e-04	      5.22	0	Gaussian	326.912855	34.775403
354	1	  0.001467	  0.000718	     -1.00	    291.84	    662.61	      3.56	      2.77	     62.38	     48.50	19.15	 6.650e-05	      5.23	0	Gaussian	325.504704	33.435409
355	1	  0.001495	  0.000733	     -1.00	    558.12	    240.35	      3.51	      2.79	     61.39	     48.84	4.40	 5.838e-05	      5.23	0	Gaussian	324.728068	35.557845
356	1	  0.001455	  0.000784	     -1.00	    118.74	    506.82	      3.03	      2.73	     52.99	     47.72	52.37	 6.100e-05	      5.24	0	Gaussian	326.612477	33.929294
357	1	  0.001490	  0.000658	     -1.00	    710.32	    790.71	      3.56	      2.98	     62.38	     52.17	10.92	 7.967e-05	      5.24	0	Gaussian	323.178323	33.283456
358	1	  0.001469	  0.000644	     -1.00	    226.71	    494.21	      3.82	      2.78	     66.78	     48.74	21.44	 7.656e-05	      5.25	0	Gaussian	326.081807	34.099040
359	1	  0.001456	  0.000665	     -1.00	    756.98	    605.65	      3.55	      3.06	     62.07	     53.63	7.90	 4.206e-05	      5.25	0	Gaussian	323.176671	34.143044
360	1	  0.001458	  0.000540	     -1.00	    312.96	    411.05	      4.12	      3.22	     72.15	     56.42	8.76	 4.684e-05	      5.25	0	Gaussian	325.761478	34.552146
361	1	  0.001457	  0.000707	     -1.00	    211.11	    110.29	      3.75	      2.62	     65.59	     45.87	2.28	 6.033e-05	      5.26	0	Gaussian	326.743625	35.751957
362	1	  0.001565	  0.000849	     -1.00	    448.51	    396.16	      2.81	      2.59	     49.11	     45.32	63.88	 4.758e-04	      5.27	0	Gaussian	325.080067	34.759150
363	1	  0.001468	  0.000939	     -1.00	    124.78	    356.55	      2.79	      2.31	     48.90	     40.48	70.91	 6.866e-05	      5.27	0	Gaussian	326.809409	34.586196
364	1	  0.001493	  0.000866	     -1.00	    776.68	    613.99	      2.77	      2.73	     48.51	     47.83	-70.29	 6.149e-05	      5.28	0	Gaussian	323.062143	34.124791
365	1	  0.001450	  0.000713	     -1.00	    357.46	    297.94	      3.59	      2.67	     62.80	     46.73	-1.58	 4.385e-05	      5.28	0	Gaussian	325.697565	35.093382
366	1	  0.001466	  0.000580	     -1.00	    443.58	     67.73	      3.90	      2.91	     68.33	     51.01	-11.98	 4.927e-05	      5.28	0	Gaussian	325.587802	36.195664
367	1	  0.001480	  0.000447	     -1.00	    325.97	    230.93	      5.55	      2.59	     97.22	     45.39	11.10	 1.069e-04	      5.28	0	Gaussian	325.961437	35.352450
368	1	  0.001464	  0.000403	     -1.00	    733.82	    449.59	      6.25	      2.84	    109.36	     49.66	9.11	 6.548e-05	      5.29	0	Gaussian	323.506823	34.810765
369	1	  0.001436	  0.000673	     -1.00	    743.44	     51.66	      3.64	      2.93	     63.76	     51.37	4.70	 3.913e-05	      5.30	0	Gaussian	324.005165	36.585148
370	1	  0.001466	  0.000583	     -1.00	    661.94	    290.94	      3.76	      3.22	     65.83	     56.40	-10.58	 4.008e-05	      5.30	0	Gaussian	324.105835	35.441079
371	1	  0.001463	  0.000558	     -1.00	    730.53	    221.99	      4.12	      2.88	     72.12	     50.46	-0.95	 5.697e-05	      5.30	0	Gaussian	323.835883	35.815803
372	1	  0.001451	  0.000621	     -1.00	    693.29	    182.84	      3.69	      3.00	     64.66	     52.54	8.15	 3.324e-05	      5.31	0	Gaussian	324.090074	35.951474
373	1	  0.001480	  0.000731	     -1.00	    116.94	    387.48	      3.25	      2.79	     56.97	     48.76	7.45	 5.135e-05	      5.31	0	Gaussian	326.802255	34.443669
374	1	  0.001441	  0.000610	     -1.00	    582.38	    604.13	      3.24	      3.22	     56.68	     56.35	73.17	 3.988e-05	      5.31	0	Gaussian	324.091629	33.981509
375	1	  0.001451	  0.000431	     -1.00	    461.02	    264.97	      4.32	      3.50	     75.70	     61.33	-44.61	 3.920e-05	      5.32	0	Gaussian	325.204442	35.347804
376	1	  0.001478	  0.000641	     -1.00	    719.05	    104.92	      3.53	      3.03	     61.82	     53.11	0.71	 6.552e-05	      5.32	0	Gaussian	324.061544	36.323468
377	1	  0.001449	  0.000589	     -1.00	    542.06	    448.32	      3.91	      2.90	     68.42	     50.67	25.79	 4.297e-05	      5.33	0	Gaussian	324.517529	34.625966
378	1	  0.001457	  0.000617	     -1.00	    536.18	    599.48	      3.82	      2.81	     66.95	     49.19	10.45	 4.603e-05	      5.33	0	Gaussian	324.337964	33.956437
379	1	  0.001455	  0.000722	     -1.00	    158.42	    327.43	      3.04	      2.81	     53.14	     49.18	47.99	 6.563e-05	      5.33	0	Gaussian	326.681721	34.749395
380	1	  0.001495	  0.000792	     -1.00	    458.08	    479.66	      3.06	      2.63	     53.56	     45.97	20.98	 1.096e-04	      5.34	0	Gaussian	324.910950	34.403124
381	1	  0.001455	  0.000625	     -1.00	    276.25	    343.42	      3.83	      2.68	     67.07	     46.96	-16.93	 6.072e-05	      5.34	0	Gaussian	326.051159	34.807813
382	1	  0.001485	  0.000748	     -1.00	    117.84	    197.48	      3.42	      2.49	     59.92	     43.56	15.91	 8.178e-05	      5.34	0	Gaussian	327.090507	35.267988
383	1	  0.001447	  0.000643	     -1.00	    549.84	    421.19	      3.45	      2.94	     60.45	     51.40	12.01	 4.735e-05	      5.34	0	Gaussian	324.514917	34.753116
384	1	  0.001451	  0.000622	     -1.00	    632.84	    471.41	      3.67	      2.88	     64.15	     50.41	8.65	 3.779e-05	      5.35	0	Gaussian	324.009636	34.615193
385	1	  0.001470	  0.000732	     -1.00	    318.77	    325.44	      3.26	      2.78	     57.08	     48.68	-2.18	 7.600e-05	      5.35	0	Gaussian	325.857846	34.931865
386	1	  0.001470	  0.000578	     -1.00	    325.83	    197.94	      3.81	      2.85	     66.68	     49.91	-10.19	 5.181e-05	      5.36	0	Gaussian	326.011688	35.496520
387	1	  0.001458	  0.000593	     -1.00	    566.07	     73.38	      3.76	      2.95	     65.83	     51.70	0.45	 5.788e-05	      5.36	0	Gaussian	324.927649	36.302801
388	1	  0.001464	  0.000922	     -1.00	    164.41	    776.03	      2.75	      2.28	     48.16	     39.91	-68.48	 7.316e-05	      5.36	0	Gaussian	325.985547	32.814302
389	1	  0.001463	  0.000554	     -1.00	    593.64	    385.75	      3.83	      2.93	     67.09	     51.32	0.09	 6.335e-05	      5.37	0	Gaussian	324.334558	34.953474
390	1	  0.001453	  0.000551	     -1.00	    576.93	    663.20	      3.60	      3.23	     62.95	     56.47	11.87	 3.929e-05	      5.37	0	Gaussian	324.039497	33.716863
391	1	  0.001460	  0.000578	     -1.00	    239.02	    213.67	      3.94	      2.67	     68.97	     46.73	0.73	 4.890e-05	      5.38	0	Gaussian	326.439592	35.332664
392	1	  0.001471	  0.000619	     -1.00	    709.37	    102.63	      3.60	      2.78	     63.01	     48.57	-1.44	 8.836e-05	      5.38	0	Gaussian	324.116897	36.323683
393	1	  0.001478	  0.000665	     -1.00	    717.55	    183.18	      3.50	      2.87	     61.35	     50.16	-10.38	 6.428e-05	      5.39	0	Gaussian	323.959560	35.974754
394	1	  0.001476	  0.000595	     -1.00	    103.28	    332.29	      3.55	      2.84	     62.06	     49.67	18.33	 6.526e-05	      5.39	0	Gaussian	326.956409	34.667597
395	1	  0.001474	  0.000601	     -1.00	    703.84	    142.40	      3.75	      2.66	     65.65	     46.48	-2.79	 5.715e-05	      5.39	0	Gaussian	324.090446	36.141585
396	1	  0.001462	  0.000478	     -1.00	    731.45	    371.47	      4.57	      2.88	     79.95	     50.39	-11.39	 7.419e-05	      5.39	0	Gaussian	323.625311	35.154226
397	1	  0.001450	  0.000753	     -1.00	    271.72	    703.52	      2.96	      2.42	     51.81	     42.29	21.24	 6.319e-05	      5.39	0	Gaussian	325.548364	33.237366
398	1	  0.001466	  0.000816	     -1.00	    173.28	    414.32	      2.87	      2.28	     50.25	     39.87	15.89	 6.877e-05	      5.40	0	Gaussian	326.473982	34.388639
399	1	  0.001473	  0.000511	     -1.00	    293.75	     10.06	      4.03	      2.80	     70.60	     48.92	-2.54	 7.797e-05	      5.40	0	Gaussian	326.466721	36.282416
400	1	  0.001485	  0.000452	     -1.00	    533.05	     62.78	      4.76	      2.82	     83.39	     49.31	2.35	 8.844e-05	      5.40	0	Gaussian	325.119457	36.314252
401	1	  0.001456	  0.000682	     -1.00	    561.14	    486.46	      3.31	      2.77	     57.95	     48.44	16.36	 3.410e-05	      5.40	0	Gaussian	324.364529	34.477514
402	1	  0.001464	  0.000641	     -1.00	    726.50	     16.09	      3.58	      2.84	     62.72	     49.70	-4.44	 4.583e-05	      5.41	0	Gaussian	324.147406	36.725611
403	1	  0.001461	  0.000536	     -1.00	    548.59	    195.91	      3.79	      2.99	     66.36	     52.32	-0.73	 6.392e-05	      5.41	0	Gaussian	324.842526	35.743758
404	1	  0.001443	  0.000606	     -1.00	    482.00	    234.30	      3.64	      2.84	     63.66	     49.73	18.41	 4.409e-05	      5.41	0	Gaussian	325.138737	35.504676
405	1	  0.001490	  0.000674	     -1.00	    527.11	    678.59	      3.08	      2.78	     53.88	     48.60	0.09	 1.182e-04	      5.41	0	Gaussian	324.276257	33.600868
406	1	  0.001456	  0.000504	     -1.00	    603.04	    490.88	      4.07	      2.88	     71.28	     50.46	3.64	 4.889e-05	      5.42	0	Gaussian	324.139191	34.499858
407	1	  0.001459	  0.000676	     -1.00	    103.85	    401.50	      3.32	      2.71	     58.16	     47.48	16.86	 6.081e-05	      5.42	0	Gaussian	326.847533	34.368697
408	1	  0.001465	  0.000635	     -1.00	    744.03	    598.30	      3.47	      2.76	     60.67	     48.37	11.35	 4.714e-05	      5.43	0	Gaussian	323.254425	34.163222
409	1	  0.001464	  0.000651	     -1.00	    662.95	    501.44	      3.34	      2.75	     58.51	     48.15	13.94	 4.635e-05	      5.43	0	Gaussian	323.810336	34.512433
410	1	  0.001471	  0.000517	     -1.00	    173.89	    378.36	      4.01	      2.64	     70.11	     46.28	1.74	 5.781e-05	      5.43	0	Gaussian	326.525112	34.545271
411	1	  0.001469	  0.000591	     -1.00	    122.97	    220.28	      3.83	      2.65	     67.03	     46.46	20.96	 6.411e-05	      5.43	0	Gaussian	327.028665	35.174882
412	1	  0.001473	  0.000643	     -1.00	    718.09	    404.85	      3.41	      2.76	     59.63	     48.37	8.58	 7.362e-05	      5.44	0	Gaussian	323.650760	34.993313
413	1	  0.001469	  0.000631	     -1.00	    176.61	    294.74	      3.41	      2.89	     59.65	     50.51	29.52	 5.997e-05	      5.44	0	Gaussian	326.638169	34.911293
414	1	  0.001475	  0.000650	     -1.00	    385.51	    585.42	      3.21	      2.87	     56.26	     50.17	29.90	 4.915e-05	      5.45	0	Gaussian	325.135674	33.866855
415	1	  0.001463	  0.000416	     -1.00	    229.11	    412.47	      4.61	      3.22	     80.69	     56.28	-5.94	 5.565e-05	      5.45	0	Gaussian	326.190855	34.456712
416	1	  0.001480	  0.000749	     -1.00	    375.11	    469.61	      2.97	      2.55	     52.00	     44.56	9.01	 6.008e-05	      5.45	0	Gaussian	325.355157	34.361711
417	1	  0.001466	  0.000570	     -1.00	    226.19	    355.98	      3.64	      2.40	     63.69	     42.03	9.39	 6.150e-05	      5.45	0	Gaussian	326.290446	34.699206
418	1	  0.001440	  0.000512	     -1.00	    416.76	     35.54	      3.85	      2.87	     67.37	     50.22	-5.63	 4.000e-05	      5.47	0	Gaussian	325.778355	36.307744
419	1	  0.001445	  0.000592	     -1.00	    527.08	    237.26	      3.56	      2.87	     62.37	     50.17	10.45	 3.415e-05	      5.47	0	Gaussian	324.896654	35.539032
420	1	  0.001462	  0.000378	     -1.00	    504.91	    234.27	      4.38	      3.54	     76.71	     61.92	57.20	 1.258e-04	      5.48	0	Gaussian	325.017999	35.528942
421	1	  0.001496	  0.000582	     -1.00	    700.95	    238.84	      3.42	      2.82	     59.92	     49.35	3.34	 1.149e-04	      5.48	0	Gaussian	323.970683	35.711199
422	1	  0.001483	  0.000546	     -1.00	    564.10	    337.71	      3.53	      2.97	     61.76	     52.03	2.78	 7.097e-05	      5.49	0	Gaussian	324.557723	35.135033
423	1	  0.001458	  0.000562	     -1.00	    426.42	    560.04	      3.09	      2.94	     54.03	     51.54	18.78	 5.237e-05	      5.51	0	Gaussian	324.960942	34.019216
424	1	  0.001455	  0.000468	     -1.00	    584.96	     80.81	      4.03	      3.07	     70.53	     53.67	3.74	 5.313e-05	      5.52	0	Gaussian	324.815845	36.290056
425	1	  0.001447	  0.000574	     -1.00	    284.78	    387.62	      3.69	      2.61	     64.60	     45.62	-8.35	 5.454e-05	      5.53	0	Gaussian	325.941426	34.624381
426	1	  0.001458	  0.000549	     -1.00	    328.27	    340.90	      3.67	      2.72	     64.22	     47.68	9.03	 5.799e-05	      5.53	0	Gaussian	325.785691	34.874522
427	1	  0.001452	  0.000556	     -1.00	    419.27	    137.32	      3.66	      2.69	     63.98	     47.03	4.60	 4.443e-05	      5.53	0	Gaussian	325.612304	35.863578
428	1	  0.001490	  0.000614	     -1.00	    694.99	    425.60	      3.42	      2.60	     59.87	     45.53	13.35	 7.809e-05	      5.54	0	Gaussian	323.744771	34.878809
429	1	  0.001462	  0.000473	     -1.00	    687.57	    201.19	      4.07	      3.03	     71.24	     53.03	-3.12	 6.813e-05	      5.54	0	Gaussian	324.094884	35.864373
430	1	  0.001444	  0.000486	     -1.00	    469.73	    305.73	      3.86	      2.86	     67.64	     50.04	-21.97	 3.291e-05	      5.54	0	Gaussian	325.099539	35.177945
431	1	  0.001463	  0.000427	     -1.00	    215.29	    387.73	      4.12	      2.72	     72.13	     47.66	57.93	 5.076e-05	      5.55	0	Gaussian	326.298761	34.549389
432	1	  0.001462	  0.000514	     -1.00	    260.31	    438.33	      3.79	      2.66	     66.35	     46.51	2.26	 5.483e-05	      5.56	0	Gaussian	325.992297	34.377539
433	1	  0.001462	  0.000641	     -1.00	    105.89	    579.47	      3.58	      2.32	     62.71	     40.61	25.20	 6.687e-05	      5.56	0	Gaussian	326.568681	33.601649
434	1	  0.001473	  0.000648	     -1.00	    142.56	    727.45	      2.85	      2.71	     49.80	     47.36	79.46	 8.161e-05	      5.57	0	Gaussian	326.165753	33.001432
435	1	  0.001487	  0.000636	     -1.00	    643.77	    764.89	      2.94	      2.39	     51.51	     41.85	85.40	 6.930e-05	      5.57	0	Gaussian	323.557076	33.334610
436	1	  0.001492	  0.000626	     -1.00	    699.70	    576.76	      3.01	      2.77	     52.68	     48.45	19.69	 7.846e-05	      5.57	0	Gaussian	323.515806	34.215874
437	1	  0.001456	  0.000506	     -1.00	    161.88	    349.12	      3.09	      3.00	     54.17	     52.49	-22.08	 5.533e-05	      5.57	0	Gaussian	326.630951	34.659053
438	1	  0.001469	  0.000537	     -1.00	    266.05	    525.39	      3.56	      2.80	     62.27	     49.00	0.51	 1.443e-04	      5.57	0	Gaussian	325.834852	34.004995
439	1	  0.001473	  0.000564	     -1.00	    546.85	     90.24	      3.51	      2.72	     61.44	     47.61	-0.29	 5.909e-05	      5.58	0	Gaussian	325.005561	36.207882
440	1	  0.001453	  0.000650	     -1.00	    318.21	    785.68	      2.94	      2.60	     51.50	     45.45	27.60	 4.997e-05	      5.59	0	Gaussian	325.196278	32.927774
441	1	  0.001474	  0.000594	     -1.00	    614.73	    733.82	      3.03	      2.37	     53.03	     41.40	76.46	 1.069e-04	      5.59	0	Gaussian	323.748713	33.443410
442	1	  0.001469	  0.000514	     -1.00	    558.71	     84.33	      3.61	      2.78	     63.15	     48.61	7.33	 6.544e-05	      5.59	0	Gaussian	324.950950	36.246612
443	1	  0.001466	  0.000579	     -1.00	    559.49	    151.51	      3.05	      2.42	     53.37	     42.39	18.71	 5.390e-05	      5.59	0	Gaussian	324.848948	35.950991
444	1	  0.001478	  0.000486	     -1.00	    727.99	    181.60	      3.44	      3.09	     60.28	     54.12	-0.81	 7.277e-05	      5.60	0	Gaussian	323.905757	35.992390
445	1	  0.001464	  0.000564	     -1.00	    580.68	    275.22	      3.28	      2.88	     57.44	     50.43	18.78	 6.981e-05	      5.60	0	Gaussian	324.558883	35.427470
446	1	  0.001461	  0.000620	     -1.00	    752.31	    712.27	      2.98	      2.32	     52.19	     40.69	66.00	 4.481e-05	      5.60	0	Gaussian	323.061662	33.667995
447	1	  0.001487	  0.000722	     -1.00	    343.78	    593.25	      2.79	      2.18	     48.77	     38.22	22.31	 8.523e-05	      5.60	0	Gaussian	325.338711	33.790136
448	1	  0.001471	  0.000483	     -1.00	    301.70	    428.90	      3.70	      2.81	     64.84	     49.16	10.94	 5.975e-05	      5.61	0	Gaussian	325.793263	34.462456
449	1	  0.001451	  0.000440	     -1.00	    364.07	    179.06	      4.08	      2.78	     71.41	     48.66	6.06	 4.292e-05	      5.61	0	Gaussian	325.840030	35.620710
450	1	  0.001457	  0.000363	     -1.00	    251.19	    135.68	      4.00	      3.54	     70.04	     62.04	-15.20	 4.853e-05	      5.62	0	Gaussian	326.495714	35.686146
451	1	  0.001448	  0.000631	     -1.00	    140.54	    245.22	      2.97	      2.18	     51.90	     38.22	8.20	 5.967e-05	      5.63	0	Gaussian	326.899692	35.086307
452	1	  0.001473	  0.000379	     -1.00	    295.54	    793.13	      3.37	      3.25	     58.95	     56.97	13.81	 5.516e-05	      5.63	0	Gaussian	325.300553	32.872840
453	1	  0.001471	  0.000465	     -1.00	    383.22	    242.58	      4.01	      2.43	     70.25	     42.61	25.44	 5.457e-05	      5.63	0	Gaussian	325.645107	35.363206
454	1	  0.001458	  0.000529	     -1.00	    220.73	    572.85	      2.84	      2.70	     49.73	     47.24	-30.86	 7.403e-05	      5.64	0	Gaussian	325.996572	33.751478
455	1	  0.001468	  0.000487	     -1.00	    202.26	     12.37	      3.61	      2.84	     63.15	     49.64	8.56	 6.099e-05	      5.64	0	Gaussian	326.942703	36.168494
456	1	  0.001463	  0.000604	     -1.00	    346.53	    448.27	      2.95	      2.34	     51.71	     40.94	3.64	 4.145e-05	      5.64	0	Gaussian	325.533750	34.425099
457	1	  0.001514	  0.000620	     -1.00	    703.37	    686.15	      2.86	      2.37	     50.00	     41.52	73.93	 1.388e-04	      5.65	0	Gaussian	323.351363	33.737191
458	1	  0.001473	  0.000609	     -1.00	    685.51	    555.46	      2.95	      2.24	     51.56	     39.18	56.14	 5.927e-05	      5.65	0	Gaussian	323.618818	34.296172
459	1	  0.001473	  0.000433	     -1.00	    534.40	    563.52	      3.54	      3.30	     61.96	     57.81	33.04	 6.662e-05	      5.65	0	Gaussian	324.396904	34.112429
460	1	  0.001484	  0.000475	     -1.00	    510.32	    392.67	      3.59	      2.75	     62.86	     48.13	5.05	 1.077e-04	      5.66	0	Gaussian	324.762160	34.838165
461	1	  0.001480	  0.000478	     -1.00	    246.26	    368.88	      4.44	      2.33	     77.78	     40.84	43.97	 1.242e-04	      5.66	0	Gaussian	326.167796	34.664732
462	1	  0.001460	  0.000523	     -1.00	    144.88	    271.10	      2.89	      2.82	     50.64	     49.31	28.49	 5.148e-05	      5.66	0	Gaussian	326.837464	34.978848
463	1	  0.001467	  0.000527	     -1.00	    660.62	    593.86	      3.03	      2.61	     53.11	     45.65	43.07	 5.152e-05	      5.67	0	Gaussian	323.697582	34.102835
464	1	  0.001460	  0.000523	     -1.00	    740.66	    493.47	      3.41	      2.79	     59.77	     48.87	6.32	 4.604e-05	      5.69	0	Gaussian	323.411678	34.623300
465	1	  0.001449	  0.000516	     -1.00	    405.84	    350.26	      3.33	      2.75	     58.27	     48.19	-1.56	 4.100e-05	      5.69	0	Gaussian	325.368814	34.915705
466	1	  0.001474	  0.000628	     -1.00	    247.62	    458.66	      2.82	      2.39	     49.43	     41.79	53.55	 7.181e-05	      5.69	0	Gaussian	326.027314	34.275669
467	1	  0.001471	  0.000589	     -1.00	    160.56	    524.51	      2.81	      2.65	     49.14	     46.33	-2.45	 5.293e-05	      5.70	0	Gaussian	326.373866	33.897477
468	1	  0.001447	  0.000574	     -1.00	    376.74	    410.18	      2.99	      2.24	     52.25	     39.12	37.95	 4.672e-05	      5.70	0	Gaussian	325.432849	34.623058
469	1	  0.001480	  0.000512	     -1.00	    722.40	    517.89	      2.98	      2.70	     52.11	     47.23	11.80	 7.679e-05	      5.71	0	Gaussian	323.475273	34.497732
470	1	  0.001458	  0.000516	     -1.00	    747.69	    506.46	      3.04	      2.49	     53.23	     43.53	-17.22	 5.821e-05	      5.71	0	Gaussian	323.357163	34.572631
471	1	  0.001454	  0.000439	     -1.00	    635.16	    211.38	      3.67	      2.95	     64.25	     51.64	6.03	 5.473e-05	      5.71	0	Gaussian	324.360264	35.765491
472	1	  0.001484	  0.000508	     -1.00	    559.24	    704.56	      3.26	      2.66	     57.12	     46.51	6.96	 7.023e-05	      5.75	0	Gaussian	324.074994	33.518367
473	1	  0.001491	  0.000519	     -1.00	    181.24	     25.80	      3.49	      2.41	     61.06	     42.20	-8.74	 9.024e-05	      5.76	0	Gaussian	327.031270	36.085931
474	1	  0.001474	  0.000518	     -1.00	    571.16	    347.31	      3.27	      2.58	     57.30	     45.12	3.85	 7.679e-05	      5.78	0	Gaussian	324.506984	35.099996
475	1	  0.001501	  0.000558	     -1.00	    385.25	    437.68	      3.38	      2.49	     59.21	     43.55	-2.47	 1.941e-04	      5.78	0	Gaussian	325.348844	34.511740
476	1	  0.001464	  0.000461	     -1.00	    475.40	    483.54	      3.03	      2.73	     52.99	     47.81	39.41	 4.360e-05	      5.79	0	Gaussian	324.815458	34.403766
477	1	  0.001479	  0.000524	     -1.00	    310.92	    541.67	      3.09	      2.59	     54.02	     45.39	22.60	 9.752e-05	      5.79	0	Gaussian	325.581350	33.980941
478	1	  0.001502	  0.000327	     -1.00	    109.06	    192.30	      3.71	      3.26	     65.01	     57.08	13.73	 9.686e-05	      5.80	0	Gaussian	327.143768	35.280579
479	1	  0.001467	  0.000366	     -1.00	    487.42	    165.66	      3.77	      2.95	     65.95	     51.65	-3.10	 5.632e-05	      5.82	0	Gaussian	325.210529	35.812278
480	1	  0.001497	  0.000483	     -1.00	    159.82	    643.42	      3.21	      2.67	     56.15	     46.72	30.53	 1.363e-04	      5.82	0	Gaussian	326.201791	33.382272
481	1	  0.001472	  0.000367	     -1.00	    321.66	    387.80	      4.02	      2.51	     70.44	     43.86	-28.26	 5.607e-05	      5.82	0	Gaussian	325.750706	34.662766
482	1	  0.001482	  0.000407	     -1.00	    140.31	    611.77	      3.79	      2.46	     66.37	     43.04	18.78	 7.888e-05	      5.83	0	Gaussian	326.346930	33.498599
483	1	  0.001468	  0.000427	     -1.00	    717.39	    481.45	      3.07	      2.78	     53.81	     48.70	27.00	 5.257e-05	      5.83	0	Gaussian	323.550686	34.653880
484	1	  0.001457	  0.000577	     -1.00	     99.73	    443.72	      2.80	      2.25	     49.08	     39.35	16.36	 5.440e-05	      5.84	0	Gaussian	326.804210	34.181587
485	1	  0.001494	  0.000440	     -1.00	     98.03	    101.85	      4.28	      3.65	     74.99	     63.83	86.35	 1.093e-04	      5.84	0	Gaussian	327.342808	35.660241
486	1	  0.001451	  0.000464	     -1.00	    755.35	    517.23	      3.01	      2.58	     52.74	     45.21	36.34	 4.913e-05	      5.85	0	Gaussian	323.302328	34.532393
487	1	  0.001466	  0.000446	     -1.00	    663.46	    513.31	      3.06	      2.48	     53.52	     43.39	67.68	 7.463e-05	      5.85	0	Gaussian	323.791553	34.460593
488	1	  0.001508	  0.000513	     -1.00	    132.38	    720.57	      2.86	      2.29	     50.02	     40.06	-89.70	 1.122e-04	      5.86	0	Gaussian	326.226907	33.020566
489	1	  0.001498	  0.000528	     -1.00	    406.69	    619.29	      2.72	      2.59	     47.64	     45.36	43.22	 1.370e-04	      5.86	0	Gaussian	324.978904	33.740508
490	1	  0.001482	  0.000449	     -1.00	    723.15	    552.90	      3.34	      2.65	     58.47	     46.33	-6.61	 8.055e-05	      5.87	0	Gaussian	323.424506	34.343780
491	1	  0.001475	  0.000484	     -1.00	    730.69	    524.87	      2.98	      2.20	     52.19	     38.51	87.91	 8.258e-05	      5.87	0	Gaussian	323.422259	34.474858
492	1	  0.001480	  0.000342	     -1.00	    573.14	    275.62	      4.01	      2.72	     70.25	     47.64	14.01	 8.076e-05	      5.87	0	Gaussian	324.598196	35.417927
493	1	  0.001455	  0.000519	     -1.00	    181.53	    313.52	      2.89	      2.35	     50.61	     41.05	44.51	 5.932e-05	      5.88	0	Gaussian	326.584295	34.835084
494	1	  0.001456	  0.000468	     -1.00	    360.41	    388.19	      3.04	      2.15	     53.22	     37.55	11.19	 6.084e-05	      5.88	0	Gaussian	325.549552	34.701998
495	1	  0.001497	  0.000618	     -1.00	    333.63	    601.55	      2.66	      2.25	     46.53	     39.31	24.98	 8.493e-05	      5.88	0	Gaussian	325.378811	33.743630
496	1	  0.001451	  0.000396	     -1.00	    637.69	    224.10	      3.10	      2.73	     54.27	     47.80	-17.94	 3.787e-05	      5.90	0	Gaussian	324.328813	35.711874
497	1	  0.001502	  0.000465	     -1.00	    574.67	    758.91	      3.43	      2.62	     60.03	     45.92	11.02	 1.734e-04	      5.91	0	Gaussian	323.922051	33.295134
498	1	  0.001453	  0.000446	     -1.00	    486.78	    524.34	      3.02	      2.49	     52.90	     43.61	38.53	 4.553e-05	      5.91	0	Gaussian	324.698842	34.236521
499	1	  0.001487	  0.000494	     -1.00	    727.70	    688.72	      2.91	      2.08	     51.00	     36.34	39.26	 8.875e-05	      5.91	0	Gaussian	323.220972	33.748789
500	1	  0.001487	  0.000517	     -1.00	    322.23	    302.38	      2.68	      2.59	     46.96	     45.32	-8.25	 1.072e-04	      5.92	0	Gaussian	325.874147	35.036252
501	1	  0.001493	  0.000538	     -1.00	     66.15	      5.63	      2.84	      2.37	     49.63	     41.40	4.98	 6.461e-05	      5.92	0	Gaussian	327.661058	36.040505
502	1	  0.001469	  0.000437	     -1.00	    638.67	    565.85	      2.99	      2.46	     52.32	     43.07	53.99	 6.153e-05	      5.93	0	Gaussian	323.850161	34.204850
503	1	  0.001504	  0.000540	     -1.00	    112.83	    681.64	      2.80	      2.39	     49.04	     41.85	35.09	 1.513e-04	      5.93	0	Gaussian	326.382228	33.168120
504	1	  0.001461	  0.000407	     -1.00	    429.28	    642.85	      2.92	      2.81	     51.14	     49.15	78.41	 4.462e-05	      5.97	0	Gaussian	324.829699	33.660333
505	1	  0.001471	  0.000295	     -1.00	    395.33	    537.60	      3.26	      2.90	     57.04	     50.83	30.07	 5.497e-05	      6.05	0	Gaussian	325.153226	34.085597
506	1	  0.001476	  0.000401	     -1.00	    639.60	    192.36	      3.00	      2.13	     52.55	     37.33	-2.71	 7.817e-05	      6.06	0	Gaussian	324.363612	35.854184
507	1	  0.001470	  0.000364	     -1.00	    191.55	    559.75	      2.90	      2.89	     50.70	     50.62	-70.18	 7.236e-05	      6.06	0	Gaussian	326.164183	33.777635
508	1	  0.001499	  0.000356	     -1.00	    538.40	    696.65	      2.89	      2.46	     50.64	     43.06	10.08	 7.593e-05	      6.18	0	Gaussian	324.193341	33.532803
509	1	  0.001630	  0.000600	     -1.00	    411.73	    500.70	      2.05	      1.70	     35.94	     29.80	7.83	 6.907e-04	      6.31	0	Gaussian	325.121215	34.263614
