# 438 stars found using the following parameters:
# sigma=1.00 roundness=0.10 radius=5 relax=1 profile=0 minbeta=1.5 max_stars=0 layer=1 minA=0.00 maxA=0.00 maxR=1.00
# star#	layer	B	A	beta	X	Y	FWHMx [px]	FWHMy [px]	FWHMx ["]	FWHMy ["]	angle	RMSE	mag	Sat	Profile	RA	Dec
1	1	 -0.000800	  0.002552	     -1.00	    412.93	    384.00	    103.31	     25.11	   1808.23	    439.44	-1.91	 3.639e-04	     -0.30	0	Gaussian	288.589519	33.512303
2	1	  0.002096	  0.109205	     -1.00	     30.16	    427.98	      2.69	      2.69	     47.16	     47.16	38.43	 1.820e-03	      0.12	0	Gaussian	290.636871	33.516009
3	1	  0.002151	  0.110716	     -1.00	     67.61	     51.48	      2.84	      2.46	     49.66	     43.08	-37.02	 1.664e-03	      0.14	0	Gaussian	290.136542	35.184614
4	1	  0.001915	  0.076019	     -1.00	    617.27	    110.36	      3.09	      2.73	     54.01	     47.81	-27.08	 1.261e-03	      0.35	0	Gaussian	287.265422	34.599198
5	1	  0.001964	  0.073121	     -1.00	    197.49	    438.48	      3.04	      2.67	     53.22	     46.70	-39.27	 1.195e-03	      0.43	0	Gaussian	289.762917	33.386370
6	1	  0.001809	  0.059239	     -1.00	    625.56	     73.28	      3.08	      2.74	     53.84	     47.92	-32.35	 9.970e-04	      0.62	0	Gaussian	287.185283	34.757715
7	1	  0.001845	  0.060060	     -1.00	    227.99	    756.46	      2.99	      2.48	     52.32	     43.37	-28.41	 1.001e-03	      0.74	0	Gaussian	289.862621	31.963773
8	1	  0.001951	  0.059394	     -1.00	    177.38	    731.71	      2.93	      2.49	     51.28	     43.60	-39.69	 9.692e-04	      0.77	0	Gaussian	290.103897	32.096993
9	1	  0.001645	  0.039982	     -1.00	    696.48	    146.19	      3.09	      2.77	     54.16	     48.45	-40.50	 5.262e-04	      1.03	0	Gaussian	286.888273	34.390117
10	1	  0.001735	  0.039081	     -1.00	    367.54	    153.08	      2.96	      2.75	     51.77	     48.18	-39.83	 5.564e-04	      1.11	0	Gaussian	288.619786	34.562584
11	1	  0.001691	  0.045940	     -1.00	    316.44	    483.38	      2.81	      2.42	     49.20	     42.28	-37.20	 7.252e-04	      1.13	0	Gaussian	289.178804	33.125285
12	1	  0.001635	  0.032303	     -1.00	    109.43	    608.26	      3.02	      2.52	     52.84	     44.12	-40.60	 4.679e-04	      1.39	0	Gaussian	290.359938	32.675559
13	1	  0.001621	  0.031759	     -1.00	    205.37	    312.31	      2.95	      2.56	     51.70	     44.83	-39.58	 4.565e-04	      1.41	0	Gaussian	289.616512	33.943796
14	1	  0.001612	  0.029523	     -1.00	    392.88	    228.50	      2.90	      2.64	     50.78	     46.13	-33.04	 4.339e-04	      1.48	0	Gaussian	288.554448	34.212697
15	1	  0.001612	  0.028873	     -1.00	    481.56	    180.06	      2.89	      2.62	     50.57	     45.90	-55.19	 3.836e-04	      1.51	0	Gaussian	288.043703	34.375137
16	1	  0.001559	  0.026467	     -1.00	     20.25	    531.14	      2.98	      2.58	     52.21	     45.14	-40.17	 3.845e-04	      1.59	0	Gaussian	290.768208	33.060349
17	1	  0.001794	  0.026116	     -1.00	    425.28	    164.46	      2.88	      2.52	     50.39	     44.12	-29.23	 7.854e-04	      1.67	0	Gaussian	288.325234	34.478031
18	1	  0.001571	  0.021095	     -1.00	     79.78	    113.77	      2.82	      2.69	     49.32	     47.02	-54.42	 3.021e-04	      1.86	0	Gaussian	290.122013	34.898272
19	1	  0.001526	  0.020445	     -1.00	    112.70	    138.39	      2.90	      2.50	     50.75	     43.81	-48.23	 2.739e-04	      1.94	0	Gaussian	289.965316	34.770383
20	1	  0.001682	  0.018810	     -1.00	    395.04	     70.70	      2.99	      2.62	     52.37	     45.88	-29.61	 4.066e-04	      1.94	0	Gaussian	288.398591	34.912922
21	1	  0.001512	  0.015776	     -1.00	    337.47	     54.01	      2.89	      2.89	     50.66	     50.62	-53.29	 2.512e-04	      2.06	0	Gaussian	288.689543	35.021588
22	1	  0.001536	  0.014623	     -1.00	    382.11	    369.42	      3.15	      2.72	     55.19	     47.62	-47.21	 2.709e-04	      2.11	0	Gaussian	288.737241	33.594075
23	1	  0.001539	  0.015729	     -1.00	    697.91	    300.49	      3.00	      2.60	     52.44	     45.54	-37.49	 2.377e-04	      2.14	0	Gaussian	287.034879	33.710798
24	1	  0.001544	  0.014850	     -1.00	    756.56	    132.54	      2.91	      2.64	     50.86	     46.23	-38.03	 2.108e-04	      2.22	0	Gaussian	286.562723	34.410716
25	1	  0.001580	  0.015571	     -1.00	     56.32	    252.68	      2.88	      2.51	     50.36	     43.98	-37.17	 2.693e-04	      2.24	0	Gaussian	290.360167	34.287373
26	1	  0.001519	  0.015434	     -1.00	    198.88	    129.59	      2.75	      2.60	     48.19	     45.47	-23.90	 2.279e-04	      2.25	0	Gaussian	289.496213	34.763121
27	1	  0.001518	  0.013591	     -1.00	    151.42	     34.26	      3.04	      2.68	     53.13	     46.84	-51.37	 2.481e-04	      2.26	0	Gaussian	289.669595	35.216415
28	1	  0.001504	  0.013166	     -1.00	    763.13	    306.10	      3.02	      2.71	     52.93	     47.43	-57.65	 2.036e-04	      2.27	0	Gaussian	286.705300	33.644905
29	1	  0.001517	  0.012048	     -1.00	    560.38	    283.15	      2.93	      2.92	     51.22	     51.18	22.19	 2.266e-04	      2.32	0	Gaussian	287.729428	33.871801
30	1	  0.001498	  0.013382	     -1.00	    116.76	    269.88	      2.80	      2.76	     49.04	     48.32	-17.86	 2.067e-04	      2.32	0	Gaussian	290.051561	34.179506
31	1	  0.001462	  0.011918	     -1.00	    154.36	    465.10	      3.16	      2.60	     55.39	     45.45	-47.86	 1.802e-04	      2.38	0	Gaussian	290.011104	33.289790
32	1	  0.001499	  0.013191	     -1.00	     99.60	    515.31	      2.90	      2.49	     50.71	     43.61	-32.45	 1.935e-04	      2.42	0	Gaussian	290.338676	33.093302
33	1	  0.001558	  0.011805	     -1.00	    408.39	    183.51	      3.00	      2.66	     52.53	     46.57	-39.63	 3.301e-04	      2.43	0	Gaussian	288.431816	34.403416
34	1	  0.001521	  0.011004	     -1.00	    746.14	    218.87	      2.91	      2.90	     50.99	     50.79	-8.02	 2.026e-04	      2.44	0	Gaussian	286.704604	34.038334
35	1	  0.001510	  0.011918	     -1.00	    211.27	    268.85	      2.98	      2.60	     52.25	     45.44	-45.35	 1.517e-04	      2.45	0	Gaussian	289.548691	34.134375
36	1	  0.001510	  0.010923	     -1.00	    132.05	    410.97	      2.81	      2.77	     49.14	     48.57	-28.19	 1.788e-04	      2.54	0	Gaussian	290.084906	33.541939
37	1	  0.001478	  0.011696	     -1.00	    282.30	    750.41	      2.90	      2.43	     50.83	     42.61	-39.55	 1.784e-04	      2.57	0	Gaussian	289.578576	31.964164
38	1	  0.001479	  0.010213	     -1.00	     93.53	    732.00	      3.03	      2.66	     52.97	     46.59	-35.55	 1.561e-04	      2.58	0	Gaussian	290.538120	32.134538
39	1	  0.001486	  0.010436	     -1.00	    324.80	    742.52	      3.00	      2.47	     52.59	     43.19	-20.17	 1.811e-04	      2.65	0	Gaussian	289.354078	31.977907
40	1	  0.001600	  0.009947	     -1.00	    362.41	    353.81	      2.91	      2.55	     50.88	     44.67	-26.02	 3.115e-04	      2.69	0	Gaussian	288.826386	33.674159
41	1	  0.001563	  0.010034	     -1.00	    140.88	     74.71	      2.73	      2.57	     47.83	     45.05	-47.77	 1.962e-04	      2.73	0	Gaussian	289.760649	35.040755
42	1	  0.001537	  0.009508	     -1.00	    460.07	     19.43	      2.90	      2.57	     50.70	     44.95	-43.16	 2.288e-04	      2.74	0	Gaussian	288.005364	35.101346
43	1	  0.001499	  0.008929	     -1.00	    742.43	    142.58	      2.94	      2.56	     51.48	     44.86	-20.78	 1.619e-04	      2.79	0	Gaussian	286.646214	34.375933
44	1	  0.001545	  0.006594	     -1.00	    428.00	     94.03	      3.13	      3.12	     54.75	     54.68	19.01	 2.381e-04	      2.84	0	Gaussian	288.245546	34.789290
45	1	  0.001514	  0.008433	     -1.00	     76.98	     98.79	      2.75	      2.68	     48.12	     46.87	-18.95	 1.374e-04	      2.88	0	Gaussian	290.124802	34.967039
46	1	  0.001480	  0.007695	     -1.00	    664.81	    315.65	      3.02	      2.66	     52.86	     46.52	-35.42	 1.253e-04	      2.89	0	Gaussian	287.220281	33.664838
47	1	  0.001485	  0.006744	     -1.00	    506.19	    328.13	      3.19	      2.81	     55.77	     49.23	-34.68	 1.198e-04	      2.90	0	Gaussian	288.053338	33.705594
48	1	  0.001484	  0.007280	     -1.00	    649.48	     93.17	      2.92	      2.75	     51.07	     48.10	80.90	 1.280e-04	      2.95	0	Gaussian	287.079984	34.654387
49	1	  0.001453	  0.007390	     -1.00	     82.24	    214.49	      3.00	      2.60	     52.54	     45.47	-43.01	 1.113e-04	      2.96	0	Gaussian	290.190811	34.445234
50	1	  0.001450	  0.006766	     -1.00	    418.48	     10.17	      3.09	      2.72	     54.11	     47.65	-48.64	 1.037e-04	      2.97	0	Gaussian	288.217582	35.168227
51	1	  0.001482	  0.004863	     -1.00	    307.11	    423.02	      4.33	      2.68	     75.75	     46.84	-14.97	 1.276e-04	      2.97	0	Gaussian	289.175754	33.397566
52	1	  0.001502	  0.007343	     -1.00	     26.96	    724.63	      3.00	      2.52	     52.52	     44.17	-40.92	 2.329e-04	      2.99	0	Gaussian	290.878434	32.197057
53	1	  0.001212	  0.002551	     -1.00	    522.21	    378.79	      6.07	      3.60	    106.22	     63.02	-36.72	 5.238e-04	      2.99	0	Gaussian	288.017239	33.472758
54	1	  0.001593	  0.008248	     -1.00	    137.88	    603.51	      2.88	      2.37	     50.36	     41.40	-30.31	 5.623e-04	      3.01	0	Gaussian	290.207787	32.683123
55	1	  0.001958	  0.008980	     -1.00	    166.28	    732.63	      2.67	      2.29	     46.77	     40.13	-29.78	 1.527e-03	      3.01	0	Gaussian	290.161961	32.098142
56	1	  0.001478	  0.007100	     -1.00	     76.16	    334.63	      2.96	      2.60	     51.78	     45.49	-30.38	 1.157e-04	      3.03	0	Gaussian	290.319677	33.910623
57	1	  0.001549	  0.007069	     -1.00	     93.84	     13.99	      2.85	      2.66	     49.90	     46.47	-45.56	 2.326e-04	      3.04	0	Gaussian	289.963574	35.339067
58	1	  0.001599	  0.007508	     -1.00	     55.15	     61.49	      2.87	      2.51	     50.24	     43.86	-28.19	 4.264e-04	      3.04	0	Gaussian	290.212164	35.146192
59	1	  0.001453	  0.006509	     -1.00	    310.71	     16.97	      2.85	      2.85	     49.86	     49.86	-41.18	 1.059e-04	      3.06	0	Gaussian	288.798906	35.202736
60	1	  0.001511	  0.006222	     -1.00	    344.79	    183.38	      2.98	      2.81	     52.16	     49.27	-18.42	 1.304e-04	      3.09	0	Gaussian	288.767462	34.440965
61	1	  0.001454	  0.006311	     -1.00	    569.43	    150.27	      3.05	      2.62	     53.43	     45.94	-36.34	 1.049e-04	      3.10	0	Gaussian	287.554733	34.453058
62	1	  0.001503	  0.006197	     -1.00	    283.95	    685.54	      3.18	      2.54	     55.61	     44.41	-25.31	 1.910e-04	      3.13	0	Gaussian	289.516810	32.249092
63	1	  0.001538	  0.006572	     -1.00	    449.50	     24.81	      2.91	      2.55	     50.94	     44.72	-36.93	 3.279e-04	      3.14	0	Gaussian	288.066558	35.083969
64	1	  0.001463	  0.006334	     -1.00	    327.76	    233.89	      2.80	      2.76	     48.97	     48.35	7.27	 1.040e-04	      3.15	0	Gaussian	288.902412	34.225970
65	1	  0.001464	  0.005712	     -1.00	    271.96	    409.45	      3.13	      2.70	     54.73	     47.34	-40.00	 1.195e-04	      3.15	0	Gaussian	289.348061	33.476503
66	1	  0.001452	  0.005825	     -1.00	    228.06	     24.15	      2.97	      2.73	     51.91	     47.85	-38.51	 8.916e-05	      3.18	0	Gaussian	289.248436	35.218614
67	1	  0.001502	  0.006039	     -1.00	    169.54	    257.62	      2.94	      2.56	     51.41	     44.89	-38.56	 1.444e-04	      3.20	0	Gaussian	289.760726	34.206710
68	1	  0.001494	  0.005435	     -1.00	    516.72	    268.36	      3.10	      2.71	     54.21	     47.36	-28.49	 1.198e-04	      3.22	0	Gaussian	287.942704	33.963322
69	1	  0.001552	  0.005631	     -1.00	    337.41	    103.39	      2.99	      2.66	     52.28	     46.63	-50.58	 3.548e-04	      3.24	0	Gaussian	288.734601	34.801469
70	1	  0.001458	  0.004540	     -1.00	    289.24	    395.98	      3.20	      3.05	     55.94	     53.47	1.72	 1.006e-04	      3.25	0	Gaussian	289.246051	33.527090
71	1	  0.001433	  0.005218	     -1.00	    238.02	    657.87	      3.14	      2.66	     54.95	     46.62	-28.59	 1.136e-04	      3.27	0	Gaussian	289.731263	32.393881
72	1	  0.001448	  0.005227	     -1.00	    361.38	    578.50	      3.09	      2.60	     54.16	     45.58	-29.16	 9.830e-05	      3.30	0	Gaussian	289.027335	32.681375
73	1	  0.001465	  0.005068	     -1.00	    506.25	    158.22	      3.04	      2.77	     53.14	     48.55	-53.09	 9.337e-05	      3.30	0	Gaussian	287.893471	34.456903
74	1	  0.002042	  0.007260	     -1.00	    417.23	    173.21	      2.52	      2.24	     44.17	     39.13	-56.72	 2.480e-03	      3.32	0	Gaussian	288.375771	34.443934
75	1	  0.001442	  0.004598	     -1.00	    252.93	    694.79	      3.26	      2.69	     57.09	     47.07	-36.87	 1.173e-04	      3.33	0	Gaussian	289.684349	32.223587
76	1	  0.001417	  0.005157	     -1.00	    249.20	    708.73	      2.86	      2.70	     50.04	     47.29	-37.33	 1.092e-04	      3.35	0	Gaussian	289.714912	32.163939
77	1	  0.001424	  0.005253	     -1.00	    207.65	    589.19	      2.91	      2.63	     50.92	     46.06	23.52	 1.255e-04	      3.35	0	Gaussian	289.833015	32.712587
78	1	  0.001503	  0.004611	     -1.00	    454.44	     88.68	      3.13	      2.73	     54.79	     47.72	-37.08	 1.082e-04	      3.37	0	Gaussian	288.100687	34.797038
79	1	  0.001568	  0.005035	     -1.00	     54.48	     17.90	      3.04	      2.54	     53.23	     44.49	-49.50	 2.460e-04	      3.38	0	Gaussian	290.180095	35.342652
80	1	  0.001438	  0.003727	     -1.00	    175.20	    636.87	      3.27	      3.24	     57.24	     56.76	-24.80	 1.341e-04	      3.39	0	Gaussian	290.039984	32.517358
81	1	  0.001497	  0.004929	     -1.00	     62.25	    236.22	      3.07	      2.57	     53.70	     45.07	-37.45	 1.197e-04	      3.39	0	Gaussian	290.315281	34.358107
82	1	  0.001565	  0.005033	     -1.00	    492.61	    152.25	      2.96	      2.55	     51.90	     44.69	-39.26	 3.438e-04	      3.41	0	Gaussian	287.959482	34.491678
83	1	  0.001473	  0.003829	     -1.00	    609.69	    192.41	      3.34	      2.99	     58.53	     52.37	-41.19	 1.197e-04	      3.41	0	Gaussian	287.385581	34.241766
84	1	  0.001451	  0.004117	     -1.00	    409.89	    245.85	      2.96	      2.93	     51.89	     51.33	-27.14	 9.455e-05	      3.47	0	Gaussian	288.480771	34.125860
85	1	  0.001442	  0.001981	     -1.00	    112.17	    331.96	      5.67	      3.22	     99.18	     56.39	-24.00	 9.565e-05	      3.47	0	Gaussian	290.126344	33.904449
86	1	  0.001447	  0.004417	     -1.00	    184.74	    456.87	      3.07	      2.61	     53.70	     45.64	-66.78	 1.100e-04	      3.48	0	Gaussian	289.844890	33.311106
87	1	  0.001453	  0.004003	     -1.00	    538.90	    362.78	      3.11	      2.85	     54.52	     49.81	-24.23	 8.123e-05	      3.49	0	Gaussian	287.915930	33.533518
88	1	  0.001492	  0.003784	     -1.00	    504.73	    234.65	      3.38	      2.75	     59.08	     48.06	-34.89	 1.760e-04	      3.50	0	Gaussian	287.973620	34.119537
89	1	  0.001453	  0.004312	     -1.00	    384.97	    517.45	      3.01	      2.56	     52.61	     44.88	-14.55	 1.282e-04	      3.54	0	Gaussian	288.852548	32.938132
90	1	  0.001478	  0.003918	     -1.00	    380.83	    497.65	      3.31	      2.64	     57.89	     46.21	-30.05	 1.923e-04	      3.55	0	Gaussian	288.856714	33.027784
91	1	  0.001440	  0.003522	     -1.00	    172.08	     30.62	      3.22	      2.91	     56.41	     50.87	64.16	 7.997e-05	      3.57	0	Gaussian	289.555162	35.221285
92	1	  0.001445	  0.004140	     -1.00	     36.44	    677.26	      3.10	      2.57	     54.20	     44.94	-15.67	 1.102e-04	      3.58	0	Gaussian	290.793645	32.402982
93	1	  0.001472	  0.001286	     -1.00	    596.22	      9.61	      8.11	      3.09	    142.02	     54.12	23.56	 1.553e-04	      3.58	0	Gaussian	287.276078	35.058381
94	1	  0.001433	  0.000554	     -1.00	    271.59	    200.15	     11.28	      5.11	    197.40	     89.42	70.43	 7.410e-05	      3.60	0	Gaussian	289.169925	34.407736
95	1	  0.001474	  0.002953	     -1.00	    115.21	    367.20	      3.52	      2.99	     61.67	     52.34	-83.47	 1.140e-04	      3.63	0	Gaussian	290.138612	33.745602
96	1	  0.001482	  0.003790	     -1.00	     34.76	    393.36	      3.12	      2.57	     54.54	     45.02	-29.28	 8.701e-05	      3.63	0	Gaussian	290.585695	33.668457
97	1	  0.001475	  0.003512	     -1.00	     15.54	    368.74	      3.25	      2.69	     56.84	     47.06	-22.88	 8.944e-05	      3.64	0	Gaussian	290.668727	33.787847
98	1	  0.001463	  0.003688	     -1.00	    199.64	    391.91	      2.92	      2.87	     51.12	     50.17	-14.43	 1.022e-04	      3.64	0	Gaussian	289.713114	33.592364
99	1	  0.001501	  0.003562	     -1.00	    647.85	    228.12	      2.92	      2.92	     51.16	     51.14	44.71	 1.605e-04	      3.65	0	Gaussian	287.222218	34.060433
100	1	  0.001486	  0.003399	     -1.00	    201.10	    458.39	      3.34	      2.67	     58.49	     46.75	-35.02	 2.285e-04	      3.66	0	Gaussian	289.760370	33.296016
101	1	  0.001473	  0.003106	     -1.00	    693.63	      6.28	      3.44	      2.78	     60.26	     48.74	-61.70	 1.087e-04	      3.66	0	Gaussian	286.761109	35.008787
102	1	  0.001455	  0.003170	     -1.00	    261.69	     13.33	      3.29	      2.90	     57.65	     50.73	-54.88	 7.042e-05	      3.66	0	Gaussian	289.058312	35.247717
103	1	  0.001448	  0.002857	     -1.00	    299.93	    211.24	      3.46	      3.01	     60.48	     52.75	-32.77	 7.736e-05	      3.68	0	Gaussian	289.029516	34.342460
104	1	  0.001469	  0.003149	     -1.00	    493.97	    230.34	      3.28	      2.87	     57.37	     50.32	-52.06	 1.053e-04	      3.69	0	Gaussian	288.025849	34.145046
105	1	  0.001458	  0.002779	     -1.00	    555.80	     28.54	      3.58	      2.97	     62.66	     51.98	-28.02	 9.282e-05	      3.69	0	Gaussian	287.507752	35.000567
106	1	  0.001697	  0.004284	     -1.00	    216.35	    755.68	      2.83	      2.44	     49.46	     42.71	-22.52	 8.787e-04	      3.70	0	Gaussian	289.921896	31.972754
107	1	  0.001436	  0.002769	     -1.00	    476.30	    283.04	      3.49	      3.00	     61.04	     52.52	-32.58	 7.306e-05	      3.70	0	Gaussian	288.167233	33.922412
108	1	  0.001455	  0.003588	     -1.00	    105.09	    243.65	      3.01	      2.70	     52.74	     47.26	-30.25	 6.216e-05	      3.73	0	Gaussian	290.092438	34.302859
109	1	  0.001473	  0.002986	     -1.00	    652.06	    167.22	      3.22	      2.98	     56.38	     52.09	-64.41	 1.143e-04	      3.73	0	Gaussian	287.140215	34.326071
110	1	  0.001255	  0.001455	     -1.00	    451.67	    383.91	      4.53	      4.17	     79.31	     73.03	3.91	 4.643e-04	      3.74	0	Gaussian	288.387882	33.490814
111	1	  0.001438	  0.003036	     -1.00	    326.35	    662.50	      3.30	      2.83	     57.81	     49.58	-32.56	 1.093e-04	      3.76	0	Gaussian	289.279307	32.329281
112	1	  0.001498	  0.002717	     -1.00	    458.64	    223.64	      3.36	      3.09	     58.87	     54.00	-9.26	 2.160e-04	      3.77	0	Gaussian	288.204626	34.195785
113	1	  0.001546	  0.002303	     -1.00	    362.30	     93.30	      4.38	      2.69	     76.61	     47.11	3.23	 3.151e-04	      3.80	0	Gaussian	288.593209	34.831785
114	1	  0.001510	  0.003154	     -1.00	     23.85	    670.36	      3.07	      2.82	     53.74	     49.32	-18.04	 1.712e-04	      3.80	0	Gaussian	290.854160	32.439282
115	1	  0.001498	  0.002664	     -1.00	    536.50	    309.08	      3.50	      2.84	     61.35	     49.78	-20.58	 9.585e-05	      3.81	0	Gaussian	287.877998	33.771724
116	1	  0.001448	  0.002902	     -1.00	    358.92	    537.84	      3.18	      2.76	     55.60	     48.37	-33.54	 8.227e-05	      3.85	0	Gaussian	289.005091	32.862099
117	1	  0.001578	  0.002914	     -1.00	    366.50	    100.60	      3.20	      2.69	     56.03	     47.16	-40.93	 3.218e-04	      3.86	0	Gaussian	288.577536	34.796795
118	1	  0.001455	  0.002687	     -1.00	    457.50	    307.89	      3.34	      2.72	     58.49	     47.56	-35.90	 7.046e-05	      3.87	0	Gaussian	288.288224	33.823481
119	1	  0.001456	  0.002915	     -1.00	     81.03	    540.37	      3.25	      2.63	     56.89	     46.10	-36.19	 1.228e-04	      3.87	0	Gaussian	290.455740	32.990715
120	1	  0.001618	  0.003269	     -1.00	    331.19	     94.53	      2.98	      2.52	     52.18	     44.07	-32.76	 5.786e-04	      3.87	0	Gaussian	288.759713	34.844576
121	1	  0.001424	  0.002361	     -1.00	    450.25	    268.52	      3.59	      2.85	     62.83	     49.93	-37.58	 6.358e-05	      3.89	0	Gaussian	288.289963	34.001898
122	1	  0.001485	  0.000795	     -1.00	     97.14	    481.30	      9.12	      3.34	    159.58	     58.48	-60.21	 2.281e-04	      3.89	0	Gaussian	290.324873	33.245867
123	1	  0.001482	  0.002616	     -1.00	    312.48	    296.86	      3.39	      2.66	     59.31	     46.61	-4.90	 1.014e-04	      3.90	0	Gaussian	289.038341	33.954583
124	1	  0.001433	  0.002710	     -1.00	    138.65	    695.57	      3.35	      2.69	     58.71	     47.13	-18.13	 8.279e-05	      3.90	0	Gaussian	290.275974	32.274897
125	1	  0.001426	  0.002826	     -1.00	    199.09	    780.91	      2.93	      2.90	     51.31	     50.79	-46.05	 9.555e-05	      3.91	0	Gaussian	290.030794	31.869722
126	1	  0.001550	  0.001884	     -1.00	    762.76	    119.40	      4.83	      2.58	     84.60	     45.09	-20.11	 6.157e-04	      3.91	0	Gaussian	286.517132	34.464328
127	1	  0.001475	  0.001843	     -1.00	     40.77	    252.55	      4.61	      2.73	     80.62	     47.82	-5.12	 1.395e-04	      3.92	0	Gaussian	290.443181	34.295784
128	1	  0.001434	  0.001846	     -1.00	    233.04	    236.78	      3.74	      3.33	     65.47	     58.24	-54.39	 7.399e-05	      3.93	0	Gaussian	289.406039	34.265652
129	1	  0.001451	  0.001893	     -1.00	    269.80	    354.82	      4.20	      2.93	     73.56	     51.32	-31.72	 6.647e-05	      3.94	0	Gaussian	289.312858	33.720262
130	1	  0.001471	  0.002616	     -1.00	    205.37	     99.24	      3.18	      2.75	     55.69	     48.14	-30.22	 9.863e-05	      3.95	0	Gaussian	289.435433	34.895298
131	1	  0.001465	  0.001073	     -1.00	    750.81	    248.51	      7.81	      2.71	    136.69	     47.40	-59.30	 1.603e-04	      3.96	0	Gaussian	286.710502	33.905247
132	1	  0.001498	  0.001848	     -1.00	    298.07	    312.66	      3.90	      3.08	     68.31	     53.89	-68.56	 1.997e-04	      3.97	0	Gaussian	289.127884	33.892303
133	1	  0.001492	  0.002530	     -1.00	    775.91	    155.43	      3.32	      2.82	     58.08	     49.42	-28.67	 1.321e-04	      3.97	0	Gaussian	286.486149	34.297333
134	1	  0.001546	  0.001624	     -1.00	    580.14	    250.98	      4.34	      3.20	     75.97	     55.98	-69.49	 2.042e-04	      3.97	0	Gaussian	287.596010	34.001691
135	1	  0.001469	  0.002492	     -1.00	    738.81	    191.17	      3.27	      2.83	     57.21	     49.45	-19.04	 1.091e-04	      3.98	0	Gaussian	286.714372	34.164736
136	1	  0.001474	  0.002548	     -1.00	    525.62	    155.52	      3.19	      2.83	     55.87	     49.46	-29.57	 1.746e-04	      3.98	0	Gaussian	287.789272	34.457024
137	1	  0.001447	  0.002707	     -1.00	    289.63	    638.46	      2.94	      2.81	     51.38	     49.25	8.75	 1.133e-04	      4.00	0	Gaussian	289.448537	32.453843
138	1	  0.001462	  0.001855	     -1.00	    644.10	    198.53	      3.52	      3.34	     61.66	     58.41	-45.08	 1.134e-04	      4.01	0	Gaussian	287.212561	34.193152
139	1	  0.001463	  0.002406	     -1.00	     10.52	    465.02	      3.22	      2.78	     56.44	     48.61	-36.29	 1.480e-04	      4.01	0	Gaussian	290.769260	33.359869
140	1	  0.001496	  0.002712	     -1.00	    180.53	    120.09	      2.96	      2.65	     51.76	     46.37	-68.95	 1.160e-04	      4.02	0	Gaussian	289.586266	34.815728
141	1	  0.001471	  0.002459	     -1.00	     26.59	    344.87	      3.15	      2.80	     55.14	     48.92	-49.43	 1.553e-04	      4.03	0	Gaussian	290.591422	33.889302
142	1	  0.001518	  0.002647	     -1.00	    102.07	    468.84	      2.93	      2.83	     51.23	     49.45	-0.43	 1.772e-04	      4.03	0	Gaussian	290.289073	33.298964
143	1	  0.001467	  0.002242	     -1.00	     46.69	    331.53	      3.39	      2.80	     59.40	     49.08	-47.25	 1.899e-04	      4.04	0	Gaussian	290.473961	33.939125
144	1	  0.001455	  0.002272	     -1.00	    373.26	    556.99	      3.24	      2.94	     56.65	     51.50	-16.45	 1.051e-04	      4.04	0	Gaussian	288.947453	32.769973
145	1	  0.001430	  0.002224	     -1.00	    128.86	    563.39	      3.23	      3.04	     56.61	     53.29	-10.19	 7.964e-05	      4.04	0	Gaussian	290.223221	32.865502
146	1	  0.001441	  0.002144	     -1.00	    533.32	     46.75	      3.33	      3.09	     58.33	     54.12	-18.95	 6.367e-05	      4.04	0	Gaussian	287.644100	34.934103
147	1	  0.001619	  0.002373	     -1.00	    500.86	    144.92	      3.14	      2.71	     54.91	     47.51	-37.64	 5.316e-04	      4.05	0	Gaussian	287.909175	34.519129
148	1	  0.001399	  0.001641	     -1.00	     24.37	    775.79	      3.71	      3.44	     64.88	     60.21	-85.54	 6.109e-05	      4.06	0	Gaussian	290.929762	31.971421
149	1	  0.001468	  0.002259	     -1.00	    434.77	     76.63	      3.41	      2.77	     59.70	     48.56	-29.84	 1.150e-04	      4.07	0	Gaussian	288.193452	34.862526
150	1	  0.001457	  0.001885	     -1.00	    110.34	     29.68	      3.27	      3.26	     57.21	     57.12	22.33	 8.295e-05	      4.07	0	Gaussian	289.887456	35.259554
151	1	  0.001452	  0.002506	     -1.00	    360.79	    620.33	      3.13	      2.62	     54.78	     45.84	-15.53	 1.064e-04	      4.08	0	Gaussian	289.066232	32.497344
152	1	  0.001505	  0.002307	     -1.00	    676.23	    278.14	      3.15	      2.84	     55.11	     49.74	-22.33	 2.548e-04	      4.08	0	Gaussian	287.124583	33.822546
153	1	  0.001427	  0.001615	     -1.00	    331.99	    438.15	      3.63	      3.44	     63.57	     60.26	-64.34	 8.274e-05	      4.09	0	Gaussian	289.058932	33.317203
154	1	  0.001440	  0.002143	     -1.00	    629.91	    230.53	      3.21	      3.03	     56.20	     52.96	-49.85	 7.556e-05	      4.10	0	Gaussian	287.317672	34.061046
155	1	  0.001425	  0.002136	     -1.00	     58.82	    792.42	      3.43	      2.80	     60.11	     49.07	-31.62	 8.682e-05	      4.10	0	Gaussian	290.763577	31.882727
156	1	  0.001418	  0.002287	     -1.00	    230.52	    675.98	      3.23	      2.63	     56.59	     45.99	-38.96	 7.633e-05	      4.13	0	Gaussian	289.784756	32.317585
157	1	  0.001442	  0.001757	     -1.00	    625.46	    283.93	      3.73	      2.96	     65.21	     51.75	-1.96	 8.302e-05	      4.14	0	Gaussian	287.392703	33.828660
158	1	  0.001455	  0.001597	     -1.00	    178.74	    416.87	      3.56	      3.41	     62.25	     59.67	-46.70	 1.024e-04	      4.14	0	Gaussian	289.843674	33.492031
159	1	  0.001498	  0.002073	     -1.00	    167.13	    272.45	      3.46	      2.69	     60.58	     47.10	-39.36	 1.291e-04	      4.15	0	Gaussian	289.785852	34.141758
160	1	  0.001526	  0.002177	     -1.00	    315.32	    324.74	      2.96	      2.91	     51.78	     50.93	-19.68	 1.983e-04	      4.15	0	Gaussian	289.047709	33.829156
161	1	  0.001496	  0.002010	     -1.00	     76.71	    135.80	      3.18	      3.08	     55.73	     53.97	-51.28	 1.253e-04	      4.16	0	Gaussian	290.156523	34.801012
162	1	  0.001419	  0.002062	     -1.00	    199.15	    614.42	      3.37	      2.83	     58.99	     49.60	-36.66	 8.559e-05	      4.17	0	Gaussian	289.897572	32.605098
163	1	  0.001402	  0.000899	     -1.00	    112.48	    723.31	      5.37	      3.75	     94.04	     65.65	36.07	 8.332e-05	      4.17	0	Gaussian	290.433177	32.164295
164	1	  0.001456	  0.001077	     -1.00	    168.72	    712.98	      5.14	      3.36	     89.99	     58.80	-2.49	 2.148e-04	      4.18	0	Gaussian	290.133892	32.183780
165	1	  0.001446	  0.001910	     -1.00	    691.52	    119.29	      3.47	      2.85	     60.72	     49.89	-26.61	 7.471e-05	      4.19	0	Gaussian	286.886979	34.511805
166	1	  0.001443	  0.001816	     -1.00	    284.37	    340.68	      3.46	      3.04	     60.59	     53.16	-18.84	 5.902e-05	      4.20	0	Gaussian	289.224183	33.775235
167	1	  0.001455	  0.001433	     -1.00	    445.94	    166.94	      3.61	      3.41	     63.27	     59.73	-54.21	 7.066e-05	      4.22	0	Gaussian	288.218716	34.454727
168	1	  0.001503	  0.001960	     -1.00	    558.73	    245.60	      3.30	      2.80	     57.82	     49.09	-22.23	 1.299e-04	      4.24	0	Gaussian	287.702241	34.038496
169	1	  0.001434	  0.002126	     -1.00	    220.26	    568.98	      3.30	      2.52	     57.84	     44.03	-35.06	 7.358e-05	      4.25	0	Gaussian	289.750920	32.795807
170	1	  0.001431	  0.001748	     -1.00	    289.35	    576.93	      3.36	      3.00	     58.83	     52.48	-84.51	 9.964e-05	      4.26	0	Gaussian	289.398650	32.725706
171	1	  0.001459	  0.001744	     -1.00	    539.80	    348.00	      3.47	      2.97	     60.70	     51.97	-34.97	 9.262e-05	      4.26	0	Gaussian	287.897412	33.598119
172	1	  0.001450	  0.001751	     -1.00	    710.79	     99.09	      3.43	      2.83	     60.07	     49.46	-16.61	 7.811e-05	      4.28	0	Gaussian	286.766241	34.588158
173	1	  0.001480	  0.001831	     -1.00	    742.89	    104.39	      3.34	      2.77	     58.40	     48.45	-6.73	 1.267e-04	      4.30	0	Gaussian	286.604736	34.543594
174	1	  0.001452	  0.001937	     -1.00	    322.86	    530.15	      3.08	      2.88	     53.99	     50.48	-20.19	 9.507e-05	      4.30	0	Gaussian	289.185376	32.915063
175	1	  0.001440	  0.001649	     -1.00	    330.49	    286.36	      3.43	      3.01	     60.03	     52.74	-22.33	 5.597e-05	      4.32	0	Gaussian	288.934353	33.991248
176	1	  0.001447	  0.002005	     -1.00	    305.26	    794.71	      2.83	      2.74	     49.58	     47.88	-39.50	 1.020e-04	      4.33	0	Gaussian	289.497208	31.758178
177	1	  0.001453	  0.001851	     -1.00	     59.78	    619.77	      3.34	      2.65	     58.52	     46.46	-33.42	 8.977e-05	      4.33	0	Gaussian	290.628230	32.647675
178	1	  0.001467	  0.001289	     -1.00	    343.25	    363.02	      4.24	      2.84	     74.29	     49.72	13.33	 1.283e-04	      4.33	0	Gaussian	288.934716	33.643924
179	1	  0.001509	  0.001752	     -1.00	    650.77	    238.55	      3.12	      2.81	     54.67	     49.18	-29.99	 1.845e-04	      4.34	0	Gaussian	287.217308	34.012695
180	1	  0.001437	  0.001724	     -1.00	    143.95	    289.56	      3.38	      2.85	     59.23	     49.94	-13.41	 5.083e-05	      4.34	0	Gaussian	289.923096	34.077469
181	1	  0.001401	  0.001662	     -1.00	    350.34	    695.17	      3.49	      2.86	     61.04	     50.12	-17.01	 9.436e-05	      4.34	0	Gaussian	289.183462	32.173278
182	1	  0.001437	  0.001994	     -1.00	    391.81	    439.55	      3.10	      2.67	     54.28	     46.80	-31.08	 7.413e-05	      4.35	0	Gaussian	288.748747	33.278443
183	1	  0.001416	  0.001912	     -1.00	    273.91	    780.52	      3.30	      2.65	     57.75	     46.47	-25.55	 8.566e-05	      4.35	0	Gaussian	289.646149	31.835795
184	1	  0.001456	  0.001658	     -1.00	    378.87	    182.28	      3.39	      2.94	     59.31	     51.44	-8.96	 9.384e-05	      4.35	0	Gaussian	288.586372	34.426153
185	1	  0.001450	  0.000901	     -1.00	    325.47	    629.38	      6.21	      2.80	    108.78	     48.96	-61.18	 1.409e-04	      4.35	0	Gaussian	289.255946	32.475692
186	1	  0.001481	  0.002082	     -1.00	    308.24	    729.04	      2.78	      2.73	     48.66	     47.74	-19.79	 1.289e-04	      4.36	0	Gaussian	289.427829	32.045430
187	1	  0.001458	  0.001568	     -1.00	    704.66	     20.27	      3.34	      3.03	     58.40	     53.04	-77.74	 8.389e-05	      4.37	0	Gaussian	286.717680	34.939685
188	1	  0.001446	  0.001700	     -1.00	    150.85	    589.06	      3.04	      3.01	     53.25	     52.67	-45.20	 1.202e-04	      4.38	0	Gaussian	290.128738	32.740958
189	1	  0.001420	  0.001812	     -1.00	    202.04	    337.43	      3.15	      2.73	     55.14	     47.75	-16.15	 6.016e-05	      4.39	0	Gaussian	289.655164	33.833628
190	1	  0.001516	  0.000748	     -1.00	    309.94	    200.59	      6.42	      3.18	    112.37	     55.72	-25.67	 2.634e-04	      4.40	0	Gaussian	288.967131	34.384241
191	1	  0.001450	  0.001643	     -1.00	    631.19	    351.98	      3.04	      3.03	     53.25	     53.02	80.56	 8.064e-05	      4.40	0	Gaussian	287.428861	33.525817
192	1	  0.001464	  0.001907	     -1.00	    357.24	    505.79	      2.85	      2.76	     49.91	     48.29	-29.22	 1.349e-04	      4.41	0	Gaussian	288.986131	33.004497
193	1	  0.001467	  0.001610	     -1.00	     80.13	    392.74	      3.25	      2.86	     56.82	     50.11	-12.23	 7.191e-05	      4.41	0	Gaussian	290.344726	33.649070
194	1	  0.001446	  0.001258	     -1.00	    559.66	    344.23	      3.62	      3.17	     63.41	     55.49	53.70	 8.828e-05	      4.42	0	Gaussian	287.791016	33.602977
195	1	  0.001455	  0.001931	     -1.00	    732.44	    302.36	      3.01	      2.63	     52.74	     46.10	-23.55	 8.186e-05	      4.42	0	Gaussian	286.859104	33.680808
196	1	  0.001431	  0.001321	     -1.00	     99.72	    667.53	      3.61	      3.09	     63.15	     54.03	-85.81	 1.108e-04	      4.42	0	Gaussian	290.456489	32.417220
197	1	  0.001485	  0.001444	     -1.00	     99.61	    538.50	      3.31	      3.22	     57.96	     56.45	11.86	 1.150e-04	      4.43	0	Gaussian	290.356820	32.990162
198	1	  0.001446	  0.001748	     -1.00	    770.94	     84.67	      3.24	      2.66	     56.72	     46.55	-13.41	 8.006e-05	      4.44	0	Gaussian	286.438828	34.611538
199	1	  0.001501	  0.001455	     -1.00	    621.08	     28.81	      3.77	      2.72	     66.04	     47.53	-53.08	 1.398e-04	      4.44	0	Gaussian	287.164438	34.957195
200	1	  0.001433	  0.001916	     -1.00	    699.44	    262.83	      2.96	      2.55	     51.86	     44.55	28.83	 6.919e-05	      4.44	0	Gaussian	286.989665	33.875221
201	1	  0.001424	  0.001800	     -1.00	    179.77	    679.74	      3.20	      2.67	     56.05	     46.72	-17.74	 8.571e-05	      4.44	0	Gaussian	290.050398	32.325494
202	1	  0.001465	  0.001535	     -1.00	    436.52	    283.02	      3.34	      2.85	     58.48	     49.82	-31.70	 1.156e-04	      4.44	0	Gaussian	288.375087	33.945727
203	1	  0.001435	  0.000864	     -1.00	     78.48	    317.49	      4.86	      3.44	     85.11	     60.13	-61.52	 6.611e-05	      4.46	0	Gaussian	290.293679	33.986123
204	1	  0.001431	  0.001732	     -1.00	    710.69	    173.87	      3.24	      2.64	     56.64	     46.18	-19.12	 7.037e-05	      4.46	0	Gaussian	286.842465	34.259075
205	1	  0.001542	  0.001807	     -1.00	    110.36	    620.84	      2.77	      2.71	     48.57	     47.48	-25.29	 4.978e-04	      4.46	0	Gaussian	290.364890	32.619328
206	1	  0.001461	  0.001508	     -1.00	    203.78	    702.36	      3.19	      3.05	     55.76	     53.39	-17.38	 1.321e-04	      4.46	0	Gaussian	289.944193	32.214023
207	1	  0.001441	  0.001575	     -1.00	    227.88	    461.48	      3.39	      2.83	     59.29	     49.46	-25.89	 7.778e-05	      4.47	0	Gaussian	289.622594	33.268600
208	1	  0.001459	  0.001544	     -1.00	    491.60	    259.51	      3.32	      2.82	     58.13	     49.33	-30.18	 6.874e-05	      4.48	0	Gaussian	288.065484	34.017438
209	1	  0.001439	  0.001662	     -1.00	     67.17	    406.88	      2.93	      2.90	     51.31	     50.74	-43.87	 5.373e-05	      4.48	0	Gaussian	290.424513	33.592326
210	1	  0.001462	  0.001435	     -1.00	     95.72	    329.34	      3.39	      2.96	     59.31	     51.78	-23.81	 7.432e-05	      4.49	0	Gaussian	290.211534	33.924443
211	1	  0.001422	  0.001645	     -1.00	    121.73	    771.22	      3.03	      2.83	     53.10	     49.50	-16.21	 1.115e-04	      4.49	0	Gaussian	290.422134	31.948256
212	1	  0.001456	  0.001498	     -1.00	    163.89	    402.26	      3.37	      2.90	     58.98	     50.71	-19.03	 7.304e-05	      4.50	0	Gaussian	289.909947	33.564664
213	1	  0.001458	  0.001608	     -1.00	    297.60	    670.71	      3.18	      2.78	     55.74	     48.58	-30.14	 1.055e-04	      4.50	0	Gaussian	289.434234	32.307612
214	1	  0.001463	  0.001398	     -1.00	    606.41	    128.44	      3.44	      2.80	     60.26	     49.07	-62.61	 7.642e-05	      4.51	0	Gaussian	287.340046	34.526273
215	1	  0.001471	  0.001465	     -1.00	    504.81	    364.35	      3.39	      2.82	     59.30	     49.29	-24.85	 8.623e-05	      4.51	0	Gaussian	288.094074	33.546573
216	1	  0.001471	  0.001412	     -1.00	    261.24	    158.20	      3.46	      2.76	     60.57	     48.29	-47.58	 7.643e-05	      4.51	0	Gaussian	289.188357	34.600600
217	1	  0.001486	  0.001157	     -1.00	    367.63	    339.94	      3.96	      3.05	     69.25	     53.47	-17.02	 1.546e-04	      4.52	0	Gaussian	288.786814	33.732729
218	1	  0.001408	  0.001675	     -1.00	    328.99	    587.65	      3.35	      2.54	     58.67	     44.54	-38.48	 7.483e-05	      4.52	0	Gaussian	289.202491	32.657959
219	1	  0.001424	  0.000702	     -1.00	    267.49	    239.27	      4.44	      4.42	     77.67	     77.32	49.78	 5.423e-05	      4.52	0	Gaussian	289.225683	34.235681
220	1	  0.001488	  0.001562	     -1.00	     48.79	    240.97	      3.41	      2.45	     59.75	     42.83	-35.49	 1.268e-04	      4.52	0	Gaussian	290.391112	34.343635
221	1	  0.001465	  0.001609	     -1.00	     34.74	    380.82	      3.29	      2.56	     57.57	     44.82	-32.91	 7.975e-05	      4.53	0	Gaussian	290.576089	33.724518
222	1	  0.001473	  0.001350	     -1.00	    334.44	     35.70	      3.44	      3.05	     60.19	     53.37	-16.26	 9.610e-05	      4.53	0	Gaussian	288.689068	35.105072
223	1	  0.001412	  0.000611	     -1.00	     38.96	    706.38	      5.62	      3.89	     98.43	     68.17	40.12	 6.161e-05	      4.54	0	Gaussian	290.802337	32.272643
224	1	  0.001442	  0.001252	     -1.00	    290.62	     52.06	      3.40	      3.17	     59.58	     55.50	-11.64	 6.084e-05	      4.54	0	Gaussian	288.937921	35.057763
225	1	  0.001475	  0.001630	     -1.00	    763.33	    244.65	      2.88	      2.80	     50.34	     49.04	-34.05	 1.232e-04	      4.54	0	Gaussian	286.642169	33.914084
226	1	  0.001422	  0.000801	     -1.00	    507.17	     34.09	      5.16	      3.14	     90.24	     54.97	-34.48	 4.560e-05	      4.55	0	Gaussian	287.769939	35.006771
227	1	  0.001444	  0.001450	     -1.00	    683.87	    197.65	      3.34	      2.77	     58.42	     48.55	-4.81	 8.965e-05	      4.55	0	Gaussian	287.005287	34.171725
228	1	  0.001442	  0.001637	     -1.00	    314.67	    656.67	      3.05	      2.71	     53.37	     47.38	-24.23	 9.866e-05	      4.56	0	Gaussian	289.334536	32.360888
229	1	  0.001425	  0.001463	     -1.00	      6.29	     58.99	      3.19	      2.87	     55.80	     50.24	-7.03	 4.630e-05	      4.56	0	Gaussian	290.474717	35.183040
230	1	  0.001433	  0.001388	     -1.00	    364.99	    290.66	      3.13	      2.93	     54.82	     51.25	-22.99	 8.490e-05	      4.56	0	Gaussian	288.756856	33.952784
231	1	  0.001424	  0.000651	     -1.00	    360.67	    314.36	      5.10	      3.87	     89.24	     67.77	-78.64	 6.925e-05	      4.57	0	Gaussian	288.800605	33.850043
232	1	  0.001481	  0.001487	     -1.00	     91.42	    555.35	      3.18	      2.80	     55.68	     49.01	-23.29	 1.134e-04	      4.59	0	Gaussian	290.412934	32.919130
233	1	  0.001421	  0.001641	     -1.00	    381.13	    461.21	      2.97	      2.65	     52.00	     46.40	-34.33	 7.481e-05	      4.60	0	Gaussian	288.823315	33.188561
234	1	  0.001497	  0.001535	     -1.00	     47.22	    605.06	      3.07	      2.67	     53.80	     46.65	-14.38	 1.516e-04	      4.60	0	Gaussian	290.682743	32.718816
235	1	  0.001523	  0.001423	     -1.00	    675.63	    317.29	      2.88	      2.88	     50.45	     50.43	-78.93	 2.575e-04	      4.61	0	Gaussian	287.166139	33.650959
236	1	  0.001491	  0.000801	     -1.00	    624.19	     38.57	      4.71	      3.22	     82.48	     56.37	74.18	 1.809e-04	      4.62	0	Gaussian	287.157846	34.912026
237	1	  0.001472	  0.001332	     -1.00	    201.43	    175.05	      3.35	      2.73	     58.62	     47.71	-34.68	 7.191e-05	      4.62	0	Gaussian	289.521406	34.558481
238	1	  0.001462	  0.001436	     -1.00	    295.92	    122.55	      3.09	      2.71	     54.09	     47.43	-13.06	 7.049e-05	      4.63	0	Gaussian	288.972439	34.740006
239	1	  0.001463	  0.001328	     -1.00	    551.43	    314.28	      3.40	      2.83	     59.42	     49.48	-12.51	 7.180e-05	      4.64	0	Gaussian	287.805372	33.739910
240	1	  0.001460	  0.001371	     -1.00	    728.39	    238.19	      3.39	      2.71	     59.26	     47.48	-22.01	 1.007e-04	      4.64	0	Gaussian	286.815666	33.964974
241	1	  0.001455	  0.000851	     -1.00	    445.47	    202.15	      5.24	      2.65	     91.63	     46.46	-33.35	 1.101e-04	      4.64	0	Gaussian	288.253837	34.298829
242	1	  0.001464	  0.001368	     -1.00	    212.33	    385.42	      3.30	      2.79	     57.84	     48.83	-25.82	 9.421e-05	      4.64	0	Gaussian	289.640950	33.614632
243	1	  0.001453	  0.001199	     -1.00	    353.78	    258.38	      3.24	      3.17	     56.70	     55.56	-3.08	 8.974e-05	      4.65	0	Gaussian	288.787034	34.102395
244	1	  0.001479	  0.001051	     -1.00	    276.15	     97.04	      3.74	      3.00	     65.53	     52.46	-15.22	 7.423e-05	      4.65	0	Gaussian	289.055177	34.865191
245	1	  0.001474	  0.000869	     -1.00	     32.32	     68.81	      4.91	      2.79	     85.86	     48.77	-8.78	 1.072e-04	      4.65	0	Gaussian	290.341598	35.125304
246	1	  0.001462	  0.001214	     -1.00	    466.69	     72.78	      3.60	      2.75	     62.95	     48.06	-16.99	 8.998e-05	      4.66	0	Gaussian	288.020909	34.860131
247	1	  0.001432	  0.000482	     -1.00	    159.67	    177.19	      5.51	      4.25	     96.38	     74.31	68.49	 7.284e-05	      4.66	0	Gaussian	289.746112	34.571490
248	1	  0.001442	  0.001017	     -1.00	      6.14	    410.95	      4.06	      2.84	     71.07	     49.65	-28.57	 7.031e-05	      4.66	0	Gaussian	290.751139	33.603572
249	1	  0.001431	  0.000863	     -1.00	    223.54	    425.09	      4.92	      2.77	     86.09	     48.40	-47.96	 6.827e-05	      4.66	0	Gaussian	289.615096	33.432453
250	1	  0.001487	  0.001136	     -1.00	     48.14	    109.63	      3.76	      2.80	     65.81	     49.01	-28.98	 1.440e-04	      4.66	0	Gaussian	290.289166	34.933483
251	1	  0.001461	  0.001261	     -1.00	    274.16	    300.38	      3.41	      2.91	     59.66	     50.86	-28.82	 1.508e-04	      4.67	0	Gaussian	289.243193	33.959946
252	1	  0.001460	  0.001361	     -1.00	    552.83	    257.26	      3.11	      2.86	     54.36	     50.13	-24.51	 8.733e-05	      4.68	0	Gaussian	287.744070	33.990611
253	1	  0.001507	  0.001420	     -1.00	    525.60	    146.88	      3.20	      2.65	     55.98	     46.44	-7.07	 2.797e-04	      4.68	0	Gaussian	287.781125	34.495259
254	1	  0.001430	  0.001365	     -1.00	     46.86	    759.57	      3.35	      2.68	     58.72	     46.86	-28.40	 9.791e-05	      4.68	0	Gaussian	290.800995	32.033415
255	1	  0.001441	  0.001426	     -1.00	    265.57	    696.88	      3.19	      2.53	     55.86	     44.20	-26.47	 8.012e-05	      4.69	0	Gaussian	289.620840	32.208193
256	1	  0.001473	  0.001087	     -1.00	    455.65	    104.96	      3.60	      2.98	     62.99	     52.08	-40.70	 1.045e-04	      4.70	0	Gaussian	288.109602	34.723997
257	1	  0.001450	  0.001190	     -1.00	    358.60	    172.31	      3.42	      2.93	     59.91	     51.26	-14.12	 6.703e-05	      4.72	0	Gaussian	288.684459	34.482238
258	1	  0.001448	  0.001081	     -1.00	    351.05	    335.48	      3.76	      2.88	     65.74	     50.43	-21.85	 8.545e-05	      4.72	0	Gaussian	288.869691	33.761733
259	1	  0.001396	  0.000874	     -1.00	    260.00	    471.04	      3.98	      3.24	     69.61	     56.78	-6.03	 6.666e-05	      4.72	0	Gaussian	289.462645	33.209559
260	1	  0.001453	  0.001134	     -1.00	    326.50	    182.00	      3.35	      3.03	     58.71	     52.98	-18.81	 6.931e-05	      4.73	0	Gaussian	288.862986	34.457568
261	1	  0.001656	  0.001478	     -1.00	    438.55	     86.91	      3.04	      2.45	     53.22	     42.91	-61.63	 5.735e-04	      4.73	0	Gaussian	288.183044	34.814536
262	1	  0.001477	  0.001380	     -1.00	    169.60	    299.89	      3.01	      2.84	     52.70	     49.79	4.36	 1.103e-04	      4.74	0	Gaussian	289.795552	34.018020
263	1	  0.001463	  0.001185	     -1.00	    272.07	    307.35	      3.35	      2.75	     58.63	     48.13	-35.07	 1.589e-04	      4.74	0	Gaussian	289.260253	33.930091
264	1	  0.001464	  0.001156	     -1.00	    469.55	    137.15	      3.48	      2.79	     60.87	     48.80	-21.98	 1.045e-04	      4.75	0	Gaussian	288.066561	34.572684
265	1	  0.001459	  0.001429	     -1.00	    704.82	    222.51	      2.75	      2.67	     48.05	     46.78	-17.49	 1.193e-04	      4.75	0	Gaussian	286.921643	34.048971
266	1	  0.001437	  0.001073	     -1.00	     68.18	    539.12	      3.48	      3.05	     60.97	     53.39	-35.07	 1.031e-04	      4.77	0	Gaussian	290.522276	33.002349
267	1	  0.001475	  0.001089	     -1.00	     98.40	    158.52	      3.37	      3.05	     58.90	     53.46	-10.97	 8.959e-05	      4.78	0	Gaussian	290.058624	34.687696
268	1	  0.001451	  0.001285	     -1.00	    749.66	     76.89	      3.04	      2.60	     53.14	     45.48	-20.11	 7.080e-05	      4.78	0	Gaussian	286.541305	34.660043
269	1	  0.001442	  0.001280	     -1.00	    609.33	    312.27	      2.89	      2.83	     50.61	     49.48	-23.83	 8.042e-05	      4.78	0	Gaussian	287.503530	33.713797
270	1	  0.001502	  0.001278	     -1.00	    785.04	    251.94	      2.94	      2.68	     51.54	     46.96	-17.29	 1.861e-04	      4.78	0	Gaussian	286.537961	33.868006
271	1	  0.001445	  0.001206	     -1.00	    592.26	     69.26	      3.19	      2.86	     55.90	     50.06	-7.24	 6.017e-05	      4.79	0	Gaussian	287.355922	34.796888
272	1	  0.001460	  0.001234	     -1.00	    300.01	    552.78	      3.21	      2.79	     56.15	     48.80	-12.14	 1.069e-04	      4.80	0	Gaussian	289.323108	32.826966
273	1	  0.001442	  0.001130	     -1.00	     30.89	    295.93	      3.46	      2.77	     60.50	     48.57	-34.44	 6.517e-05	      4.81	0	Gaussian	290.530245	34.106311
274	1	  0.001442	  0.001090	     -1.00	    191.02	    204.21	      3.40	      2.90	     59.59	     50.76	-19.78	 6.814e-05	      4.81	0	Gaussian	289.601638	34.433829
275	1	  0.001410	  0.001278	     -1.00	    216.50	    737.00	      3.10	      2.68	     54.33	     46.88	-21.67	 7.885e-05	      4.82	0	Gaussian	289.906202	32.055057
276	1	  0.001444	  0.000541	     -1.00	    731.48	     12.12	      4.83	      3.77	     84.62	     65.99	24.45	 6.862e-05	      4.82	0	Gaussian	286.569131	34.957577
277	1	  0.001442	  0.000676	     -1.00	    180.25	    556.65	      3.89	      3.75	     68.01	     65.59	14.08	 1.020e-04	      4.83	0	Gaussian	289.949420	32.870337
278	1	  0.001441	  0.000943	     -1.00	     68.04	    431.06	      3.83	      2.74	     67.00	     47.95	-16.75	 6.940e-05	      4.83	0	Gaussian	290.438865	33.483992
279	1	  0.001475	  0.001127	     -1.00	     48.01	    149.46	      3.21	      2.78	     56.22	     48.63	-13.22	 9.955e-05	      4.84	0	Gaussian	290.322014	34.754636
280	1	  0.001462	  0.000887	     -1.00	     73.16	    236.84	      3.60	      3.04	     63.07	     53.18	17.44	 1.149e-04	      4.84	0	Gaussian	290.257424	34.349759
281	1	  0.001457	  0.001172	     -1.00	    582.20	    228.29	      3.46	      2.61	     60.55	     45.73	1.24	 7.958e-05	      4.84	0	Gaussian	287.563492	34.100542
282	1	  0.001429	  0.001085	     -1.00	     26.56	    605.22	      3.18	      2.96	     55.74	     51.82	-27.52	 7.629e-05	      4.85	0	Gaussian	290.791079	32.727609
283	1	  0.001395	  0.001035	     -1.00	    109.78	    652.69	      3.46	      2.96	     60.63	     51.82	-36.80	 4.901e-05	      4.85	0	Gaussian	290.392667	32.478320
284	1	  0.001464	  0.001210	     -1.00	    525.20	    303.00	      2.87	      2.87	     50.19	     50.19	48.21	 1.067e-04	      4.85	0	Gaussian	287.931038	33.805292
285	1	  0.001432	  0.000857	     -1.00	    325.76	    122.97	      3.82	      2.94	     66.93	     51.42	-49.80	 4.507e-05	      4.86	0	Gaussian	288.814140	34.720965
286	1	  0.001498	  0.001236	     -1.00	    105.32	    276.46	      3.08	      2.71	     53.90	     47.37	-21.46	 2.351e-04	      4.86	0	Gaussian	290.117821	34.155993
287	1	  0.001433	  0.001094	     -1.00	    106.84	    173.62	      3.44	      2.67	     60.13	     46.81	-16.20	 5.058e-05	      4.86	0	Gaussian	290.025772	34.615581
288	1	  0.001461	  0.001250	     -1.00	     33.36	    528.98	      2.98	      2.50	     52.24	     43.75	-75.23	 1.141e-04	      4.87	0	Gaussian	290.697551	33.063887
289	1	  0.001442	  0.000763	     -1.00	    118.74	     81.44	      3.66	      3.65	     64.02	     63.89	-22.17	 6.176e-05	      4.88	0	Gaussian	289.885460	35.022585
290	1	  0.001465	  0.001033	     -1.00	    178.14	    531.37	      3.56	      2.67	     62.38	     46.74	-20.11	 1.214e-04	      4.88	0	Gaussian	289.940003	32.983524
291	1	  0.001493	  0.001128	     -1.00	    438.90	      5.54	      3.19	      2.67	     55.90	     46.70	-19.26	 7.977e-05	      4.89	0	Gaussian	288.104617	35.176215
292	1	  0.001449	  0.001091	     -1.00	    573.95	     54.24	      3.19	      2.77	     55.81	     48.49	-11.41	 1.029e-04	      4.90	0	Gaussian	287.437367	34.875085
293	1	  0.001445	  0.000945	     -1.00	    295.81	    751.79	      3.92	      2.45	     68.68	     42.86	-58.72	 1.865e-04	      4.90	0	Gaussian	289.510377	31.951481
294	1	  0.001447	  0.000798	     -1.00	    732.45	     37.06	      4.02	      2.91	     70.40	     50.91	-42.47	 8.209e-05	      4.90	0	Gaussian	286.589813	34.846982
295	1	  0.001464	  0.001262	     -1.00	    405.39	    379.41	      2.82	      2.44	     49.29	     42.63	-39.96	 8.315e-05	      4.93	0	Gaussian	288.624710	33.536833
296	1	  0.001479	  0.000935	     -1.00	     31.23	    192.36	      3.40	      2.89	     59.52	     50.50	-6.88	 7.683e-05	      4.94	0	Gaussian	290.446554	34.570571
297	1	  0.001496	  0.001000	     -1.00	    111.43	    474.69	      3.19	      3.06	     55.89	     53.60	46.20	 2.795e-04	      4.95	0	Gaussian	290.244431	33.268350
298	1	  0.001450	  0.000776	     -1.00	    127.04	    132.56	      4.00	      3.04	     70.07	     53.25	12.45	 5.625e-05	      4.95	0	Gaussian	289.883486	34.788886
299	1	  0.001549	  0.001266	     -1.00	     47.29	    102.04	      2.98	      2.42	     52.14	     42.35	-42.64	 1.829e-04	      4.96	0	Gaussian	290.287567	34.968018
300	1	  0.001476	  0.000966	     -1.00	    592.82	     50.73	      3.19	      2.89	     55.83	     50.56	-6.46	 1.026e-04	      4.96	0	Gaussian	287.334716	34.878526
301	1	  0.001454	  0.001043	     -1.00	    636.92	    250.31	      3.22	      2.84	     56.44	     49.65	-30.09	 9.899e-05	      4.96	0	Gaussian	287.300613	33.969559
302	1	  0.001444	  0.000991	     -1.00	    156.10	    325.35	      3.24	      2.82	     56.70	     49.40	-16.27	 9.319e-05	      4.96	0	Gaussian	289.888073	33.911431
303	1	  0.001479	  0.001181	     -1.00	     65.69	    296.51	      3.11	      2.54	     54.47	     44.46	-21.00	 1.007e-04	      4.97	0	Gaussian	290.345081	34.086379
304	1	  0.001407	  0.001215	     -1.00	    243.46	    682.49	      3.03	      2.51	     53.07	     43.88	-22.17	 8.841e-05	      4.97	0	Gaussian	289.723209	32.282513
305	1	  0.001452	  0.000972	     -1.00	    131.89	    317.59	      3.34	      2.81	     58.47	     49.26	-10.41	 7.521e-05	      4.98	0	Gaussian	290.010060	33.958551
306	1	  0.001438	  0.001230	     -1.00	     40.00	    733.27	      2.79	      2.44	     48.81	     42.76	-14.28	 7.765e-05	      4.98	0	Gaussian	290.817006	32.152939
307	1	  0.001500	  0.001186	     -1.00	    178.39	    446.01	      3.02	      2.45	     52.83	     42.97	45.41	 3.508e-04	      4.98	0	Gaussian	289.869379	33.362607
308	1	  0.001437	  0.000872	     -1.00	    389.26	    206.29	      3.41	      3.13	     59.61	     54.81	1.18	 9.333e-05	      4.98	0	Gaussian	288.553382	34.313414
309	1	  0.001438	  0.000944	     -1.00	     46.70	    467.91	      3.10	      3.09	     54.23	     54.05	83.62	 8.685e-05	      4.98	0	Gaussian	290.580300	33.329870
310	1	  0.001472	  0.000921	     -1.00	     89.69	    368.50	      3.34	      2.98	     58.40	     52.17	-17.61	 1.033e-04	      4.98	0	Gaussian	290.274848	33.752552
311	1	  0.001425	  0.000703	     -1.00	    492.91	    310.47	      4.07	      3.18	     71.29	     55.62	-79.34	 5.363e-05	      4.99	0	Gaussian	288.106045	33.791382
312	1	  0.001501	  0.001142	     -1.00	     34.29	    353.01	      2.99	      2.57	     52.28	     45.02	-20.81	 2.970e-04	      4.99	0	Gaussian	290.556763	33.849137
313	1	  0.001396	  0.000928	     -1.00	    210.64	    529.42	      3.69	      2.37	     64.50	     41.41	-34.27	 6.253e-05	      4.99	0	Gaussian	289.768721	32.975953
314	1	  0.001508	  0.001284	     -1.00	    250.77	    551.60	      2.96	      2.39	     51.79	     41.86	-20.90	 1.836e-04	      4.99	0	Gaussian	289.577918	32.857425
315	1	  0.001470	  0.001236	     -1.00	    270.93	    532.37	      2.89	      2.42	     50.65	     42.44	-12.72	 1.353e-04	      4.99	0	Gaussian	289.457019	32.932208
316	1	  0.001436	  0.000998	     -1.00	    141.79	    475.19	      3.17	      2.85	     55.48	     49.96	-7.06	 1.173e-04	      4.99	0	Gaussian	290.085266	33.251165
317	1	  0.001545	  0.001233	     -1.00	    319.58	    333.62	      2.73	      2.40	     47.76	     41.93	-50.85	 2.729e-04	      4.99	0	Gaussian	289.033071	33.787390
318	1	  0.001453	  0.001383	     -1.00	    793.48	    243.30	      2.55	      2.46	     44.69	     43.08	-33.79	 7.454e-05	      5.00	0	Gaussian	286.485762	33.900385
319	1	  0.001462	  0.001166	     -1.00	    749.25	     18.56	      2.81	      2.46	     49.20	     43.10	79.19	 9.896e-05	      5.00	0	Gaussian	286.483039	34.917126
320	1	  0.001444	  0.000796	     -1.00	    167.25	    198.27	      3.67	      3.05	     64.16	     53.32	-10.48	 5.376e-05	      5.01	0	Gaussian	289.723301	34.473166
321	1	  0.001416	  0.000724	     -1.00	    131.43	    458.04	      3.63	      3.38	     63.56	     59.10	-22.12	 6.530e-05	      5.01	0	Gaussian	290.125960	33.332626
322	1	  0.001420	  0.000979	     -1.00	    293.60	    472.05	      3.26	      2.87	     56.98	     50.28	-14.98	 6.576e-05	      5.01	0	Gaussian	289.288163	33.187504
323	1	  0.001479	  0.000974	     -1.00	    404.88	    131.40	      3.23	      2.70	     56.59	     47.31	-11.17	 1.017e-04	      5.01	0	Gaussian	288.402476	34.637043
324	1	  0.001458	  0.000847	     -1.00	    736.57	     48.02	      3.49	      2.82	     61.10	     49.37	32.97	 9.565e-05	      5.02	0	Gaussian	286.579655	34.795925
325	1	  0.001422	  0.000876	     -1.00	    367.60	    245.90	      3.46	      2.85	     60.64	     49.83	-0.07	 4.987e-05	      5.02	0	Gaussian	288.703133	34.149974
326	1	  0.001441	  0.001229	     -1.00	    342.77	    541.50	      2.72	      2.46	     47.61	     42.97	-57.14	 9.087e-05	      5.03	0	Gaussian	289.091883	32.854453
327	1	  0.001464	  0.000860	     -1.00	    439.45	    108.38	      3.05	      3.03	     53.36	     53.11	-39.69	 1.031e-04	      5.03	0	Gaussian	288.198371	34.718601
328	1	  0.001481	  0.001153	     -1.00	    663.69	    238.21	      3.00	      2.54	     52.47	     44.52	-22.24	 1.036e-04	      5.03	0	Gaussian	287.150056	34.006051
329	1	  0.001409	  0.000935	     -1.00	     82.71	    592.08	      3.41	      2.74	     59.64	     48.02	-11.97	 5.329e-05	      5.04	0	Gaussian	290.487045	32.760024
330	1	  0.001436	  0.001042	     -1.00	     70.00	    266.46	      3.10	      2.63	     54.23	     46.04	-12.87	 1.196e-04	      5.04	0	Gaussian	290.298078	34.218710
331	1	  0.001447	  0.001087	     -1.00	     49.45	    317.49	      2.85	      2.54	     49.91	     44.47	-56.78	 7.138e-05	      5.05	0	Gaussian	290.448242	34.000586
332	1	  0.001462	  0.000963	     -1.00	    244.14	     31.90	      3.24	      2.61	     56.67	     45.76	-43.81	 1.051e-04	      5.05	0	Gaussian	289.168927	35.174749
333	1	  0.001443	  0.000578	     -1.00	    139.47	    189.65	      4.69	      3.08	     82.12	     53.86	-8.32	 6.328e-05	      5.05	0	Gaussian	289.864405	34.526553
334	1	  0.001416	  0.000895	     -1.00	     33.80	    689.77	      3.33	      2.85	     58.32	     49.90	-19.56	 7.954e-05	      5.06	0	Gaussian	290.816791	32.348628
335	1	  0.001425	  0.000488	     -1.00	    277.40	     37.61	      5.30	      3.35	     92.83	     58.63	-32.72	 4.694e-05	      5.07	0	Gaussian	288.995730	35.129997
336	1	  0.001456	  0.001162	     -1.00	    326.17	    544.71	      2.74	      2.43	     47.91	     42.47	-82.01	 1.055e-04	      5.07	0	Gaussian	289.180630	32.848986
337	1	  0.001411	  0.000994	     -1.00	    160.90	    514.66	      3.39	      2.63	     59.39	     46.08	-20.70	 6.557e-05	      5.08	0	Gaussian	290.016722	33.066236
338	1	  0.001441	  0.000693	     -1.00	    291.93	    366.91	      3.66	      2.90	     63.97	     50.78	-42.34	 6.508e-05	      5.08	0	Gaussian	289.207023	33.654683
339	1	  0.001448	  0.000824	     -1.00	    253.10	    237.73	      3.45	      2.95	     60.43	     51.60	-17.26	 7.363e-05	      5.08	0	Gaussian	289.300530	34.250441
340	1	  0.001491	  0.001240	     -1.00	    257.57	    543.72	      2.61	      2.43	     45.65	     42.52	-29.45	 1.752e-04	      5.09	0	Gaussian	289.536007	32.888822
341	1	  0.001440	  0.000951	     -1.00	    117.75	    256.82	      3.32	      2.50	     58.17	     43.73	-10.86	 6.846e-05	      5.10	0	Gaussian	290.035646	34.237383
342	1	  0.001468	  0.000949	     -1.00	    334.92	    627.96	      3.00	      2.52	     52.43	     44.14	-8.51	 1.609e-04	      5.11	0	Gaussian	289.206040	32.477102
343	1	  0.001429	  0.001143	     -1.00	    237.03	    735.39	      2.96	      2.44	     51.75	     42.72	-29.05	 9.959e-05	      5.11	0	Gaussian	289.799156	32.052293
344	1	  0.001454	  0.001116	     -1.00	    612.29	    353.49	      2.77	      2.44	     48.41	     42.69	-35.70	 9.997e-05	      5.11	0	Gaussian	287.527750	33.530630
345	1	  0.001454	  0.000834	     -1.00	    316.30	    547.96	      3.04	      3.04	     53.24	     53.23	50.42	 1.516e-04	      5.11	0	Gaussian	289.234562	32.839798
346	1	  0.001444	  0.000673	     -1.00	    389.83	    196.75	      3.69	      3.20	     64.61	     56.01	33.02	 1.040e-04	      5.12	0	Gaussian	288.541709	34.355480
347	1	  0.001451	  0.000971	     -1.00	    774.84	    186.37	      3.03	      2.71	     53.00	     47.37	-26.77	 7.384e-05	      5.13	0	Gaussian	286.523472	34.162199
348	1	  0.001454	  0.000887	     -1.00	    512.11	    210.33	      3.34	      2.76	     58.48	     48.26	-24.43	 9.145e-05	      5.13	0	Gaussian	287.912087	34.222698
349	1	  0.001444	  0.000601	     -1.00	    230.18	    170.02	      4.01	      3.44	     70.24	     60.13	-22.76	 7.267e-05	      5.13	0	Gaussian	289.363936	34.565160
350	1	  0.001471	  0.001065	     -1.00	    347.99	    456.06	      2.69	      2.62	     47.16	     45.80	84.47	 1.218e-04	      5.15	0	Gaussian	288.991100	33.229328
351	1	  0.001443	  0.001008	     -1.00	     86.36	    433.82	      2.79	      2.61	     48.90	     45.76	81.15	 6.040e-05	      5.15	0	Gaussian	290.344250	33.462742
352	1	  0.001426	  0.000677	     -1.00	    126.95	    431.93	      3.78	      3.07	     66.13	     53.77	-0.65	 5.314e-05	      5.15	0	Gaussian	290.128610	33.451090
353	1	  0.001473	  0.000993	     -1.00	    736.42	    268.91	      3.15	      2.53	     55.20	     44.33	34.32	 9.991e-05	      5.15	0	Gaussian	286.805147	33.825001
354	1	  0.001452	  0.001006	     -1.00	    326.80	    253.30	      2.84	      2.44	     49.72	     42.72	-44.73	 7.248e-05	      5.15	0	Gaussian	288.924635	34.140204
355	1	  0.001441	  0.000984	     -1.00	    304.44	    529.88	      2.79	      2.62	     48.83	     45.78	-58.78	 7.196e-05	      5.18	0	Gaussian	289.280793	32.925888
356	1	  0.001445	  0.000893	     -1.00	    195.41	    539.07	      3.04	      2.74	     53.26	     47.90	-87.48	 1.150e-04	      5.18	0	Gaussian	289.856066	32.940796
357	1	  0.001485	  0.001060	     -1.00	    388.32	    428.57	      2.77	      2.25	     48.53	     39.37	-26.89	 1.095e-04	      5.19	0	Gaussian	288.757186	33.328906
358	1	  0.001438	  0.000865	     -1.00	    765.18	    267.41	      3.29	      2.73	     57.58	     47.81	-0.81	 8.407e-05	      5.19	0	Gaussian	286.655725	33.813086
359	1	  0.001455	  0.000964	     -1.00	    280.06	    534.38	      2.79	      2.72	     48.86	     47.70	-45.06	 1.562e-04	      5.19	0	Gaussian	289.411268	32.918615
360	1	  0.001448	  0.000974	     -1.00	    653.01	     11.50	      3.06	      2.48	     53.63	     43.41	3.37	 6.764e-05	      5.20	0	Gaussian	286.979359	35.012753
361	1	  0.001418	  0.000961	     -1.00	    281.68	    668.34	      2.87	      2.43	     50.24	     42.58	49.96	 7.825e-05	      5.21	0	Gaussian	289.514331	32.326033
362	1	  0.001499	  0.000828	     -1.00	     92.81	    290.44	      3.43	      2.65	     60.09	     46.40	-22.47	 1.102e-04	      5.21	0	Gaussian	290.195722	34.099859
363	1	  0.001478	  0.001012	     -1.00	    716.70	    191.24	      2.69	      2.55	     47.14	     44.55	-70.41	 1.070e-04	      5.22	0	Gaussian	286.828833	34.178786
364	1	  0.001459	  0.000644	     -1.00	    645.14	    271.41	      3.80	      2.82	     66.50	     49.29	-0.84	 8.354e-05	      5.22	0	Gaussian	287.278660	33.871574
365	1	  0.001438	  0.000637	     -1.00	    585.30	    137.59	      3.77	      2.87	     65.96	     50.15	-3.48	 8.984e-05	      5.24	0	Gaussian	287.459383	34.499187
366	1	  0.001407	  0.001017	     -1.00	    256.70	    579.69	      2.78	      2.33	     48.65	     40.82	-44.48	 7.250e-05	      5.24	0	Gaussian	289.570324	32.730131
367	1	  0.001469	  0.000671	     -1.00	    384.09	    156.95	      3.19	      3.03	     55.77	     52.97	-29.33	 8.763e-05	      5.25	0	Gaussian	288.535760	34.535691
368	1	  0.001451	  0.001099	     -1.00	    285.68	    719.77	      2.65	      2.31	     46.33	     40.43	-9.31	 1.148e-04	      5.25	0	Gaussian	289.536122	32.097409
369	1	  0.001455	  0.000944	     -1.00	    172.50	    341.28	      2.81	      2.46	     49.24	     43.08	-47.87	 1.093e-04	      5.25	0	Gaussian	289.814427	33.831900
370	1	  0.001456	  0.000702	     -1.00	     70.83	     80.45	      3.31	      3.29	     57.96	     57.59	-45.43	 6.022e-05	      5.25	0	Gaussian	290.142947	35.052698
371	1	  0.001486	  0.000856	     -1.00	    368.20	    184.46	      3.23	      2.60	     56.53	     45.50	-24.44	 1.907e-04	      5.25	0	Gaussian	288.644697	34.422636
372	1	  0.001428	  0.000938	     -1.00	    237.77	    496.51	      2.83	      2.46	     49.48	     43.00	-56.30	 9.729e-05	      5.25	0	Gaussian	289.599975	33.108109
373	1	  0.001433	  0.000907	     -1.00	    482.04	    348.44	      3.12	      2.56	     54.60	     44.87	-16.73	 6.779e-05	      5.26	0	Gaussian	288.197640	33.629989
374	1	  0.001443	  0.000537	     -1.00	    574.53	     76.45	      3.94	      3.27	     69.03	     57.28	25.90	 1.067e-04	      5.27	0	Gaussian	287.456121	34.776416
375	1	  0.001488	  0.000801	     -1.00	    316.83	    381.78	      2.98	      2.69	     52.13	     47.06	-8.61	 1.016e-04	      5.27	0	Gaussian	289.089331	33.575185
376	1	  0.001443	  0.000653	     -1.00	    275.96	    567.63	      3.88	      2.76	     67.92	     48.23	-30.53	 1.629e-04	      5.27	0	Gaussian	289.460360	32.773648
377	1	  0.001442	  0.000939	     -1.00	    255.95	    623.70	      2.92	      2.45	     51.16	     42.81	-28.79	 9.539e-05	      5.27	0	Gaussian	289.610525	32.535916
378	1	  0.001441	  0.000817	     -1.00	     97.96	    390.21	      3.04	      2.78	     53.26	     48.70	-31.97	 7.046e-05	      5.28	0	Gaussian	290.248381	33.651539
379	1	  0.001456	  0.000853	     -1.00	    771.72	    171.91	      2.82	      2.72	     49.41	     47.59	1.46	 9.033e-05	      5.28	0	Gaussian	286.524710	34.227741
380	1	  0.001433	  0.000570	     -1.00	    121.17	    544.78	      4.17	      2.52	     73.01	     44.19	-19.29	 1.026e-04	      5.28	0	Gaussian	290.248786	32.951848
381	1	  0.001452	  0.000611	     -1.00	      5.00	    103.75	      3.45	      3.20	     60.45	     56.06	-21.33	 4.027e-05	      5.29	0	Gaussian	290.517453	34.982235
382	1	  0.001461	  0.000853	     -1.00	    219.35	    374.37	      2.81	      2.59	     49.20	     45.31	-36.53	 1.074e-04	      5.30	0	Gaussian	289.594763	33.660095
383	1	  0.001434	  0.000789	     -1.00	    145.33	    492.71	      2.97	      2.56	     51.99	     44.84	-85.49	 7.975e-05	      5.31	0	Gaussian	290.080693	33.171502
384	1	  0.001459	  0.000708	     -1.00	    210.35	    416.90	      3.45	      2.93	     60.42	     51.25	-9.73	 8.576e-05	      5.31	0	Gaussian	289.677546	33.475660
385	1	  0.001461	  0.000721	     -1.00	    627.18	    257.74	      3.41	      2.74	     59.66	     47.92	-14.21	 1.339e-04	      5.31	0	Gaussian	287.358327	33.942925
386	1	  0.001435	  0.000796	     -1.00	    684.30	    105.62	      2.87	      2.78	     50.24	     48.65	-62.86	 6.443e-05	      5.31	0	Gaussian	286.910766	34.576757
387	1	  0.001403	  0.000762	     -1.00	    120.50	    670.21	      2.97	      2.69	     52.04	     47.09	-84.39	 8.204e-05	      5.33	0	Gaussian	290.350488	32.395662
388	1	  0.001408	  0.000781	     -1.00	    134.82	    578.75	      2.83	      2.82	     49.49	     49.28	5.04	 6.936e-05	      5.33	0	Gaussian	290.204229	32.794415
389	1	  0.001489	  0.000935	     -1.00	     56.59	    603.68	      2.72	      2.31	     47.61	     40.38	-12.22	 1.939e-04	      5.34	0	Gaussian	290.632643	32.720642
390	1	  0.001465	  0.000716	     -1.00	    213.74	    467.55	      2.98	      2.76	     52.14	     48.35	-22.19	 1.245e-04	      5.34	0	Gaussian	289.701676	33.248892
391	1	  0.001435	  0.000694	     -1.00	    477.85	    158.35	      3.13	      2.84	     54.87	     49.76	-6.39	 6.687e-05	      5.34	0	Gaussian	288.042822	34.473609
392	1	  0.001395	  0.000802	     -1.00	    180.71	    589.39	      2.85	      2.79	     49.83	     48.78	-66.65	 7.280e-05	      5.35	0	Gaussian	289.973379	32.724942
393	1	  0.001422	  0.000768	     -1.00	    416.41	    206.09	      2.91	      2.73	     50.88	     47.75	-49.75	 4.574e-05	      5.36	0	Gaussian	288.410266	34.298465
394	1	  0.001471	  0.000627	     -1.00	    522.41	    327.13	      3.65	      2.88	     63.90	     50.34	-0.77	 9.151e-05	      5.37	0	Gaussian	287.968140	33.700453
395	1	  0.001575	  0.000812	     -1.00	    120.22	    404.30	      3.23	      2.32	     56.58	     40.63	-13.78	 6.936e-04	      5.37	0	Gaussian	290.141953	33.577582
396	1	  0.001426	  0.000796	     -1.00	    642.40	     61.80	      2.93	      2.45	     51.28	     42.84	-38.84	 6.847e-05	      5.37	0	Gaussian	287.085589	34.797492
397	1	  0.001425	  0.000827	     -1.00	    376.53	    307.20	      2.77	      2.66	     48.57	     46.50	-55.11	 5.264e-05	      5.38	0	Gaussian	288.711079	33.872903
398	1	  0.001472	  0.000726	     -1.00	    597.04	    202.45	      3.08	      2.70	     53.95	     47.28	-16.00	 1.296e-04	      5.38	0	Gaussian	287.461193	34.205371
399	1	  0.001457	  0.000825	     -1.00	    317.49	     77.10	      2.71	      2.64	     47.44	     46.20	-50.00	 7.074e-05	      5.38	0	Gaussian	288.816960	34.930313
400	1	  0.001472	  0.000632	     -1.00	    724.01	    200.67	      3.36	      2.97	     58.75	     52.05	-38.78	 1.343e-04	      5.38	0	Gaussian	286.800489	34.132610
401	1	  0.001427	  0.000768	     -1.00	    154.74	    388.20	      2.87	      2.62	     50.31	     45.87	89.77	 5.517e-05	      5.39	0	Gaussian	289.946742	33.631930
402	1	  0.001487	  0.000746	     -1.00	     41.12	    231.82	      3.21	      2.57	     56.25	     44.94	-8.81	 1.748e-04	      5.39	0	Gaussian	290.424892	34.388543
403	1	  0.001469	  0.000817	     -1.00	     11.78	     44.33	      2.79	      2.61	     48.80	     45.66	-36.99	 2.203e-04	      5.39	0	Gaussian	290.433180	35.246229
404	1	  0.001443	  0.000815	     -1.00	     80.70	    191.49	      2.83	      2.39	     49.45	     41.83	-58.93	 5.947e-05	      5.41	0	Gaussian	290.180421	34.549127
405	1	  0.001454	  0.000761	     -1.00	    423.66	    283.80	      2.79	      2.68	     48.88	     46.86	-20.97	 1.157e-04	      5.42	0	Gaussian	288.443098	33.949673
406	1	  0.001466	  0.000761	     -1.00	    717.25	    239.14	      2.82	      2.56	     49.41	     44.84	12.36	 1.173e-04	      5.44	0	Gaussian	286.874116	33.967923
407	1	  0.001456	  0.000574	     -1.00	    506.98	    297.73	      3.49	      2.98	     61.06	     52.23	-16.06	 9.933e-05	      5.44	0	Gaussian	288.020912	33.839386
408	1	  0.001436	  0.000881	     -1.00	    330.74	    472.48	      2.74	      2.20	     47.95	     38.53	81.77	 9.390e-05	      5.44	0	Gaussian	289.095032	33.165904
409	1	  0.001459	  0.000742	     -1.00	    429.67	     37.18	      2.83	      2.56	     49.54	     44.84	-73.52	 7.321e-05	      5.45	0	Gaussian	288.183457	35.041120
410	1	  0.001469	  0.000757	     -1.00	    702.69	     31.28	      3.08	      2.56	     53.90	     44.84	-17.75	 9.053e-05	      5.45	0	Gaussian	286.739266	34.892412
411	1	  0.001517	  0.000746	     -1.00	    731.41	    146.82	      2.72	      2.63	     47.55	     46.08	-84.45	 2.400e-04	      5.45	0	Gaussian	286.707650	34.364542
412	1	  0.001506	  0.000761	     -1.00	    431.65	    274.62	      2.74	      2.54	     48.03	     44.44	-18.26	 1.987e-04	      5.46	0	Gaussian	288.392932	33.985727
413	1	  0.001498	  0.000712	     -1.00	    709.14	    138.29	      3.13	      2.54	     54.85	     44.45	10.90	 1.350e-04	      5.47	0	Gaussian	286.814536	34.416642
414	1	  0.001516	  0.000592	     -1.00	    111.24	     10.91	      3.11	      3.11	     54.39	     54.35	-2.81	 2.659e-04	      5.47	0	Gaussian	289.866825	35.343382
415	1	  0.001428	  0.000705	     -1.00	    163.62	    669.84	      2.79	      2.76	     48.84	     48.35	-74.20	 9.261e-05	      5.48	0	Gaussian	290.126251	32.376988
416	1	  0.001455	  0.000691	     -1.00	    436.62	    197.78	      2.95	      2.41	     51.66	     42.15	-48.63	 1.295e-04	      5.48	0	Gaussian	288.296335	34.323423
417	1	  0.001467	  0.000714	     -1.00	     23.62	    391.48	      2.88	      2.41	     50.49	     42.12	87.95	 9.797e-05	      5.48	0	Gaussian	290.643367	33.682259
418	1	  0.001446	  0.000682	     -1.00	    248.33	     59.59	      2.90	      2.44	     50.74	     42.77	-38.49	 5.990e-05	      5.52	0	Gaussian	289.170864	35.048455
419	1	  0.001509	  0.000690	     -1.00	    189.36	    113.87	      2.82	      2.43	     49.34	     42.53	-82.02	 2.780e-04	      5.54	0	Gaussian	289.533691	34.838725
420	1	  0.001474	  0.000629	     -1.00	    252.94	    296.56	      3.31	      2.59	     58.00	     45.29	-1.13	 1.065e-04	      5.54	0	Gaussian	289.351910	33.988471
421	1	  0.001459	  0.000674	     -1.00	    179.87	    435.71	      2.85	      2.49	     49.96	     43.52	-15.51	 8.339e-05	      5.54	0	Gaussian	289.853192	33.407663
422	1	  0.001462	  0.000700	     -1.00	    710.93	    212.34	      2.74	      2.64	     47.98	     46.14	-45.54	 1.353e-04	      5.55	0	Gaussian	286.879904	34.089751
423	1	  0.001484	  0.000701	     -1.00	    186.06	    534.93	      2.92	      2.47	     51.11	     43.29	-15.23	 1.756e-04	      5.55	0	Gaussian	289.901521	32.963811
424	1	  0.001473	  0.000711	     -1.00	    100.58	    357.40	      2.78	      2.38	     48.61	     41.68	-52.72	 8.592e-05	      5.56	0	Gaussian	290.208264	33.796698
425	1	  0.001485	  0.000657	     -1.00	    184.41	    292.70	      2.83	      2.49	     49.54	     43.57	-73.66	 1.049e-04	      5.58	0	Gaussian	289.711048	34.042309
426	1	  0.001489	  0.000631	     -1.00	    583.38	     54.11	      2.77	      2.72	     48.45	     47.66	13.71	 1.748e-04	      5.58	0	Gaussian	287.387663	34.869650
427	1	  0.001463	  0.000598	     -1.00	    313.30	     56.86	      2.90	      2.74	     50.74	     48.03	52.55	 8.731e-05	      5.58	0	Gaussian	288.821045	35.023099
428	1	  0.001467	  0.000631	     -1.00	    566.55	     80.34	      2.85	      2.64	     49.86	     46.18	-55.74	 1.079e-04	      5.59	0	Gaussian	287.501862	34.764254
429	1	  0.001512	  0.000839	     -1.00	    768.73	    147.23	      2.47	      2.37	     43.25	     41.44	-82.84	 3.161e-04	      5.60	0	Gaussian	286.514845	34.338095
430	1	  0.001470	  0.000591	     -1.00	    480.50	     45.52	      2.86	      2.72	     50.12	     47.63	-53.28	 8.017e-05	      5.60	0	Gaussian	287.921959	34.972700
431	1	  0.001453	  0.000574	     -1.00	    176.76	     76.69	      2.99	      2.56	     52.29	     44.88	-23.67	 6.734e-05	      5.60	0	Gaussian	289.569467	35.012166
432	1	  0.001480	  0.000528	     -1.00	    480.56	    145.23	      2.89	      2.81	     50.55	     49.19	-25.39	 1.320e-04	      5.66	0	Gaussian	288.016203	34.530122
433	1	  0.001514	  0.000673	     -1.00	     52.29	    227.47	      2.66	      2.27	     46.61	     39.75	-69.75	 3.125e-04	      5.73	0	Gaussian	290.361575	34.402399
434	1	  0.001612	  0.000645	     -1.00	    445.40	     78.48	      2.60	      2.26	     45.49	     39.58	-65.78	 4.500e-04	      5.75	0	Gaussian	288.138909	34.847853
435	1	  0.001483	  0.000599	     -1.00	     65.42	    354.66	      2.75	      2.42	     48.05	     42.37	-41.56	 9.465e-05	      5.75	0	Gaussian	290.392656	33.826429
436	1	  0.001488	  0.000552	     -1.00	    250.44	     39.60	      2.77	      2.54	     48.55	     44.38	-52.73	 1.219e-04	      5.78	0	Gaussian	289.141955	35.136653
437	1	  0.001504	  0.000557	     -1.00	    708.57	    130.56	      2.58	      2.57	     45.07	     44.98	-8.51	 1.297e-04	      5.83	0	Gaussian	286.809707	34.451035
438	1	  0.001568	  0.000636	     -1.00	    314.57	    412.70	      2.30	      2.11	     40.25	     37.00	-9.82	 5.209e-04	      6.06	0	Gaussian	289.127884	33.439307
