# 253 stars found using the following parameters:
# sigma=1.00 roundness=0.10 radius=5 relax=1 profile=0 minbeta=1.5 max_stars=0 layer=1 minA=0.00 maxA=0.00 maxR=1.00
# star#	layer	B	A	beta	X	Y	FWHMx [px]	FWHMy [px]	FWHMx ["]	FWHMy ["]	angle	RMSE	mag	Sat	Profile	RA	Dec
1	1	 -0.000756	  0.002572	     -1.00	    549.93	    412.91	     77.34	     37.02	   1353.61	    647.95	1.45	 3.420e-04	     -1.09	0	Gaussian	323.696514	32.109929
2	1	  0.000023	  0.001993	     -1.00	    612.30	    504.23	     25.56	     17.96	    447.30	    314.37	86.69	 4.113e-04	      0.42	0	Gaussian	323.262096	31.768912
3	1	  0.001809	  0.045996	     -1.00	    727.27	    485.76	      3.14	      2.35	     54.98	     41.14	23.37	 8.239e-04	      1.04	0	Gaussian	322.699944	31.951831
4	1	  0.001676	  0.031211	     -1.00	    677.08	    287.83	      3.09	      2.61	     54.14	     45.73	36.88	 5.002e-04	      1.36	0	Gaussian	323.208778	32.773563
5	1	  0.001684	  0.024892	     -1.00	    466.56	    145.22	      3.21	      2.89	     56.13	     50.54	60.28	 5.069e-04	      1.46	0	Gaussian	324.479966	33.197961
6	1	  0.001620	  0.024207	     -1.00	    531.96	    152.05	      3.30	      2.72	     57.68	     47.68	42.00	 3.871e-04	      1.52	0	Gaussian	324.135046	33.231562
7	1	  0.001695	  0.022348	     -1.00	    455.28	    160.29	      3.31	      2.72	     57.95	     47.62	36.51	 3.994e-04	      1.60	0	Gaussian	324.517060	33.121190
8	1	  0.001605	  0.022712	     -1.00	    710.04	     61.48	      3.22	      2.61	     56.30	     45.67	38.12	 3.407e-04	      1.66	0	Gaussian	323.333247	33.799298
9	1	  0.001637	  0.024957	     -1.00	     96.53	    156.51	      3.11	      2.41	     54.50	     42.25	29.69	 4.440e-04	      1.68	0	Gaussian	326.336429	32.776899
10	1	  0.001634	  0.023404	     -1.00	    780.18	     73.23	      2.74	      2.65	     47.98	     46.44	12.36	 4.326e-04	      1.78	0	Gaussian	322.950894	33.813287
11	1	  0.001588	  0.019032	     -1.00	    721.55	    206.18	      3.09	      2.65	     54.16	     46.32	40.55	 3.028e-04	      1.88	0	Gaussian	323.084414	33.173058
12	1	  0.001551	  0.016269	     -1.00	    466.48	    397.14	      3.42	      2.63	     59.82	     46.10	21.23	 2.629e-04	      1.95	0	Gaussian	324.140187	32.100946
13	1	  0.001584	  0.017814	     -1.00	    657.75	    184.10	      3.06	      2.70	     53.59	     47.23	69.12	 3.430e-04	      1.95	0	Gaussian	323.443646	33.210740
14	1	  0.001568	  0.019555	     -1.00	    483.97	    326.04	      3.14	      2.31	     54.96	     40.38	25.92	 2.899e-04	      1.99	0	Gaussian	324.146370	32.426605
15	1	  0.001615	  0.017482	     -1.00	    543.60	     43.90	      2.78	      2.75	     48.66	     48.09	63.41	 3.331e-04	      2.05	0	Gaussian	324.222097	33.716401
16	1	  0.001569	  0.013645	     -1.00	     41.76	     93.28	      3.35	      2.58	     58.63	     45.24	25.87	 2.458e-04	      2.18	0	Gaussian	326.703226	32.991753
17	1	  0.001549	  0.013161	     -1.00	    105.85	     81.23	      3.34	      2.56	     58.46	     44.74	32.06	 2.357e-04	      2.24	0	Gaussian	326.400219	33.110852
18	1	  0.001570	  0.015994	     -1.00	    490.30	    264.31	      2.63	      2.51	     46.08	     43.92	25.99	 3.246e-04	      2.30	0	Gaussian	324.196921	32.701503
19	1	  0.001579	  0.012313	     -1.00	    615.50	    354.05	      3.20	      2.65	     56.02	     46.33	29.77	 2.459e-04	      2.31	0	Gaussian	323.439052	32.427093
20	1	  0.001528	  0.010981	     -1.00	    609.77	    187.98	      2.89	      2.88	     50.59	     50.35	-66.31	 2.131e-04	      2.47	0	Gaussian	323.686280	33.148544
21	1	  0.001523	  0.011442	     -1.00	    192.02	     50.64	      3.19	      2.45	     55.86	     42.81	32.36	 2.000e-04	      2.49	0	Gaussian	326.010990	33.332635
22	1	  0.001665	  0.010380	     -1.00	    633.12	    257.63	      3.21	      2.62	     56.11	     45.89	38.65	 4.458e-04	      2.51	0	Gaussian	323.474273	32.865253
23	1	  0.001519	  0.010910	     -1.00	    309.71	    198.81	      2.87	      2.71	     50.29	     47.43	26.17	 2.185e-04	      2.54	0	Gaussian	325.204008	32.810328
24	1	  0.001466	  0.005754	     -1.00	    448.63	    239.31	      5.37	      2.58	     94.01	     45.20	20.73	 1.398e-04	      2.61	0	Gaussian	324.443095	32.770419
25	1	  0.001529	  0.010387	     -1.00	    270.50	    137.36	      2.96	      2.53	     51.75	     44.20	31.08	 1.875e-04	      2.64	0	Gaussian	325.489195	33.037434
26	1	  0.001519	  0.007808	     -1.00	     28.94	    140.22	      3.44	      2.60	     60.26	     45.47	25.69	 1.705e-04	      2.75	0	Gaussian	326.697482	32.776611
27	1	  0.001505	  0.009823	     -1.00	    781.22	    460.14	      2.87	      2.46	     50.18	     43.02	36.38	 1.749e-04	      2.76	0	Gaussian	322.455409	32.111391
28	1	  0.001542	  0.008388	     -1.00	    700.26	    112.19	      3.04	      2.69	     53.21	     47.05	-0.44	 1.649e-04	      2.77	0	Gaussian	323.317501	33.566752
29	1	  0.001517	  0.007795	     -1.00	     57.86	    333.43	      3.44	      2.41	     60.18	     42.27	12.04	 1.554e-04	      2.82	0	Gaussian	326.271768	31.977501
30	1	  0.001577	  0.008485	     -1.00	    419.13	    190.03	      3.00	      2.52	     52.46	     44.12	48.52	 2.759e-04	      2.84	0	Gaussian	324.660760	32.956306
31	1	  0.001511	  0.007260	     -1.00	    768.98	    112.00	      3.02	      2.78	     52.84	     48.63	-21.88	 1.631e-04	      2.90	0	Gaussian	322.959317	33.631743
32	1	  0.001506	  0.007698	     -1.00	    772.11	    348.16	      2.87	      2.72	     50.28	     47.52	56.74	 1.353e-04	      2.91	0	Gaussian	322.641899	32.594833
33	1	  0.001511	  0.006953	     -1.00	    220.38	    347.71	      3.34	      2.47	     58.40	     43.31	25.50	 1.656e-04	      2.96	0	Gaussian	325.444253	32.078288
34	1	  0.001604	  0.005597	     -1.00	    467.75	    157.60	      3.29	      2.91	     57.56	     50.90	41.63	 3.276e-04	      3.04	0	Gaussian	324.456940	33.145117
35	1	  0.001543	  0.004288	     -1.00	    779.70	    435.76	      3.33	      3.24	     58.23	     56.70	26.85	 1.769e-04	      3.19	0	Gaussian	322.493423	32.216975
36	1	  0.001487	  0.005410	     -1.00	    439.20	    379.33	      3.01	      2.81	     52.67	     49.12	20.44	 1.506e-04	      3.22	0	Gaussian	324.301904	32.152615
37	1	  0.001505	  0.002484	     -1.00	     75.39	    197.54	      6.17	      2.84	    108.05	     49.78	39.23	 1.559e-04	      3.24	0	Gaussian	326.381894	32.578582
38	1	  0.001492	  0.005127	     -1.00	    298.04	    237.82	      3.35	      2.55	     58.70	     44.55	32.93	 1.037e-04	      3.26	0	Gaussian	325.208310	32.629700
39	1	  0.001484	  0.004636	     -1.00	    397.85	     38.61	      3.34	      2.82	     58.47	     49.42	39.41	 8.959e-05	      3.26	0	Gaussian	324.980165	33.594983
40	1	  0.001572	  0.005657	     -1.00	    794.30	    449.23	      2.76	      2.67	     48.35	     46.75	11.62	 2.111e-04	      3.30	0	Gaussian	322.401716	32.170695
41	1	  0.001494	  0.005499	     -1.00	    249.52	     81.03	      2.73	      2.68	     47.80	     46.84	-44.98	 1.352e-04	      3.34	0	Gaussian	325.675986	33.260237
42	1	  0.001513	  0.004689	     -1.00	    320.43	     71.93	      3.23	      2.61	     56.62	     45.73	0.10	 1.493e-04	      3.39	0	Gaussian	325.328704	33.371871
43	1	  0.001497	  0.004186	     -1.00	    507.70	    269.11	      2.99	      2.75	     52.37	     48.20	54.77	 1.419e-04	      3.51	0	Gaussian	324.101720	32.697117
44	1	  0.001531	  0.003856	     -1.00	    632.32	      5.19	      3.14	      2.78	     54.99	     48.62	6.27	 1.024e-04	      3.57	0	Gaussian	323.813898	33.972749
45	1	  0.001483	  0.003441	     -1.00	    333.24	    384.11	      3.45	      2.73	     60.33	     47.84	19.38	 1.032e-04	      3.59	0	Gaussian	324.828996	32.030881
46	1	  0.000900	  0.003280	     -1.00	     19.00	     12.59	      3.17	      3.17	     55.51	     55.50	11.87	 7.399e-04	      3.59	0	Gaussian	326.937718	33.314546
47	1	  0.001476	  0.002486	     -1.00	    181.22	    160.68	      4.40	      2.91	     77.07	     51.02	40.22	 8.212e-05	      3.60	0	Gaussian	325.905971	32.845889
48	1	  0.001540	  0.004004	     -1.00	    565.83	    258.58	      3.06	      2.62	     53.58	     45.85	28.76	 2.076e-04	      3.62	0	Gaussian	323.818542	32.798097
49	1	  0.001523	  0.003841	     -1.00	    473.91	     76.55	      3.13	      2.60	     54.72	     45.49	9.91	 1.277e-04	      3.63	0	Gaussian	324.536690	33.505046
50	1	  0.001487	  0.002923	     -1.00	    640.38	    549.59	      3.74	      2.81	     65.47	     49.20	38.97	 1.527e-04	      3.64	0	Gaussian	323.062195	31.596353
51	1	  0.001459	  0.003470	     -1.00	    781.95	    203.79	      2.92	      2.80	     51.15	     49.03	45.34	 7.063e-05	      3.70	0	Gaussian	322.773716	33.238952
52	1	  0.001493	  0.002968	     -1.00	    258.92	    112.73	      3.20	      3.01	     55.99	     52.71	15.85	 1.093e-04	      3.70	0	Gaussian	325.582929	33.132441
53	1	  0.001505	  0.003393	     -1.00	    380.35	    240.52	      3.00	      2.73	     52.50	     47.80	32.22	 1.461e-04	      3.74	0	Gaussian	324.788353	32.698884
54	1	  0.001568	  0.003423	     -1.00	    529.92	    139.67	      2.95	      2.75	     51.59	     48.21	35.90	 2.823e-04	      3.74	0	Gaussian	324.162315	33.283773
55	1	  0.001482	  0.002976	     -1.00	    737.83	     28.91	      3.16	      3.03	     55.33	     53.10	7.95	 8.265e-05	      3.76	0	Gaussian	323.230805	33.969227
56	1	  0.001473	  0.002261	     -1.00	    699.98	    520.00	      4.05	      2.89	     70.81	     50.52	17.18	 9.063e-05	      3.79	0	Gaussian	322.796447	31.778117
57	1	  0.001460	  0.002510	     -1.00	    401.98	    308.98	      3.76	      2.72	     65.78	     47.63	39.48	 6.302e-05	      3.81	0	Gaussian	324.585058	32.422548
58	1	  0.001459	  0.002810	     -1.00	    787.38	    346.61	      3.33	      2.79	     58.31	     48.84	17.34	 5.400e-05	      3.84	0	Gaussian	322.564995	32.615262
59	1	  0.001492	  0.003057	     -1.00	    439.93	    291.76	      3.20	      2.59	     56.06	     45.41	16.86	 9.561e-05	      3.86	0	Gaussian	324.416122	32.533809
60	1	  0.001504	  0.002782	     -1.00	    376.01	    190.18	      3.47	      2.55	     60.66	     44.58	36.17	 9.864e-05	      3.86	0	Gaussian	324.879968	32.913384
61	1	  0.001487	  0.003036	     -1.00	    361.99	     33.43	      3.11	      2.58	     54.49	     45.10	13.61	 8.631e-05	      3.90	0	Gaussian	325.171180	33.581407
62	1	  0.001463	  0.002040	     -1.00	    678.52	    141.74	      3.73	      3.17	     65.37	     55.43	16.54	 4.560e-05	      3.91	0	Gaussian	323.391700	33.416330
63	1	  0.001485	  0.002771	     -1.00	    405.68	    376.17	      3.36	      2.67	     58.87	     46.66	11.91	 9.816e-05	      3.91	0	Gaussian	324.475357	32.134520
64	1	  0.001518	  0.002012	     -1.00	    458.70	    186.48	      3.91	      2.98	     68.46	     52.07	34.45	 1.091e-04	      3.94	0	Gaussian	324.463715	33.010325
65	1	  0.001480	  0.002594	     -1.00	    467.36	    355.35	      3.09	      2.85	     54.09	     49.94	33.51	 8.495e-05	      3.96	0	Gaussian	324.191470	32.283375
66	1	  0.001489	  0.001920	     -1.00	    205.80	    195.89	      3.62	      3.28	     63.32	     57.48	0.03	 1.268e-04	      3.98	0	Gaussian	325.731957	32.718824
67	1	  0.001498	  0.002758	     -1.00	    730.53	    598.82	      3.40	      2.41	     59.51	     42.12	11.56	 2.025e-04	      3.98	0	Gaussian	322.543306	31.460649
68	1	  0.001455	  0.001377	     -1.00	    228.20	    186.50	      5.66	      2.86	     99.06	     50.10	42.69	 6.961e-05	      3.98	0	Gaussian	325.632691	32.782005
69	1	  0.001513	  0.002611	     -1.00	    623.45	     78.36	      3.18	      2.75	     55.63	     48.06	19.13	 1.385e-04	      3.99	0	Gaussian	323.761608	33.642554
70	1	  0.001451	  0.002258	     -1.00	    508.40	     90.92	      3.51	      2.81	     61.50	     49.20	28.99	 5.184e-05	      4.01	0	Gaussian	324.339460	33.476080
71	1	  0.001405	  0.002293	     -1.00	     18.22	    191.31	      3.60	      2.67	     62.94	     46.71	11.29	 3.725e-04	      4.02	0	Gaussian	326.675279	32.546149
72	1	  0.001471	  0.002188	     -1.00	    543.52	     96.60	      3.49	      2.89	     61.10	     50.52	26.72	 6.880e-05	      4.03	0	Gaussian	324.150643	33.485449
73	1	  0.001511	  0.002496	     -1.00	    564.51	    203.97	      3.28	      2.65	     57.45	     46.46	-7.08	 1.176e-04	      4.03	0	Gaussian	323.897993	33.035612
74	1	  0.001464	  0.002355	     -1.00	    779.81	    600.66	      3.16	      2.80	     55.30	     49.08	13.52	 8.791e-05	      4.04	0	Gaussian	322.290273	31.495032
75	1	  0.001459	  0.002050	     -1.00	    686.29	    369.05	      3.28	      3.22	     57.48	     56.34	-0.87	 5.736e-05	      4.05	0	Gaussian	323.057111	32.426046
76	1	  0.001469	  0.002379	     -1.00	    662.62	    451.09	      3.25	      2.78	     56.92	     48.60	-15.92	 8.246e-05	      4.07	0	Gaussian	323.073775	32.045897
77	1	  0.001513	  0.002688	     -1.00	    640.51	    538.00	      2.86	      2.62	     50.01	     45.95	38.78	 2.097e-04	      4.10	0	Gaussian	323.076156	31.646960
78	1	  0.001481	  0.002413	     -1.00	     45.62	     40.63	      3.14	      2.70	     54.96	     47.31	28.49	 8.920e-05	      4.11	0	Gaussian	326.762383	33.222291
79	1	  0.001461	  0.001955	     -1.00	    743.61	    190.80	      3.52	      2.97	     61.63	     51.94	17.51	 5.684e-05	      4.13	0	Gaussian	322.989776	33.261060
80	1	  0.001480	  0.001811	     -1.00	    149.53	     38.16	      3.61	      2.95	     63.12	     51.70	32.51	 8.804e-05	      4.15	0	Gaussian	326.243798	33.342377
81	1	  0.001480	  0.002086	     -1.00	     37.68	    187.49	      3.22	      2.91	     56.39	     50.89	-69.50	 1.041e-04	      4.15	0	Gaussian	326.584276	32.582777
82	1	  0.001484	  0.001830	     -1.00	    564.71	    136.43	      3.44	      3.18	     60.20	     55.72	20.83	 6.011e-05	      4.16	0	Gaussian	323.987499	33.331442
83	1	  0.001466	  0.001780	     -1.00	    364.05	    152.00	      3.74	      2.86	     65.47	     50.06	32.72	 6.091e-05	      4.16	0	Gaussian	324.993912	33.067537
84	1	  0.001458	  0.001913	     -1.00	    293.43	    338.27	      3.08	      3.03	     53.98	     53.06	35.04	 8.392e-05	      4.18	0	Gaussian	325.091811	32.190583
85	1	  0.001496	  0.002009	     -1.00	    738.04	     11.70	      3.35	      2.81	     58.61	     49.17	11.31	 7.066e-05	      4.19	0	Gaussian	323.252338	34.045366
86	1	  0.001501	  0.002106	     -1.00	    575.04	    204.48	      3.19	      2.68	     55.83	     46.83	12.21	 9.378e-05	      4.24	0	Gaussian	323.843189	33.043421
87	1	  0.001482	  0.001804	     -1.00	    575.29	    123.22	      3.34	      3.03	     58.53	     53.12	-4.88	 7.028e-05	      4.24	0	Gaussian	323.950706	33.399485
88	1	  0.001504	  0.002010	     -1.00	    729.52	    451.30	      3.34	      2.72	     58.43	     47.54	18.83	 1.002e-04	      4.25	0	Gaussian	322.731539	32.104620
89	1	  0.001472	  0.001859	     -1.00	    196.47	    327.68	      3.26	      2.91	     57.05	     50.93	38.67	 8.271e-05	      4.26	0	Gaussian	325.591686	32.140972
90	1	  0.001456	  0.001661	     -1.00	    245.13	    234.78	      3.80	      2.72	     66.47	     47.67	20.95	 7.434e-05	      4.30	0	Gaussian	325.479049	32.590262
91	1	  0.001498	  0.001717	     -1.00	    721.46	     48.87	      3.56	      2.81	     62.27	     49.10	14.31	 6.935e-05	      4.31	0	Gaussian	323.290196	33.865702
92	1	  0.001471	  0.002034	     -1.00	    344.16	    307.21	      2.89	      2.82	     50.59	     49.37	40.02	 9.352e-05	      4.31	0	Gaussian	324.879516	32.374338
93	1	  0.001505	  0.001720	     -1.00	    121.23	    101.81	      3.59	      2.66	     62.91	     46.60	14.56	 1.091e-04	      4.33	0	Gaussian	326.292761	33.038154
94	1	  0.001493	  0.001781	     -1.00	    375.71	    279.25	      3.37	      2.82	     59.00	     49.28	17.27	 8.099e-05	      4.35	0	Gaussian	324.758608	32.526195
95	1	  0.001457	  0.001785	     -1.00	    501.78	    337.47	      3.21	      2.83	     56.20	     49.51	29.37	 6.895e-05	      4.36	0	Gaussian	324.040616	32.393603
96	1	  0.001468	  0.001691	     -1.00	     78.29	    241.25	      3.09	      2.99	     54.06	     52.35	22.63	 9.557e-05	      4.37	0	Gaussian	326.303867	32.393754
97	1	  0.001482	  0.001567	     -1.00	    775.78	    369.37	      3.51	      2.93	     61.48	     51.23	16.03	 5.586e-05	      4.39	0	Gaussian	322.596367	32.504949
98	1	  0.001500	  0.001889	     -1.00	    452.09	    404.34	      3.34	      2.46	     58.38	     43.10	22.82	 1.264e-04	      4.39	0	Gaussian	324.203324	32.056180
99	1	  0.001485	  0.001803	     -1.00	    254.62	    188.84	      3.29	      2.57	     57.52	     44.93	8.34	 1.490e-04	      4.41	0	Gaussian	325.496264	32.798477
100	1	  0.001468	  0.001485	     -1.00	    439.29	      7.37	      3.50	      3.08	     61.20	     53.82	18.34	 6.610e-05	      4.42	0	Gaussian	324.811097	33.772920
101	1	  0.001466	  0.000817	     -1.00	    259.65	    264.31	      4.81	      3.78	     84.25	     66.16	53.42	 6.655e-05	      4.42	0	Gaussian	325.364479	32.477049
102	1	  0.001623	  0.002146	     -1.00	    428.32	    192.18	      2.66	      2.54	     46.64	     44.44	33.86	 7.248e-04	      4.43	0	Gaussian	324.610924	32.955932
103	1	  0.001471	  0.000617	     -1.00	    602.22	    207.41	      4.84	      4.82	     84.70	     84.37	5.24	 6.650e-05	      4.44	0	Gaussian	323.699426	33.056291
104	1	  0.001460	  0.001683	     -1.00	     37.58	     21.48	      3.34	      2.49	     58.48	     43.66	-21.74	 7.602e-05	      4.45	0	Gaussian	326.831287	33.296153
105	1	  0.001449	  0.001584	     -1.00	    748.67	    597.55	      3.35	      2.82	     58.61	     49.43	31.52	 7.242e-05	      4.46	0	Gaussian	322.452618	31.481835
106	1	  0.001518	  0.001467	     -1.00	    714.87	    191.44	      3.44	      2.78	     60.22	     48.66	19.21	 1.309e-04	      4.49	0	Gaussian	323.138164	33.231695
107	1	  0.001461	  0.001650	     -1.00	    365.29	    374.32	      3.09	      2.77	     54.03	     48.54	32.69	 6.742e-05	      4.50	0	Gaussian	324.681304	32.104032
108	1	  0.001460	  0.001283	     -1.00	    229.54	     69.79	      3.65	      3.12	     63.94	     54.54	23.00	 7.186e-05	      4.51	0	Gaussian	325.793377	33.288433
109	1	  0.001490	  0.001672	     -1.00	    342.23	    180.60	      3.17	      2.68	     55.51	     46.90	31.21	 1.213e-04	      4.51	0	Gaussian	325.064779	32.921635
110	1	  0.001470	  0.001417	     -1.00	    385.31	    337.81	      3.63	      2.76	     63.62	     48.29	18.63	 5.198e-05	      4.55	0	Gaussian	324.630077	32.281435
111	1	  0.001517	  0.001522	     -1.00	     64.19	    153.85	      3.52	      2.58	     61.67	     45.11	21.53	 1.039e-04	      4.56	0	Gaussian	326.501747	32.754829
112	1	  0.001505	  0.000926	     -1.00	    412.10	     89.44	      4.74	      3.09	     82.89	     54.14	11.36	 1.075e-04	      4.56	0	Gaussian	324.835969	33.387615
113	1	  0.001489	  0.001480	     -1.00	    788.04	    110.44	      3.28	      2.77	     57.50	     48.45	10.24	 7.363e-05	      4.57	0	Gaussian	322.861629	33.656277
114	1	  0.001455	  0.001150	     -1.00	    523.75	     85.40	      3.74	      3.06	     65.49	     53.51	21.91	 4.304e-05	      4.58	0	Gaussian	324.267914	33.515221
115	1	  0.001491	  0.001497	     -1.00	    271.01	    235.47	      3.49	      2.55	     61.13	     44.62	6.86	 1.056e-04	      4.58	0	Gaussian	325.347867	32.613056
116	1	  0.001484	  0.001240	     -1.00	    755.72	    376.86	      3.48	      3.18	     60.91	     55.61	15.98	 8.825e-05	      4.58	0	Gaussian	322.690342	32.454210
117	1	  0.001478	  0.001222	     -1.00	    580.35	    287.15	      3.84	      2.62	     67.14	     45.93	12.04	 8.358e-05	      4.59	0	Gaussian	323.706362	32.686858
118	1	  0.001543	  0.001734	     -1.00	    362.94	    232.68	      2.95	      2.47	     51.63	     43.16	18.11	 1.961e-04	      4.59	0	Gaussian	324.887392	32.715901
119	1	  0.001455	  0.001157	     -1.00	    357.49	     94.68	      3.84	      2.86	     67.23	     50.00	0.37	 4.975e-05	      4.61	0	Gaussian	325.107646	33.310276
120	1	  0.001456	  0.001170	     -1.00	    427.38	     69.04	      3.44	      2.93	     60.18	     51.29	-45.62	 6.495e-05	      4.66	0	Gaussian	324.786095	33.491799
121	1	  0.001501	  0.001481	     -1.00	     32.18	     44.33	      2.88	      2.72	     50.43	     47.64	36.40	 9.110e-05	      4.66	0	Gaussian	326.824111	33.192089
122	1	  0.001466	  0.001652	     -1.00	     24.07	    121.16	      2.71	      2.61	     47.46	     45.66	-62.30	 8.590e-05	      4.67	0	Gaussian	326.750032	32.853359
123	1	  0.001455	  0.001148	     -1.00	    626.79	    286.08	      3.53	      2.98	     61.85	     52.16	41.86	 3.888e-05	      4.67	0	Gaussian	323.469630	32.734792
124	1	  0.001461	  0.001305	     -1.00	    686.68	    519.64	      3.03	      2.84	     53.05	     49.63	39.27	 8.388e-05	      4.68	0	Gaussian	322.864640	31.767949
125	1	  0.001495	  0.001327	     -1.00	    330.98	     76.82	      3.30	      2.76	     57.72	     48.23	21.08	 1.337e-04	      4.68	0	Gaussian	325.268032	33.361266
126	1	  0.001460	  0.001153	     -1.00	    694.14	    145.20	      3.47	      2.97	     60.82	     51.99	9.37	 4.191e-05	      4.69	0	Gaussian	323.306028	33.415732
127	1	  0.001485	  0.001462	     -1.00	    247.19	     92.51	      3.26	      2.51	     57.03	     43.93	9.20	 1.662e-04	      4.69	0	Gaussian	325.671259	33.208110
128	1	  0.001490	  0.001196	     -1.00	    527.22	    193.18	      3.29	      3.07	     57.62	     53.68	32.21	 6.617e-05	      4.69	0	Gaussian	324.103888	33.047194
129	1	  0.001456	  0.001595	     -1.00	    644.64	    588.98	      2.76	      2.64	     48.34	     46.20	-9.18	 7.693e-05	      4.69	0	Gaussian	322.991081	31.428611
130	1	  0.001480	  0.001215	     -1.00	    228.19	    266.62	      3.64	      2.58	     63.72	     45.19	7.74	 9.154e-05	      4.70	0	Gaussian	325.519122	32.435839
131	1	  0.001469	  0.001277	     -1.00	    277.74	    248.91	      3.23	      2.83	     56.58	     49.55	4.48	 7.063e-05	      4.70	0	Gaussian	325.295113	32.561586
132	1	  0.001494	  0.001179	     -1.00	    679.08	    402.87	      3.43	      2.84	     60.12	     49.76	53.31	 5.634e-05	      4.71	0	Gaussian	323.050973	32.271482
133	1	  0.001466	  0.001050	     -1.00	    258.30	     17.38	      3.55	      3.20	     62.22	     55.93	37.32	 6.073e-05	      4.72	0	Gaussian	325.723152	33.545291
134	1	  0.001481	  0.001421	     -1.00	    147.28	    351.71	      3.18	      2.61	     55.62	     45.65	26.97	 1.009e-04	      4.72	0	Gaussian	325.802576	31.988718
135	1	  0.001468	  0.001159	     -1.00	    508.99	    359.82	      3.58	      2.88	     62.66	     50.39	25.70	 5.985e-05	      4.73	0	Gaussian	323.974296	32.303094
136	1	  0.001499	  0.001286	     -1.00	    750.54	    392.91	      3.27	      2.50	     57.31	     43.75	-27.23	 9.989e-05	      4.73	0	Gaussian	322.696871	32.379139
137	1	  0.001481	  0.001315	     -1.00	    192.32	    263.88	      3.25	      2.71	     56.89	     47.42	26.59	 7.462e-05	      4.75	0	Gaussian	325.702676	32.411829
138	1	  0.001446	  0.001264	     -1.00	    115.46	    126.97	      2.88	      2.81	     50.48	     49.21	-22.94	 5.920e-05	      4.75	0	Gaussian	326.284880	32.923713
139	1	  0.001499	  0.001179	     -1.00	    642.70	    356.43	      3.37	      2.92	     59.02	     51.19	21.09	 1.062e-04	      4.75	0	Gaussian	323.296760	32.441641
140	1	  0.001437	  0.001310	     -1.00	    680.36	    610.75	      3.40	      2.58	     59.51	     45.12	16.32	 7.460e-05	      4.77	0	Gaussian	322.783077	31.365091
141	1	  0.001485	  0.001229	     -1.00	    726.32	     29.63	      3.32	      2.80	     58.10	     49.02	13.26	 8.293e-05	      4.77	0	Gaussian	323.290126	33.955144
142	1	  0.001458	  0.001136	     -1.00	    291.48	    303.84	      3.62	      2.83	     63.37	     49.51	18.16	 6.814e-05	      4.77	0	Gaussian	325.149340	32.337526
143	1	  0.001467	  0.001096	     -1.00	     77.50	     57.88	      3.50	      3.00	     61.31	     52.58	26.52	 7.417e-05	      4.78	0	Gaussian	326.576935	33.181729
144	1	  0.001457	  0.001030	     -1.00	    688.89	    247.84	      3.58	      2.99	     62.65	     52.31	8.58	 5.173e-05	      4.78	0	Gaussian	323.199550	32.959864
145	1	  0.001483	  0.001115	     -1.00	    764.46	    388.39	      3.31	      3.02	     57.91	     52.82	1.21	 9.089e-05	      4.78	0	Gaussian	322.630872	32.411358
146	1	  0.001460	  0.001456	     -1.00	    475.49	    413.66	      2.72	      2.72	     47.62	     47.62	80.04	 9.043e-05	      4.79	0	Gaussian	324.072710	32.037587
147	1	  0.001597	  0.001303	     -1.00	    272.63	    126.44	      3.01	      2.74	     52.70	     47.89	29.78	 5.767e-04	      4.79	0	Gaussian	325.493919	33.086892
148	1	  0.001459	  0.000460	     -1.00	     44.05	     67.82	      6.16	      3.74	    107.88	     65.54	30.03	 6.320e-05	      4.80	0	Gaussian	326.729638	33.103641
149	1	  0.001486	  0.001373	     -1.00	    171.69	     82.39	      3.04	      2.59	     53.28	     45.29	21.36	 7.403e-05	      4.80	0	Gaussian	326.067346	33.174306
150	1	  0.001469	  0.001484	     -1.00	    186.26	    315.32	      2.86	      2.51	     50.12	     43.97	3.64	 8.106e-05	      4.80	0	Gaussian	325.660073	32.184067
151	1	  0.001463	  0.001035	     -1.00	    791.74	    141.69	      3.53	      3.06	     61.73	     53.54	21.52	 4.064e-05	      4.81	0	Gaussian	322.802120	33.521753
152	1	  0.001447	  0.000974	     -1.00	    464.39	     37.55	      3.67	      2.97	     64.26	     52.02	30.40	 4.895e-05	      4.82	0	Gaussian	324.639705	33.666077
153	1	  0.001503	  0.001060	     -1.00	    665.13	    375.00	      3.20	      2.93	     56.10	     51.24	5.83	 9.362e-05	      4.83	0	Gaussian	323.157973	32.380806
154	1	  0.001506	  0.000900	     -1.00	    402.49	     16.93	      3.64	      3.09	     63.72	     54.04	1.20	 1.234e-04	      4.84	0	Gaussian	324.986893	33.694203
155	1	  0.001469	  0.000883	     -1.00	    759.90	    412.84	      3.75	      3.10	     65.59	     54.29	19.90	 4.966e-05	      4.85	0	Gaussian	322.623743	32.300067
156	1	  0.001516	  0.000854	     -1.00	     59.30	      5.95	      4.63	      2.36	     81.08	     41.34	-16.92	 7.834e-05	      4.85	0	Gaussian	326.745641	33.386135
157	1	  0.001475	  0.000968	     -1.00	    613.75	    131.78	      3.54	      3.14	     62.00	     54.88	25.79	 8.607e-05	      4.85	0	Gaussian	323.740470	33.398783
158	1	  0.001486	  0.000637	     -1.00	    426.01	    280.39	      5.66	      2.56	     99.10	     44.82	13.95	 1.859e-04	      4.89	0	Gaussian	324.502201	32.569883
159	1	  0.001467	  0.000756	     -1.00	    776.01	    127.21	      4.52	      2.69	     79.19	     47.00	2.28	 5.867e-05	      4.90	0	Gaussian	322.902906	33.571189
160	1	  0.001482	  0.000624	     -1.00	    726.85	     64.06	      4.51	      3.34	     78.88	     58.48	27.70	 8.354e-05	      4.90	0	Gaussian	323.242023	33.803785
161	1	  0.001473	  0.000998	     -1.00	    445.97	    134.94	      3.29	      2.92	     57.54	     51.12	21.27	 8.262e-05	      4.92	0	Gaussian	324.599555	33.222675
162	1	  0.001481	  0.001152	     -1.00	     61.89	     32.51	      2.88	      2.65	     50.45	     46.30	41.94	 7.187e-05	      4.92	0	Gaussian	326.692969	33.274523
163	1	  0.001464	  0.001021	     -1.00	    231.52	    308.12	      3.23	      2.98	     56.47	     52.13	11.43	 6.085e-05	      4.92	0	Gaussian	325.444059	32.260006
164	1	  0.001491	  0.000971	     -1.00	    399.04	     97.07	      3.24	      3.01	     56.70	     52.71	28.31	 8.527e-05	      4.93	0	Gaussian	324.892146	33.341360
165	1	  0.001591	  0.001370	     -1.00	    370.83	    240.64	      2.64	      2.40	     46.15	     41.98	37.02	 3.164e-04	      4.93	0	Gaussian	324.836453	32.689092
166	1	  0.001492	  0.000874	     -1.00	    262.95	    186.96	      3.74	      2.88	     65.50	     50.32	24.73	 2.076e-04	      4.95	0	Gaussian	325.456941	32.814969
167	1	  0.001468	  0.000961	     -1.00	    519.74	    230.28	      3.48	      2.88	     60.96	     50.35	19.14	 4.390e-05	      4.95	0	Gaussian	324.092270	32.878003
168	1	  0.001470	  0.000972	     -1.00	    522.80	     52.13	      3.48	      2.79	     60.84	     48.91	13.95	 4.185e-05	      4.96	0	Gaussian	324.318305	33.659942
169	1	  0.001448	  0.000943	     -1.00	    759.08	    216.37	      3.50	      2.84	     61.20	     49.78	6.71	 3.337e-05	      4.97	0	Gaussian	322.876523	33.162677
170	1	  0.001446	  0.000564	     -1.00	    204.20	     89.51	      4.57	      3.44	     80.06	     60.13	66.54	 5.748e-05	      4.98	0	Gaussian	325.892961	33.177030
171	1	  0.001488	  0.001003	     -1.00	    551.20	    227.84	      3.41	      2.65	     59.63	     46.37	29.84	 1.023e-04	      4.99	0	Gaussian	323.934429	32.918617
172	1	  0.001481	  0.000981	     -1.00	    471.78	    201.39	      3.61	      2.67	     63.20	     46.77	16.58	 7.101e-05	      4.99	0	Gaussian	324.376574	32.958021
173	1	  0.001481	  0.001260	     -1.00	    727.99	    578.71	      3.03	      2.33	     53.00	     40.86	7.87	 7.319e-05	      4.99	0	Gaussian	322.580958	31.546231
174	1	  0.001456	  0.001003	     -1.00	    304.29	     93.33	      3.18	      2.81	     55.63	     49.22	32.61	 5.519e-05	      4.99	0	Gaussian	325.380402	33.262572
175	1	  0.001466	  0.000916	     -1.00	    688.58	     18.69	      3.46	      2.90	     60.64	     50.80	16.67	 4.495e-05	      5.01	0	Gaussian	323.502087	33.967470
176	1	  0.001471	  0.000779	     -1.00	    212.38	     26.68	      3.59	      3.31	     62.89	     57.88	-15.88	 6.522e-05	      5.01	0	Gaussian	325.942827	33.457466
177	1	  0.001472	  0.001186	     -1.00	    136.51	     68.74	      2.79	      2.62	     48.86	     45.78	29.71	 7.116e-05	      5.01	0	Gaussian	326.264492	33.196710
178	1	  0.001493	  0.000909	     -1.00	    102.81	    289.57	      3.65	      2.60	     63.90	     45.42	-23.92	 8.274e-05	      5.01	0	Gaussian	326.112203	32.211122
179	1	  0.001453	  0.000938	     -1.00	    689.60	    486.18	      3.41	      2.50	     59.75	     43.82	1.49	 6.395e-05	      5.01	0	Gaussian	322.891778	31.916644
180	1	  0.001432	  0.000799	     -1.00	    784.84	    510.98	      3.77	      3.02	     66.02	     52.80	9.87	 6.056e-05	      5.02	0	Gaussian	322.374221	31.891757
181	1	  0.001584	  0.001288	     -1.00	    210.07	    341.10	      2.89	      2.24	     50.51	     39.15	14.69	 4.677e-04	      5.04	0	Gaussian	325.504962	32.096597
182	1	  0.001564	  0.001217	     -1.00	    712.44	    488.22	      3.15	      2.31	     55.21	     40.45	11.88	 3.331e-04	      5.04	0	Gaussian	322.772642	31.927949
183	1	  0.001466	  0.001098	     -1.00	    120.83	    350.28	      3.20	      2.44	     55.93	     42.68	14.81	 6.801e-05	      5.05	0	Gaussian	325.935896	31.968486
184	1	  0.001454	  0.000856	     -1.00	    127.11	     39.08	      3.16	      3.08	     55.26	     53.92	32.94	 5.647e-05	      5.05	0	Gaussian	326.355452	33.314940
185	1	  0.001468	  0.000714	     -1.00	    780.63	    262.14	      3.74	      3.30	     65.51	     57.75	1.15	 5.702e-05	      5.06	0	Gaussian	322.706346	32.980774
186	1	  0.001447	  0.000872	     -1.00	    783.20	    528.80	      3.46	      2.93	     60.59	     51.21	8.00	 7.561e-05	      5.06	0	Gaussian	322.360730	31.812306
187	1	  0.001458	  0.000913	     -1.00	    683.73	    194.57	      3.31	      2.85	     57.93	     49.82	16.87	 3.256e-05	      5.07	0	Gaussian	323.295489	33.188999
188	1	  0.001463	  0.000931	     -1.00	    780.41	    291.85	      3.36	      2.57	     58.87	     45.06	34.82	 6.706e-05	      5.08	0	Gaussian	322.669926	32.849825
189	1	  0.001460	  0.000921	     -1.00	    124.15	    294.20	      3.57	      2.47	     62.54	     43.28	16.70	 6.648e-05	      5.09	0	Gaussian	325.999478	32.212782
190	1	  0.001462	  0.000857	     -1.00	    499.71	    296.41	      3.72	      2.74	     65.15	     47.99	-1.28	 4.787e-05	      5.09	0	Gaussian	324.105886	32.570515
191	1	  0.001477	  0.000703	     -1.00	    681.28	    206.92	      3.61	      3.01	     63.22	     52.63	13.23	 5.184e-05	      5.10	0	Gaussian	323.292068	33.132484
192	1	  0.001514	  0.001014	     -1.00	    602.52	    398.41	      2.82	      2.60	     49.37	     45.58	31.94	 1.329e-04	      5.10	0	Gaussian	323.447816	32.221449
193	1	  0.001469	  0.000637	     -1.00	    453.98	    107.72	      3.95	      3.32	     69.05	     58.20	-3.77	 4.839e-05	      5.11	0	Gaussian	324.596009	33.349281
194	1	  0.001461	  0.000962	     -1.00	    592.36	    267.26	      2.93	      2.69	     51.25	     47.17	30.69	 4.826e-05	      5.12	0	Gaussian	323.671060	32.785082
195	1	  0.001480	  0.000815	     -1.00	    791.57	    299.05	      3.59	      2.85	     62.82	     49.85	8.71	 4.552e-05	      5.12	0	Gaussian	322.603057	32.828174
196	1	  0.001466	  0.000834	     -1.00	    628.05	    325.29	      3.41	      2.83	     59.65	     49.51	8.64	 5.438e-05	      5.13	0	Gaussian	323.412121	32.564381
197	1	  0.001448	  0.000972	     -1.00	    521.78	    350.37	      3.42	      2.51	     59.79	     44.00	8.36	 4.831e-05	      5.14	0	Gaussian	323.921815	32.356197
198	1	  0.001473	  0.000853	     -1.00	    775.62	     88.65	      3.20	      2.89	     56.03	     50.54	22.74	 7.635e-05	      5.15	0	Gaussian	322.954835	33.740965
199	1	  0.001472	  0.000780	     -1.00	    595.97	    306.70	      3.28	      2.97	     57.43	     52.05	1.61	 6.943e-05	      5.16	0	Gaussian	323.600713	32.615994
200	1	  0.001476	  0.000976	     -1.00	    679.70	     69.43	      2.87	      2.46	     50.15	     43.09	33.06	 5.634e-05	      5.16	0	Gaussian	323.481010	33.735518
201	1	  0.001480	  0.000971	     -1.00	    337.52	    137.50	      2.86	      2.66	     49.99	     46.55	33.03	 9.188e-05	      5.16	0	Gaussian	325.149107	33.104144
202	1	  0.001497	  0.000863	     -1.00	    534.85	     73.71	      3.12	      2.71	     54.52	     47.36	13.01	 9.705e-05	      5.18	0	Gaussian	324.226586	33.577241
203	1	  0.001475	  0.000941	     -1.00	     31.63	    226.40	      2.75	      2.60	     48.11	     45.51	-67.67	 8.476e-05	      5.21	0	Gaussian	326.557186	32.409539
204	1	  0.001474	  0.000883	     -1.00	    323.85	     48.92	      2.87	      2.86	     50.26	     49.99	59.92	 5.590e-05	      5.21	0	Gaussian	325.344011	33.475356
205	1	  0.001493	  0.000902	     -1.00	    230.80	    255.42	      3.37	      2.55	     58.91	     44.62	15.01	 9.345e-05	      5.22	0	Gaussian	325.521868	32.486811
206	1	  0.001467	  0.000767	     -1.00	    214.92	    218.93	      3.30	      2.92	     57.72	     51.19	7.27	 6.656e-05	      5.23	0	Gaussian	325.653277	32.628482
207	1	  0.001467	  0.000718	     -1.00	    291.84	     50.61	      3.57	      2.77	     62.41	     48.54	19.21	 6.649e-05	      5.23	0	Gaussian	325.504706	33.435407
208	1	  0.001475	  0.000732	     -1.00	    670.90	    353.06	      3.42	      2.58	     59.93	     45.19	43.62	 5.557e-05	      5.23	0	Gaussian	323.156522	32.482097
209	1	  0.001493	  0.000658	     -1.00	    710.32	    178.71	      3.55	      2.97	     62.11	     51.99	10.95	 9.794e-05	      5.25	0	Gaussian	323.178316	33.283454
210	1	  0.001450	  0.000826	     -1.00	    662.46	    576.54	      3.18	      2.69	     55.73	     47.14	26.62	 7.115e-05	      5.25	0	Gaussian	322.916409	31.498441
211	1	  0.001450	  0.000691	     -1.00	    763.60	    571.48	      3.63	      2.90	     63.51	     50.75	27.43	 8.121e-05	      5.26	0	Gaussian	322.408496	31.608620
212	1	  0.001448	  0.000862	     -1.00	    323.31	    205.74	      3.26	      2.58	     57.14	     45.09	13.87	 5.512e-05	      5.27	0	Gaussian	325.125542	32.793790
213	1	  0.001493	  0.000847	     -1.00	    624.58	    399.47	      2.88	      2.57	     50.37	     44.92	32.92	 9.475e-05	      5.28	0	Gaussian	323.333914	32.236983
214	1	  0.001499	  0.000836	     -1.00	     95.36	    266.27	      2.97	      2.76	     52.04	     48.23	12.34	 9.621e-05	      5.28	0	Gaussian	326.182767	32.303687
215	1	  0.001441	  0.000701	     -1.00	    363.59	    405.43	      3.58	      2.78	     62.63	     48.74	19.61	 7.040e-05	      5.30	0	Gaussian	324.647599	31.967706
216	1	  0.001474	  0.000788	     -1.00	    779.69	    400.10	      3.11	      2.72	     54.47	     47.63	16.48	 5.525e-05	      5.31	0	Gaussian	322.537859	32.373458
217	1	  0.001465	  0.000553	     -1.00	    486.15	    207.84	      3.68	      3.21	     64.41	     56.17	-11.44	 7.807e-05	      5.32	0	Gaussian	324.294382	32.943719
218	1	  0.001466	  0.000810	     -1.00	     22.74	    258.65	      2.91	      2.57	     50.90	     45.02	41.98	 7.445e-05	      5.33	0	Gaussian	326.554008	32.262138
219	1	  0.001459	  0.000788	     -1.00	    429.84	    217.39	      3.01	      2.71	     52.69	     47.38	32.53	 6.983e-05	      5.34	0	Gaussian	324.568630	32.847679
220	1	  0.001489	  0.000737	     -1.00	    740.13	    477.19	      3.21	      2.72	     56.17	     47.61	-2.39	 1.445e-04	      5.36	0	Gaussian	322.644877	32.000649
221	1	  0.001464	  0.000922	     -1.00	    164.41	    164.02	      2.75	      2.28	     48.19	     39.93	-68.22	 7.315e-05	      5.36	0	Gaussian	325.985550	32.814307
222	1	  0.001453	  0.000551	     -1.00	    576.93	     51.20	      3.60	      3.23	     62.99	     56.55	11.92	 3.927e-05	      5.37	0	Gaussian	324.039500	33.716868
223	1	  0.001471	  0.000929	     -1.00	    600.61	    448.34	      2.62	      2.47	     45.88	     43.23	-6.29	 7.622e-05	      5.38	0	Gaussian	323.393106	32.001916
224	1	  0.001494	  0.000887	     -1.00	    151.26	    271.66	      3.12	      2.22	     54.56	     38.77	17.51	 1.174e-04	      5.39	0	Gaussian	325.896692	32.337056
225	1	  0.001450	  0.000753	     -1.00	    271.72	     91.52	      2.96	      2.42	     51.84	     42.31	21.30	 6.316e-05	      5.39	0	Gaussian	325.548360	33.237367
226	1	  0.001482	  0.000814	     -1.00	    536.23	    217.35	      2.87	      2.30	     50.22	     40.27	14.81	 1.046e-04	      5.40	0	Gaussian	324.025197	32.950223
227	1	  0.001490	  0.000674	     -1.00	    527.11	     66.59	      3.08	      2.78	     53.89	     48.64	0.09	 1.182e-04	      5.41	0	Gaussian	324.276255	33.600867
228	1	  0.001455	  0.000623	     -1.00	    262.62	    215.24	      3.56	      2.84	     62.23	     49.65	32.66	 6.526e-05	      5.41	0	Gaussian	325.418601	32.692270
229	1	  0.001464	  0.000642	     -1.00	    385.97	    323.81	      3.63	      2.59	     63.52	     45.40	15.09	 5.624e-05	      5.43	0	Gaussian	324.645808	32.342779
230	1	  0.001486	  0.000730	     -1.00	    140.60	    230.16	      2.88	      2.58	     50.44	     45.07	7.99	 8.434e-05	      5.43	0	Gaussian	326.009405	32.504962
231	1	  0.001486	  0.000838	     -1.00	     40.55	    242.50	      2.72	      2.37	     47.61	     41.51	17.59	 1.054e-04	      5.44	0	Gaussian	326.489354	32.349687
232	1	  0.001499	  0.001009	     -1.00	    394.45	    374.55	      2.55	      2.11	     44.55	     36.86	41.79	 1.296e-04	      5.46	0	Gaussian	324.534124	32.130868
233	1	  0.001506	  0.000508	     -1.00	     69.29	    252.01	      3.49	      3.00	     61.12	     52.56	25.76	 1.694e-04	      5.47	0	Gaussian	326.332937	32.338369
234	1	  0.001478	  0.000582	     -1.00	    609.00	    339.47	      3.32	      2.96	     58.13	     51.78	0.50	 6.568e-05	      5.48	0	Gaussian	323.491200	32.484806
235	1	  0.001468	  0.000874	     -1.00	    503.50	    403.59	      2.73	      2.03	     47.70	     35.44	72.07	 6.546e-05	      5.50	0	Gaussian	323.944301	32.107489
236	1	  0.001503	  0.000779	     -1.00	     65.30	    206.18	      2.76	      2.30	     48.28	     40.18	-61.84	 1.749e-04	      5.50	0	Gaussian	326.419516	32.531071
237	1	  0.001467	  0.000741	     -1.00	    648.67	    466.97	      2.83	      2.32	     49.53	     40.56	71.94	 7.443e-05	      5.54	0	Gaussian	323.124658	31.964012
238	1	  0.001473	  0.000648	     -1.00	    142.56	    115.45	      2.85	      2.71	     49.84	     47.41	79.72	 8.160e-05	      5.57	0	Gaussian	326.165752	33.001433
239	1	  0.001487	  0.000636	     -1.00	    643.78	    152.89	      2.95	      2.39	     51.55	     41.87	85.68	 6.929e-05	      5.57	0	Gaussian	323.557070	33.334606
240	1	  0.001474	  0.000594	     -1.00	    614.73	    121.82	      3.03	      2.37	     53.08	     41.42	76.72	 1.069e-04	      5.59	0	Gaussian	323.748707	33.443406
241	1	  0.001464	  0.000684	     -1.00	    318.56	    244.45	      2.78	      2.56	     48.62	     44.81	46.61	 7.222e-05	      5.59	0	Gaussian	325.095530	32.621232
242	1	  0.001461	  0.000620	     -1.00	    752.30	    100.27	      2.98	      2.33	     52.24	     40.70	66.23	 4.480e-05	      5.60	0	Gaussian	323.061667	33.667997
243	1	  0.001472	  0.000722	     -1.00	    391.64	    383.42	      2.82	      2.05	     49.41	     35.89	59.15	 1.224e-04	      5.62	0	Gaussian	324.536321	32.089733
244	1	  0.001493	  0.000623	     -1.00	    717.37	    388.44	      2.89	      2.43	     50.60	     42.47	57.75	 9.067e-05	      5.63	0	Gaussian	322.872955	32.369107
245	1	  0.001456	  0.000750	     -1.00	     51.55	    281.68	      2.69	      2.29	     47.08	     40.03	66.90	 6.338e-05	      5.63	0	Gaussian	326.377847	32.192926
246	1	  0.001518	  0.000692	     -1.00	    545.63	    220.23	      2.72	      2.33	     47.65	     40.83	42.39	 1.566e-04	      5.64	0	Gaussian	323.973138	32.946586
247	1	  0.001514	  0.000620	     -1.00	    703.37	     74.14	      2.86	      2.37	     50.04	     41.54	74.16	 1.388e-04	      5.65	0	Gaussian	323.351367	33.737196
248	1	  0.001487	  0.000494	     -1.00	    464.67	    241.94	      3.07	      2.64	     53.66	     46.17	-39.21	 2.598e-04	      5.68	0	Gaussian	324.357815	32.774421
249	1	  0.001488	  0.000628	     -1.00	    388.70	    275.76	      2.80	      2.52	     48.93	     44.18	32.92	 7.502e-05	      5.70	0	Gaussian	324.697616	32.553974
250	1	  0.001475	  0.000702	     -1.00	    713.46	    448.44	      2.76	      1.96	     48.38	     34.32	44.05	 6.521e-05	      5.70	0	Gaussian	322.817352	32.102883
251	1	  0.001465	  0.000531	     -1.00	    758.56	    284.37	      3.02	      2.38	     52.83	     41.62	43.33	 4.418e-05	      5.71	0	Gaussian	322.792520	32.863002
252	1	  0.001501	  0.000561	     -1.00	    338.60	    317.21	      2.84	      2.23	     49.73	     39.07	58.90	 1.760e-04	      5.81	0	Gaussian	324.893789	32.325637
253	1	  0.001508	  0.000513	     -1.00	    132.38	    108.57	      2.86	      2.29	     50.07	     40.08	-89.35	 1.122e-04	      5.86	0	Gaussian	326.226909	33.020564
