# 550 stars found using the following parameters:
# sigma=1.00 roundness=0.10 radius=5 relax=1 profile=0 minbeta=1.5 max_stars=0 layer=1 minA=0.00 maxA=0.00 maxR=1.00
# star#	layer	B	A	beta	X	Y	FWHMx [px]	FWHMy [px]	FWHMx ["]	FWHMy ["]	angle	RMSE	mag	Sat	Profile	RA	Dec
1	1	 -0.000605	  0.002447	     -1.00	    517.54	    721.42	     45.95	     31.83	    804.34	    557.15	-6.33	 3.736e-04	     -0.66	0	Gaussian	320.537717	31.223675
2	1	  0.002441	  0.135905	     -1.00	    288.38	    451.84	      3.21	      2.36	     56.21	     41.33	28.00	 2.489e-03	     -0.17	0	Gaussian	322.032401	32.220948
3	1	  0.002167	  0.119535	     -1.00	    619.29	    426.22	      3.08	      2.39	     53.97	     41.75	26.91	 1.821e-03	      0.00	0	Gaussian	320.338556	32.609953
4	1	  0.000045	  0.001974	     -1.00	     35.38	    504.23	     24.88	     17.95	    435.53	    314.27	86.82	 4.170e-04	      0.44	0	Gaussian	323.261689	31.768964
5	1	  0.001925	  0.076895	     -1.00	    636.13	    465.50	      3.06	      2.25	     53.50	     39.31	25.25	 1.198e-03	      0.56	0	Gaussian	320.206110	32.448923
6	1	  0.001867	  0.052211	     -1.00	    705.77	    246.06	      3.00	      2.53	     52.57	     44.25	42.29	 8.397e-04	      0.87	0	Gaussian	320.083008	33.482800
7	1	  0.001809	  0.045997	     -1.00	    150.27	    485.76	      3.14	      2.35	     54.98	     41.14	23.37	 8.239e-04	      1.04	0	Gaussian	322.699944	31.951831
8	1	  0.001712	  0.039122	     -1.00	    709.45	    539.53	      3.02	      2.25	     52.91	     39.42	27.84	 6.022e-04	      1.30	0	Gaussian	319.739986	32.177489
9	1	  0.001676	  0.031212	     -1.00	    100.08	    287.83	      3.09	      2.61	     54.14	     45.73	36.88	 5.002e-04	      1.36	0	Gaussian	323.208778	32.773563
10	1	  0.001605	  0.022712	     -1.00	    133.04	     61.48	      3.22	      2.61	     56.30	     45.67	38.12	 3.407e-04	      1.66	0	Gaussian	323.333247	33.799298
11	1	  0.001653	  0.023102	     -1.00	    234.79	    307.85	      2.81	      2.81	     49.24	     49.24	-12.98	 4.857e-04	      1.71	0	Gaussian	322.487191	32.807501
12	1	  0.001634	  0.023404	     -1.00	    203.18	     73.23	      2.74	      2.65	     47.98	     46.44	12.34	 4.326e-04	      1.78	0	Gaussian	322.950894	33.813287
13	1	  0.001588	  0.019032	     -1.00	    144.55	    206.18	      3.09	      2.65	     54.16	     46.31	40.54	 3.028e-04	      1.88	0	Gaussian	323.084414	33.173058
14	1	  0.001584	  0.017814	     -1.00	     80.75	    184.10	      3.06	      2.70	     53.59	     47.24	69.11	 3.429e-04	      1.95	0	Gaussian	323.443646	33.210740
15	1	  0.001578	  0.019091	     -1.00	    771.33	    613.53	      3.15	      2.42	     55.06	     42.35	18.43	 2.778e-04	      1.96	0	Gaussian	319.336467	31.895783
16	1	  0.001578	  0.017892	     -1.00	    430.86	    171.71	      3.15	      2.51	     55.17	     43.88	29.44	 2.677e-04	      1.99	0	Gaussian	321.629264	33.582660
17	1	  0.001563	  0.018546	     -1.00	    284.34	    549.27	      3.05	      2.32	     53.34	     40.54	18.68	 2.812e-04	      2.07	0	Gaussian	321.935510	31.789560
18	1	  0.001526	  0.014283	     -1.00	    458.94	    200.46	      3.16	      2.52	     55.36	     44.05	25.67	 2.040e-04	      2.22	0	Gaussian	321.446203	33.479394
19	1	  0.001600	  0.014956	     -1.00	    490.32	    324.78	      3.07	      2.47	     53.79	     43.24	27.11	 2.354e-04	      2.23	0	Gaussian	321.132978	32.954235
20	1	  0.001611	  0.014249	     -1.00	    725.17	    301.25	      3.06	      2.49	     53.54	     43.66	24.72	 3.180e-04	      2.27	0	Gaussian	319.917990	33.251678
21	1	  0.001579	  0.012313	     -1.00	     38.50	    354.05	      3.20	      2.65	     56.02	     46.33	29.81	 2.458e-04	      2.31	0	Gaussian	323.439052	32.427093
22	1	  0.001519	  0.012885	     -1.00	    504.71	    163.20	      3.19	      2.50	     55.87	     43.79	26.06	 1.729e-04	      2.33	0	Gaussian	321.248696	33.684566
23	1	  0.001752	  0.013239	     -1.00	    794.87	    740.23	      3.05	      2.40	     53.47	     42.05	20.24	 3.364e-04	      2.39	0	Gaussian	319.081485	31.351006
24	1	  0.001538	  0.011747	     -1.00	    441.94	    583.33	      3.22	      2.42	     56.28	     42.30	24.52	 2.050e-04	      2.46	0	Gaussian	321.083908	31.771109
25	1	  0.001517	  0.010753	     -1.00	    268.26	    374.61	      3.25	      2.61	     56.97	     45.67	36.57	 1.577e-04	      2.46	0	Gaussian	322.230913	32.543213
26	1	  0.001528	  0.010981	     -1.00	     32.77	    187.98	      2.89	      2.88	     50.60	     50.36	-66.30	 2.131e-04	      2.47	0	Gaussian	323.686280	33.148544
27	1	  0.001514	  0.011537	     -1.00	    627.03	    147.50	      3.08	      2.51	     53.88	     43.94	24.22	 1.519e-04	      2.49	0	Gaussian	320.616006	33.858508
28	1	  0.001665	  0.010380	     -1.00	     56.12	    257.63	      3.21	      2.62	     56.11	     45.88	38.64	 4.458e-04	      2.51	0	Gaussian	323.474273	32.865253
29	1	  0.001523	  0.010673	     -1.00	    301.49	     98.37	      3.09	      2.56	     54.03	     44.80	33.65	 1.683e-04	      2.55	0	Gaussian	322.402366	33.792588
30	1	  0.001561	  0.009915	     -1.00	    298.40	    289.71	      3.22	      2.62	     56.32	     45.88	35.04	 2.191e-04	      2.56	0	Gaussian	322.179209	32.943900
31	1	  0.001593	  0.009856	     -1.00	    263.07	    427.21	      3.00	      2.81	     52.56	     49.27	66.84	 2.645e-04	      2.57	0	Gaussian	322.193061	32.307320
32	1	  0.001559	  0.009601	     -1.00	    516.03	    539.92	      3.32	      2.46	     58.15	     43.08	19.14	 2.034e-04	      2.63	0	Gaussian	320.749723	32.022843
33	1	  0.001553	  0.009208	     -1.00	    350.15	    472.02	      3.27	      2.61	     57.21	     45.70	18.84	 1.585e-04	      2.63	0	Gaussian	321.689031	32.184983
34	1	  0.000950	  0.006888	     -1.00	    252.94	    640.43	      3.82	      2.90	     66.80	     50.78	26.05	 6.966e-04	      2.65	0	Gaussian	321.986771	31.363698
35	1	  0.001685	  0.010464	     -1.00	    338.19	    534.26	      2.87	      2.50	     50.22	     43.73	13.57	 3.024e-04	      2.67	0	Gaussian	321.676542	31.901012
36	1	  0.001552	  0.009342	     -1.00	    552.22	     43.16	      2.93	      2.65	     51.35	     46.30	53.09	 1.989e-04	      2.70	0	Gaussian	321.139311	34.260948
37	1	  0.001526	  0.008649	     -1.00	    533.84	    558.23	      3.28	      2.46	     57.35	     43.06	19.51	 1.394e-04	      2.75	0	Gaussian	320.636402	31.956280
38	1	  0.001506	  0.008246	     -1.00	    527.99	    141.03	      2.95	      2.83	     51.56	     49.48	72.67	 1.612e-04	      2.77	0	Gaussian	321.151529	33.803342
39	1	  0.001542	  0.008388	     -1.00	    123.26	    112.19	      3.04	      2.69	     53.22	     47.04	-0.41	 1.649e-04	      2.77	0	Gaussian	323.317501	33.566752
40	1	  0.001508	  0.009842	     -1.00	    204.23	    460.15	      2.77	      2.49	     48.41	     43.57	29.57	 1.853e-04	      2.78	0	Gaussian	322.455389	32.111385
41	1	  0.001514	  0.008517	     -1.00	    413.67	    487.49	      3.18	      2.38	     55.66	     41.57	20.26	 1.499e-04	      2.84	0	Gaussian	321.341736	32.170206
42	1	  0.001551	  0.008089	     -1.00	    345.71	     13.16	      3.13	      2.53	     54.84	     44.37	26.26	 1.790e-04	      2.86	0	Gaussian	322.276576	34.210744
43	1	  0.001507	  0.007335	     -1.00	    191.96	    112.00	      3.24	      2.62	     56.77	     45.86	33.50	 1.185e-04	      2.88	0	Gaussian	322.959402	33.631741
44	1	  0.001510	  0.007455	     -1.00	    242.32	    221.94	      3.27	      2.54	     57.27	     44.47	33.72	 1.296e-04	      2.88	0	Gaussian	322.556071	33.192868
45	1	  0.001513	  0.008111	     -1.00	    491.19	    187.17	      2.80	      2.67	     48.97	     46.70	27.01	 1.420e-04	      2.90	0	Gaussian	321.291649	33.566244
46	1	  0.001506	  0.007705	     -1.00	    195.11	    348.16	      2.88	      2.70	     50.34	     47.32	57.53	 1.353e-04	      2.91	0	Gaussian	322.641899	32.594833
47	1	  0.001541	  0.007067	     -1.00	    284.65	     50.63	      3.26	      2.63	     57.01	     45.95	40.20	 2.206e-04	      2.91	0	Gaussian	322.551743	33.988642
48	1	  0.001552	  0.007342	     -1.00	    339.33	    365.56	      3.17	      2.61	     55.47	     45.64	21.38	 1.813e-04	      2.91	0	Gaussian	321.873286	32.644967
49	1	  0.001537	  0.007073	     -1.00	    327.93	    297.17	      3.24	      2.62	     56.73	     45.80	33.30	 1.347e-04	      2.92	0	Gaussian	322.016117	32.936968
50	1	  0.001527	  0.007308	     -1.00	    303.20	    569.69	      3.21	      2.46	     56.16	     43.05	20.85	 1.481e-04	      2.97	0	Gaussian	321.814262	31.715929
51	1	  0.001528	  0.007276	     -1.00	    722.00	    479.20	      3.12	      2.43	     54.59	     42.59	27.39	 1.293e-04	      3.00	0	Gaussian	319.739396	32.455532
52	1	  0.001515	  0.007109	     -1.00	    389.38	    641.74	      3.18	      2.44	     55.63	     42.67	20.71	 1.588e-04	      3.01	0	Gaussian	321.287094	31.471194
53	1	  0.001497	  0.006718	     -1.00	    636.20	    550.37	      3.38	      2.40	     59.08	     41.98	21.96	 1.147e-04	      3.03	0	Gaussian	320.111742	32.072329
54	1	  0.001506	  0.007208	     -1.00	    496.28	     91.49	      3.01	      2.51	     52.60	     43.89	21.78	 1.235e-04	      3.03	0	Gaussian	321.379716	33.996654
55	1	  0.001516	  0.005957	     -1.00	    351.43	    484.76	      3.50	      2.56	     61.25	     44.81	20.66	 1.492e-04	      3.03	0	Gaussian	321.667182	32.129964
56	1	  0.001552	  0.006208	     -1.00	    736.61	    554.16	      3.34	      2.62	     58.42	     45.82	18.21	 1.929e-04	      3.04	0	Gaussian	319.581698	32.133357
57	1	  0.001497	  0.006215	     -1.00	    472.44	    133.91	      3.19	      2.61	     55.92	     45.61	27.11	 8.836e-05	      3.07	0	Gaussian	321.455093	33.786982
58	1	  0.001674	  0.007202	     -1.00	    771.47	    264.96	      2.93	      2.46	     51.32	     42.97	29.09	 4.951e-04	      3.08	0	Gaussian	319.711108	33.450895
59	1	  0.001509	  0.006165	     -1.00	    686.20	    251.18	      2.94	      2.84	     51.47	     49.67	9.14	 1.501e-04	      3.10	0	Gaussian	320.181545	33.444053
60	1	  0.001517	  0.006531	     -1.00	    790.75	    556.78	      3.11	      2.48	     54.43	     43.37	18.00	 1.351e-04	      3.11	0	Gaussian	319.294330	32.162818
61	1	  0.001543	  0.004286	     -1.00	    202.70	    435.76	      3.33	      3.24	     58.26	     56.74	26.71	 1.768e-04	      3.19	0	Gaussian	322.493424	32.216975
62	1	  0.001479	  0.005794	     -1.00	    723.74	    415.97	      2.79	      2.77	     48.79	     48.57	-2.18	 1.045e-04	      3.23	0	Gaussian	319.799159	32.738518
63	1	  0.001487	  0.005663	     -1.00	    217.30	    449.23	      2.85	      2.74	     49.84	     48.03	13.51	 1.358e-04	      3.24	0	Gaussian	322.401723	32.170696
64	1	  0.001526	  0.004263	     -1.00	    257.86	    406.75	      3.32	      3.08	     58.19	     53.91	71.65	 2.041e-04	      3.25	0	Gaussian	322.245088	32.392757
65	1	  0.001539	  0.004144	     -1.00	    793.39	    192.25	      3.85	      2.68	     67.45	     46.92	-1.60	 1.090e-04	      3.29	0	Gaussian	319.673773	33.794235
66	1	  0.001495	  0.005092	     -1.00	    496.55	    604.41	      3.42	      2.45	     59.84	     42.87	15.39	 9.725e-05	      3.29	0	Gaussian	320.777470	31.722430
67	1	  0.001499	  0.005182	     -1.00	    777.41	    582.30	      3.13	      2.66	     54.72	     46.48	15.50	 8.530e-05	      3.30	0	Gaussian	319.337543	32.039198
68	1	  0.001511	  0.005629	     -1.00	    760.42	    397.46	      3.00	      2.49	     52.57	     43.61	17.81	 1.004e-04	      3.31	0	Gaussian	319.625090	32.849820
69	1	  0.001484	  0.005317	     -1.00	    436.57	    556.10	      3.04	      2.55	     53.23	     44.66	-15.40	 1.246e-04	      3.31	0	Gaussian	321.143146	31.886684
70	1	  0.001514	  0.005289	     -1.00	    774.04	    179.52	      3.09	      2.54	     54.11	     44.50	20.95	 1.380e-04	      3.32	0	Gaussian	319.791866	33.835871
71	1	  0.001492	  0.004906	     -1.00	    252.59	    164.71	      3.07	      2.73	     53.70	     47.70	7.27	 9.552e-05	      3.35	0	Gaussian	322.574857	33.454762
72	1	  0.001497	  0.005000	     -1.00	    508.04	    482.67	      3.16	      2.51	     55.38	     43.86	13.48	 9.929e-05	      3.37	0	Gaussian	320.856772	32.269446
73	1	  0.001505	  0.004824	     -1.00	    246.30	    322.60	      3.17	      2.53	     55.45	     44.27	35.64	 1.086e-04	      3.40	0	Gaussian	322.409081	32.752832
74	1	  0.001475	  0.004131	     -1.00	    695.17	     33.32	      3.29	      2.66	     57.63	     46.64	21.86	 6.291e-05	      3.46	0	Gaussian	320.382437	34.426963
75	1	  0.001451	  0.003468	     -1.00	    634.43	    115.45	      3.55	      2.90	     62.17	     50.71	-6.90	 5.141e-05	      3.48	0	Gaussian	320.613693	34.008016
76	1	  0.001472	  0.004106	     -1.00	    472.22	     63.92	      3.19	      2.68	     55.80	     46.94	51.31	 7.286e-05	      3.51	0	Gaussian	321.541305	34.098422
77	1	  0.001467	  0.003753	     -1.00	    299.64	    178.73	      3.35	      2.72	     58.60	     47.59	37.02	 6.378e-05	      3.51	0	Gaussian	322.310878	33.435283
78	1	  0.001512	  0.003846	     -1.00	    573.81	    370.44	      3.42	      2.64	     59.79	     46.20	12.18	 1.129e-04	      3.51	0	Gaussian	320.641034	32.820888
79	1	  0.001498	  0.004198	     -1.00	    639.07	    395.92	      3.18	      2.54	     55.60	     44.46	35.15	 9.074e-05	      3.52	0	Gaussian	320.268423	32.760562
80	1	  0.001459	  0.004036	     -1.00	    456.78	     14.81	      3.07	      2.80	     53.77	     49.10	21.28	 7.121e-05	      3.54	0	Gaussian	321.683864	34.303545
81	1	  0.001483	  0.003882	     -1.00	    340.68	    617.57	      3.38	      2.55	     59.13	     44.60	16.33	 8.397e-05	      3.54	0	Gaussian	321.565222	31.537192
82	1	  0.001529	  0.003721	     -1.00	    520.25	    668.92	      3.59	      2.47	     62.84	     43.26	18.29	 2.660e-04	      3.56	0	Gaussian	320.582320	31.456977
83	1	  0.001480	  0.003402	     -1.00	    452.11	    275.85	      3.56	      2.73	     62.40	     47.73	8.12	 5.920e-05	      3.56	0	Gaussian	321.391760	33.138865
84	1	  0.001531	  0.003856	     -1.00	     55.31	      5.19	      3.14	      2.78	     55.00	     48.61	6.29	 1.023e-04	      3.57	0	Gaussian	323.813898	33.972749
85	1	  0.001478	  0.003828	     -1.00	    529.46	    398.15	      3.10	      2.71	     54.22	     47.37	9.47	 7.945e-05	      3.63	0	Gaussian	320.842098	32.661407
86	1	  0.001464	  0.003590	     -1.00	    421.08	     22.33	      3.27	      2.63	     57.21	     46.00	21.58	 5.976e-05	      3.63	0	Gaussian	321.864757	34.238141
87	1	  0.001462	  0.003214	     -1.00	    623.14	    365.60	      3.40	      2.84	     59.52	     49.69	7.28	 5.149e-05	      3.64	0	Gaussian	320.386629	32.882624
88	1	  0.001487	  0.002923	     -1.00	     63.38	    549.59	      3.74	      2.81	     65.46	     49.20	38.94	 1.527e-04	      3.64	0	Gaussian	323.062195	31.596353
89	1	  0.001477	  0.003931	     -1.00	    515.42	     15.53	      3.08	      2.59	     53.87	     45.35	18.13	 5.685e-05	      3.64	0	Gaussian	321.369665	34.352220
90	1	  0.001503	  0.002552	     -1.00	    550.34	    682.68	      4.49	      2.60	     78.65	     45.46	-17.14	 1.632e-04	      3.66	0	Gaussian	320.411630	31.420035
91	1	  0.001478	  0.003217	     -1.00	    287.62	     35.51	      3.28	      2.84	     57.45	     49.75	39.02	 6.351e-05	      3.66	0	Gaussian	322.555445	34.058336
92	1	  0.001488	  0.003636	     -1.00	    781.39	    106.43	      3.17	      2.65	     55.40	     46.30	15.03	 8.961e-05	      3.67	0	Gaussian	319.833823	34.169868
93	1	  0.001697	  0.004386	     -1.00	    767.91	    256.61	      2.81	      2.43	     49.18	     42.51	24.98	 7.623e-04	      3.68	0	Gaussian	319.739361	33.485460
94	1	  0.001458	  0.003491	     -1.00	    204.94	    203.79	      3.13	      2.71	     54.84	     47.35	33.88	 5.945e-05	      3.69	0	Gaussian	322.773749	33.238949
95	1	  0.001543	  0.003757	     -1.00	    681.55	     68.43	      3.08	      2.56	     53.97	     44.73	15.20	 2.405e-04	      3.70	0	Gaussian	320.415258	34.258082
96	1	  0.001486	  0.003323	     -1.00	    445.71	    522.58	      3.44	      2.50	     60.20	     43.68	13.19	 9.512e-05	      3.71	0	Gaussian	321.134682	32.041985
97	1	  0.001522	  0.003486	     -1.00	    568.96	    618.43	      3.25	      2.51	     56.91	     43.90	12.77	 1.072e-04	      3.75	0	Gaussian	320.386538	31.718236
98	1	  0.001482	  0.002976	     -1.00	    160.83	     28.91	      3.16	      3.03	     55.36	     53.09	7.85	 8.264e-05	      3.76	0	Gaussian	323.230804	33.969226
99	1	  0.001473	  0.002261	     -1.00	    122.98	    520.00	      4.05	      2.89	     70.82	     50.52	17.15	 9.061e-05	      3.79	0	Gaussian	322.796448	31.778114
100	1	  0.001450	  0.002755	     -1.00	    243.03	    571.71	      3.60	      2.63	     63.03	     45.98	18.98	 7.527e-05	      3.82	0	Gaussian	322.120072	31.656029
101	1	  0.001460	  0.002913	     -1.00	    432.74	    101.57	      3.26	      2.80	     57.00	     49.07	25.38	 4.429e-05	      3.84	0	Gaussian	321.704989	33.896019
102	1	  0.001459	  0.002810	     -1.00	    210.38	    346.61	      3.33	      2.79	     58.31	     48.82	17.34	 5.399e-05	      3.84	0	Gaussian	322.564995	32.615261
103	1	  0.001500	  0.003139	     -1.00	    585.12	    460.30	      3.01	      2.72	     52.67	     47.60	29.98	 8.863e-05	      3.84	0	Gaussian	320.479475	32.431149
104	1	  0.001507	  0.003240	     -1.00	    308.04	    503.44	      3.14	      2.55	     54.92	     44.69	12.62	 1.381e-04	      3.85	0	Gaussian	321.868728	32.010980
105	1	  0.001512	  0.003001	     -1.00	    793.47	    628.84	      3.35	      2.53	     58.57	     44.22	13.74	 9.155e-05	      3.85	0	Gaussian	319.204380	31.844327
106	1	  0.001467	  0.002745	     -1.00	    712.25	    358.59	      3.32	      2.85	     58.13	     49.80	18.51	 6.899e-05	      3.87	0	Gaussian	319.923129	32.985386
107	1	  0.001488	  0.003171	     -1.00	    722.37	    513.40	      3.13	      2.57	     54.80	     44.90	20.86	 8.339e-05	      3.88	0	Gaussian	319.700387	32.303634
108	1	  0.001474	  0.002849	     -1.00	    745.81	    229.87	      3.01	      2.88	     52.60	     50.40	20.66	 6.884e-05	      3.89	0	Gaussian	319.887164	33.587528
109	1	  0.001465	  0.002834	     -1.00	    628.62	    243.24	      3.28	      2.69	     57.47	     47.04	16.27	 5.062e-05	      3.90	0	Gaussian	320.496974	33.432312
110	1	  0.001481	  0.001218	     -1.00	    740.57	    356.79	      5.72	      3.48	    100.18	     60.89	-39.94	 7.768e-05	      3.90	0	Gaussian	319.774804	33.015813
111	1	  0.001463	  0.002040	     -1.00	    101.52	    141.74	      3.73	      3.17	     65.37	     55.43	16.54	 4.560e-05	      3.91	0	Gaussian	323.391700	33.416330
112	1	  0.001498	  0.002651	     -1.00	    700.86	     63.12	      3.34	      2.71	     58.53	     47.49	14.70	 1.022e-04	      3.91	0	Gaussian	320.317386	34.298033
113	1	  0.001469	  0.002202	     -1.00	    503.53	    340.97	      3.48	      3.01	     60.85	     52.74	46.45	 8.350e-05	      3.96	0	Gaussian	321.044603	32.893488
114	1	  0.001451	  0.001116	     -1.00	    276.05	    472.27	      5.89	      3.50	    103.12	     61.28	58.31	 5.882e-05	      3.96	0	Gaussian	322.071187	32.120524
115	1	  0.001509	  0.002701	     -1.00	    530.28	    671.79	      3.42	      2.47	     59.94	     43.24	14.55	 2.303e-04	      3.97	0	Gaussian	320.527309	31.452254
116	1	  0.001498	  0.002757	     -1.00	    153.53	    598.82	      3.40	      2.41	     59.52	     42.12	11.58	 2.025e-04	      3.98	0	Gaussian	322.543306	31.460649
117	1	  0.001513	  0.002611	     -1.00	     46.45	     78.36	      3.18	      2.74	     55.65	     48.04	19.09	 1.385e-04	      3.99	0	Gaussian	323.761608	33.642554
118	1	  0.001438	  0.002220	     -1.00	    272.79	    642.93	      3.52	      2.84	     61.61	     49.67	18.05	 1.984e-04	      3.99	0	Gaussian	321.882519	31.369449
119	1	  0.001470	  0.002204	     -1.00	    272.31	    534.60	      3.65	      2.77	     63.81	     48.55	18.71	 1.026e-04	      3.99	0	Gaussian	322.014893	31.843697
120	1	  0.001484	  0.002077	     -1.00	    705.62	    163.36	      3.62	      2.95	     63.43	     51.61	22.23	 7.463e-05	      4.00	0	Gaussian	320.177211	33.852726
121	1	  0.001472	  0.001871	     -1.00	    755.00	     58.30	      3.80	      3.13	     66.48	     54.71	-23.11	 6.990e-05	      4.00	0	Gaussian	320.030630	34.364549
122	1	  0.001462	  0.002050	     -1.00	    337.18	    590.82	      3.76	      2.85	     65.78	     49.93	6.34	 6.080e-05	      4.01	0	Gaussian	321.614715	31.651708
123	1	  0.001532	  0.002503	     -1.00	    532.37	    302.29	      3.20	      2.78	     56.07	     48.68	19.31	 1.435e-04	      4.02	0	Gaussian	320.938073	33.089399
124	1	  0.001508	  0.002543	     -1.00	    657.86	    414.15	      3.34	      2.65	     58.43	     46.37	25.02	 7.992e-05	      4.02	0	Gaussian	320.148964	32.694516
125	1	  0.001537	  0.002603	     -1.00	    764.61	     26.10	      3.16	      2.68	     55.31	     46.98	14.62	 1.424e-04	      4.03	0	Gaussian	320.015201	34.517165
126	1	  0.001464	  0.002355	     -1.00	    202.81	    600.66	      3.17	      2.80	     55.40	     49.02	13.12	 8.779e-05	      4.04	0	Gaussian	322.290273	31.495033
127	1	  0.001499	  0.002349	     -1.00	    668.14	    147.15	      3.21	      2.95	     56.24	     51.56	17.87	 1.993e-04	      4.04	0	Gaussian	320.396492	33.894354
128	1	  0.001503	  0.001955	     -1.00	    726.25	    491.67	      3.88	      2.69	     67.94	     47.11	32.57	 1.185e-04	      4.05	0	Gaussian	319.703485	32.403317
129	1	  0.001529	  0.002137	     -1.00	    461.30	     39.16	      3.24	      3.10	     56.79	     54.19	25.82	 1.682e-04	      4.05	0	Gaussian	321.629811	34.199052
130	1	  0.001459	  0.002050	     -1.00	    109.29	    369.05	      3.29	      3.22	     57.54	     56.36	-1.06	 5.734e-05	      4.05	0	Gaussian	323.057112	32.426047
131	1	  0.001458	  0.002100	     -1.00	    715.85	    128.18	      3.58	      2.80	     62.61	     49.07	20.15	 4.835e-05	      4.05	0	Gaussian	320.162275	34.018719
132	1	  0.001456	  0.002271	     -1.00	    287.58	    667.94	      3.52	      2.63	     61.66	     45.99	13.44	 7.993e-05	      4.06	0	Gaussian	321.777370	31.272327
133	1	  0.001477	  0.002235	     -1.00	    785.83	    502.81	      3.14	      3.00	     54.93	     52.55	20.82	 9.934e-05	      4.07	0	Gaussian	319.377467	32.399472
134	1	  0.001469	  0.002379	     -1.00	     85.62	    451.08	      3.25	      2.77	     56.96	     48.56	-15.98	 8.250e-05	      4.07	0	Gaussian	323.073776	32.045900
135	1	  0.001513	  0.002684	     -1.00	     63.51	    538.00	      2.85	      2.62	     49.94	     45.83	34.07	 2.095e-04	      4.10	0	Gaussian	323.076155	31.646962
136	1	  0.001482	  0.002065	     -1.00	    639.82	     76.91	      3.51	      2.76	     61.44	     48.29	16.25	 6.833e-05	      4.10	0	Gaussian	320.629693	34.185011
137	1	  0.001591	  0.002483	     -1.00	    699.50	    179.74	      3.25	      2.57	     56.90	     44.99	10.20	 2.513e-04	      4.11	0	Gaussian	320.191397	33.774384
138	1	  0.001489	  0.002268	     -1.00	    579.34	    413.26	      3.15	      2.88	     55.10	     50.44	18.82	 8.312e-05	      4.11	0	Gaussian	320.563092	32.635231
139	1	  0.001461	  0.001955	     -1.00	    166.61	    190.80	      3.52	      2.97	     61.64	     51.93	17.48	 5.684e-05	      4.13	0	Gaussian	322.989776	33.261060
140	1	  0.001491	  0.002719	     -1.00	    583.29	    706.17	      2.75	      2.55	     48.20	     44.65	29.70	 1.034e-04	      4.14	0	Gaussian	320.215481	31.342121
141	1	  0.001461	  0.001972	     -1.00	    643.93	    436.89	      3.45	      2.78	     60.41	     48.65	34.74	 4.288e-05	      4.16	0	Gaussian	320.197017	32.582262
142	1	  0.001466	  0.001240	     -1.00	    493.89	    356.44	      5.50	      2.82	     96.35	     49.37	-5.27	 6.891e-05	      4.17	0	Gaussian	321.077123	32.816819
143	1	  0.001496	  0.002009	     -1.00	    161.04	     11.70	      3.35	      2.81	     58.60	     49.14	11.28	 7.069e-05	      4.19	0	Gaussian	323.252339	34.045368
144	1	  0.001469	  0.001964	     -1.00	    603.90	    633.25	      3.49	      2.72	     61.07	     47.57	13.51	 7.293e-05	      4.21	0	Gaussian	320.188799	31.680146
145	1	  0.001467	  0.001649	     -1.00	    363.98	    569.03	      4.02	      2.75	     70.39	     48.07	30.50	 5.828e-05	      4.21	0	Gaussian	321.502615	31.769732
146	1	  0.001509	  0.002050	     -1.00	    456.46	    147.33	      3.29	      2.80	     57.66	     48.95	19.45	 1.287e-04	      4.21	0	Gaussian	321.523523	33.713374
147	1	  0.001468	  0.001666	     -1.00	    536.39	    261.76	      3.75	      2.87	     65.68	     50.15	18.59	 4.739e-05	      4.23	0	Gaussian	320.964277	33.272961
148	1	  0.001480	  0.001981	     -1.00	    657.42	    327.48	      3.33	      2.80	     58.26	     49.04	17.63	 6.767e-05	      4.24	0	Gaussian	320.248440	33.080176
149	1	  0.001504	  0.002010	     -1.00	    152.52	    451.30	      3.34	      2.72	     58.43	     47.53	18.78	 1.002e-04	      4.25	0	Gaussian	322.731539	32.104620
150	1	  0.001622	  0.002052	     -1.00	    697.65	    540.47	      3.25	      2.70	     56.88	     47.30	13.58	 5.255e-04	      4.26	0	Gaussian	319.800891	32.164170
151	1	  0.001471	  0.000360	     -1.00	    300.79	    423.19	     10.18	      4.87	    178.23	     85.18	-7.96	 8.305e-05	      4.26	0	Gaussian	322.003157	32.357716
152	1	  0.001472	  0.001628	     -1.00	    465.52	    240.05	      3.57	      3.07	     62.45	     53.69	16.12	 6.197e-05	      4.28	0	Gaussian	321.363974	33.309207
153	1	  0.001468	  0.001659	     -1.00	    554.40	    596.93	      3.61	      2.73	     63.21	     47.74	5.44	 6.081e-05	      4.30	0	Gaussian	320.486104	31.801676
154	1	  0.001498	  0.001717	     -1.00	    144.46	     48.87	      3.56	      2.80	     62.27	     49.09	14.30	 6.935e-05	      4.31	0	Gaussian	323.290195	33.865701
155	1	  0.001468	  0.001840	     -1.00	    742.77	    484.40	      3.36	      2.84	     58.80	     49.69	21.65	 6.321e-05	      4.31	0	Gaussian	319.624330	32.448463
156	1	  0.001620	  0.002256	     -1.00	    735.29	    292.19	      2.89	      2.58	     50.57	     45.21	12.67	 5.934e-04	      4.32	0	Gaussian	319.874153	33.300252
157	1	  0.001457	  0.001685	     -1.00	    559.06	    267.98	      3.58	      2.81	     62.71	     49.25	10.80	 4.846e-05	      4.32	0	Gaussian	320.837179	33.264281
158	1	  0.001459	  0.001742	     -1.00	    671.44	    297.81	      3.41	      2.86	     59.74	     50.10	12.36	 4.040e-05	      4.32	0	Gaussian	320.207474	33.223855
159	1	  0.001477	  0.001974	     -1.00	    701.97	    575.19	      3.17	      2.65	     55.53	     46.31	18.58	 7.768e-05	      4.32	0	Gaussian	319.740660	32.013351
160	1	  0.001475	  0.000824	     -1.00	    618.20	     84.49	      6.44	      3.02	    112.67	     52.84	49.68	 8.375e-05	      4.33	0	Gaussian	320.736834	34.132786
161	1	  0.001486	  0.001087	     -1.00	    448.25	    230.78	      3.27	      2.94	     57.24	     51.48	-62.79	 1.421e-04	      4.35	0	Gaussian	321.466094	33.335510
162	1	  0.001476	  0.001924	     -1.00	    538.88	    654.38	      3.37	      2.58	     59.03	     45.20	19.29	 7.711e-05	      4.36	0	Gaussian	320.502306	31.535775
163	1	  0.001508	  0.001732	     -1.00	    757.31	    665.73	      3.42	      2.62	     59.87	     45.84	14.64	 7.471e-05	      4.39	0	Gaussian	319.354929	31.653523
164	1	  0.001482	  0.001567	     -1.00	    198.78	    369.37	      3.51	      2.92	     61.50	     51.19	16.00	 5.585e-05	      4.39	0	Gaussian	322.596367	32.504949
165	1	  0.001449	  0.001622	     -1.00	    342.91	    179.68	      3.50	      2.78	     61.34	     48.72	3.72	 4.120e-05	      4.39	0	Gaussian	322.082688	33.469750
166	1	  0.001465	  0.001438	     -1.00	    457.67	    642.88	      3.44	      3.25	     60.17	     56.92	18.45	 9.826e-05	      4.41	0	Gaussian	320.934463	31.521650
167	1	  0.001492	  0.001622	     -1.00	    645.16	    376.76	      3.38	      2.79	     59.14	     48.91	10.58	 8.512e-05	      4.41	0	Gaussian	320.257803	32.850755
168	1	  0.001447	  0.001649	     -1.00	    392.76	    556.48	      3.37	      2.82	     58.94	     49.32	26.65	 5.523e-05	      4.43	0	Gaussian	321.369025	31.848861
169	1	  0.001462	  0.001043	     -1.00	    597.87	    146.92	      4.28	      3.38	     74.90	     59.21	15.91	 6.015e-05	      4.43	0	Gaussian	320.772382	33.836564
170	1	  0.001471	  0.000615	     -1.00	     25.16	    207.44	      4.81	      4.78	     84.15	     83.65	0.37	 6.656e-05	      4.45	0	Gaussian	323.699735	33.056096
171	1	  0.001499	  0.001381	     -1.00	    684.61	      5.61	      3.60	      3.12	     63.00	     54.57	3.54	 7.328e-05	      4.45	0	Gaussian	320.471653	34.542393
172	1	  0.001461	  0.001800	     -1.00	    729.52	    700.00	      2.95	      2.77	     51.68	     48.47	-42.38	 6.897e-05	      4.45	0	Gaussian	319.463712	31.480855
173	1	  0.001449	  0.001585	     -1.00	    171.67	    597.55	      3.35	      2.82	     58.64	     49.44	31.35	 7.237e-05	      4.46	0	Gaussian	322.452618	31.481835
174	1	  0.001529	  0.001782	     -1.00	    306.22	    513.53	      3.31	      2.61	     57.88	     45.63	14.43	 2.968e-04	      4.46	0	Gaussian	321.865983	31.965088
175	1	  0.001513	  0.001761	     -1.00	    334.24	     64.93	      3.04	      2.78	     53.27	     48.60	23.73	 1.514e-04	      4.46	0	Gaussian	322.271870	33.970564
176	1	  0.001462	  0.001542	     -1.00	    767.85	    597.44	      3.63	      2.56	     63.55	     44.80	5.23	 4.931e-05	      4.47	0	Gaussian	319.371732	31.964700
177	1	  0.001541	  0.001657	     -1.00	    603.90	    423.72	      3.23	      2.64	     56.57	     46.27	7.87	 1.468e-04	      4.48	0	Gaussian	320.422220	32.608648
178	1	  0.001478	  0.001450	     -1.00	    428.47	     71.00	      3.47	      2.94	     60.66	     51.53	8.75	 6.342e-05	      4.48	0	Gaussian	321.765255	34.028195
179	1	  0.001483	  0.001489	     -1.00	    333.26	    422.06	      3.10	      3.02	     54.17	     52.92	20.97	 8.079e-05	      4.49	0	Gaussian	321.836425	32.390653
180	1	  0.001518	  0.001467	     -1.00	    137.87	    191.44	      3.44	      2.78	     60.20	     48.62	19.15	 1.310e-04	      4.49	0	Gaussian	323.138162	33.231695
181	1	  0.001449	  0.001252	     -1.00	    750.54	    191.68	      3.67	      3.05	     64.23	     53.33	18.39	 4.413e-05	      4.50	0	Gaussian	319.904454	33.762394
182	1	  0.001477	  0.001346	     -1.00	    313.63	    279.92	      3.20	      3.19	     55.92	     55.89	-29.17	 9.101e-05	      4.50	0	Gaussian	322.111906	33.000566
183	1	  0.001455	  0.000741	     -1.00	    667.29	    116.92	      5.44	      3.40	     95.21	     59.45	28.04	 4.485e-05	      4.52	0	Gaussian	320.435853	34.028945
184	1	  0.001450	  0.001321	     -1.00	    266.64	    160.82	      3.61	      3.03	     63.21	     52.97	12.43	 4.120e-05	      4.52	0	Gaussian	322.506279	33.484696
185	1	  0.001464	  0.001351	     -1.00	    414.84	    240.78	      3.50	      2.93	     61.19	     51.22	3.51	 4.749e-05	      4.53	0	Gaussian	321.629876	33.262258
186	1	  0.001456	  0.000409	     -1.00	    654.81	    262.71	      6.29	      4.95	    110.15	     86.64	-46.80	 4.941e-05	      4.54	0	Gaussian	320.335523	33.366938
187	1	  0.001510	  0.001442	     -1.00	    771.74	    652.61	      3.45	      2.86	     60.33	     50.10	17.88	 9.891e-05	      4.55	0	Gaussian	319.293264	31.722525
188	1	  0.001477	  0.001376	     -1.00	    743.40	     18.22	      3.49	      2.95	     61.14	     51.70	9.23	 5.794e-05	      4.55	0	Gaussian	320.139090	34.535022
189	1	  0.001456	  0.001286	     -1.00	    564.29	    163.65	      3.67	      2.81	     64.17	     49.22	20.08	 4.863e-05	      4.56	0	Gaussian	320.931601	33.733463
190	1	  0.001489	  0.001480	     -1.00	    211.04	    110.44	      3.28	      2.77	     57.48	     48.41	10.21	 7.365e-05	      4.57	0	Gaussian	322.861630	33.656276
191	1	  0.001463	  0.001393	     -1.00	    476.37	    197.04	      3.05	      2.99	     53.38	     52.37	20.67	 4.371e-05	      4.57	0	Gaussian	321.358213	33.509639
192	1	  0.001481	  0.001358	     -1.00	    474.01	    500.44	      3.72	      2.59	     65.11	     45.33	5.79	 8.282e-05	      4.57	0	Gaussian	321.013422	32.163013
193	1	  0.001484	  0.001240	     -1.00	    178.72	    376.86	      3.48	      3.18	     60.96	     55.58	15.80	 8.825e-05	      4.58	0	Gaussian	322.690341	32.454210
194	1	  0.001452	  0.001345	     -1.00	    551.67	    288.24	      3.52	      2.84	     61.60	     49.70	15.82	 4.082e-05	      4.60	0	Gaussian	320.852671	33.167985
195	1	  0.001495	  0.001496	     -1.00	    455.50	    574.36	      3.22	      2.72	     56.30	     47.66	22.99	 1.006e-04	      4.61	0	Gaussian	321.024159	31.821666
196	1	  0.001481	  0.001584	     -1.00	    287.65	    572.20	      3.31	      2.53	     57.85	     44.22	17.24	 8.883e-05	      4.61	0	Gaussian	321.891004	31.691795
197	1	  0.001554	  0.001052	     -1.00	    706.96	    260.80	      3.73	      3.13	     65.36	     54.73	-36.81	 2.964e-04	      4.61	0	Gaussian	320.060075	33.417839
198	1	  0.001479	  0.000957	     -1.00	    528.97	    628.26	      4.97	      2.63	     86.93	     46.08	-5.98	 7.062e-05	      4.64	0	Gaussian	320.582807	31.643170
199	1	  0.001458	  0.001207	     -1.00	    731.38	    337.99	      3.45	      3.04	     60.40	     53.17	6.28	 4.229e-05	      4.65	0	Gaussian	319.844312	33.092528
200	1	  0.001482	  0.001178	     -1.00	    353.23	    292.17	      3.50	      3.12	     61.29	     54.61	19.83	 1.052e-04	      4.66	0	Gaussian	321.890194	32.981164
201	1	  0.001489	  0.001196	     -1.00	    686.15	    271.94	      3.57	      2.83	     62.42	     49.51	10.04	 1.164e-04	      4.66	0	Gaussian	320.158389	33.351233
202	1	  0.001475	  0.001338	     -1.00	    551.08	    362.33	      3.41	      2.72	     59.74	     47.62	10.35	 7.201e-05	      4.66	0	Gaussian	320.769944	32.838232
203	1	  0.001516	  0.001483	     -1.00	    676.92	    469.28	      3.18	      2.52	     55.64	     44.19	12.95	 1.689e-04	      4.67	0	Gaussian	319.987587	32.464382
204	1	  0.001479	  0.001292	     -1.00	    514.02	    583.55	      3.71	      2.51	     65.01	     43.96	-3.36	 5.181e-05	      4.67	0	Gaussian	320.710657	31.828519
205	1	  0.001459	  0.000693	     -1.00	    481.37	    390.04	      5.09	      3.30	     89.16	     57.78	-28.53	 5.013e-05	      4.67	0	Gaussian	321.103372	32.657461
206	1	  0.001466	  0.001260	     -1.00	    415.73	    141.40	      3.46	      2.87	     60.53	     50.19	5.86	 4.649e-05	      4.67	0	Gaussian	321.746191	33.704023
207	1	  0.001449	  0.001124	     -1.00	    593.53	    230.18	      3.61	      3.06	     63.13	     53.56	10.14	 3.018e-05	      4.67	0	Gaussian	320.698459	33.461425
208	1	  0.001455	  0.001147	     -1.00	     49.79	    286.08	      3.53	      2.98	     61.84	     52.17	41.85	 3.888e-05	      4.67	0	Gaussian	323.469630	32.734793
209	1	  0.001490	  0.001640	     -1.00	    511.80	    649.76	      2.80	      2.43	     48.96	     42.48	32.80	 8.292e-05	      4.67	0	Gaussian	320.647447	31.534677
210	1	  0.001535	  0.001308	     -1.00	    527.35	    419.73	      3.47	      2.74	     60.72	     48.03	15.77	 1.673e-04	      4.68	0	Gaussian	320.828324	32.564016
211	1	  0.001461	  0.001305	     -1.00	    109.68	    519.64	      3.04	      2.84	     53.17	     49.70	38.90	 8.378e-05	      4.68	0	Gaussian	322.864641	31.767950
212	1	  0.001465	  0.001359	     -1.00	    578.85	    662.86	      3.43	      2.57	     60.07	     44.93	10.43	 1.315e-04	      4.68	0	Gaussian	320.286049	31.529778
213	1	  0.001460	  0.001153	     -1.00	    117.14	    145.21	      3.47	      2.97	     60.79	     51.93	9.33	 4.199e-05	      4.69	0	Gaussian	323.306029	33.415727
214	1	  0.001509	  0.001277	     -1.00	    333.16	    353.06	      3.24	      2.82	     56.75	     49.29	5.74	 1.539e-04	      4.69	0	Gaussian	321.920593	32.694795
215	1	  0.001466	  0.001501	     -1.00	    639.13	    625.51	      3.23	      2.53	     56.50	     44.27	18.62	 7.116e-05	      4.69	0	Gaussian	320.014103	31.741753
216	1	  0.001456	  0.001595	     -1.00	     67.64	    588.98	      2.77	      2.64	     48.40	     46.20	-9.41	 7.693e-05	      4.69	0	Gaussian	322.991080	31.428610
217	1	  0.001462	  0.001221	     -1.00	    499.80	    288.31	      3.56	      2.83	     62.33	     49.55	11.32	 3.895e-05	      4.70	0	Gaussian	321.126108	33.124103
218	1	  0.001494	  0.001179	     -1.00	    102.08	    402.87	      3.43	      2.84	     60.12	     49.78	53.28	 5.634e-05	      4.71	0	Gaussian	323.050973	32.271482
219	1	  0.001444	  0.001189	     -1.00	    702.62	    615.79	      3.46	      2.93	     60.58	     51.27	16.13	 4.085e-05	      4.72	0	Gaussian	319.693596	31.833717
220	1	  0.001456	  0.001178	     -1.00	    482.33	    656.73	      3.39	      2.97	     59.42	     51.95	26.34	 7.351e-05	      4.73	0	Gaussian	320.791628	31.480508
221	1	  0.001499	  0.001285	     -1.00	    173.54	    392.91	      3.28	      2.50	     57.35	     43.69	-26.69	 9.989e-05	      4.73	0	Gaussian	322.696871	32.379137
222	1	  0.001543	  0.001436	     -1.00	    725.72	    560.52	      3.17	      2.58	     55.43	     45.08	16.56	 3.486e-04	      4.74	0	Gaussian	319.632022	32.096727
223	1	  0.001472	  0.001111	     -1.00	    655.60	    437.84	      3.65	      2.93	     63.83	     51.29	9.70	 9.033e-05	      4.74	0	Gaussian	320.134560	32.587342
224	1	  0.001480	  0.001209	     -1.00	    724.10	    609.32	      3.54	      2.64	     61.95	     46.12	10.99	 7.001e-05	      4.75	0	Gaussian	319.588233	31.878761
225	1	  0.001462	  0.001236	     -1.00	    371.53	    457.16	      3.55	      2.44	     62.21	     42.64	-5.55	 4.741e-05	      4.75	0	Gaussian	321.596045	32.268547
226	1	  0.001499	  0.001179	     -1.00	     65.70	    356.43	      3.37	      2.92	     59.05	     51.18	20.95	 1.062e-04	      4.75	0	Gaussian	323.296760	32.441641
227	1	  0.001509	  0.001275	     -1.00	    510.99	     76.51	      3.36	      2.58	     58.82	     45.20	2.61	 1.089e-04	      4.76	0	Gaussian	321.319477	34.076248
228	1	  0.001468	  0.001122	     -1.00	    243.53	    114.51	      3.37	      3.02	     58.93	     52.78	25.61	 8.547e-05	      4.76	0	Gaussian	322.686263	33.668248
229	1	  0.001489	  0.001403	     -1.00	    764.63	    709.07	      3.16	      2.41	     55.40	     42.21	8.56	 8.731e-05	      4.76	0	Gaussian	319.271350	31.466832
230	1	  0.001526	  0.001372	     -1.00	    676.67	    461.24	      3.17	      2.63	     55.44	     46.01	13.69	 1.671e-04	      4.76	0	Gaussian	319.997762	32.499952
231	1	  0.001437	  0.001311	     -1.00	    103.36	    610.75	      3.40	      2.58	     59.52	     45.10	16.21	 7.460e-05	      4.77	0	Gaussian	322.783077	31.365092
232	1	  0.001485	  0.001229	     -1.00	    149.32	     29.63	      3.32	      2.80	     58.11	     49.02	13.26	 8.293e-05	      4.77	0	Gaussian	323.290127	33.955143
233	1	  0.001455	  0.001092	     -1.00	    378.28	    436.54	      3.60	      2.88	     63.02	     50.38	22.63	 4.222e-05	      4.77	0	Gaussian	321.585645	32.365199
234	1	  0.001459	  0.001132	     -1.00	    352.21	    104.42	      3.53	      2.90	     61.80	     50.70	8.90	 3.542e-05	      4.77	0	Gaussian	322.127418	33.811596
235	1	  0.001486	  0.001227	     -1.00	    244.41	     54.70	      3.36	      2.73	     58.82	     47.77	18.42	 9.279e-05	      4.78	0	Gaussian	322.758440	33.933467
236	1	  0.001460	  0.001308	     -1.00	    244.88	    485.57	      3.01	      2.68	     52.75	     46.95	40.03	 7.291e-05	      4.78	0	Gaussian	322.215324	32.035245
237	1	  0.001457	  0.001030	     -1.00	    111.89	    247.84	      3.58	      2.98	     62.61	     52.23	8.55	 5.176e-05	      4.78	0	Gaussian	323.199549	32.959870
238	1	  0.001483	  0.001115	     -1.00	    187.46	    388.39	      3.31	      3.01	     57.97	     52.76	1.13	 9.089e-05	      4.78	0	Gaussian	322.630872	32.411358
239	1	  0.001480	  0.001031	     -1.00	    628.47	    261.50	      3.62	      3.02	     63.32	     52.88	16.71	 5.543e-05	      4.79	0	Gaussian	320.476866	33.350724
240	1	  0.001450	  0.000889	     -1.00	    667.72	    243.40	      3.81	      3.32	     66.70	     58.02	28.15	 5.064e-05	      4.79	0	Gaussian	320.288792	33.463741
241	1	  0.001463	  0.001036	     -1.00	    214.74	    141.69	      3.53	      3.06	     61.84	     53.53	21.50	 4.579e-05	      4.81	0	Gaussian	322.802118	33.521753
242	1	  0.001467	  0.001264	     -1.00	    439.33	    619.65	      3.34	      2.59	     58.52	     45.40	16.94	 7.800e-05	      4.81	0	Gaussian	321.055563	31.609076
243	1	  0.001499	  0.001218	     -1.00	    242.42	    400.39	      3.26	      2.73	     57.15	     47.74	16.80	 1.206e-04	      4.81	0	Gaussian	322.332675	32.407196
244	1	  0.001463	  0.001126	     -1.00	    400.09	    500.41	      3.71	      2.46	     65.01	     43.08	14.15	 4.674e-05	      4.82	0	Gaussian	321.396919	32.101896
245	1	  0.001450	  0.001105	     -1.00	    753.92	    529.22	      3.63	      2.71	     63.51	     47.37	9.90	 4.383e-05	      4.83	0	Gaussian	319.517419	32.257529
246	1	  0.001524	  0.001203	     -1.00	    413.66	    272.26	      3.25	      2.75	     56.84	     48.18	12.82	 1.203e-04	      4.83	0	Gaussian	321.598022	33.121727
247	1	  0.001503	  0.001060	     -1.00	     88.13	    375.00	      3.20	      2.92	     56.08	     51.19	5.81	 9.363e-05	      4.83	0	Gaussian	323.157965	32.380808
248	1	  0.001478	  0.001022	     -1.00	    218.29	    373.30	      3.54	      2.98	     61.96	     52.23	6.08	 5.848e-05	      4.83	0	Gaussian	322.490811	32.504978
249	1	  0.001455	  0.001105	     -1.00	    550.87	     65.17	      3.36	      2.78	     58.85	     48.70	11.38	 4.279e-05	      4.84	0	Gaussian	321.120177	34.161443
250	1	  0.001462	  0.000968	     -1.00	    398.36	     39.99	      3.48	      3.12	     60.95	     54.70	6.86	 8.273e-05	      4.84	0	Gaussian	321.963573	34.139202
251	1	  0.001469	  0.000883	     -1.00	    182.90	    412.84	      3.74	      3.10	     65.54	     54.20	19.81	 4.971e-05	      4.85	0	Gaussian	322.623742	32.300074
252	1	  0.001475	  0.000968	     -1.00	     36.75	    131.78	      3.54	      3.13	     62.04	     54.86	25.56	 8.607e-05	      4.85	0	Gaussian	323.740470	33.398783
253	1	  0.001481	  0.000833	     -1.00	    396.27	    303.98	      4.24	      2.76	     74.15	     48.24	11.08	 8.781e-05	      4.85	0	Gaussian	321.650850	32.966252
254	1	  0.001463	  0.000807	     -1.00	    341.51	    396.67	      4.23	      2.93	     74.03	     51.27	-0.60	 3.701e-05	      4.86	0	Gaussian	321.824288	32.509640
255	1	  0.001486	  0.001023	     -1.00	    452.38	    136.77	      3.58	      2.87	     62.65	     50.23	13.71	 1.442e-04	      4.86	0	Gaussian	321.557943	33.756741
256	1	  0.001498	  0.000778	     -1.00	    646.19	    329.30	      4.80	      2.78	     84.07	     48.67	-24.16	 1.852e-04	      4.86	0	Gaussian	320.305813	33.062950
257	1	  0.001539	  0.001345	     -1.00	    443.37	    570.59	      2.97	      2.54	     51.94	     44.44	20.76	 1.695e-04	      4.87	0	Gaussian	321.091235	31.828390
258	1	  0.001457	  0.000957	     -1.00	    706.68	    143.74	      3.75	      2.96	     65.60	     51.81	13.73	 3.304e-05	      4.87	0	Gaussian	320.193824	33.941482
259	1	  0.001480	  0.000746	     -1.00	    612.08	    399.95	      4.12	      3.00	     72.18	     52.58	56.53	 6.628e-05	      4.87	0	Gaussian	320.406053	32.720898
260	1	  0.001511	  0.001268	     -1.00	    272.73	    441.77	      2.99	      2.65	     52.39	     46.44	15.47	 2.082e-04	      4.88	0	Gaussian	322.125441	32.251723
261	1	  0.001471	  0.000991	     -1.00	    539.45	    370.76	      3.65	      2.81	     63.83	     49.24	13.89	 9.716e-05	      4.89	0	Gaussian	320.821332	32.791191
262	1	  0.001471	  0.001035	     -1.00	    441.98	    434.54	      3.45	      2.81	     60.36	     49.10	13.67	 4.372e-05	      4.89	0	Gaussian	321.256820	32.427682
263	1	  0.001477	  0.001023	     -1.00	    557.05	     77.85	      3.39	      2.89	     59.35	     50.51	4.85	 4.379e-05	      4.90	0	Gaussian	321.071948	34.110172
264	1	  0.001467	  0.000756	     -1.00	    199.01	    127.21	      4.53	      2.68	     79.25	     46.94	2.27	 5.868e-05	      4.90	0	Gaussian	322.902904	33.571181
265	1	  0.001467	  0.001025	     -1.00	    679.57	    599.42	      3.57	      2.76	     62.40	     48.31	18.71	 8.112e-05	      4.91	0	Gaussian	319.831587	31.888606
266	1	  0.001448	  0.000951	     -1.00	    369.11	    332.77	      3.58	      2.94	     62.74	     51.42	7.62	 3.677e-05	      4.91	0	Gaussian	321.757963	32.815497
267	1	  0.001457	  0.000976	     -1.00	    486.85	     46.15	      3.53	      2.89	     61.86	     50.67	9.15	 5.115e-05	      4.91	0	Gaussian	321.485043	34.190476
268	1	  0.001473	  0.000838	     -1.00	    322.66	    374.72	      3.80	      3.14	     66.54	     54.94	24.57	 5.440e-05	      4.92	0	Gaussian	321.948751	32.590131
269	1	  0.001487	  0.001237	     -1.00	    550.23	    608.45	      3.08	      2.57	     53.85	     45.06	15.56	 8.050e-05	      4.92	0	Gaussian	320.494819	31.747473
270	1	  0.001483	  0.000629	     -1.00	    149.84	     64.03	      4.27	      3.43	     74.72	     59.98	42.06	 8.355e-05	      4.92	0	Gaussian	323.242084	33.803908
271	1	  0.001566	  0.001199	     -1.00	    506.93	     87.44	      3.07	      2.49	     53.65	     43.60	5.35	 5.823e-04	      4.93	0	Gaussian	321.327882	34.023977
272	1	  0.001452	  0.000898	     -1.00	    741.68	      6.67	      3.66	      3.03	     64.05	     53.08	-0.04	 2.704e-05	      4.93	0	Gaussian	320.161671	34.585522
273	1	  0.001442	  0.000412	     -1.00	    262.88	    583.06	      8.00	      2.89	    140.03	     50.51	10.08	 6.643e-05	      4.94	0	Gaussian	322.004831	31.623213
274	1	  0.001510	  0.000859	     -1.00	    704.84	     77.78	      3.61	      2.96	     63.11	     51.79	14.22	 1.150e-04	      4.94	0	Gaussian	320.279057	34.235578
275	1	  0.001463	  0.000951	     -1.00	    366.44	    174.35	      3.77	      2.84	     66.04	     49.75	8.51	 5.474e-05	      4.94	0	Gaussian	321.965591	33.514250
276	1	  0.001469	  0.000916	     -1.00	    616.16	    592.01	      3.57	      2.94	     62.43	     51.46	14.09	 8.658e-05	      4.95	0	Gaussian	320.170410	31.872172
277	1	  0.001459	  0.000892	     -1.00	    257.56	     72.78	      3.60	      3.04	     62.94	     53.27	12.52	 4.120e-05	      4.96	0	Gaussian	322.666041	33.865648
278	1	  0.001463	  0.000704	     -1.00	    612.29	    337.37	      4.46	      2.99	     78.15	     52.33	12.71	 4.502e-05	      4.96	0	Gaussian	320.475937	32.999420
279	1	  0.001448	  0.000943	     -1.00	    182.08	    216.37	      3.49	      2.84	     61.16	     49.71	6.68	 3.340e-05	      4.97	0	Gaussian	322.876524	33.162673
280	1	  0.001476	  0.000871	     -1.00	    465.26	    393.87	      3.52	      2.99	     61.53	     52.36	5.94	 5.264e-05	      4.97	0	Gaussian	321.183146	32.627008
281	1	  0.001504	  0.000997	     -1.00	    334.19	     74.21	      3.35	      2.70	     58.56	     47.31	5.93	 1.837e-04	      4.97	0	Gaussian	322.260447	33.929358
282	1	  0.001472	  0.000933	     -1.00	    782.59	    239.31	      3.59	      2.83	     62.83	     49.56	8.91	 6.357e-05	      4.97	0	Gaussian	319.679838	33.574609
283	1	  0.001447	  0.000999	     -1.00	    601.53	    587.43	      3.33	      2.81	     58.29	     49.17	17.24	 6.363e-05	      4.98	0	Gaussian	320.251655	31.880933
284	1	  0.001458	  0.000761	     -1.00	    270.49	    117.74	      3.48	      3.46	     60.87	     60.53	-8.79	 5.786e-05	      4.98	0	Gaussian	322.540747	33.678627
285	1	  0.001497	  0.001240	     -1.00	    543.88	    694.19	      2.88	      2.43	     50.40	     42.48	16.05	 1.043e-04	      4.98	0	Gaussian	320.432181	31.364235
286	1	  0.001455	  0.001150	     -1.00	    699.09	    637.16	      2.84	      2.47	     49.73	     43.17	22.75	 6.270e-05	      4.99	0	Gaussian	319.689071	31.736243
287	1	  0.001464	  0.000774	     -1.00	    784.67	     71.79	      3.72	      3.07	     65.13	     53.73	-6.82	 7.554e-05	      4.99	0	Gaussian	319.854942	34.328228
288	1	  0.001494	  0.000950	     -1.00	    773.26	     88.37	      3.48	      2.71	     60.87	     47.40	1.88	 6.726e-05	      4.99	0	Gaussian	319.897970	34.244401
289	1	  0.001479	  0.001201	     -1.00	    583.13	    672.11	      3.12	      2.29	     54.64	     40.11	-1.78	 1.582e-04	      4.99	0	Gaussian	320.253707	31.492299
290	1	  0.001448	  0.000523	     -1.00	    618.27	    204.74	      5.63	      3.00	     98.50	     52.59	36.37	 3.060e-05	      4.99	0	Gaussian	320.596384	33.595550
291	1	  0.001481	  0.001260	     -1.00	    150.99	    578.71	      3.03	      2.33	     53.00	     40.84	7.84	 7.319e-05	      4.99	0	Gaussian	322.580959	31.546235
292	1	  0.001485	  0.000592	     -1.00	    699.43	    466.44	      5.14	      2.64	     89.88	     46.24	-8.41	 7.687e-05	      5.00	0	Gaussian	319.872236	32.494717
293	1	  0.001476	  0.000999	     -1.00	    453.15	    341.43	      3.45	      2.58	     60.47	     45.14	7.11	 6.381e-05	      5.00	0	Gaussian	321.308280	32.849038
294	1	  0.001466	  0.000916	     -1.00	    111.58	     18.69	      3.47	      2.90	     60.67	     50.77	16.52	 4.494e-05	      5.01	0	Gaussian	323.502086	33.967469
295	1	  0.001453	  0.000938	     -1.00	    112.60	    486.18	      3.41	      2.50	     59.77	     43.73	2.02	 6.393e-05	      5.01	0	Gaussian	322.891777	31.916649
296	1	  0.001460	  0.000883	     -1.00	    301.59	     17.12	      3.56	      2.93	     62.36	     51.28	8.27	 6.508e-05	      5.02	0	Gaussian	322.505177	34.152745
297	1	  0.001432	  0.000799	     -1.00	    207.84	    510.98	      3.77	      3.01	     65.95	     52.70	9.82	 6.056e-05	      5.02	0	Gaussian	322.374220	31.891769
298	1	  0.001447	  0.000907	     -1.00	    337.74	    242.28	      3.54	      2.86	     61.90	     50.02	2.36	 3.102e-05	      5.02	0	Gaussian	322.032397	33.188171
299	1	  0.001545	  0.001278	     -1.00	    761.92	    750.43	      3.11	      2.31	     54.41	     40.44	3.49	 1.437e-04	      5.03	0	Gaussian	319.242431	31.281615
300	1	  0.001492	  0.000457	     -1.00	    773.90	     40.87	      6.73	      2.75	    117.84	     48.07	3.68	 1.812e-04	      5.04	0	Gaussian	319.948132	34.458418
301	1	  0.001458	  0.000969	     -1.00	    728.79	    656.00	      3.32	      2.77	     58.08	     48.41	-10.92	 4.515e-05	      5.04	0	Gaussian	319.514067	31.675264
302	1	  0.001564	  0.001218	     -1.00	    135.44	    488.22	      3.15	      2.31	     55.21	     40.43	11.78	 3.331e-04	      5.04	0	Gaussian	322.772643	31.927949
303	1	  0.001460	  0.000520	     -1.00	    445.71	    505.71	      5.49	      2.79	     96.04	     48.89	-14.66	 8.452e-05	      5.05	0	Gaussian	321.154253	32.116434
304	1	  0.001445	  0.000936	     -1.00	    586.10	    589.64	      3.52	      2.61	     61.58	     45.65	14.06	 5.635e-05	      5.05	0	Gaussian	320.329497	31.859002
305	1	  0.001462	  0.000661	     -1.00	    352.70	    240.95	      3.86	      3.20	     67.64	     56.01	-0.32	 5.149e-05	      5.05	0	Gaussian	321.955716	33.207212
306	1	  0.001479	  0.000556	     -1.00	    774.61	     12.66	      4.64	      3.23	     81.26	     56.52	4.52	 1.067e-04	      5.05	0	Gaussian	319.976268	34.585869
307	1	  0.001468	  0.000714	     -1.00	    203.63	    262.14	      3.75	      3.29	     65.58	     57.61	1.04	 5.703e-05	      5.06	0	Gaussian	322.706348	32.980776
308	1	  0.001463	  0.000822	     -1.00	    689.85	    431.69	      3.72	      2.73	     65.12	     47.77	2.54	 4.447e-05	      5.06	0	Gaussian	319.960864	32.641842
309	1	  0.001447	  0.000872	     -1.00	    206.20	    528.80	      3.46	      2.93	     60.60	     51.20	8.04	 7.561e-05	      5.06	0	Gaussian	322.360730	31.812305
310	1	  0.001476	  0.000869	     -1.00	    600.25	     97.23	      3.50	      2.94	     61.29	     51.38	9.03	 6.946e-05	      5.06	0	Gaussian	320.817977	34.060570
311	1	  0.001448	  0.000830	     -1.00	    476.65	    156.89	      3.61	      2.92	     63.18	     51.02	7.17	 3.357e-05	      5.06	0	Gaussian	321.404999	33.688420
312	1	  0.001479	  0.000742	     -1.00	    474.11	    330.78	      3.76	      3.03	     65.77	     52.99	-0.77	 6.610e-05	      5.06	0	Gaussian	321.211031	32.913966
313	1	  0.001465	  0.000808	     -1.00	    309.26	    391.10	      3.67	      2.78	     64.28	     48.68	31.17	 5.975e-05	      5.06	0	Gaussian	321.998349	32.506341
314	1	  0.001457	  0.000535	     -1.00	    530.78	    461.04	      4.98	      3.12	     87.21	     54.68	16.72	 5.893e-05	      5.06	0	Gaussian	320.762942	32.383781
315	1	  0.001458	  0.000913	     -1.00	    106.73	    194.57	      3.31	      2.85	     57.93	     49.81	16.76	 3.256e-05	      5.07	0	Gaussian	323.295488	33.188998
316	1	  0.001448	  0.000869	     -1.00	    429.83	    126.51	      3.52	      2.73	     61.65	     47.75	8.00	 3.000e-05	      5.07	0	Gaussian	321.689878	33.782566
317	1	  0.001463	  0.000931	     -1.00	    203.41	    291.85	      3.36	      2.58	     58.88	     45.08	34.85	 6.706e-05	      5.08	0	Gaussian	322.669927	32.849821
318	1	  0.001443	  0.000525	     -1.00	    240.26	    269.01	      4.87	      3.16	     85.21	     55.23	4.32	 3.607e-05	      5.08	0	Gaussian	322.507483	32.983495
319	1	  0.001447	  0.000854	     -1.00	    393.64	    126.12	      3.57	      2.85	     62.56	     49.87	9.77	 2.578e-05	      5.08	0	Gaussian	321.881713	33.752323
320	1	  0.001462	  0.000875	     -1.00	    423.18	    375.17	      3.34	      2.80	     58.40	     49.07	8.97	 5.779e-05	      5.09	0	Gaussian	321.424957	32.674314
321	1	  0.001445	  0.000311	     -1.00	    727.91	    217.27	      5.72	      4.58	    100.12	     80.22	79.38	 3.832e-05	      5.09	0	Gaussian	319.997003	33.629528
322	1	  0.001477	  0.000703	     -1.00	    104.28	    206.92	      3.62	      3.01	     63.29	     52.65	13.14	 5.184e-05	      5.10	0	Gaussian	323.292079	33.132489
323	1	  0.001514	  0.001014	     -1.00	     25.52	    398.41	      2.82	      2.60	     49.32	     45.53	31.81	 1.330e-04	      5.10	0	Gaussian	323.447816	32.221448
324	1	  0.001456	  0.000395	     -1.00	    272.87	     19.54	      5.47	      3.35	     95.76	     58.68	45.14	 4.540e-05	      5.11	0	Gaussian	322.653760	34.115485
325	1	  0.001473	  0.000500	     -1.00	    487.42	    239.93	      5.39	      2.98	     94.40	     52.18	28.59	 7.014e-05	      5.11	0	Gaussian	321.248658	33.328485
326	1	  0.001471	  0.000875	     -1.00	    417.43	    190.39	      3.52	      2.77	     61.58	     48.56	15.39	 6.524e-05	      5.11	0	Gaussian	321.677396	33.488000
327	1	  0.001450	  0.000831	     -1.00	    545.52	     13.63	      3.63	      2.83	     63.58	     49.47	0.70	 5.267e-05	      5.11	0	Gaussian	321.210727	34.387029
328	1	  0.001417	  0.000458	     -1.00	     20.83	    421.01	      3.98	      3.97	     69.70	     69.53	60.10	 2.229e-04	      5.12	0	Gaussian	323.442454	32.118580
329	1	  0.001461	  0.000962	     -1.00	     15.36	    267.26	      2.94	      2.70	     51.37	     47.23	30.26	 4.819e-05	      5.12	0	Gaussian	323.671063	32.785083
330	1	  0.001480	  0.000815	     -1.00	    214.56	    299.05	      3.59	      2.85	     62.81	     49.81	8.65	 6.918e-05	      5.12	0	Gaussian	322.603060	32.828175
331	1	  0.001449	  0.001019	     -1.00	    249.65	    541.36	      3.26	      2.47	     57.03	     43.22	14.32	 6.659e-05	      5.12	0	Gaussian	322.122929	31.794683
332	1	  0.001451	  0.000776	     -1.00	    771.94	    301.75	      3.52	      2.97	     61.64	     51.92	-0.01	 3.224e-05	      5.12	0	Gaussian	319.668183	33.286608
333	1	  0.001466	  0.000834	     -1.00	     51.05	    325.29	      3.41	      2.82	     59.62	     49.43	8.59	 5.440e-05	      5.13	0	Gaussian	323.412121	32.564375
334	1	  0.001439	  0.000769	     -1.00	    580.98	    245.70	      3.75	      2.86	     65.57	     50.06	1.81	 2.342e-05	      5.14	0	Gaussian	320.747019	33.381787
335	1	  0.001445	  0.000832	     -1.00	    621.18	    172.39	      3.48	      2.75	     60.91	     48.19	0.71	 2.785e-05	      5.14	0	Gaussian	320.618301	33.742391
336	1	  0.001473	  0.000853	     -1.00	    198.62	     88.65	      3.21	      2.89	     56.12	     50.53	22.43	 7.635e-05	      5.15	0	Gaussian	322.954835	33.740963
337	1	  0.001472	  0.000780	     -1.00	     18.97	    306.70	      3.28	      2.97	     57.41	     51.96	1.60	 6.945e-05	      5.16	0	Gaussian	323.600714	32.616000
338	1	  0.001443	  0.000810	     -1.00	    258.25	    308.13	      3.55	      2.87	     62.14	     50.19	7.07	 2.954e-05	      5.16	0	Gaussian	322.365131	32.827163
339	1	  0.001476	  0.000976	     -1.00	    102.70	     69.43	      2.86	      2.46	     50.10	     43.06	32.93	 5.641e-05	      5.16	0	Gaussian	323.481014	33.735516
340	1	  0.001426	  0.000801	     -1.00	    392.02	    593.91	      3.49	      2.86	     61.15	     49.99	19.88	 5.020e-05	      5.16	0	Gaussian	321.329094	31.683580
341	1	  0.001463	  0.000773	     -1.00	    603.23	     27.64	      3.63	      2.77	     63.46	     48.40	4.16	 3.939e-05	      5.16	0	Gaussian	320.884230	34.374364
342	1	  0.001463	  0.000841	     -1.00	    243.90	     89.45	      3.39	      2.74	     59.29	     47.97	3.66	 4.463e-05	      5.16	0	Gaussian	322.716416	33.779335
343	1	  0.001456	  0.000598	     -1.00	    576.10	    116.81	      3.90	      3.23	     68.29	     56.51	24.76	 5.065e-05	      5.16	0	Gaussian	320.923935	33.952543
344	1	  0.001461	  0.000366	     -1.00	    520.31	    270.46	      6.32	      3.09	    110.67	     54.07	62.10	 5.904e-05	      5.16	0	Gaussian	321.039001	33.220730
345	1	  0.001468	  0.000777	     -1.00	    699.29	     10.74	      3.50	      2.83	     61.19	     49.45	5.89	 5.034e-05	      5.17	0	Gaussian	320.386348	34.531750
346	1	  0.001479	  0.000813	     -1.00	    447.61	    162.31	      3.55	      2.81	     62.12	     49.15	4.20	 1.007e-04	      5.17	0	Gaussian	321.552174	33.639038
347	1	  0.001478	  0.000996	     -1.00	    240.90	    621.67	      2.74	      2.54	     47.97	     44.45	84.61	 1.026e-04	      5.17	0	Gaussian	322.070666	31.435585
348	1	  0.001452	  0.000384	     -1.00	    604.48	    203.45	      5.65	      3.19	     98.96	     55.88	55.34	 4.279e-05	      5.17	0	Gaussian	320.671247	33.589777
349	1	  0.001461	  0.000773	     -1.00	    544.81	    398.05	      3.65	      2.73	     63.89	     47.85	6.21	 3.852e-05	      5.17	0	Gaussian	320.761755	32.674512
350	1	  0.001459	  0.000723	     -1.00	    612.80	    310.88	      3.64	      2.87	     63.69	     50.25	2.24	 6.490e-05	      5.18	0	Gaussian	320.503440	33.117795
351	1	  0.001463	  0.000773	     -1.00	    650.12	    213.56	      3.59	      2.78	     62.87	     48.66	1.75	 4.935e-05	      5.18	0	Gaussian	320.416605	33.582531
352	1	  0.001472	  0.000679	     -1.00	    538.19	    382.93	      3.69	      3.03	     64.53	     52.97	-0.73	 7.795e-05	      5.18	0	Gaussian	320.813894	32.736155
353	1	  0.001457	  0.000696	     -1.00	    749.24	    417.36	      3.85	      2.80	     67.39	     49.01	15.11	 4.522e-05	      5.18	0	Gaussian	319.662715	32.752284
354	1	  0.001455	  0.000506	     -1.00	    519.55	     50.11	      3.77	      3.72	     65.96	     65.11	-45.91	 4.315e-05	      5.18	0	Gaussian	321.305670	34.201482
355	1	  0.001453	  0.000749	     -1.00	    532.67	     97.46	      3.77	      2.89	     65.93	     50.50	9.00	 3.454e-05	      5.19	0	Gaussian	321.178656	34.001602
356	1	  0.001511	  0.000797	     -1.00	    450.77	    187.47	      3.45	      2.82	     60.30	     49.43	5.49	 1.536e-04	      5.19	0	Gaussian	321.505008	33.530028
357	1	  0.001463	  0.000768	     -1.00	    776.48	    318.21	      3.58	      2.84	     62.75	     49.76	8.06	 4.264e-05	      5.20	0	Gaussian	319.625958	33.216529
358	1	  0.001472	  0.000762	     -1.00	    402.33	    237.59	      3.61	      2.81	     63.15	     49.23	19.83	 6.597e-05	      5.20	0	Gaussian	321.699468	33.265519
359	1	  0.001463	  0.000978	     -1.00	    742.43	    764.03	      3.43	      2.41	     59.98	     42.21	10.19	 2.893e-04	      5.20	0	Gaussian	319.329506	31.207064
360	1	  0.001487	  0.000856	     -1.00	    163.18	    477.09	      3.28	      2.59	     57.38	     45.32	-8.93	 1.438e-04	      5.21	0	Gaussian	322.644719	32.001099
361	1	  0.001455	  0.000764	     -1.00	    723.09	    627.79	      3.36	      2.87	     58.87	     50.17	15.18	 4.297e-05	      5.22	0	Gaussian	319.573803	31.796083
362	1	  0.001469	  0.000776	     -1.00	    278.23	    129.38	      3.33	      2.90	     58.20	     50.81	22.00	 5.549e-05	      5.22	0	Gaussian	322.485347	33.634185
363	1	  0.001475	  0.000733	     -1.00	     93.90	    353.06	      3.43	      2.59	     59.96	     45.35	43.79	 5.553e-05	      5.23	0	Gaussian	323.156523	32.482098
364	1	  0.001498	  0.001030	     -1.00	    376.77	    639.33	      2.67	      2.51	     46.71	     43.98	53.11	 1.162e-04	      5.23	0	Gaussian	321.354602	31.471481
365	1	  0.001461	  0.000789	     -1.00	    785.88	    292.27	      3.37	      2.68	     59.06	     46.88	7.41	 4.116e-05	      5.24	0	Gaussian	319.604160	33.339992
366	1	  0.001481	  0.000717	     -1.00	    388.25	     39.25	      3.71	      2.58	     64.87	     45.10	2.24	 1.122e-04	      5.25	0	Gaussian	322.018145	34.133374
367	1	  0.001496	  0.000799	     -1.00	    326.36	     57.57	      3.36	      2.76	     58.80	     48.39	21.80	 1.952e-04	      5.25	0	Gaussian	322.322817	33.996013
368	1	  0.001498	  0.000790	     -1.00	    395.46	    327.59	      3.25	      2.84	     56.93	     49.67	-10.70	 9.338e-05	      5.25	0	Gaussian	321.626615	32.861092
369	1	  0.001493	  0.000658	     -1.00	    133.31	    178.71	      3.55	      2.96	     62.06	     51.88	10.88	 9.795e-05	      5.25	0	Gaussian	323.178328	33.283458
370	1	  0.001450	  0.000826	     -1.00	     85.46	    576.54	      3.19	      2.69	     55.84	     47.15	26.26	 7.112e-05	      5.25	0	Gaussian	322.916409	31.498441
371	1	  0.001489	  0.000778	     -1.00	    552.88	    470.36	      3.55	      2.61	     62.12	     45.61	8.26	 1.006e-04	      5.25	0	Gaussian	320.636792	32.360489
372	1	  0.001444	  0.000761	     -1.00	    480.59	    298.47	      3.54	      2.73	     61.95	     47.75	7.99	 2.495e-05	      5.26	0	Gaussian	321.215200	33.062762
373	1	  0.001450	  0.000691	     -1.00	    186.60	    571.48	      3.63	      2.90	     63.48	     50.70	27.31	 8.122e-05	      5.26	0	Gaussian	322.408499	31.608625
374	1	  0.001550	  0.000913	     -1.00	    317.22	    290.02	      2.58	      2.56	     45.07	     44.82	10.50	 3.202e-04	      5.27	0	Gaussian	322.080764	32.959120
375	1	  0.001454	  0.000312	     -1.00	    162.92	    307.66	      5.31	      4.18	     92.99	     73.15	77.63	 5.340e-05	      5.27	0	Gaussian	322.859271	32.743817
376	1	  0.001444	  0.000783	     -1.00	    647.86	    509.83	      3.40	      2.62	     59.54	     45.78	0.56	 3.301e-05	      5.27	0	Gaussian	320.095418	32.261339
377	1	  0.001493	  0.000847	     -1.00	     47.58	    399.47	      2.87	      2.56	     50.31	     44.86	32.76	 9.478e-05	      5.28	0	Gaussian	323.333916	32.236982
378	1	  0.001468	  0.000794	     -1.00	    686.77	    515.08	      2.84	      2.82	     49.72	     49.34	-68.49	 7.193e-05	      5.28	0	Gaussian	319.885586	32.268514
379	1	  0.001469	  0.000461	     -1.00	    457.47	    104.03	      6.12	      2.65	    107.17	     46.31	47.96	 6.153e-05	      5.29	0	Gaussian	321.570796	33.906854
380	1	  0.001454	  0.000719	     -1.00	    353.75	    547.75	      3.50	      2.73	     61.32	     47.83	6.82	 8.506e-05	      5.29	0	Gaussian	321.580413	31.854761
381	1	  0.001446	  0.000414	     -1.00	    611.71	     40.25	      4.02	      3.67	     70.35	     64.18	-17.30	 3.388e-05	      5.29	0	Gaussian	320.823732	34.325176
382	1	  0.001444	  0.000865	     -1.00	    659.69	    581.46	      3.12	      2.57	     54.56	     44.99	16.93	 5.491e-05	      5.29	0	Gaussian	319.954944	31.952834
383	1	  0.001459	  0.000655	     -1.00	    344.80	    319.40	      3.68	      2.99	     64.38	     52.26	18.24	 4.942e-05	      5.30	0	Gaussian	321.900982	32.853479
384	1	  0.001465	  0.000840	     -1.00	    486.37	    574.72	      3.28	      2.56	     57.43	     44.74	15.16	 7.381e-05	      5.30	0	Gaussian	320.863967	31.845190
385	1	  0.001445	  0.000672	     -1.00	    355.89	    409.31	      3.72	      2.72	     65.06	     47.63	13.99	 3.128e-05	      5.30	0	Gaussian	321.734437	32.466203
386	1	  0.001466	  0.000684	     -1.00	    744.97	    115.50	      3.65	      2.78	     63.91	     48.67	-2.68	 5.895e-05	      5.30	0	Gaussian	320.019964	34.099485
387	1	  0.001474	  0.000788	     -1.00	    202.68	    400.10	      3.11	      2.72	     54.45	     47.57	16.37	 5.525e-05	      5.31	0	Gaussian	322.537866	32.373460
388	1	  0.001453	  0.000851	     -1.00	    510.29	    630.31	      2.89	      2.54	     50.62	     44.50	19.21	 5.838e-05	      5.31	0	Gaussian	320.677141	31.619228
389	1	  0.001458	  0.000300	     -1.00	    513.24	    443.66	      5.15	      4.37	     90.06	     76.42	-89.60	 4.800e-05	      5.31	0	Gaussian	320.874512	32.446398
390	1	  0.001478	  0.000558	     -1.00	    389.81	    224.83	      3.88	      3.00	     67.88	     52.53	-3.89	 9.392e-05	      5.31	0	Gaussian	321.780766	33.311132
391	1	  0.001546	  0.000674	     -1.00	    450.77	    563.95	      3.33	      2.84	     58.30	     49.75	26.38	 1.902e-04	      5.32	0	Gaussian	321.060620	31.863729
392	1	  0.001470	  0.000675	     -1.00	    321.98	    443.17	      3.60	      2.74	     62.93	     47.98	14.66	 7.287e-05	      5.32	0	Gaussian	321.869356	32.287973
393	1	  0.001453	  0.000671	     -1.00	    491.14	    446.06	      3.78	      2.55	     66.08	     44.66	16.48	 4.623e-05	      5.34	0	Gaussian	320.987106	32.417544
394	1	  0.001495	  0.001014	     -1.00	    601.79	    693.51	      2.85	      2.31	     49.84	     40.41	-9.39	 1.071e-04	      5.34	0	Gaussian	320.133641	31.412327
395	1	  0.001482	  0.000676	     -1.00	    393.17	    216.25	      3.42	      2.79	     59.94	     48.90	2.24	 8.908e-05	      5.34	0	Gaussian	321.773585	33.352090
396	1	  0.001493	  0.000675	     -1.00	    701.23	     87.12	      3.86	      2.41	     67.64	     42.19	-6.66	 1.235e-04	      5.35	0	Gaussian	320.287805	34.190722
397	1	  0.001471	  0.000721	     -1.00	     37.86	    121.88	      2.79	      2.78	     48.88	     48.63	24.26	 1.042e-04	      5.35	0	Gaussian	323.747952	33.443269
398	1	  0.001466	  0.000699	     -1.00	    591.24	    348.28	      3.53	      2.62	     61.71	     45.78	9.97	 5.386e-05	      5.35	0	Gaussian	320.574594	32.933686
399	1	  0.001466	  0.000634	     -1.00	    406.62	     68.36	      3.55	      3.00	     62.05	     52.46	-9.36	 6.160e-05	      5.36	0	Gaussian	321.884447	34.020477
400	1	  0.001453	  0.000518	     -1.00	    141.06	    525.02	      3.44	      3.32	     60.22	     58.05	-8.02	 6.583e-05	      5.36	0	Gaussian	322.698044	31.772084
401	1	  0.001472	  0.000781	     -1.00	    517.34	    291.19	      2.90	      2.46	     50.84	     43.12	41.21	 4.591e-05	      5.37	0	Gaussian	321.030291	33.126076
402	1	  0.001452	  0.000571	     -1.00	    560.99	    535.76	      3.81	      2.92	     66.67	     51.18	5.10	 4.941e-05	      5.37	0	Gaussian	320.520497	32.077400
403	1	  0.001471	  0.000929	     -1.00	     23.61	    448.34	      2.62	      2.47	     45.84	     43.18	-6.26	 7.625e-05	      5.38	0	Gaussian	323.393107	32.001912
404	1	  0.001485	  0.000585	     -1.00	    730.26	    189.88	      3.82	      2.66	     66.80	     46.58	28.19	 8.032e-05	      5.38	0	Gaussian	320.015179	33.754059
405	1	  0.001438	  0.000528	     -1.00	    649.22	    239.73	      3.95	      2.92	     69.08	     51.11	-6.87	 3.229e-05	      5.40	0	Gaussian	320.391443	33.464948
406	1	  0.001487	  0.000736	     -1.00	    245.31	    421.36	      2.95	      2.48	     51.65	     43.42	71.25	 9.136e-05	      5.40	0	Gaussian	322.291887	32.317574
407	1	  0.001457	  0.000608	     -1.00	    437.73	    256.78	      3.64	      3.00	     63.64	     52.53	14.75	 3.890e-05	      5.41	0	Gaussian	321.490204	33.211069
408	1	  0.001449	  0.000778	     -1.00	    692.29	    707.20	      2.90	      2.39	     50.74	     41.78	80.61	 7.542e-05	      5.41	0	Gaussian	319.649665	31.420977
409	1	  0.001522	  0.000877	     -1.00	    765.63	    757.71	      2.70	      2.31	     47.20	     40.44	-17.64	 1.581e-04	      5.41	0	Gaussian	319.215552	31.252127
410	1	  0.001457	  0.000447	     -1.00	     10.66	    234.88	      3.72	      3.71	     65.09	     64.89	42.19	 5.395e-05	      5.41	0	Gaussian	323.737934	32.922304
411	1	  0.001460	  0.000811	     -1.00	    280.92	    614.55	      3.14	      2.49	     54.92	     43.56	11.82	 5.709e-05	      5.41	0	Gaussian	321.874836	31.500530
412	1	  0.001453	  0.000576	     -1.00	    334.16	    271.85	      3.71	      2.89	     64.90	     50.57	4.52	 2.464e-05	      5.41	0	Gaussian	322.014709	33.054274
413	1	  0.001455	  0.000694	     -1.00	    386.97	    189.53	      3.39	      2.61	     59.27	     45.73	9.52	 3.767e-05	      5.42	0	Gaussian	321.838899	33.465086
414	1	  0.001463	  0.000695	     -1.00	    756.94	    563.64	      3.46	      2.55	     60.58	     44.61	11.70	 6.544e-05	      5.42	0	Gaussian	319.464820	32.106685
415	1	  0.001466	  0.000617	     -1.00	    576.07	    155.24	      3.66	      2.72	     64.10	     47.62	10.57	 8.110e-05	      5.42	0	Gaussian	320.878809	33.780978
416	1	  0.001445	  0.000696	     -1.00	    407.75	    541.37	      3.00	      2.67	     52.57	     46.73	-16.97	 5.406e-05	      5.43	0	Gaussian	321.309290	31.927790
417	1	  0.001482	  0.000412	     -1.00	    455.45	    288.32	      4.82	      3.19	     84.36	     55.77	-29.81	 1.009e-04	      5.44	0	Gaussian	321.359343	33.086397
418	1	  0.001527	  0.000756	     -1.00	    516.62	    131.86	      3.25	      2.43	     56.80	     42.57	1.07	 3.256e-04	      5.45	0	Gaussian	321.222965	33.834414
419	1	  0.001457	  0.000873	     -1.00	    705.57	    695.59	      2.73	      2.24	     47.71	     39.28	53.64	 7.925e-05	      5.45	0	Gaussian	319.592989	31.482386
420	1	  0.001492	  0.000738	     -1.00	    560.32	    472.45	      3.09	      2.60	     54.02	     45.54	25.82	 1.078e-04	      5.45	0	Gaussian	320.595512	32.357231
421	1	  0.001468	  0.000418	     -1.00	    148.66	    387.14	      3.78	      3.62	     66.17	     63.39	32.12	 9.460e-05	      5.45	0	Gaussian	322.831989	32.382239
422	1	  0.001449	  0.000542	     -1.00	    320.49	    261.22	      3.90	      2.99	     68.33	     52.36	-0.21	 2.826e-05	      5.45	0	Gaussian	322.099181	33.089229
423	1	  0.001452	  0.000629	     -1.00	    222.14	    623.46	      3.56	      2.61	     62.25	     45.70	15.21	 7.181e-05	      5.46	0	Gaussian	322.164141	31.411833
424	1	  0.001468	  0.000646	     -1.00	    376.84	    303.28	      3.33	      2.69	     58.24	     47.09	7.02	 6.019e-05	      5.46	0	Gaussian	321.753296	32.952576
425	1	  0.001453	  0.000719	     -1.00	    259.56	     53.25	      2.94	      2.39	     51.39	     41.79	51.73	 4.302e-05	      5.46	0	Gaussian	322.680562	33.953914
426	1	  0.001446	  0.000556	     -1.00	    380.15	    125.08	      3.70	      2.87	     64.81	     50.21	4.13	 2.961e-05	      5.46	0	Gaussian	321.954280	33.744930
427	1	  0.001442	  0.000621	     -1.00	    132.33	    544.47	      3.91	      2.37	     68.36	     41.49	-0.52	 6.645e-05	      5.46	0	Gaussian	322.718343	31.679468
428	1	  0.001456	  0.000525	     -1.00	    474.49	    533.56	      3.88	      2.73	     67.99	     47.86	42.39	 5.283e-05	      5.47	0	Gaussian	320.972756	32.017144
429	1	  0.001471	  0.000664	     -1.00	    444.93	    331.32	      3.44	      2.54	     60.28	     44.43	2.66	 1.082e-04	      5.47	0	Gaussian	321.363335	32.886860
430	1	  0.001485	  0.000718	     -1.00	    779.43	    716.15	      2.90	      2.40	     50.69	     42.08	47.49	 6.259e-05	      5.47	0	Gaussian	319.186830	31.446381
431	1	  0.001459	  0.000750	     -1.00	    235.82	    455.10	      2.92	      2.57	     51.16	     45.01	23.32	 5.843e-05	      5.47	0	Gaussian	322.299246	32.161113
432	1	  0.001478	  0.000582	     -1.00	     32.00	    339.47	      3.32	      2.95	     58.08	     51.66	0.49	 6.570e-05	      5.48	0	Gaussian	323.491200	32.484805
433	1	  0.001464	  0.000423	     -1.00	    522.66	    330.94	      4.22	      3.06	     73.78	     53.60	28.78	 4.924e-05	      5.48	0	Gaussian	320.955778	32.954007
434	1	  0.001488	  0.000711	     -1.00	    519.64	    508.66	      3.34	      2.53	     58.44	     44.29	0.63	 7.779e-05	      5.48	0	Gaussian	320.766585	32.163958
435	1	  0.001502	  0.000593	     -1.00	    253.88	    207.55	      3.31	      2.90	     57.95	     50.77	2.30	 8.965e-05	      5.48	0	Gaussian	322.513923	33.266765
436	1	  0.001459	  0.000567	     -1.00	    763.41	    230.34	      3.61	      2.96	     63.16	     51.81	12.24	 4.145e-05	      5.48	0	Gaussian	319.792457	33.599532
437	1	  0.001456	  0.000411	     -1.00	    631.02	    190.39	      4.16	      3.18	     72.81	     55.71	10.69	 4.645e-05	      5.52	0	Gaussian	320.545018	33.670193
438	1	  0.001496	  0.000754	     -1.00	    458.99	    562.39	      3.07	      2.37	     53.76	     41.40	6.97	 1.244e-04	      5.52	0	Gaussian	321.019879	31.877290
439	1	  0.001474	  0.000490	     -1.00	    668.03	    385.30	      4.02	      2.66	     70.35	     46.64	-15.78	 6.539e-05	      5.53	0	Gaussian	320.127496	32.831085
440	1	  0.001503	  0.000561	     -1.00	    754.71	    160.49	      3.58	      2.61	     62.70	     45.71	0.77	 8.735e-05	      5.53	0	Gaussian	319.916966	33.905592
441	1	  0.001467	  0.000741	     -1.00	     71.67	    466.97	      2.83	      2.32	     49.46	     40.53	71.53	 7.444e-05	      5.54	0	Gaussian	323.124666	31.964023
442	1	  0.001455	  0.000725	     -1.00	    240.49	    504.55	      2.70	      2.46	     47.18	     43.11	57.84	 6.983e-05	      5.54	0	Gaussian	322.214700	31.948192
443	1	  0.001534	  0.000783	     -1.00	    751.26	    758.12	      2.99	      2.24	     52.29	     39.21	8.15	 1.494e-04	      5.54	0	Gaussian	319.289807	31.239744
444	1	  0.001478	  0.000593	     -1.00	    329.09	    623.94	      3.38	      2.73	     59.15	     47.85	9.56	 1.109e-04	      5.54	0	Gaussian	321.617139	31.499630
445	1	  0.001442	  0.000518	     -1.00	    280.15	    285.74	      3.47	      3.03	     60.65	     52.97	14.18	 3.056e-05	      5.54	0	Gaussian	322.279171	32.945291
446	1	  0.001452	  0.000539	     -1.00	    672.50	    100.04	      3.77	      2.86	     66.04	     50.10	1.77	 4.459e-05	      5.54	0	Gaussian	320.427390	34.108885
447	1	  0.001446	  0.000467	     -1.00	    513.78	     33.77	      3.92	      2.89	     68.68	     50.56	2.01	 3.416e-05	      5.54	0	Gaussian	321.356304	34.269362
448	1	  0.001468	  0.000454	     -1.00	    707.30	     30.12	      3.82	      2.98	     66.77	     52.18	-14.15	 8.015e-05	      5.54	0	Gaussian	320.320678	34.451459
449	1	  0.001480	  0.000505	     -1.00	    298.72	    121.27	      4.28	      2.46	     74.92	     43.12	2.21	 7.507e-05	      5.54	0	Gaussian	322.387994	33.688689
450	1	  0.001466	  0.000521	     -1.00	    684.86	    296.89	      3.67	      2.86	     64.25	     50.09	-3.46	 6.010e-05	      5.55	0	Gaussian	320.137238	33.238792
451	1	  0.001458	  0.000604	     -1.00	    377.09	    268.68	      3.48	      2.66	     60.98	     46.63	8.09	 4.120e-05	      5.55	0	Gaussian	321.794032	33.105835
452	1	  0.001443	  0.000529	     -1.00	    671.77	    182.27	      3.61	      3.01	     63.25	     52.75	-10.54	 2.396e-05	      5.55	0	Gaussian	320.336829	33.740257
453	1	  0.001459	  0.000481	     -1.00	    200.47	    539.44	      3.87	      3.21	     67.65	     56.12	-11.78	 1.058e-04	      5.55	0	Gaussian	322.376975	31.760760
454	1	  0.001446	  0.000489	     -1.00	     57.76	    416.77	      3.60	      3.02	     62.99	     52.83	-3.95	 4.072e-05	      5.56	0	Gaussian	323.259698	32.170673
455	1	  0.001460	  0.000580	     -1.00	    112.84	    421.61	      3.27	      2.78	     57.23	     48.60	2.46	 4.326e-05	      5.56	0	Gaussian	322.972082	32.199180
456	1	  0.001496	  0.000605	     -1.00	    721.11	    191.09	      3.22	      2.66	     56.41	     46.64	1.03	 8.151e-05	      5.56	0	Gaussian	320.062842	33.741185
457	1	  0.001444	  0.000720	     -1.00	    403.72	    631.96	      2.86	      2.28	     50.10	     39.83	-69.91	 5.790e-05	      5.56	0	Gaussian	321.224691	31.525892
458	1	  0.001452	  0.000518	     -1.00	    340.15	    147.18	      3.69	      2.81	     64.63	     49.22	19.34	 3.399e-05	      5.57	0	Gaussian	322.137620	33.611242
459	1	  0.001487	  0.000636	     -1.00	     66.77	    152.89	      2.94	      2.39	     51.46	     41.83	85.14	 6.931e-05	      5.57	0	Gaussian	323.557082	33.334615
460	1	  0.001450	  0.000518	     -1.00	    244.80	    141.54	      3.71	      2.72	     64.92	     47.59	5.95	 4.340e-05	      5.57	0	Gaussian	322.645067	33.549967
461	1	  0.001450	  0.000438	     -1.00	    564.49	    448.16	      4.16	      2.87	     72.84	     50.19	0.51	 4.362e-05	      5.58	0	Gaussian	320.601291	32.468309
462	1	  0.001464	  0.000601	     -1.00	    331.65	    107.38	      3.54	      2.65	     61.96	     46.31	3.76	 5.843e-05	      5.58	0	Gaussian	322.232149	33.779985
463	1	  0.001472	  0.000650	     -1.00	    398.82	    485.30	      3.25	      2.55	     56.94	     44.57	9.30	 5.232e-05	      5.60	0	Gaussian	321.421307	32.167480
464	1	  0.001471	  0.000490	     -1.00	    625.09	    489.05	      3.73	      2.80	     65.27	     49.02	15.14	 4.275e-05	      5.60	0	Gaussian	320.237833	32.335578
465	1	  0.001520	  0.000475	     -1.00	    751.83	    749.59	      4.39	      2.26	     76.82	     39.50	6.34	 1.580e-04	      5.60	0	Gaussian	319.295710	31.277913
466	1	  0.001466	  0.000578	     -1.00	    365.49	    386.45	      3.02	      2.43	     52.88	     42.53	32.16	 6.735e-05	      5.60	0	Gaussian	321.712055	32.575318
467	1	  0.001461	  0.000620	     -1.00	    175.31	    100.27	      2.98	      2.32	     52.14	     40.68	65.79	 4.483e-05	      5.60	0	Gaussian	323.061658	33.667992
468	1	  0.001496	  0.000708	     -1.00	    245.55	    104.34	      2.80	      2.10	     49.07	     36.79	67.65	 1.040e-04	      5.61	0	Gaussian	322.688688	33.715058
469	1	  0.001473	  0.000268	     -1.00	    195.43	    316.53	      5.25	      3.21	     91.91	     56.13	-76.21	 7.732e-05	      5.61	0	Gaussian	322.680076	32.734125
470	1	  0.001450	  0.000821	     -1.00	    451.24	    663.66	      2.93	      2.14	     51.36	     37.53	8.26	 7.152e-05	      5.61	0	Gaussian	320.943889	31.425087
471	1	  0.001465	  0.000576	     -1.00	    432.61	    447.09	      3.54	      2.64	     61.91	     46.16	7.42	 5.618e-05	      5.62	0	Gaussian	321.290871	32.364345
472	1	  0.001449	  0.000515	     -1.00	    586.47	     50.49	      3.79	      2.81	     66.30	     49.25	0.53	 4.183e-05	      5.62	0	Gaussian	320.947068	34.257754
473	1	  0.001493	  0.000623	     -1.00	    140.37	    388.44	      2.89	      2.42	     50.52	     42.42	57.38	 9.069e-05	      5.63	0	Gaussian	322.872951	32.369106
474	1	  0.001469	  0.000425	     -1.00	    680.46	    322.83	      4.02	      2.64	     70.36	     46.19	11.99	 5.994e-05	      5.63	0	Gaussian	320.131497	33.119498
475	1	  0.001486	  0.000472	     -1.00	    784.17	     80.85	      3.80	      2.63	     66.56	     46.12	3.77	 1.282e-04	      5.63	0	Gaussian	319.847474	34.287080
476	1	  0.001447	  0.000583	     -1.00	    368.84	    609.56	      3.46	      2.47	     60.48	     43.16	14.87	 4.794e-05	      5.64	0	Gaussian	321.430050	31.595660
477	1	  0.001445	  0.000629	     -1.00	    550.03	    567.41	      3.29	      2.41	     57.60	     42.24	5.53	 4.163e-05	      5.64	0	Gaussian	320.541899	31.928663
478	1	  0.001514	  0.000620	     -1.00	    126.37	     74.15	      2.85	      2.37	     49.96	     41.50	73.70	 1.388e-04	      5.65	0	Gaussian	323.351359	33.737187
479	1	  0.001464	  0.000676	     -1.00	    218.35	    473.90	      2.79	      2.40	     48.87	     42.00	22.65	 5.129e-05	      5.65	0	Gaussian	322.365901	32.063423
480	1	  0.001479	  0.000468	     -1.00	    290.52	    124.76	      3.73	      2.97	     65.35	     51.96	18.69	 7.481e-05	      5.65	0	Gaussian	322.426680	33.665780
481	1	  0.001455	  0.000534	     -1.00	    546.68	    128.40	      3.49	      2.75	     61.09	     48.14	3.05	 5.921e-05	      5.66	0	Gaussian	321.067108	33.875675
482	1	  0.001457	  0.000564	     -1.00	    260.94	    231.45	      3.34	      2.58	     58.45	     45.20	14.02	 4.518e-05	      5.67	0	Gaussian	322.446998	33.167648
483	1	  0.001459	  0.000396	     -1.00	    612.78	    474.25	      4.06	      2.74	     71.04	     47.90	34.66	 4.088e-05	      5.67	0	Gaussian	320.318844	32.391462
484	1	  0.001478	  0.000588	     -1.00	    236.94	    174.56	      3.15	      2.57	     55.16	     45.05	17.87	 4.370e-05	      5.67	0	Gaussian	322.644163	33.396993
485	1	  0.001497	  0.000533	     -1.00	    476.63	    247.80	      3.65	      2.60	     63.91	     45.59	8.75	 1.300e-04	      5.67	0	Gaussian	321.296165	33.284310
486	1	  0.001470	  0.000464	     -1.00	    719.74	    106.73	      3.71	      2.65	     64.95	     46.39	-4.59	 5.262e-05	      5.69	0	Gaussian	320.165747	34.118117
487	1	  0.001464	  0.000380	     -1.00	    300.69	    371.81	      4.10	      2.71	     71.79	     47.51	1.95	 5.531e-05	      5.69	0	Gaussian	322.066324	32.583903
488	1	  0.001455	  0.000451	     -1.00	    776.16	    211.36	      3.77	      2.76	     66.02	     48.28	-0.81	 3.440e-05	      5.69	0	Gaussian	319.745122	33.694780
489	1	  0.001460	  0.000602	     -1.00	    790.50	    538.50	      3.58	      2.49	     62.62	     43.50	1.64	 4.690e-05	      5.69	0	Gaussian	319.314971	32.244042
490	1	  0.001486	  0.000416	     -1.00	    749.22	    167.68	      3.61	      3.02	     63.23	     52.88	5.19	 9.231e-05	      5.70	0	Gaussian	319.938417	33.868922
491	1	  0.001475	  0.000702	     -1.00	    136.46	    448.44	      2.76	      1.96	     48.31	     34.34	43.79	 6.520e-05	      5.70	0	Gaussian	322.817350	32.102882
492	1	  0.001472	  0.000405	     -1.00	    779.33	    523.59	      3.98	      2.58	     69.74	     45.17	-15.01	 5.257e-05	      5.70	0	Gaussian	319.389632	32.301939
493	1	  0.001472	  0.000404	     -1.00	    622.25	    698.25	      4.21	      2.61	     73.77	     45.69	28.72	 8.046e-05	      5.70	0	Gaussian	320.022594	31.407172
494	1	  0.001483	  0.000518	     -1.00	    238.08	    414.21	      3.29	      2.73	     57.55	     47.76	20.14	 1.074e-04	      5.71	0	Gaussian	322.337996	32.342662
495	1	  0.001490	  0.000529	     -1.00	    548.62	    380.14	      2.95	      2.51	     51.63	     43.99	29.04	 1.320e-04	      5.71	0	Gaussian	320.762354	32.757105
496	1	  0.001466	  0.000313	     -1.00	    654.26	    356.22	      5.10	      2.71	     89.23	     47.50	-3.74	 6.115e-05	      5.71	0	Gaussian	320.232794	32.949551
497	1	  0.001472	  0.000523	     -1.00	    568.09	     45.36	      3.50	      2.54	     61.30	     44.40	-1.24	 1.163e-04	      5.71	0	Gaussian	321.051657	34.264860
498	1	  0.001465	  0.000531	     -1.00	    181.56	    284.38	      3.01	      2.38	     52.72	     41.58	43.01	 4.422e-05	      5.71	0	Gaussian	322.792521	32.862998
499	1	  0.001537	  0.000661	     -1.00	    445.02	    512.72	      3.01	      2.24	     52.76	     39.28	3.90	 3.164e-04	      5.73	0	Gaussian	321.149693	32.084916
500	1	  0.001458	  0.000489	     -1.00	    508.88	    275.25	      3.41	      2.75	     59.64	     48.12	8.67	 3.188e-05	      5.73	0	Gaussian	321.093635	33.189764
501	1	  0.001463	  0.000442	     -1.00	    429.35	    281.01	      3.63	      2.85	     63.55	     49.87	13.69	 4.281e-05	      5.73	0	Gaussian	321.505129	33.096464
502	1	  0.001464	  0.000640	     -1.00	    731.63	    679.97	      2.67	      2.56	     46.67	     44.73	67.98	 5.670e-05	      5.74	0	Gaussian	319.473861	31.571166
503	1	  0.001465	  0.000401	     -1.00	    618.00	     12.09	      3.90	      2.86	     68.20	     50.05	7.00	 4.328e-05	      5.74	0	Gaussian	320.823247	34.456636
504	1	  0.001475	  0.000651	     -1.00	    372.24	    659.30	      2.76	      2.21	     48.37	     38.64	67.24	 9.404e-05	      5.75	0	Gaussian	321.354621	31.380109
505	1	  0.001469	  0.000634	     -1.00	    443.43	    607.89	      2.78	      2.27	     48.59	     39.71	5.74	 7.790e-05	      5.75	0	Gaussian	321.047968	31.664166
506	1	  0.001474	  0.000445	     -1.00	    427.21	    298.62	      3.79	      2.46	     66.38	     43.14	10.12	 6.443e-05	      5.75	0	Gaussian	321.495243	33.016594
507	1	  0.001463	  0.000448	     -1.00	    266.18	    522.87	      3.55	      2.84	     62.22	     49.76	11.57	 8.136e-05	      5.76	0	Gaussian	322.060539	31.889912
508	1	  0.001467	  0.000590	     -1.00	    607.43	    519.21	      2.85	      2.24	     49.80	     39.26	71.46	 4.843e-05	      5.77	0	Gaussian	320.296643	32.187741
509	1	  0.001455	  0.000541	     -1.00	    161.30	    320.49	      2.94	      2.38	     51.42	     41.71	19.38	 3.730e-05	      5.78	0	Gaussian	322.851326	32.686002
510	1	  0.001464	  0.000497	     -1.00	    418.28	    524.00	      3.00	      2.60	     52.43	     45.53	31.02	 5.898e-05	      5.78	0	Gaussian	321.275089	32.013064
511	1	  0.001470	  0.000475	     -1.00	    301.99	     69.35	      3.43	      2.69	     59.99	     47.11	0.26	 6.119e-05	      5.79	0	Gaussian	322.436484	33.921582
512	1	  0.001496	  0.000685	     -1.00	    597.42	    701.23	      2.65	      2.01	     46.47	     35.16	89.84	 1.296e-04	      5.80	0	Gaussian	320.147856	31.374888
513	1	  0.001483	  0.000342	     -1.00	    726.32	    315.43	      4.38	      2.75	     76.65	     48.11	-1.76	 1.481e-04	      5.80	0	Gaussian	319.896167	33.189251
514	1	  0.001491	  0.000451	     -1.00	    621.70	    446.21	      3.73	      2.39	     65.31	     41.82	2.97	 6.623e-05	      5.80	0	Gaussian	320.303458	32.523084
515	1	  0.001483	  0.000462	     -1.00	    584.06	    146.84	      3.44	      2.68	     60.28	     46.95	7.73	 8.651e-05	      5.81	0	Gaussian	320.846083	33.825224
516	1	  0.001493	  0.000459	     -1.00	    639.64	    407.83	      3.56	      2.47	     62.39	     43.21	-10.25	 1.238e-04	      5.81	0	Gaussian	320.252081	32.708070
517	1	  0.001463	  0.000565	     -1.00	    462.62	    447.48	      2.89	      2.05	     50.57	     35.94	49.10	 6.879e-05	      5.82	0	Gaussian	321.134185	32.387644
518	1	  0.001480	  0.000522	     -1.00	    183.40	    243.35	      2.90	      2.27	     50.76	     39.79	50.20	 6.429e-05	      5.84	0	Gaussian	322.835191	33.045146
519	1	  0.001455	  0.000432	     -1.00	    219.53	    433.33	      3.07	      2.73	     53.75	     47.76	56.03	 5.117e-05	      5.84	0	Gaussian	322.409885	32.242424
520	1	  0.001457	  0.000498	     -1.00	    473.55	    598.20	      3.00	      2.13	     52.47	     37.30	-80.91	 6.369e-05	      5.85	0	Gaussian	320.903483	31.731251
521	1	  0.001467	  0.000541	     -1.00	    621.39	    572.47	      2.88	      2.08	     50.38	     36.36	32.65	 5.658e-05	      5.86	0	Gaussian	320.164716	31.962768
522	1	  0.001483	  0.000474	     -1.00	    484.74	    363.99	      2.91	      2.54	     50.88	     44.45	69.52	 1.602e-04	      5.88	0	Gaussian	321.116221	32.775676
523	1	  0.001474	  0.000475	     -1.00	    165.54	    240.48	      2.92	      2.40	     51.19	     42.07	16.54	 6.157e-05	      5.88	0	Gaussian	322.931471	33.041484
524	1	  0.001463	  0.000620	     -1.00	    117.80	    533.68	      3.10	      2.12	     54.24	     37.17	-14.68	 7.744e-05	      5.89	0	Gaussian	322.805760	31.713816
525	1	  0.001520	  0.000484	     -1.00	     60.15	    347.26	      2.90	      2.52	     50.85	     44.07	9.21	 1.413e-04	      5.91	0	Gaussian	323.337028	32.476664
526	1	  0.001493	  0.000423	     -1.00	    260.98	    333.95	      3.13	      2.78	     54.74	     48.62	-8.43	 3.119e-04	      5.91	0	Gaussian	322.318869	32.715851
527	1	  0.001472	  0.000575	     -1.00	    679.69	    589.55	      2.85	      2.27	     49.85	     39.69	24.37	 1.028e-04	      5.91	0	Gaussian	319.841674	31.932441
528	1	  0.001487	  0.000494	     -1.00	    150.70	     76.72	      2.91	      2.08	     50.95	     36.34	39.10	 8.875e-05	      5.91	0	Gaussian	323.220977	33.748792
529	1	  0.001463	  0.000355	     -1.00	     80.48	    257.50	      3.18	      2.79	     55.60	     48.82	-48.73	 5.551e-05	      5.93	0	Gaussian	323.349060	32.888460
530	1	  0.001476	  0.000478	     -1.00	    438.28	    472.01	      2.84	      2.39	     49.76	     41.91	-83.89	 6.361e-05	      5.95	0	Gaussian	321.232133	32.259032
531	1	  0.001475	  0.000468	     -1.00	    359.75	    307.13	      2.90	      2.36	     50.72	     41.26	5.49	 7.082e-05	      5.95	0	Gaussian	321.837913	32.920704
532	1	  0.001525	  0.000470	     -1.00	    771.25	    245.21	      3.26	      2.31	     57.14	     40.48	12.17	 1.024e-04	      5.96	0	Gaussian	319.734059	33.539180
533	1	  0.001488	  0.000323	     -1.00	    697.83	    203.15	      3.77	      2.78	     66.06	     48.74	4.85	 5.465e-05	      5.97	0	Gaussian	320.173759	33.668270
534	1	  0.001461	  0.000381	     -1.00	    290.51	    203.63	      3.06	      2.58	     53.62	     45.17	16.39	 3.824e-05	      5.98	0	Gaussian	322.327501	33.317029
535	1	  0.001467	  0.000424	     -1.00	     51.31	    303.83	      2.87	      2.76	     50.28	     48.32	9.02	 6.156e-05	      5.98	0	Gaussian	323.438719	32.658504
536	1	  0.001501	  0.000462	     -1.00	    590.77	    473.86	      4.05	      1.80	     70.84	     31.47	54.79	 1.359e-04	      5.99	0	Gaussian	320.434598	32.375551
537	1	  0.001473	  0.000421	     -1.00	     48.34	    200.24	      2.86	      2.72	     50.12	     47.65	-17.52	 5.220e-05	      5.99	0	Gaussian	323.589791	33.109492
538	1	  0.001461	  0.000439	     -1.00	    350.31	    629.52	      2.92	      2.41	     51.11	     42.15	54.01	 9.888e-05	      6.00	0	Gaussian	321.501831	31.492725
539	1	  0.001482	  0.000452	     -1.00	    729.39	    118.04	      3.10	      2.23	     54.24	     38.97	5.99	 6.443e-05	      6.01	0	Gaussian	320.100957	34.075336
540	1	  0.001469	  0.000452	     -1.00	     78.31	      9.59	      2.90	      2.25	     50.76	     39.40	65.14	 5.787e-05	      6.02	0	Gaussian	323.688028	33.975565
541	1	  0.001476	  0.000421	     -1.00	    448.41	    353.33	      2.93	      2.39	     51.22	     41.87	41.87	 6.481e-05	      6.02	0	Gaussian	321.319033	32.792318
542	1	  0.001485	  0.000367	     -1.00	    326.16	     18.59	      3.61	      2.52	     63.19	     44.03	5.27	 4.554e-05	      6.02	0	Gaussian	322.373309	34.168775
543	1	  0.001467	  0.000416	     -1.00	    133.45	    374.55	      2.96	      2.32	     51.89	     40.65	56.46	 6.161e-05	      6.02	0	Gaussian	322.926072	32.423760
544	1	  0.001484	  0.000425	     -1.00	     18.83	    297.49	      2.80	      2.56	     49.07	     44.83	10.48	 9.626e-05	      6.08	0	Gaussian	323.613526	32.656088
545	1	  0.001481	  0.000456	     -1.00	    289.32	    424.72	      2.77	      2.33	     48.42	     40.76	26.33	 6.539e-05	      6.08	0	Gaussian	322.060574	32.341040
546	1	  0.001484	  0.000420	     -1.00	    453.38	    440.89	      2.82	      2.45	     49.28	     42.83	21.19	 7.866e-05	      6.10	0	Gaussian	321.189999	32.409085
547	1	  0.001486	  0.000449	     -1.00	    156.58	    566.50	      2.76	      1.86	     48.39	     32.47	43.20	 8.226e-05	      6.18	0	Gaussian	322.567588	31.604409
548	1	  0.001551	  0.000367	     -1.00	    784.62	    178.39	      2.77	      1.97	     48.52	     34.46	21.36	 4.645e-04	      6.29	0	Gaussian	319.736258	33.849419
549	1	  0.001490	  0.000319	     -1.00	    724.14	    201.05	      2.42	      1.40	     42.29	     24.47	-1.47	 9.846e-05	      6.74	0	Gaussian	320.035425	33.699059
550	1	  0.001502	  0.000367	     -1.00	     85.02	    273.69	      1.93	      1.37	     33.86	     23.98	62.50	 2.207e-04	      7.03	0	Gaussian	323.304630	32.821657
