# 393 stars found using the following parameters:
# sigma=1.00 roundness=0.50 radius=5 relax=0 profile=0 minbeta=1.5 max_stars=0 layer=0 minA=0.00 maxA=0.00 maxR=1.00
# star#	layer	B	A	beta	X	Y	FWHMx [px]	FWHMy [px]	FWHMx ["]	FWHMy ["]	angle	RMSE	mag	Sat	Profile	RA	Dec
1	0	1053.841579	27391.197496	     -1.00	   2428.92	   1004.22	      2.21	      2.19	     -1.00	     -1.00	-12.56	 3.836e+01	    -12.94	1	Gaussian	9990000000.000000	9990000000.000000
2	0	1051.757926	26031.252964	     -1.00	   4876.78	    850.09	      2.21	      2.20	     -1.00	     -1.00	70.09	 3.522e+01	    -12.89	1	Gaussian	9990000000.000000	9990000000.000000
3	0	1050.822920	25396.668994	     -1.00	    301.44	    241.99	      2.22	      2.20	     -1.00	     -1.00	-21.73	 3.481e+01	    -12.87	1	Gaussian	9990000000.000000	9990000000.000000
4	0	1069.586534	24786.396791	     -1.00	   2440.10	    471.42	      2.22	      2.21	     -1.00	     -1.00	-68.86	 8.485e+01	    -12.85	1	Gaussian	9990000000.000000	9990000000.000000
5	0	1053.253938	24751.687828	     -1.00	   4428.09	   2416.90	      2.21	      2.20	     -1.00	     -1.00	67.35	 3.750e+01	    -12.84	1	Gaussian	9990000000.000000	9990000000.000000
6	0	1056.756298	23494.414054	     -1.00	   4053.50	   3614.21	      2.20	      2.19	     -1.00	     -1.00	-55.53	 3.370e+01	    -12.77	0	Gaussian	9990000000.000000	9990000000.000000
7	0	1049.898642	22541.199989	     -1.00	   2515.47	   2324.07	      2.22	      2.22	     -1.00	     -1.00	-4.94	 3.355e+01	    -12.75	0	Gaussian	9990000000.000000	9990000000.000000
8	0	1055.495306	20975.722384	     -1.00	   5991.52	    285.05	      2.21	      2.19	     -1.00	     -1.00	-81.07	 3.414e+01	    -12.65	0	Gaussian	9990000000.000000	9990000000.000000
9	0	1050.263159	20173.827301	     -1.00	   2672.75	   3068.30	      2.21	      2.20	     -1.00	     -1.00	5.15	 3.523e+01	    -12.62	0	Gaussian	9990000000.000000	9990000000.000000
10	0	1051.448617	18994.086869	     -1.00	   2121.44	   3393.91	      2.21	      2.20	     -1.00	     -1.00	-23.45	 3.347e+01	    -12.55	0	Gaussian	9990000000.000000	9990000000.000000
11	0	1058.723701	18673.200588	     -1.00	   2321.39	   3799.86	      2.21	      2.20	     -1.00	     -1.00	20.14	 4.180e+01	    -12.53	0	Gaussian	9990000000.000000	9990000000.000000
12	0	1052.768844	17606.034336	     -1.00	   4854.53	    857.96	      2.22	      2.20	     -1.00	     -1.00	24.29	 3.423e+01	    -12.47	0	Gaussian	9990000000.000000	9990000000.000000
13	0	1049.079990	16449.098321	     -1.00	   3834.67	   3398.50	      2.20	      2.20	     -1.00	     -1.00	-27.78	 3.298e+01	    -12.39	0	Gaussian	9990000000.000000	9990000000.000000
14	0	1054.711728	16011.833231	     -1.00	   1306.72	    170.33	      2.20	      2.20	     -1.00	     -1.00	-1.23	 3.305e+01	    -12.35	0	Gaussian	9990000000.000000	9990000000.000000
15	0	1056.595557	15288.214173	     -1.00	   2185.34	   2351.54	      2.22	      2.20	     -1.00	     -1.00	29.71	 3.413e+01	    -12.32	0	Gaussian	9990000000.000000	9990000000.000000
16	0	1052.740008	15121.742693	     -1.00	    743.59	   1577.95	      2.20	      2.20	     -1.00	     -1.00	-2.62	 3.876e+01	    -12.30	0	Gaussian	9990000000.000000	9990000000.000000
17	0	1052.439844	14830.132993	     -1.00	   5528.97	   1037.29	      2.22	      2.20	     -1.00	     -1.00	-71.33	 3.204e+01	    -12.28	0	Gaussian	9990000000.000000	9990000000.000000
18	0	1048.694861	13974.537576	     -1.00	   5081.00	    668.16	      2.21	      2.20	     -1.00	     -1.00	11.48	 3.260e+01	    -12.22	0	Gaussian	9990000000.000000	9990000000.000000
19	0	1054.481218	13767.855917	     -1.00	    605.93	   2092.59	      2.21	      2.20	     -1.00	     -1.00	24.58	 3.305e+01	    -12.20	0	Gaussian	9990000000.000000	9990000000.000000
20	0	1052.341032	13368.963282	     -1.00	    194.41	   2733.78	      2.22	      2.20	     -1.00	     -1.00	24.57	 3.663e+01	    -12.17	0	Gaussian	9990000000.000000	9990000000.000000
21	0	1054.213346	13246.765496	     -1.00	   3952.09	   1350.22	      2.20	      2.19	     -1.00	     -1.00	-12.37	 3.391e+01	    -12.15	0	Gaussian	9990000000.000000	9990000000.000000
22	0	1052.912032	12784.454842	     -1.00	   2100.50	   2153.10	      2.20	      2.20	     -1.00	     -1.00	-33.54	 3.495e+01	    -12.12	0	Gaussian	9990000000.000000	9990000000.000000
23	0	1051.637096	11645.295576	     -1.00	   4152.79	   3710.64	      2.22	      2.19	     -1.00	     -1.00	31.37	 3.460e+01	    -12.02	0	Gaussian	9990000000.000000	9990000000.000000
24	0	1054.385824	11380.200148	     -1.00	   2362.44	    751.13	      2.21	      2.21	     -1.00	     -1.00	20.96	 3.661e+01	    -12.00	0	Gaussian	9990000000.000000	9990000000.000000
25	0	1055.988534	10931.218911	     -1.00	   4921.43	   2265.76	      2.20	      2.19	     -1.00	     -1.00	-0.02	 3.781e+01	    -11.94	0	Gaussian	9990000000.000000	9990000000.000000
26	0	1050.122094	10199.356784	     -1.00	   1855.79	   3396.97	      2.23	      2.22	     -1.00	     -1.00	-7.12	 3.361e+01	    -11.90	0	Gaussian	9990000000.000000	9990000000.000000
27	0	1052.097779	9903.007055	     -1.00	   3515.49	   2091.07	      2.22	      2.19	     -1.00	     -1.00	42.47	 3.521e+01	    -11.84	0	Gaussian	9990000000.000000	9990000000.000000
28	0	1055.593067	9640.897251	     -1.00	   4801.67	    451.46	      2.21	      2.19	     -1.00	     -1.00	-17.57	 3.431e+01	    -11.81	0	Gaussian	9990000000.000000	9990000000.000000
29	0	1052.513982	9558.066974	     -1.00	   2746.68	   3486.81	      2.21	      2.19	     -1.00	     -1.00	-39.71	 3.308e+01	    -11.80	0	Gaussian	9990000000.000000	9990000000.000000
30	0	1049.160625	9249.610500	     -1.00	    651.80	    998.32	      2.22	      2.21	     -1.00	     -1.00	8.39	 3.330e+01	    -11.78	0	Gaussian	9990000000.000000	9990000000.000000
31	0	1052.685438	8979.430535	     -1.00	    111.73	   2580.62	      2.23	      2.19	     -1.00	     -1.00	58.74	 3.548e+01	    -11.74	0	Gaussian	9990000000.000000	9990000000.000000
32	0	1050.455760	8605.197475	     -1.00	   5675.73	   3681.20	      2.22	      2.19	     -1.00	     -1.00	-88.15	 3.508e+01	    -11.69	0	Gaussian	9990000000.000000	9990000000.000000
33	0	1051.864444	7913.853305	     -1.00	   5364.46	   1756.05	      2.24	      2.22	     -1.00	     -1.00	-71.56	 3.408e+01	    -11.63	0	Gaussian	9990000000.000000	9990000000.000000
34	0	1054.655397	8143.031215	     -1.00	   3739.74	    771.53	      2.20	      2.20	     -1.00	     -1.00	-1.40	 3.317e+01	    -11.62	0	Gaussian	9990000000.000000	9990000000.000000
35	0	1057.970711	7959.245708	     -1.00	   5749.96	   2360.56	      2.22	      2.17	     -1.00	     -1.00	-27.79	 3.230e+01	    -11.59	0	Gaussian	9990000000.000000	9990000000.000000
36	0	1049.879452	7692.384312	     -1.00	   5520.24	   2028.64	      2.23	      2.20	     -1.00	     -1.00	10.65	 3.571e+01	    -11.58	0	Gaussian	9990000000.000000	9990000000.000000
37	0	1054.059400	7649.837553	     -1.00	   4208.18	   2934.15	      2.22	      2.22	     -1.00	     -1.00	3.88	 3.408e+01	    -11.57	0	Gaussian	9990000000.000000	9990000000.000000
38	0	1054.467786	7716.533447	     -1.00	    908.72	   2041.22	      2.21	      2.21	     -1.00	     -1.00	-20.84	 3.169e+01	    -11.57	0	Gaussian	9990000000.000000	9990000000.000000
39	0	1052.008733	7352.127802	     -1.00	   5543.11	    630.49	      2.23	      2.20	     -1.00	     -1.00	-18.38	 3.268e+01	    -11.53	0	Gaussian	9990000000.000000	9990000000.000000
40	0	1058.399550	7329.836101	     -1.00	   4434.14	   2404.64	      2.23	      2.19	     -1.00	     -1.00	45.07	 3.201e+01	    -11.52	0	Gaussian	9990000000.000000	9990000000.000000
41	0	1052.496084	6989.448887	     -1.00	   4385.56	   3334.28	      2.20	      2.20	     -1.00	     -1.00	23.44	 3.625e+01	    -11.46	0	Gaussian	9990000000.000000	9990000000.000000
42	0	1053.227098	6808.805219	     -1.00	   5410.55	   3391.96	      2.21	      2.19	     -1.00	     -1.00	-67.28	 3.237e+01	    -11.43	0	Gaussian	9990000000.000000	9990000000.000000
43	0	1057.158970	6689.011512	     -1.00	   3947.49	   1510.04	      2.22	      2.21	     -1.00	     -1.00	69.99	 3.465e+01	    -11.43	0	Gaussian	9990000000.000000	9990000000.000000
44	0	1048.469694	6628.396479	     -1.00	   3141.50	   1234.32	      2.24	      2.20	     -1.00	     -1.00	3.99	 3.032e+01	    -11.42	0	Gaussian	9990000000.000000	9990000000.000000
45	0	1049.242577	6608.711573	     -1.00	   3884.65	    156.37	      2.23	      2.21	     -1.00	     -1.00	-31.21	 3.155e+01	    -11.42	0	Gaussian	9990000000.000000	9990000000.000000
46	0	1054.351869	6652.938422	     -1.00	   1308.32	   1601.25	      2.21	      2.20	     -1.00	     -1.00	34.49	 3.325e+01	    -11.41	0	Gaussian	9990000000.000000	9990000000.000000
47	0	1056.162957	6604.252675	     -1.00	   4548.61	   1838.58	      2.21	      2.19	     -1.00	     -1.00	67.89	 3.272e+01	    -11.40	0	Gaussian	9990000000.000000	9990000000.000000
48	0	1055.196284	6553.141540	     -1.00	   1840.12	    319.39	      2.22	      2.19	     -1.00	     -1.00	-54.09	 3.205e+01	    -11.39	0	Gaussian	9990000000.000000	9990000000.000000
49	0	1050.027153	6525.716026	     -1.00	   4181.06	   2683.93	      2.22	      2.19	     -1.00	     -1.00	-33.73	 3.326e+01	    -11.39	0	Gaussian	9990000000.000000	9990000000.000000
50	0	1056.764565	6388.018739	     -1.00	   2130.13	    622.08	      2.22	      2.18	     -1.00	     -1.00	-6.54	 3.236e+01	    -11.36	0	Gaussian	9990000000.000000	9990000000.000000
51	0	1051.476299	6222.003631	     -1.00	   1560.87	   3522.53	      2.22	      2.21	     -1.00	     -1.00	83.78	 3.349e+01	    -11.35	0	Gaussian	9990000000.000000	9990000000.000000
52	0	1052.909402	6204.945394	     -1.00	   5031.81	   3112.04	      2.23	      2.20	     -1.00	     -1.00	59.40	 3.173e+01	    -11.34	0	Gaussian	9990000000.000000	9990000000.000000
53	0	1051.342524	6319.497573	     -1.00	   5237.28	   3576.24	      2.19	      2.16	     -1.00	     -1.00	3.07	 3.310e+01	    -11.33	0	Gaussian	9990000000.000000	9990000000.000000
54	0	1056.533810	6172.850989	     -1.00	   2001.03	   3622.08	      2.23	      2.17	     -1.00	     -1.00	-15.93	 3.157e+01	    -11.32	0	Gaussian	9990000000.000000	9990000000.000000
55	0	1062.683612	6114.178267	     -1.00	   3845.92	   1158.55	      2.22	      2.18	     -1.00	     -1.00	41.10	 6.380e+01	    -11.32	0	Gaussian	9990000000.000000	9990000000.000000
56	0	1052.788519	6121.744660	     -1.00	   3207.05	     69.87	      2.23	      2.17	     -1.00	     -1.00	-57.02	 3.242e+01	    -11.31	0	Gaussian	9990000000.000000	9990000000.000000
57	0	1051.398235	5769.560949	     -1.00	   5183.71	   3553.94	      2.24	      2.18	     -1.00	     -1.00	-89.70	 3.167e+01	    -11.26	0	Gaussian	9990000000.000000	9990000000.000000
58	0	1053.382927	5748.703205	     -1.00	   1101.72	   3842.65	      2.21	      2.17	     -1.00	     -1.00	75.12	 3.605e+01	    -11.24	0	Gaussian	9990000000.000000	9990000000.000000
59	0	1055.145374	5414.501279	     -1.00	   3188.09	   1641.91	      2.23	      2.20	     -1.00	     -1.00	62.71	 3.245e+01	    -11.20	0	Gaussian	9990000000.000000	9990000000.000000
60	0	1052.970985	5390.114083	     -1.00	   5276.86	   3179.61	      2.20	      2.20	     -1.00	     -1.00	-1.93	 3.550e+01	    -11.18	0	Gaussian	9990000000.000000	9990000000.000000
61	0	1053.138129	5242.883225	     -1.00	   5729.12	   3205.12	      2.22	      2.21	     -1.00	     -1.00	64.00	 3.323e+01	    -11.16	0	Gaussian	9990000000.000000	9990000000.000000
62	0	1057.540380	4193.856185	     -1.00	   4246.49	    917.55	      2.74	      2.20	     -1.00	     -1.00	-10.77	 7.565e+01	    -11.14	0	Gaussian	9990000000.000000	9990000000.000000
63	0	1053.483009	5170.193828	     -1.00	   5241.95	    766.91	      2.21	      2.18	     -1.00	     -1.00	-12.97	 3.350e+01	    -11.13	0	Gaussian	9990000000.000000	9990000000.000000
64	0	1054.549655	5066.085921	     -1.00	    665.59	   2304.01	      2.24	      2.19	     -1.00	     -1.00	-16.65	 3.361e+01	    -11.13	0	Gaussian	9990000000.000000	9990000000.000000
65	0	1053.345834	5097.227019	     -1.00	    550.69	   2744.08	      2.20	      2.18	     -1.00	     -1.00	-1.01	 3.319e+01	    -11.11	0	Gaussian	9990000000.000000	9990000000.000000
66	0	1054.433341	4941.528583	     -1.00	   4964.73	    609.92	      2.21	      2.21	     -1.00	     -1.00	39.76	 3.493e+01	    -11.09	0	Gaussian	9990000000.000000	9990000000.000000
67	0	1052.105959	4965.654211	     -1.00	   5708.20	   2760.10	      2.23	      2.17	     -1.00	     -1.00	-31.86	 3.365e+01	    -11.09	0	Gaussian	9990000000.000000	9990000000.000000
68	0	1052.000558	4878.484667	     -1.00	   4276.92	    579.39	      2.22	      2.21	     -1.00	     -1.00	54.49	 3.431e+01	    -11.09	0	Gaussian	9990000000.000000	9990000000.000000
69	0	1055.989792	5019.422062	     -1.00	   2202.37	   3613.72	      2.20	      2.16	     -1.00	     -1.00	7.37	 3.505e+01	    -11.08	0	Gaussian	9990000000.000000	9990000000.000000
70	0	1053.555252	4874.614333	     -1.00	   4586.11	   3015.36	      2.23	      2.20	     -1.00	     -1.00	1.24	 3.278e+01	    -11.08	0	Gaussian	9990000000.000000	9990000000.000000
71	0	1056.444392	4941.460599	     -1.00	   2451.33	   2039.44	      2.19	      2.19	     -1.00	     -1.00	-39.31	 2.885e+01	    -11.08	0	Gaussian	9990000000.000000	9990000000.000000
72	0	1050.661256	4847.910555	     -1.00	   1923.11	    991.55	      2.23	      2.19	     -1.00	     -1.00	-67.17	 3.446e+01	    -11.07	0	Gaussian	9990000000.000000	9990000000.000000
73	0	1052.571208	4647.621314	     -1.00	   5687.56	   2510.18	      2.22	      2.20	     -1.00	     -1.00	22.57	 3.159e+01	    -11.03	0	Gaussian	9990000000.000000	9990000000.000000
74	0	1055.191549	4669.288166	     -1.00	   4458.45	   3193.39	      2.24	      2.17	     -1.00	     -1.00	73.05	 3.275e+01	    -11.02	0	Gaussian	9990000000.000000	9990000000.000000
75	0	1055.583337	4804.930009	     -1.00	   3525.81	   1988.60	      2.18	      2.16	     -1.00	     -1.00	83.69	 3.203e+01	    -11.02	0	Gaussian	9990000000.000000	9990000000.000000
76	0	1053.358165	4594.148863	     -1.00	   3432.58	   3205.68	      2.23	      2.20	     -1.00	     -1.00	-32.35	 3.268e+01	    -11.02	0	Gaussian	9990000000.000000	9990000000.000000
77	0	1066.240072	4670.371635	     -1.00	    798.21	    530.20	      2.19	      2.19	     -1.00	     -1.00	45.67	 6.664e+01	    -11.01	0	Gaussian	9990000000.000000	9990000000.000000
78	0	1050.356439	4590.310086	     -1.00	   3560.46	   1879.75	      2.23	      2.18	     -1.00	     -1.00	-35.22	 3.305e+01	    -11.01	0	Gaussian	9990000000.000000	9990000000.000000
79	0	1052.714632	4442.542233	     -1.00	   4170.93	   1684.21	      2.22	      2.20	     -1.00	     -1.00	-29.98	 3.680e+01	    -10.98	0	Gaussian	9990000000.000000	9990000000.000000
80	0	1050.953638	4642.464607	     -1.00	   2722.55	   1888.31	      2.18	      2.14	     -1.00	     -1.00	25.09	 3.210e+01	    -10.98	0	Gaussian	9990000000.000000	9990000000.000000
81	0	1051.708997	4477.202687	     -1.00	   5813.61	   1899.50	      2.22	      2.17	     -1.00	     -1.00	9.30	 3.334e+01	    -10.97	0	Gaussian	9990000000.000000	9990000000.000000
82	0	1054.661432	4436.690150	     -1.00	   5559.64	   1167.37	      2.23	      2.17	     -1.00	     -1.00	16.69	 3.293e+01	    -10.97	0	Gaussian	9990000000.000000	9990000000.000000
83	0	1053.777543	4389.567203	     -1.00	    413.76	   3740.91	      2.24	      2.19	     -1.00	     -1.00	32.17	 3.265e+01	    -10.97	0	Gaussian	9990000000.000000	9990000000.000000
84	0	1052.915940	4407.814010	     -1.00	   4440.58	   3499.48	      2.20	      2.20	     -1.00	     -1.00	-14.14	 3.204e+01	    -10.96	0	Gaussian	9990000000.000000	9990000000.000000
85	0	1055.006576	4390.776455	     -1.00	   3064.66	   2263.81	      2.24	      2.17	     -1.00	     -1.00	14.46	 3.009e+01	    -10.96	0	Gaussian	9990000000.000000	9990000000.000000
86	0	1047.618692	4289.368416	     -1.00	   3935.69	   1059.18	      2.23	      2.20	     -1.00	     -1.00	-80.66	 3.196e+01	    -10.95	0	Gaussian	9990000000.000000	9990000000.000000
87	0	1051.567102	4324.797397	     -1.00	   1322.00	   3549.37	      2.22	      2.20	     -1.00	     -1.00	-78.91	 3.585e+01	    -10.94	0	Gaussian	9990000000.000000	9990000000.000000
88	0	1052.370674	4351.131368	     -1.00	    869.86	   2582.78	      2.22	      2.18	     -1.00	     -1.00	13.00	 3.299e+01	    -10.94	0	Gaussian	9990000000.000000	9990000000.000000
89	0	1050.972435	4269.457501	     -1.00	   3301.75	   3887.46	      2.19	      2.19	     -1.00	     -1.00	15.82	 3.177e+01	    -10.92	0	Gaussian	9990000000.000000	9990000000.000000
90	0	1055.168961	4282.459402	     -1.00	    648.96	   1010.34	      2.19	      2.19	     -1.00	     -1.00	-2.80	 3.153e+01	    -10.91	0	Gaussian	9990000000.000000	9990000000.000000
91	0	1053.234689	4172.613975	     -1.00	    402.62	    295.63	      2.22	      2.18	     -1.00	     -1.00	22.89	 3.144e+01	    -10.90	0	Gaussian	9990000000.000000	9990000000.000000
92	0	1051.362323	4149.981041	     -1.00	    110.12	   2378.54	      2.21	      2.18	     -1.00	     -1.00	-80.79	 3.237e+01	    -10.89	0	Gaussian	9990000000.000000	9990000000.000000
93	0	1051.223783	4092.304907	     -1.00	   4434.89	   1237.04	      2.24	      2.18	     -1.00	     -1.00	-77.01	 2.972e+01	    -10.89	0	Gaussian	9990000000.000000	9990000000.000000
94	0	1052.084912	4154.144179	     -1.00	   3510.68	    938.21	      2.20	      2.17	     -1.00	     -1.00	51.22	 3.402e+01	    -10.88	0	Gaussian	9990000000.000000	9990000000.000000
95	0	1054.558479	4071.108292	     -1.00	   1993.56	   2564.03	      2.24	      2.16	     -1.00	     -1.00	-58.14	 3.489e+01	    -10.87	0	Gaussian	9990000000.000000	9990000000.000000
96	0	1054.039066	4107.555123	     -1.00	   1030.59	   1853.18	      2.20	      2.17	     -1.00	     -1.00	54.36	 3.279e+01	    -10.87	0	Gaussian	9990000000.000000	9990000000.000000
97	0	1051.647332	4028.067577	     -1.00	    124.06	   2818.03	      2.22	      2.18	     -1.00	     -1.00	54.03	 3.152e+01	    -10.86	0	Gaussian	9990000000.000000	9990000000.000000
98	0	1052.867027	4034.408219	     -1.00	   4008.90	   3209.07	      2.21	      2.18	     -1.00	     -1.00	-34.87	 3.252e+01	    -10.86	0	Gaussian	9990000000.000000	9990000000.000000
99	0	1053.269394	3891.198645	     -1.00	   1029.37	    667.93	      2.27	      2.20	     -1.00	     -1.00	71.85	 3.105e+01	    -10.86	0	Gaussian	9990000000.000000	9990000000.000000
100	0	1050.729950	4053.959394	     -1.00	   1408.65	    790.89	      2.21	      2.16	     -1.00	     -1.00	65.38	 3.680e+01	    -10.85	0	Gaussian	9990000000.000000	9990000000.000000
101	0	1051.630869	3831.450157	     -1.00	   2336.60	   1401.04	      2.26	      2.20	     -1.00	     -1.00	-0.73	 3.443e+01	    -10.84	0	Gaussian	9990000000.000000	9990000000.000000
102	0	1050.675321	3886.084992	     -1.00	    922.26	   2389.89	      2.24	      2.17	     -1.00	     -1.00	-86.47	 3.033e+01	    -10.83	0	Gaussian	9990000000.000000	9990000000.000000
103	0	1049.671890	3847.539574	     -1.00	   2040.98	   1451.27	      2.23	      2.20	     -1.00	     -1.00	-83.53	 3.186e+01	    -10.83	0	Gaussian	9990000000.000000	9990000000.000000
104	0	1052.902513	3943.523010	     -1.00	   1361.27	   2934.30	      2.19	      2.19	     -1.00	     -1.00	4.51	 3.280e+01	    -10.82	0	Gaussian	9990000000.000000	9990000000.000000
105	0	1053.949686	3961.530248	     -1.00	   5461.00	   1357.47	      2.17	      2.17	     -1.00	     -1.00	-9.89	 2.990e+01	    -10.81	0	Gaussian	9990000000.000000	9990000000.000000
106	0	1054.557263	3834.994192	     -1.00	   5270.29	     92.89	      2.22	      2.17	     -1.00	     -1.00	83.37	 3.405e+01	    -10.80	0	Gaussian	9990000000.000000	9990000000.000000
107	0	1052.244225	3763.097249	     -1.00	   2932.46	   2833.18	      2.22	      2.21	     -1.00	     -1.00	-62.63	 3.319e+01	    -10.80	0	Gaussian	9990000000.000000	9990000000.000000
108	0	1053.532542	3604.030174	     -1.00	   2299.98	   1923.30	      2.25	      2.25	     -1.00	     -1.00	-21.37	 3.266e+01	    -10.78	0	Gaussian	9990000000.000000	9990000000.000000
109	0	1051.405220	3710.281203	     -1.00	   4006.91	   3642.41	      2.23	      2.19	     -1.00	     -1.00	64.85	 3.281e+01	    -10.78	0	Gaussian	9990000000.000000	9990000000.000000
110	0	1052.540679	3733.185408	     -1.00	   4732.09	    775.77	      2.22	      2.18	     -1.00	     -1.00	78.08	 3.236e+01	    -10.78	0	Gaussian	9990000000.000000	9990000000.000000
111	0	1051.627153	3722.524786	     -1.00	   1691.11	   3061.62	      2.22	      2.19	     -1.00	     -1.00	-5.14	 2.947e+01	    -10.78	0	Gaussian	9990000000.000000	9990000000.000000
112	0	1055.487930	3656.124807	     -1.00	   4019.62	   1986.10	      2.22	      2.22	     -1.00	     -1.00	-22.90	 3.229e+01	    -10.77	0	Gaussian	9990000000.000000	9990000000.000000
113	0	1049.729093	3698.886926	     -1.00	   5494.44	   1211.18	      2.21	      2.19	     -1.00	     -1.00	-80.38	 3.357e+01	    -10.77	0	Gaussian	9990000000.000000	9990000000.000000
114	0	1055.278901	3735.879207	     -1.00	    287.70	   2151.89	      2.19	      2.18	     -1.00	     -1.00	67.94	 3.265e+01	    -10.77	0	Gaussian	9990000000.000000	9990000000.000000
115	0	1057.030088	3712.286896	     -1.00	   4542.02	   3593.21	      2.19	      2.19	     -1.00	     -1.00	56.54	 3.399e+01	    -10.77	0	Gaussian	9990000000.000000	9990000000.000000
116	0	1053.119931	3715.102032	     -1.00	   4002.39	   3248.98	      2.20	      2.18	     -1.00	     -1.00	18.14	 3.062e+01	    -10.76	0	Gaussian	9990000000.000000	9990000000.000000
117	0	1053.864783	3598.851747	     -1.00	   1050.44	    732.10	      2.22	      2.20	     -1.00	     -1.00	-21.72	 3.109e+01	    -10.75	0	Gaussian	9990000000.000000	9990000000.000000
118	0	1053.778179	3609.454218	     -1.00	   1735.06	   1368.73	      2.22	      2.18	     -1.00	     -1.00	24.64	 3.524e+01	    -10.74	0	Gaussian	9990000000.000000	9990000000.000000
119	0	1049.840904	3547.330557	     -1.00	   5028.10	   1339.78	      2.23	      2.20	     -1.00	     -1.00	60.11	 3.253e+01	    -10.74	0	Gaussian	9990000000.000000	9990000000.000000
120	0	1054.073336	3512.415866	     -1.00	   3867.56	   2909.99	      2.25	      2.21	     -1.00	     -1.00	30.56	 3.339e+01	    -10.74	0	Gaussian	9990000000.000000	9990000000.000000
121	0	1055.188329	3573.975911	     -1.00	    256.09	   1807.74	      2.24	      2.18	     -1.00	     -1.00	62.32	 3.232e+01	    -10.74	0	Gaussian	9990000000.000000	9990000000.000000
122	0	1057.185192	3472.098056	     -1.00	   3869.06	    508.94	      2.25	      2.21	     -1.00	     -1.00	80.61	 3.480e+01	    -10.73	0	Gaussian	9990000000.000000	9990000000.000000
123	0	1049.226477	3544.791709	     -1.00	   2713.00	   3727.77	      2.23	      2.19	     -1.00	     -1.00	-17.14	 2.968e+01	    -10.73	0	Gaussian	9990000000.000000	9990000000.000000
124	0	1051.348643	3517.263067	     -1.00	   1586.71	    228.78	      2.26	      2.16	     -1.00	     -1.00	-13.03	 3.389e+01	    -10.73	0	Gaussian	9990000000.000000	9990000000.000000
125	0	1050.807844	3523.874136	     -1.00	   5566.16	     97.36	      2.24	      2.17	     -1.00	     -1.00	-29.20	 3.142e+01	    -10.72	0	Gaussian	9990000000.000000	9990000000.000000
126	0	1050.334999	3498.945031	     -1.00	   5417.58	   1411.52	      2.24	      2.18	     -1.00	     -1.00	-54.17	 3.185e+01	    -10.72	0	Gaussian	9990000000.000000	9990000000.000000
127	0	1053.441453	3475.204355	     -1.00	   3369.75	   1001.43	      2.25	      2.18	     -1.00	     -1.00	-5.28	 3.386e+01	    -10.71	0	Gaussian	9990000000.000000	9990000000.000000
128	0	1054.199077	3506.640641	     -1.00	   3485.61	   3936.57	      2.22	      2.17	     -1.00	     -1.00	28.18	 3.471e+01	    -10.71	0	Gaussian	9990000000.000000	9990000000.000000
129	0	1051.835129	3356.252129	     -1.00	    378.14	   3789.96	      2.23	      2.23	     -1.00	     -1.00	-3.82	 3.383e+01	    -10.69	0	Gaussian	9990000000.000000	9990000000.000000
130	0	1048.811475	3417.790259	     -1.00	    690.32	   2559.56	      2.23	      2.19	     -1.00	     -1.00	-6.13	 3.243e+01	    -10.69	0	Gaussian	9990000000.000000	9990000000.000000
131	0	1062.452112	3455.404041	     -1.00	   1426.57	   1108.31	      2.21	      2.18	     -1.00	     -1.00	-12.10	 7.041e+01	    -10.69	0	Gaussian	9990000000.000000	9990000000.000000
132	0	1056.548002	3436.005455	     -1.00	    842.81	   3112.50	      2.21	      2.18	     -1.00	     -1.00	-23.25	 3.427e+01	    -10.69	0	Gaussian	9990000000.000000	9990000000.000000
133	0	1051.387735	3348.285478	     -1.00	   5344.16	   2616.98	      2.26	      2.17	     -1.00	     -1.00	-71.18	 3.458e+01	    -10.67	0	Gaussian	9990000000.000000	9990000000.000000
134	0	1053.854402	3392.209505	     -1.00	   2881.03	   2984.34	      2.22	      2.18	     -1.00	     -1.00	53.59	 3.298e+01	    -10.67	0	Gaussian	9990000000.000000	9990000000.000000
135	0	1051.909961	3391.287566	     -1.00	   1584.22	   3206.56	      2.22	      2.17	     -1.00	     -1.00	42.03	 3.417e+01	    -10.67	0	Gaussian	9990000000.000000	9990000000.000000
136	0	1054.554668	3397.022536	     -1.00	   3322.13	    215.81	      2.20	      2.18	     -1.00	     -1.00	56.14	 3.066e+01	    -10.67	0	Gaussian	9990000000.000000	9990000000.000000
137	0	1051.287667	3414.979524	     -1.00	   1050.92	   1410.09	      2.20	      2.17	     -1.00	     -1.00	5.36	 3.294e+01	    -10.66	0	Gaussian	9990000000.000000	9990000000.000000
138	0	1050.767328	3262.644553	     -1.00	   4248.03	   2271.73	      2.25	      2.22	     -1.00	     -1.00	82.17	 3.289e+01	    -10.66	0	Gaussian	9990000000.000000	9990000000.000000
139	0	1053.422024	3299.941017	     -1.00	   1708.85	    306.63	      2.22	      2.22	     -1.00	     -1.00	-46.92	 3.294e+01	    -10.66	0	Gaussian	9990000000.000000	9990000000.000000
140	0	1052.730572	3417.667187	     -1.00	   2536.20	   2696.64	      2.18	      2.17	     -1.00	     -1.00	-54.60	 3.287e+01	    -10.65	0	Gaussian	9990000000.000000	9990000000.000000
141	0	1053.593335	3317.552196	     -1.00	   4282.65	    764.49	      2.23	      2.17	     -1.00	     -1.00	-21.67	 3.345e+01	    -10.65	0	Gaussian	9990000000.000000	9990000000.000000
142	0	1051.027912	3196.987989	     -1.00	   4265.84	   2906.60	      2.23	      2.23	     -1.00	     -1.00	0.21	 3.247e+01	    -10.64	0	Gaussian	9990000000.000000	9990000000.000000
143	0	1054.537603	3342.636573	     -1.00	    774.24	   1766.94	      2.20	      2.15	     -1.00	     -1.00	-20.38	 3.282e+01	    -10.64	0	Gaussian	9990000000.000000	9990000000.000000
144	0	1054.566453	3239.313638	     -1.00	   1937.54	   3851.49	      2.24	      2.18	     -1.00	     -1.00	27.23	 3.352e+01	    -10.63	0	Gaussian	9990000000.000000	9990000000.000000
145	0	1049.898338	3174.583373	     -1.00	   4512.87	   1445.86	      2.24	      2.20	     -1.00	     -1.00	-18.60	 3.249e+01	    -10.62	0	Gaussian	9990000000.000000	9990000000.000000
146	0	1052.178640	3161.089856	     -1.00	   3224.44	   1139.18	      2.22	      2.22	     -1.00	     -1.00	22.48	 3.376e+01	    -10.61	0	Gaussian	9990000000.000000	9990000000.000000
147	0	1054.448019	3125.506716	     -1.00	   4958.65	   3847.15	      2.23	      2.23	     -1.00	     -1.00	-71.88	 3.423e+01	    -10.61	0	Gaussian	9990000000.000000	9990000000.000000
148	0	1053.400809	3063.790969	     -1.00	   2209.90	   1929.74	      2.26	      2.23	     -1.00	     -1.00	-39.95	 3.267e+01	    -10.61	0	Gaussian	9990000000.000000	9990000000.000000
149	0	1052.755805	3192.047878	     -1.00	    524.71	   1732.27	      2.20	      2.18	     -1.00	     -1.00	25.31	 2.988e+01	    -10.60	0	Gaussian	9990000000.000000	9990000000.000000
150	0	1056.000803	3232.581426	     -1.00	   4942.27	   1181.68	      2.21	      2.15	     -1.00	     -1.00	10.28	 3.039e+01	    -10.60	0	Gaussian	9990000000.000000	9990000000.000000
151	0	1054.903844	3113.068648	     -1.00	   2643.65	   1138.10	      2.22	      2.22	     -1.00	     -1.00	-73.02	 3.283e+01	    -10.60	0	Gaussian	9990000000.000000	9990000000.000000
152	0	1050.578172	3064.810473	     -1.00	   5478.28	   1146.47	      2.24	      2.21	     -1.00	     -1.00	10.88	 3.110e+01	    -10.59	0	Gaussian	9990000000.000000	9990000000.000000
153	0	1053.337992	3008.611515	     -1.00	   3345.58	   3701.37	      2.27	      2.22	     -1.00	     -1.00	-23.19	 3.120e+01	    -10.59	0	Gaussian	9990000000.000000	9990000000.000000
154	0	1054.648766	3065.877770	     -1.00	    857.13	   2798.60	      2.26	      2.17	     -1.00	     -1.00	2.87	 3.259e+01	    -10.58	0	Gaussian	9990000000.000000	9990000000.000000
155	0	1057.433133	3077.277062	     -1.00	   1676.69	    170.81	      2.22	      2.19	     -1.00	     -1.00	25.74	 3.809e+01	    -10.57	0	Gaussian	9990000000.000000	9990000000.000000
156	0	1054.685058	3032.451878	     -1.00	   3382.53	   3678.51	      2.22	      2.17	     -1.00	     -1.00	29.19	 3.415e+01	    -10.54	0	Gaussian	9990000000.000000	9990000000.000000
157	0	1054.202652	3054.694762	     -1.00	   4577.64	   3254.71	      2.19	      2.16	     -1.00	     -1.00	37.58	 2.994e+01	    -10.54	0	Gaussian	9990000000.000000	9990000000.000000
158	0	1050.536357	2912.926359	     -1.00	   1622.82	   3438.42	      2.23	      2.22	     -1.00	     -1.00	-71.27	 3.305e+01	    -10.53	0	Gaussian	9990000000.000000	9990000000.000000
159	0	1051.913107	3009.662904	     -1.00	   5206.42	    664.87	      2.22	      2.16	     -1.00	     -1.00	30.86	 3.030e+01	    -10.53	0	Gaussian	9990000000.000000	9990000000.000000
160	0	1052.642169	2990.037667	     -1.00	    818.29	   3099.83	      2.24	      2.15	     -1.00	     -1.00	77.46	 3.200e+01	    -10.53	0	Gaussian	9990000000.000000	9990000000.000000
161	0	1051.009729	3027.115833	     -1.00	    250.85	    250.29	      2.22	      2.13	     -1.00	     -1.00	-73.68	 3.304e+01	    -10.53	0	Gaussian	9990000000.000000	9990000000.000000
162	0	1054.840988	2999.210834	     -1.00	   3871.20	   2163.53	      2.20	      2.16	     -1.00	     -1.00	-19.42	 3.401e+01	    -10.52	0	Gaussian	9990000000.000000	9990000000.000000
163	0	1054.841893	2939.879958	     -1.00	    681.91	   1495.20	      2.22	      2.19	     -1.00	     -1.00	-61.09	 3.171e+01	    -10.52	0	Gaussian	9990000000.000000	9990000000.000000
164	0	1056.201909	2934.159754	     -1.00	   5983.94	   2098.01	      2.25	      2.16	     -1.00	     -1.00	78.75	 3.418e+01	    -10.52	0	Gaussian	9990000000.000000	9990000000.000000
165	0	1052.638597	2882.500978	     -1.00	   4551.99	    691.96	      2.24	      2.18	     -1.00	     -1.00	-74.96	 3.169e+01	    -10.51	0	Gaussian	9990000000.000000	9990000000.000000
166	0	1049.471496	2842.922255	     -1.00	   2568.03	    349.15	      2.27	      2.19	     -1.00	     -1.00	-73.03	 3.113e+01	    -10.51	0	Gaussian	9990000000.000000	9990000000.000000
167	0	1052.685830	2941.573069	     -1.00	   5810.97	   3431.06	      2.25	      2.13	     -1.00	     -1.00	-26.63	 3.272e+01	    -10.51	0	Gaussian	9990000000.000000	9990000000.000000
168	0	1055.492919	2989.654239	     -1.00	   2888.99	   1419.31	      2.20	      2.14	     -1.00	     -1.00	54.01	 3.304e+01	    -10.51	0	Gaussian	9990000000.000000	9990000000.000000
169	0	1051.383561	2862.765799	     -1.00	   3126.36	   3538.35	      2.24	      2.19	     -1.00	     -1.00	29.57	 3.632e+01	    -10.50	0	Gaussian	9990000000.000000	9990000000.000000
170	0	1050.458570	2812.391518	     -1.00	   4835.98	   3299.80	      2.24	      2.22	     -1.00	     -1.00	81.19	 3.088e+01	    -10.50	0	Gaussian	9990000000.000000	9990000000.000000
171	0	1053.623969	2928.032977	     -1.00	   1886.79	   3168.60	      2.20	      2.17	     -1.00	     -1.00	12.48	 3.180e+01	    -10.50	0	Gaussian	9990000000.000000	9990000000.000000
172	0	1051.662339	2945.027783	     -1.00	   5051.91	   3906.56	      2.20	      2.15	     -1.00	     -1.00	-34.60	 3.121e+01	    -10.50	0	Gaussian	9990000000.000000	9990000000.000000
173	0	1052.568654	2798.597987	     -1.00	   3656.37	   3121.87	      2.22	      2.19	     -1.00	     -1.00	-9.44	 3.059e+01	    -10.47	0	Gaussian	9990000000.000000	9990000000.000000
174	0	1053.633043	2753.357169	     -1.00	   3194.95	   1351.30	      2.23	      2.20	     -1.00	     -1.00	-54.40	 3.342e+01	    -10.46	0	Gaussian	9990000000.000000	9990000000.000000
175	0	1054.483565	2727.928989	     -1.00	   4928.56	   1804.33	      2.23	      2.21	     -1.00	     -1.00	-24.65	 3.302e+01	    -10.46	0	Gaussian	9990000000.000000	9990000000.000000
176	0	1070.524539	2817.126116	     -1.00	   5493.37	    114.55	      2.18	      2.18	     -1.00	     -1.00	-17.41	 1.058e+02	    -10.46	0	Gaussian	9990000000.000000	9990000000.000000
177	0	1052.546480	2730.626616	     -1.00	   1260.57	   2060.01	      2.23	      2.20	     -1.00	     -1.00	50.08	 3.188e+01	    -10.46	0	Gaussian	9990000000.000000	9990000000.000000
178	0	1051.751971	2818.420838	     -1.00	   3841.17	   3716.83	      2.20	      2.16	     -1.00	     -1.00	87.55	 3.166e+01	    -10.45	0	Gaussian	9990000000.000000	9990000000.000000
179	0	1064.672472	2766.648534	     -1.00	   5876.31	   2481.61	      2.23	      2.17	     -1.00	     -1.00	-29.97	 7.051e+01	    -10.45	0	Gaussian	9990000000.000000	9990000000.000000
180	0	1049.757783	2660.246555	     -1.00	   2864.18	    363.75	      2.27	      2.21	     -1.00	     -1.00	-71.50	 3.221e+01	    -10.45	0	Gaussian	9990000000.000000	9990000000.000000
181	0	1052.319933	2686.919019	     -1.00	   4997.68	   1948.25	      2.24	      2.19	     -1.00	     -1.00	-8.71	 2.996e+01	    -10.43	0	Gaussian	9990000000.000000	9990000000.000000
182	0	1051.343401	2695.998592	     -1.00	   4522.02	   2094.48	      2.24	      2.17	     -1.00	     -1.00	53.54	 3.174e+01	    -10.43	0	Gaussian	9990000000.000000	9990000000.000000
183	0	1051.575326	2680.366949	     -1.00	    199.82	   2943.45	      2.25	      2.17	     -1.00	     -1.00	33.09	 3.228e+01	    -10.42	0	Gaussian	9990000000.000000	9990000000.000000
184	0	1050.012405	2722.337783	     -1.00	   1383.95	   3142.66	      2.20	      2.17	     -1.00	     -1.00	-35.65	 3.165e+01	    -10.42	0	Gaussian	9990000000.000000	9990000000.000000
185	0	1052.698372	2681.450551	     -1.00	   5399.96	    722.93	      2.22	      2.16	     -1.00	     -1.00	6.40	 3.254e+01	    -10.41	0	Gaussian	9990000000.000000	9990000000.000000
186	0	1056.488491	2613.268134	     -1.00	   3480.94	   1521.00	      2.23	      2.18	     -1.00	     -1.00	71.73	 2.795e+01	    -10.40	0	Gaussian	9990000000.000000	9990000000.000000
187	0	1054.352850	2674.202334	     -1.00	   1749.12	   2058.58	      2.20	      2.15	     -1.00	     -1.00	28.19	 3.161e+01	    -10.39	0	Gaussian	9990000000.000000	9990000000.000000
188	0	1054.704919	2591.113727	     -1.00	   2998.97	   1286.20	      2.25	      2.18	     -1.00	     -1.00	68.84	 3.111e+01	    -10.39	0	Gaussian	9990000000.000000	9990000000.000000
189	0	1055.645273	2594.028070	     -1.00	   3329.43	   1833.86	      2.21	      2.15	     -1.00	     -1.00	-47.47	 3.544e+01	    -10.36	0	Gaussian	9990000000.000000	9990000000.000000
190	0	1052.410811	2494.646761	     -1.00	   2579.82	    748.70	      2.26	      2.19	     -1.00	     -1.00	-39.93	 3.209e+01	    -10.36	0	Gaussian	9990000000.000000	9990000000.000000
191	0	1051.120766	2527.226014	     -1.00	   4598.69	   3908.40	      2.24	      2.18	     -1.00	     -1.00	72.03	 3.099e+01	    -10.36	0	Gaussian	9990000000.000000	9990000000.000000
192	0	1052.687394	2573.916056	     -1.00	   4159.03	   2878.27	      2.24	      2.14	     -1.00	     -1.00	8.61	 3.291e+01	    -10.36	0	Gaussian	9990000000.000000	9990000000.000000
193	0	1058.799454	2640.958093	     -1.00	   2919.29	   3862.83	      2.19	      2.11	     -1.00	     -1.00	29.87	 3.181e+01	    -10.35	0	Gaussian	9990000000.000000	9990000000.000000
194	0	1051.267545	2461.161467	     -1.00	   1322.12	   1970.75	      2.24	      2.21	     -1.00	     -1.00	72.91	 3.463e+01	    -10.35	0	Gaussian	9990000000.000000	9990000000.000000
195	0	1054.453443	2507.499396	     -1.00	    463.13	    220.64	      2.23	      2.17	     -1.00	     -1.00	81.14	 3.237e+01	    -10.35	0	Gaussian	9990000000.000000	9990000000.000000
196	0	1052.279483	2477.203769	     -1.00	   1612.08	   2927.85	      2.24	      2.18	     -1.00	     -1.00	-79.68	 3.418e+01	    -10.34	0	Gaussian	9990000000.000000	9990000000.000000
197	0	1049.540079	2538.176306	     -1.00	    375.29	   2904.15	      2.20	      2.16	     -1.00	     -1.00	1.83	 3.091e+01	    -10.34	0	Gaussian	9990000000.000000	9990000000.000000
198	0	1053.930243	2482.763206	     -1.00	   2447.08	   1767.23	      2.19	      2.19	     -1.00	     -1.00	8.34	 3.264e+01	    -10.33	0	Gaussian	9990000000.000000	9990000000.000000
199	0	1055.688672	2371.498561	     -1.00	   1462.24	   1827.49	      2.26	      2.22	     -1.00	     -1.00	45.40	 3.293e+01	    -10.33	0	Gaussian	9990000000.000000	9990000000.000000
200	0	1054.094897	2450.378817	     -1.00	   2998.95	   3794.69	      2.23	      2.18	     -1.00	     -1.00	62.68	 3.208e+01	    -10.33	0	Gaussian	9990000000.000000	9990000000.000000
201	0	1050.138635	2457.295658	     -1.00	   3574.19	   2606.25	      2.23	      2.17	     -1.00	     -1.00	-10.08	 3.136e+01	    -10.32	0	Gaussian	9990000000.000000	9990000000.000000
202	0	1049.804627	2336.783402	     -1.00	   3100.22	   2131.46	      2.27	      2.23	     -1.00	     -1.00	1.92	 3.493e+01	    -10.32	0	Gaussian	9990000000.000000	9990000000.000000
203	0	1052.219782	2489.418595	     -1.00	    572.33	   1257.68	      2.18	      2.18	     -1.00	     -1.00	-11.29	 3.590e+01	    -10.31	0	Gaussian	9990000000.000000	9990000000.000000
204	0	1054.799148	2513.287610	     -1.00	   1832.30	    259.83	      2.19	      2.14	     -1.00	     -1.00	-81.98	 3.254e+01	    -10.31	0	Gaussian	9990000000.000000	9990000000.000000
205	0	1054.629867	2382.010379	     -1.00	    246.88	   1487.54	      2.26	      2.18	     -1.00	     -1.00	77.00	 3.451e+01	    -10.31	0	Gaussian	9990000000.000000	9990000000.000000
206	0	1053.099269	2383.198673	     -1.00	   1293.26	   3489.19	      2.24	      2.18	     -1.00	     -1.00	62.07	 3.345e+01	    -10.30	0	Gaussian	9990000000.000000	9990000000.000000
207	0	1050.687437	2389.721344	     -1.00	   5140.55	   2314.03	      2.20	      2.20	     -1.00	     -1.00	-66.37	 3.052e+01	    -10.30	0	Gaussian	9990000000.000000	9990000000.000000
208	0	1055.496534	2381.021327	     -1.00	   5850.41	    614.59	      2.23	      2.19	     -1.00	     -1.00	-11.92	 3.204e+01	    -10.30	0	Gaussian	9990000000.000000	9990000000.000000
209	0	1057.474315	2352.531944	     -1.00	   3537.64	   2635.93	      2.22	      2.21	     -1.00	     -1.00	76.37	 3.896e+01	    -10.29	0	Gaussian	9990000000.000000	9990000000.000000
210	0	1054.516760	2367.587887	     -1.00	   4127.60	    757.28	      2.24	      2.17	     -1.00	     -1.00	38.07	 3.281e+01	    -10.29	0	Gaussian	9990000000.000000	9990000000.000000
211	0	1055.437260	2423.799432	     -1.00	   3685.96	    444.73	      2.19	      2.16	     -1.00	     -1.00	-2.99	 3.535e+01	    -10.29	0	Gaussian	9990000000.000000	9990000000.000000
212	0	1052.766550	2308.271079	     -1.00	   3251.46	   3182.07	      2.23	      2.23	     -1.00	     -1.00	-86.34	 3.086e+01	    -10.28	0	Gaussian	9990000000.000000	9990000000.000000
213	0	1052.578007	2344.317139	     -1.00	    154.64	    216.73	      2.23	      2.19	     -1.00	     -1.00	16.10	 3.278e+01	    -10.28	0	Gaussian	9990000000.000000	9990000000.000000
214	0	1050.012580	2400.792839	     -1.00	    701.57	   1254.29	      2.19	      2.17	     -1.00	     -1.00	67.45	 3.234e+01	    -10.28	0	Gaussian	9990000000.000000	9990000000.000000
215	0	1049.985542	2298.430561	     -1.00	   1983.02	   3702.27	      2.25	      2.20	     -1.00	     -1.00	88.38	 3.540e+01	    -10.28	0	Gaussian	9990000000.000000	9990000000.000000
216	0	1053.310206	2308.854441	     -1.00	   4375.43	     83.50	      2.25	      2.19	     -1.00	     -1.00	-56.22	 3.279e+01	    -10.28	0	Gaussian	9990000000.000000	9990000000.000000
217	0	1050.752920	2316.164554	     -1.00	   1852.25	   1906.71	      2.24	      2.19	     -1.00	     -1.00	-13.63	 3.513e+01	    -10.27	0	Gaussian	9990000000.000000	9990000000.000000
218	0	1054.266784	2269.590692	     -1.00	   5250.45	   3164.66	      2.26	      2.21	     -1.00	     -1.00	-10.51	 3.386e+01	    -10.27	0	Gaussian	9990000000.000000	9990000000.000000
219	0	1054.815565	2346.301493	     -1.00	   4770.15	   3256.95	      2.19	      2.19	     -1.00	     -1.00	35.61	 3.242e+01	    -10.26	0	Gaussian	9990000000.000000	9990000000.000000
220	0	1050.007702	2256.865954	     -1.00	    583.24	    123.43	      2.29	      2.15	     -1.00	     -1.00	-73.37	 3.685e+01	    -10.25	0	Gaussian	9990000000.000000	9990000000.000000
221	0	1052.193963	2303.094108	     -1.00	   3342.39	   3440.96	      2.20	      2.19	     -1.00	     -1.00	-43.39	 3.451e+01	    -10.25	0	Gaussian	9990000000.000000	9990000000.000000
222	0	1050.729432	2252.989473	     -1.00	   3172.95	    851.08	      2.24	      2.18	     -1.00	     -1.00	-64.27	 3.129e+01	    -10.24	0	Gaussian	9990000000.000000	9990000000.000000
223	0	1054.321592	2284.884794	     -1.00	   5858.52	    764.54	      2.20	      2.19	     -1.00	     -1.00	11.25	 2.924e+01	    -10.24	0	Gaussian	9990000000.000000	9990000000.000000
224	0	1051.961802	2283.221105	     -1.00	   4518.87	   1212.08	      2.22	      2.18	     -1.00	     -1.00	48.43	 3.134e+01	    -10.24	0	Gaussian	9990000000.000000	9990000000.000000
225	0	1051.328679	2322.244983	     -1.00	   2865.30	   2119.44	      2.22	      2.14	     -1.00	     -1.00	58.03	 3.302e+01	    -10.24	0	Gaussian	9990000000.000000	9990000000.000000
226	0	1052.899804	2288.576866	     -1.00	   3650.45	   1217.79	      2.23	      2.15	     -1.00	     -1.00	-14.42	 3.322e+01	    -10.24	0	Gaussian	9990000000.000000	9990000000.000000
227	0	1048.451545	2218.726493	     -1.00	   4251.62	   1403.73	      2.25	      2.18	     -1.00	     -1.00	5.51	 3.146e+01	    -10.23	0	Gaussian	9990000000.000000	9990000000.000000
228	0	1050.955924	2171.523877	     -1.00	   5794.47	   3318.87	      2.26	      2.21	     -1.00	     -1.00	-76.51	 3.096e+01	    -10.22	0	Gaussian	9990000000.000000	9990000000.000000
229	0	1052.666606	2241.267079	     -1.00	   2586.25	    142.04	      2.19	      2.19	     -1.00	     -1.00	54.42	 3.316e+01	    -10.22	0	Gaussian	9990000000.000000	9990000000.000000
230	0	1053.169098	2130.959166	     -1.00	   1053.81	   1505.92	      2.28	      2.22	     -1.00	     -1.00	-28.17	 3.087e+01	    -10.22	0	Gaussian	9990000000.000000	9990000000.000000
231	0	1054.383173	2173.389847	     -1.00	   3986.72	   3964.12	      2.28	      2.17	     -1.00	     -1.00	-58.05	 3.225e+01	    -10.21	0	Gaussian	9990000000.000000	9990000000.000000
232	0	1055.209187	2188.620369	     -1.00	   3231.40	   2446.34	      2.26	      2.16	     -1.00	     -1.00	82.91	 3.359e+01	    -10.20	0	Gaussian	9990000000.000000	9990000000.000000
233	0	1087.152383	2347.797789	     -1.00	   4455.14	   3859.54	      2.17	      2.07	     -1.00	     -1.00	-75.26	 1.734e+02	    -10.20	0	Gaussian	9990000000.000000	9990000000.000000
234	0	1053.004748	2092.778090	     -1.00	    351.40	   2622.62	      2.33	      2.16	     -1.00	     -1.00	-46.28	 3.268e+01	    -10.19	0	Gaussian	9990000000.000000	9990000000.000000
235	0	1055.563127	2187.486742	     -1.00	   4321.83	    307.90	      2.19	      2.19	     -1.00	     -1.00	61.74	 3.212e+01	    -10.19	0	Gaussian	9990000000.000000	9990000000.000000
236	0	1051.743871	2182.643198	     -1.00	   1520.05	    371.35	      2.24	      2.15	     -1.00	     -1.00	16.19	 3.097e+01	    -10.19	0	Gaussian	9990000000.000000	9990000000.000000
237	0	1055.297407	2184.262792	     -1.00	   1017.12	    404.51	      2.20	      2.16	     -1.00	     -1.00	-42.19	 3.205e+01	    -10.18	0	Gaussian	9990000000.000000	9990000000.000000
238	0	1051.300216	2140.109438	     -1.00	   3768.78	     65.23	      2.28	      2.13	     -1.00	     -1.00	-31.10	 3.257e+01	    -10.18	0	Gaussian	9990000000.000000	9990000000.000000
239	0	1055.109040	2083.765825	     -1.00	   5881.49	   3662.73	      2.28	      2.17	     -1.00	     -1.00	-42.77	 3.122e+01	    -10.17	0	Gaussian	9990000000.000000	9990000000.000000
240	0	1049.453830	2090.724271	     -1.00	   4625.93	   2253.80	      2.27	      2.17	     -1.00	     -1.00	64.30	 3.381e+01	    -10.17	0	Gaussian	9990000000.000000	9990000000.000000
241	0	1051.737984	2026.226855	     -1.00	   2952.58	   1369.45	      2.28	      2.22	     -1.00	     -1.00	68.98	 3.268e+01	    -10.16	0	Gaussian	9990000000.000000	9990000000.000000
242	0	1051.609834	2088.902888	     -1.00	   3750.22	    847.02	      2.20	      2.20	     -1.00	     -1.00	-15.86	 3.197e+01	    -10.15	0	Gaussian	9990000000.000000	9990000000.000000
243	0	1053.947553	2029.992912	     -1.00	    601.19	   3912.15	      2.25	      2.21	     -1.00	     -1.00	10.64	 3.397e+01	    -10.15	0	Gaussian	9990000000.000000	9990000000.000000
244	0	1049.233503	2057.123423	     -1.00	    690.41	   1532.62	      2.26	      2.17	     -1.00	     -1.00	1.24	 3.191e+01	    -10.14	0	Gaussian	9990000000.000000	9990000000.000000
245	0	1054.357219	1980.672254	     -1.00	   1764.36	    383.78	      2.28	      2.23	     -1.00	     -1.00	56.91	 3.227e+01	    -10.14	0	Gaussian	9990000000.000000	9990000000.000000
246	0	1052.722707	2190.793488	     -1.00	   2347.07	   1714.35	      2.16	      2.12	     -1.00	     -1.00	84.12	 3.551e+01	    -10.14	0	Gaussian	9990000000.000000	9990000000.000000
247	0	1052.870609	2086.059165	     -1.00	   2818.49	   1379.68	      2.24	      2.14	     -1.00	     -1.00	72.55	 3.390e+01	    -10.14	0	Gaussian	9990000000.000000	9990000000.000000
248	0	1055.008694	2052.850181	     -1.00	   3392.15	   3528.64	      2.27	      2.14	     -1.00	     -1.00	16.86	 2.994e+01	    -10.14	0	Gaussian	9990000000.000000	9990000000.000000
249	0	1053.414139	1996.032873	     -1.00	    633.76	   2231.28	      2.26	      2.21	     -1.00	     -1.00	23.97	 3.405e+01	    -10.13	0	Gaussian	9990000000.000000	9990000000.000000
250	0	1055.335711	1949.101631	     -1.00	    615.06	    727.83	      2.28	      2.24	     -1.00	     -1.00	40.13	 3.213e+01	    -10.13	0	Gaussian	9990000000.000000	9990000000.000000
251	0	1050.925122	1976.849176	     -1.00	   3591.55	   2221.87	      2.27	      2.21	     -1.00	     -1.00	-45.24	 3.291e+01	    -10.13	0	Gaussian	9990000000.000000	9990000000.000000
252	0	1050.074375	1959.044676	     -1.00	   5375.33	   2661.72	      2.28	      2.22	     -1.00	     -1.00	-76.27	 3.112e+01	    -10.13	0	Gaussian	9990000000.000000	9990000000.000000
253	0	1052.892547	2023.386976	     -1.00	   4076.28	   1720.84	      2.23	      2.19	     -1.00	     -1.00	-57.06	 2.999e+01	    -10.13	0	Gaussian	9990000000.000000	9990000000.000000
254	0	1052.274501	2016.582948	     -1.00	   2738.74	   1034.95	      2.26	      2.16	     -1.00	     -1.00	-5.42	 3.328e+01	    -10.12	0	Gaussian	9990000000.000000	9990000000.000000
255	0	1050.651643	2025.324219	     -1.00	    135.97	   3070.37	      2.22	      2.19	     -1.00	     -1.00	-51.11	 3.598e+01	    -10.12	0	Gaussian	9990000000.000000	9990000000.000000
256	0	1050.882516	1939.234192	     -1.00	   2624.96	   1463.10	      2.30	      2.20	     -1.00	     -1.00	-13.59	 3.140e+01	    -10.11	0	Gaussian	9990000000.000000	9990000000.000000
257	0	1052.003558	2001.514972	     -1.00	    275.80	   3420.20	      2.24	      2.18	     -1.00	     -1.00	-23.69	 3.174e+01	    -10.11	0	Gaussian	9990000000.000000	9990000000.000000
258	0	1052.766138	2018.591582	     -1.00	   5937.69	   2092.99	      2.24	      2.16	     -1.00	     -1.00	46.25	 3.065e+01	    -10.11	0	Gaussian	9990000000.000000	9990000000.000000
259	0	1054.787593	1986.692310	     -1.00	   4258.89	    994.38	      2.23	      2.20	     -1.00	     -1.00	-24.04	 3.164e+01	    -10.11	0	Gaussian	9990000000.000000	9990000000.000000
260	0	1051.638849	1892.294013	     -1.00	   2678.60	   3531.96	      2.31	      2.22	     -1.00	     -1.00	67.24	 3.125e+01	    -10.10	0	Gaussian	9990000000.000000	9990000000.000000
261	0	1054.600807	2055.643798	     -1.00	   4017.04	   3157.68	      2.21	      2.13	     -1.00	     -1.00	24.80	 3.311e+01	    -10.10	0	Gaussian	9990000000.000000	9990000000.000000
262	0	1052.900287	2007.376181	     -1.00	   2819.69	   2839.34	      2.20	      2.17	     -1.00	     -1.00	-53.90	 3.321e+01	    -10.09	0	Gaussian	9990000000.000000	9990000000.000000
263	0	1055.160691	2038.268875	     -1.00	   1987.92	   1418.15	      2.17	      2.16	     -1.00	     -1.00	-13.67	 3.115e+01	    -10.09	0	Gaussian	9990000000.000000	9990000000.000000
264	0	1054.681056	1917.202836	     -1.00	    350.21	    659.33	      2.24	      2.22	     -1.00	     -1.00	-17.22	 3.196e+01	    -10.08	0	Gaussian	9990000000.000000	9990000000.000000
265	0	1054.151581	1969.623474	     -1.00	   1464.72	   1262.64	      2.21	      2.17	     -1.00	     -1.00	-26.65	 3.391e+01	    -10.07	0	Gaussian	9990000000.000000	9990000000.000000
266	0	1055.192905	1926.076108	     -1.00	   5641.48	   2210.67	      2.25	      2.18	     -1.00	     -1.00	-0.55	 3.174e+01	    -10.07	0	Gaussian	9990000000.000000	9990000000.000000
267	0	1050.625574	1941.017525	     -1.00	   5622.07	   1106.41	      2.21	      2.20	     -1.00	     -1.00	-58.55	 3.056e+01	    -10.07	0	Gaussian	9990000000.000000	9990000000.000000
268	0	1056.286047	1951.114754	     -1.00	   5461.07	   1615.04	      2.22	      2.17	     -1.00	     -1.00	2.46	 3.201e+01	    -10.07	0	Gaussian	9990000000.000000	9990000000.000000
269	0	1052.936402	1925.724010	     -1.00	   5478.66	   3593.76	      2.23	      2.18	     -1.00	     -1.00	89.45	 3.065e+01	    -10.06	0	Gaussian	9990000000.000000	9990000000.000000
270	0	1055.023281	1744.408435	     -1.00	   2461.92	   3976.87	      2.36	      2.27	     -1.00	     -1.00	58.75	 3.191e+01	    -10.06	0	Gaussian	9990000000.000000	9990000000.000000
271	0	1052.492609	1959.000911	     -1.00	   2596.18	    657.05	      2.25	      2.11	     -1.00	     -1.00	68.03	 3.326e+01	    -10.06	0	Gaussian	9990000000.000000	9990000000.000000
272	0	1058.134076	1996.509152	     -1.00	   2922.59	   2842.25	      2.18	      2.14	     -1.00	     -1.00	-67.29	 3.351e+01	    -10.06	0	Gaussian	9990000000.000000	9990000000.000000
273	0	1052.174272	1864.519258	     -1.00	   5027.91	   3476.97	      2.27	      2.19	     -1.00	     -1.00	38.46	 3.216e+01	    -10.06	0	Gaussian	9990000000.000000	9990000000.000000
274	0	1049.172742	1897.164859	     -1.00	   5869.18	   1032.09	      2.24	      2.18	     -1.00	     -1.00	-23.48	 3.211e+01	    -10.05	0	Gaussian	9990000000.000000	9990000000.000000
275	0	1049.171574	1871.397473	     -1.00	   4677.57	   3328.51	      2.22	      2.22	     -1.00	     -1.00	6.12	 3.158e+01	    -10.05	0	Gaussian	9990000000.000000	9990000000.000000
276	0	1050.244974	1880.588426	     -1.00	   5574.65	   2366.73	      2.25	      2.18	     -1.00	     -1.00	41.47	 3.008e+01	    -10.05	0	Gaussian	9990000000.000000	9990000000.000000
277	0	1051.127300	1845.953979	     -1.00	    454.84	   3888.96	      2.26	      2.21	     -1.00	     -1.00	7.31	 3.161e+01	    -10.05	0	Gaussian	9990000000.000000	9990000000.000000
278	0	1054.958379	1912.158598	     -1.00	   1104.09	   3022.83	      2.25	      2.15	     -1.00	     -1.00	29.37	 3.182e+01	    -10.05	0	Gaussian	9990000000.000000	9990000000.000000
279	0	1053.983869	1965.575612	     -1.00	   4815.99	   1526.16	      2.18	      2.14	     -1.00	     -1.00	70.48	 3.174e+01	    -10.05	0	Gaussian	9990000000.000000	9990000000.000000
280	0	1065.036055	1878.456014	     -1.00	   3871.62	   2608.37	      2.24	      2.19	     -1.00	     -1.00	32.60	 7.092e+01	    -10.04	0	Gaussian	9990000000.000000	9990000000.000000
281	0	1049.852824	1925.779995	     -1.00	   3165.73	   3442.62	      2.22	      2.15	     -1.00	     -1.00	-56.55	 3.390e+01	    -10.04	0	Gaussian	9990000000.000000	9990000000.000000
282	0	1052.608803	1906.026208	     -1.00	   2386.43	   1280.45	      2.19	      2.19	     -1.00	     -1.00	-22.91	 2.911e+01	    -10.04	0	Gaussian	9990000000.000000	9990000000.000000
283	0	1057.232929	1959.246896	     -1.00	   4756.20	   2594.58	      2.17	      2.15	     -1.00	     -1.00	-49.05	 3.544e+01	    -10.04	0	Gaussian	9990000000.000000	9990000000.000000
284	0	1050.557693	1949.800033	     -1.00	   5967.23	   3037.29	      2.20	      2.13	     -1.00	     -1.00	-8.58	 3.055e+01	    -10.04	0	Gaussian	9990000000.000000	9990000000.000000
285	0	1052.428688	1903.744165	     -1.00	   3058.59	   1579.71	      2.23	      2.15	     -1.00	     -1.00	79.93	 3.171e+01	    -10.04	0	Gaussian	9990000000.000000	9990000000.000000
286	0	1073.319229	1961.722325	     -1.00	   5209.83	    586.37	      2.18	      2.13	     -1.00	     -1.00	68.36	 1.012e+02	    -10.03	0	Gaussian	9990000000.000000	9990000000.000000
287	0	1053.055143	1945.980525	     -1.00	   2969.75	   2669.43	      2.20	      2.12	     -1.00	     -1.00	82.80	 3.188e+01	    -10.03	0	Gaussian	9990000000.000000	9990000000.000000
288	0	1050.028203	1760.616476	     -1.00	   2980.14	    156.10	      2.33	      2.20	     -1.00	     -1.00	69.34	 3.232e+01	    -10.02	0	Gaussian	9990000000.000000	9990000000.000000
289	0	1052.027248	1915.444105	     -1.00	   1515.35	   1922.33	      2.17	      2.17	     -1.00	     -1.00	75.72	 3.271e+01	    -10.02	0	Gaussian	9990000000.000000	9990000000.000000
290	0	1053.007295	1838.777835	     -1.00	   2424.76	   3189.05	      2.30	      2.12	     -1.00	     -1.00	5.17	 3.242e+01	    -10.02	0	Gaussian	9990000000.000000	9990000000.000000
291	0	1058.956514	1877.737124	     -1.00	   3152.36	   2997.67	      2.18	      2.18	     -1.00	     -1.00	76.60	 3.026e+01	    -10.01	0	Gaussian	9990000000.000000	9990000000.000000
292	0	1056.018368	1890.879520	     -1.00	   2147.14	   1634.88	      2.20	      2.14	     -1.00	     -1.00	-28.66	 3.216e+01	    -10.01	0	Gaussian	9990000000.000000	9990000000.000000
293	0	1053.940583	1894.840014	     -1.00	   1529.36	   1564.43	      2.22	      2.11	     -1.00	     -1.00	-19.98	 3.126e+01	    -10.01	0	Gaussian	9990000000.000000	9990000000.000000
294	0	1053.376980	1787.588944	     -1.00	   5990.44	   3729.08	      2.27	      2.19	     -1.00	     -1.00	-16.38	 3.107e+01	    -10.01	0	Gaussian	9990000000.000000	9990000000.000000
295	0	1054.986163	1957.923551	     -1.00	   2538.55	   3179.61	      2.17	      2.09	     -1.00	     -1.00	-32.60	 3.165e+01	    -10.01	0	Gaussian	9990000000.000000	9990000000.000000
296	0	1053.530605	1702.890455	     -1.00	   3051.12	   2590.56	      2.30	      2.27	     -1.00	     -1.00	-3.45	 3.239e+01	    -10.00	0	Gaussian	9990000000.000000	9990000000.000000
297	0	1052.990469	1771.558527	     -1.00	   4470.04	   1421.25	      2.24	      2.22	     -1.00	     -1.00	19.29	 3.104e+01	    -10.00	0	Gaussian	9990000000.000000	9990000000.000000
298	0	1053.189641	1824.643936	     -1.00	   1345.03	   3838.57	      2.22	      2.18	     -1.00	     -1.00	-39.90	 3.285e+01	    -10.00	0	Gaussian	9990000000.000000	9990000000.000000
299	0	1050.874096	1779.842345	     -1.00	   5830.60	    148.99	      2.24	      2.21	     -1.00	     -1.00	86.78	 3.107e+01	    -10.00	0	Gaussian	9990000000.000000	9990000000.000000
300	0	1055.789246	1718.058183	     -1.00	   4406.35	   1808.07	      2.28	      2.23	     -1.00	     -1.00	48.84	 3.106e+01	     -9.99	0	Gaussian	9990000000.000000	9990000000.000000
301	0	1050.644872	1811.950254	     -1.00	    753.00	   2508.93	      2.24	      2.15	     -1.00	     -1.00	-33.36	 3.415e+01	     -9.99	0	Gaussian	9990000000.000000	9990000000.000000
302	0	1072.084403	1829.083470	     -1.00	   3961.49	   1317.65	      2.22	      2.15	     -1.00	     -1.00	31.00	 8.958e+01	     -9.99	0	Gaussian	9990000000.000000	9990000000.000000
303	0	1048.384519	1837.779889	     -1.00	   2860.12	   1278.27	      2.21	      2.15	     -1.00	     -1.00	10.89	 3.283e+01	     -9.99	0	Gaussian	9990000000.000000	9990000000.000000
304	0	1052.507808	1775.186908	     -1.00	   3939.85	    968.26	      2.28	      2.16	     -1.00	     -1.00	6.23	 3.250e+01	     -9.99	0	Gaussian	9990000000.000000	9990000000.000000
305	0	1050.645371	1781.264108	     -1.00	   5965.97	   3217.72	      2.25	      2.17	     -1.00	     -1.00	21.20	 3.123e+01	     -9.98	0	Gaussian	9990000000.000000	9990000000.000000
306	0	1054.400895	1758.262290	     -1.00	    535.57	   2632.92	      2.27	      2.18	     -1.00	     -1.00	82.51	 3.201e+01	     -9.98	0	Gaussian	9990000000.000000	9990000000.000000
307	0	1048.870443	1846.791871	     -1.00	   4606.06	   3834.60	      2.20	      2.13	     -1.00	     -1.00	-55.59	 3.302e+01	     -9.98	0	Gaussian	9990000000.000000	9990000000.000000
308	0	1049.960845	1763.196646	     -1.00	   5810.03	   2916.47	      2.26	      2.17	     -1.00	     -1.00	-58.68	 3.248e+01	     -9.98	0	Gaussian	9990000000.000000	9990000000.000000
309	0	1049.872807	1741.888361	     -1.00	   4801.82	   2959.88	      2.28	      2.18	     -1.00	     -1.00	-58.52	 3.308e+01	     -9.98	0	Gaussian	9990000000.000000	9990000000.000000
310	0	1054.738733	1706.020455	     -1.00	   4120.05	   2860.30	      2.27	      2.22	     -1.00	     -1.00	61.95	 3.225e+01	     -9.97	0	Gaussian	9990000000.000000	9990000000.000000
311	0	1054.651139	1864.236938	     -1.00	   1140.07	    235.84	      2.16	      2.12	     -1.00	     -1.00	65.33	 3.177e+01	     -9.96	0	Gaussian	9990000000.000000	9990000000.000000
312	0	1054.556792	1749.299450	     -1.00	    665.87	   3788.50	      2.27	      2.15	     -1.00	     -1.00	86.78	 3.167e+01	     -9.96	0	Gaussian	9990000000.000000	9990000000.000000
313	0	1051.121253	1756.225439	     -1.00	   2878.91	   1775.37	      2.26	      2.15	     -1.00	     -1.00	4.60	 3.136e+01	     -9.96	0	Gaussian	9990000000.000000	9990000000.000000
314	0	1088.312446	1796.344690	     -1.00	   4458.23	   3867.07	      2.21	      2.13	     -1.00	     -1.00	-50.86	 2.045e+02	     -9.95	0	Gaussian	9990000000.000000	9990000000.000000
315	0	1052.111930	1697.920570	     -1.00	    878.70	   2804.01	      2.28	      2.18	     -1.00	     -1.00	30.77	 3.313e+01	     -9.95	0	Gaussian	9990000000.000000	9990000000.000000
316	0	1051.350655	1722.527919	     -1.00	   4322.82	   2566.80	      2.23	      2.19	     -1.00	     -1.00	22.21	 2.990e+01	     -9.95	0	Gaussian	9990000000.000000	9990000000.000000
317	0	1053.866023	1702.310732	     -1.00	   2658.18	   2748.27	      2.26	      2.18	     -1.00	     -1.00	70.41	 3.147e+01	     -9.95	0	Gaussian	9990000000.000000	9990000000.000000
318	0	1051.105979	1759.013483	     -1.00	   4172.54	   3392.95	      2.21	      2.16	     -1.00	     -1.00	-68.07	 2.963e+01	     -9.95	0	Gaussian	9990000000.000000	9990000000.000000
319	0	1050.582514	1732.205405	     -1.00	   3233.13	   1786.05	      2.24	      2.16	     -1.00	     -1.00	63.82	 3.535e+01	     -9.94	0	Gaussian	9990000000.000000	9990000000.000000
320	0	1054.838084	1654.340869	     -1.00	     80.93	   3178.07	      2.30	      2.20	     -1.00	     -1.00	-1.39	 3.430e+01	     -9.94	0	Gaussian	9990000000.000000	9990000000.000000
321	0	1052.770062	1687.494121	     -1.00	   2492.41	    208.77	      2.25	      2.20	     -1.00	     -1.00	88.57	 3.022e+01	     -9.94	0	Gaussian	9990000000.000000	9990000000.000000
322	0	1053.144077	1632.583246	     -1.00	   4413.14	    103.85	      2.30	      2.23	     -1.00	     -1.00	10.73	 3.097e+01	     -9.94	0	Gaussian	9990000000.000000	9990000000.000000
323	0	1053.737251	1774.712442	     -1.00	   5121.01	    830.73	      2.24	      2.10	     -1.00	     -1.00	-50.49	 3.161e+01	     -9.94	0	Gaussian	9990000000.000000	9990000000.000000
324	0	1055.431151	1724.348226	     -1.00	   2333.98	    241.47	      2.27	      2.13	     -1.00	     -1.00	89.18	 3.472e+01	     -9.94	0	Gaussian	9990000000.000000	9990000000.000000
325	0	1051.109002	1708.254007	     -1.00	    216.54	    898.31	      2.25	      2.15	     -1.00	     -1.00	52.20	 3.656e+01	     -9.93	0	Gaussian	9990000000.000000	9990000000.000000
326	0	1054.728997	1629.069073	     -1.00	    874.38	   3453.07	      2.30	      2.21	     -1.00	     -1.00	73.41	 3.191e+01	     -9.93	0	Gaussian	9990000000.000000	9990000000.000000
327	0	1082.955391	1769.103714	     -1.00	   4485.60	   2244.03	      2.15	      2.15	     -1.00	     -1.00	49.24	 1.483e+02	     -9.92	0	Gaussian	9990000000.000000	9990000000.000000
328	0	1054.135393	1636.491660	     -1.00	   4397.90	    656.63	      2.23	      2.23	     -1.00	     -1.00	-33.27	 3.044e+01	     -9.92	0	Gaussian	9990000000.000000	9990000000.000000
329	0	1051.558991	1760.209371	     -1.00	   3310.19	    165.20	      2.17	      2.13	     -1.00	     -1.00	88.04	 3.199e+01	     -9.91	0	Gaussian	9990000000.000000	9990000000.000000
330	0	1056.079227	1735.444433	     -1.00	   5762.81	    677.40	      2.18	      2.14	     -1.00	     -1.00	9.45	 3.403e+01	     -9.91	0	Gaussian	9990000000.000000	9990000000.000000
331	0	1051.826919	1639.068494	     -1.00	    340.73	    344.11	      2.31	      2.13	     -1.00	     -1.00	-63.18	 3.231e+01	     -9.90	0	Gaussian	9990000000.000000	9990000000.000000
332	0	1049.831967	1602.269580	     -1.00	   1569.74	   1916.86	      2.27	      2.19	     -1.00	     -1.00	86.89	 3.439e+01	     -9.89	0	Gaussian	9990000000.000000	9990000000.000000
333	0	1054.055089	1751.664553	     -1.00	    924.63	   2776.42	      2.16	      2.10	     -1.00	     -1.00	-56.54	 3.285e+01	     -9.88	0	Gaussian	9990000000.000000	9990000000.000000
334	0	1053.314916	1646.592315	     -1.00	   4279.49	    964.23	      2.21	      2.18	     -1.00	     -1.00	-78.61	 3.023e+01	     -9.88	0	Gaussian	9990000000.000000	9990000000.000000
335	0	1052.330303	1552.517159	     -1.00	   1820.41	   1251.12	      2.27	      2.25	     -1.00	     -1.00	-6.05	 3.200e+01	     -9.88	0	Gaussian	9990000000.000000	9990000000.000000
336	0	1051.509077	1562.471452	     -1.00	   1914.99	   2706.49	      2.25	      2.25	     -1.00	     -1.00	41.70	 3.226e+01	     -9.88	0	Gaussian	9990000000.000000	9990000000.000000
337	0	1053.785035	1602.904924	     -1.00	   4393.14	   3158.00	      2.26	      2.18	     -1.00	     -1.00	-15.01	 3.255e+01	     -9.88	0	Gaussian	9990000000.000000	9990000000.000000
338	0	1054.101721	1597.786779	     -1.00	   5490.25	    467.44	      2.22	      2.20	     -1.00	     -1.00	12.26	 3.034e+01	     -9.86	0	Gaussian	9990000000.000000	9990000000.000000
339	0	1053.767272	1632.121452	     -1.00	   1662.97	    748.41	      2.23	      2.14	     -1.00	     -1.00	0.38	 2.988e+01	     -9.86	0	Gaussian	9990000000.000000	9990000000.000000
340	0	1050.728689	1636.626827	     -1.00	   1594.49	   3674.03	      2.23	      2.12	     -1.00	     -1.00	1.58	 3.151e+01	     -9.86	0	Gaussian	9990000000.000000	9990000000.000000
341	0	1051.275529	1533.531995	     -1.00	   1960.23	   1672.89	      2.27	      2.22	     -1.00	     -1.00	-22.71	 3.170e+01	     -9.85	0	Gaussian	9990000000.000000	9990000000.000000
342	0	1052.893676	1655.442422	     -1.00	    754.82	   3736.49	      2.19	      2.13	     -1.00	     -1.00	-5.35	 3.459e+01	     -9.85	0	Gaussian	9990000000.000000	9990000000.000000
343	0	1052.300565	1568.139682	     -1.00	   4779.49	    820.97	      2.25	      2.18	     -1.00	     -1.00	-12.46	 3.338e+01	     -9.85	0	Gaussian	9990000000.000000	9990000000.000000
344	0	1051.023965	1560.214697	     -1.00	   1933.12	   1645.09	      2.22	      2.22	     -1.00	     -1.00	68.31	 3.192e+01	     -9.85	0	Gaussian	9990000000.000000	9990000000.000000
345	0	1055.264540	1672.298221	     -1.00	    895.19	     89.04	      2.21	      2.08	     -1.00	     -1.00	-33.77	 3.415e+01	     -9.85	0	Gaussian	9990000000.000000	9990000000.000000
346	0	1051.384486	1473.115785	     -1.00	    322.90	   3678.10	      2.30	      2.26	     -1.00	     -1.00	70.50	 3.309e+01	     -9.85	0	Gaussian	9990000000.000000	9990000000.000000
347	0	1053.031985	1553.460339	     -1.00	   1590.81	    266.31	      2.26	      2.18	     -1.00	     -1.00	50.30	 3.377e+01	     -9.84	0	Gaussian	9990000000.000000	9990000000.000000
348	0	1051.392379	1561.337740	     -1.00	    660.91	   3183.68	      2.23	      2.20	     -1.00	     -1.00	3.73	 3.263e+01	     -9.84	0	Gaussian	9990000000.000000	9990000000.000000
349	0	1053.490810	1569.223390	     -1.00	   5541.08	   2601.81	      2.22	      2.18	     -1.00	     -1.00	-6.39	 3.141e+01	     -9.84	0	Gaussian	9990000000.000000	9990000000.000000
350	0	1055.867372	1581.615700	     -1.00	   3460.99	   3675.75	      2.19	      2.19	     -1.00	     -1.00	-36.02	 3.103e+01	     -9.83	0	Gaussian	9990000000.000000	9990000000.000000
351	0	1053.659965	1618.431822	     -1.00	   2635.91	    551.10	      2.19	      2.12	     -1.00	     -1.00	9.17	 2.981e+01	     -9.82	0	Gaussian	9990000000.000000	9990000000.000000
352	0	1052.514104	1565.080271	     -1.00	    824.55	   3568.94	      2.25	      2.13	     -1.00	     -1.00	-68.04	 3.101e+01	     -9.82	0	Gaussian	9990000000.000000	9990000000.000000
353	0	1051.510843	1579.120692	     -1.00	   3726.65	   1806.78	      2.24	      2.12	     -1.00	     -1.00	-17.50	 3.156e+01	     -9.82	0	Gaussian	9990000000.000000	9990000000.000000
354	0	1052.216531	1462.825723	     -1.00	   2125.88	    599.77	      2.26	      2.25	     -1.00	     -1.00	85.99	 3.153e+01	     -9.82	0	Gaussian	9990000000.000000	9990000000.000000
355	0	1054.310383	1553.832032	     -1.00	   3269.23	   2209.43	      2.24	      2.14	     -1.00	     -1.00	78.05	 3.212e+01	     -9.81	0	Gaussian	9990000000.000000	9990000000.000000
356	0	1051.566443	1547.575213	     -1.00	   5330.32	   1616.21	      2.27	      2.12	     -1.00	     -1.00	80.71	 3.232e+01	     -9.81	0	Gaussian	9990000000.000000	9990000000.000000
357	0	1052.779805	1447.048598	     -1.00	    491.59	   1975.73	      2.33	      2.20	     -1.00	     -1.00	14.08	 3.289e+01	     -9.81	0	Gaussian	9990000000.000000	9990000000.000000
358	0	1053.142391	1488.393984	     -1.00	   5400.88	   2945.29	      2.26	      2.20	     -1.00	     -1.00	-35.21	 3.211e+01	     -9.81	0	Gaussian	9990000000.000000	9990000000.000000
359	0	1052.187274	1573.613192	     -1.00	   1299.32	    568.83	      2.17	      2.17	     -1.00	     -1.00	54.79	 3.083e+01	     -9.81	0	Gaussian	9990000000.000000	9990000000.000000
360	0	1053.260156	1507.682614	     -1.00	   2878.70	   2398.11	      2.26	      2.16	     -1.00	     -1.00	-77.99	 3.130e+01	     -9.80	0	Gaussian	9990000000.000000	9990000000.000000
361	0	1056.397901	1544.945375	     -1.00	    610.98	   2062.63	      2.22	      2.15	     -1.00	     -1.00	10.39	 3.198e+01	     -9.80	0	Gaussian	9990000000.000000	9990000000.000000
362	0	1051.286146	1640.030801	     -1.00	   1691.58	   2307.27	      2.12	      2.12	     -1.00	     -1.00	-30.63	 2.982e+01	     -9.80	0	Gaussian	9990000000.000000	9990000000.000000
363	0	1052.316118	1492.898531	     -1.00	   1130.81	   1054.24	      2.28	      2.15	     -1.00	     -1.00	29.13	 3.572e+01	     -9.80	0	Gaussian	9990000000.000000	9990000000.000000
364	0	1053.467131	1505.916680	     -1.00	   1063.92	   1988.12	      2.22	      2.18	     -1.00	     -1.00	-3.70	 3.085e+01	     -9.80	0	Gaussian	9990000000.000000	9990000000.000000
365	0	1057.702446	1484.602625	     -1.00	   3041.12	   3105.79	      2.28	      2.16	     -1.00	     -1.00	-57.51	 3.534e+01	     -9.79	0	Gaussian	9990000000.000000	9990000000.000000
366	0	1066.708910	1608.614245	     -1.00	   1240.17	   2241.12	      2.15	      2.10	     -1.00	     -1.00	52.03	 8.141e+01	     -9.79	0	Gaussian	9990000000.000000	9990000000.000000
367	0	1053.115107	1561.467914	     -1.00	   1296.31	   2007.86	      2.21	      2.11	     -1.00	     -1.00	-68.07	 3.126e+01	     -9.79	0	Gaussian	9990000000.000000	9990000000.000000
368	0	1049.984406	1533.554636	     -1.00	   4800.65	   2828.10	      2.20	      2.15	     -1.00	     -1.00	51.16	 2.917e+01	     -9.79	0	Gaussian	9990000000.000000	9990000000.000000
369	0	1054.077116	1511.758930	     -1.00	   2220.16	     60.04	      2.21	      2.16	     -1.00	     -1.00	-52.95	 3.134e+01	     -9.79	0	Gaussian	9990000000.000000	9990000000.000000
370	0	1051.931111	1468.629775	     -1.00	   3020.03	   3458.92	      2.26	      2.18	     -1.00	     -1.00	45.45	 3.326e+01	     -9.78	0	Gaussian	9990000000.000000	9990000000.000000
371	0	1053.769363	1433.247036	     -1.00	    746.54	   2488.92	      2.30	      2.19	     -1.00	     -1.00	-14.68	 3.387e+01	     -9.78	0	Gaussian	9990000000.000000	9990000000.000000
372	0	1053.485411	1426.723789	     -1.00	   4790.71	   2112.77	      2.28	      2.22	     -1.00	     -1.00	9.78	 3.313e+01	     -9.78	0	Gaussian	9990000000.000000	9990000000.000000
373	0	1056.758022	1425.455215	     -1.00	   1601.44	   2645.02	      2.24	      2.24	     -1.00	     -1.00	2.78	 3.354e+01	     -9.78	0	Gaussian	9990000000.000000	9990000000.000000
374	0	1054.210486	1497.652160	     -1.00	   1785.52	   3802.24	      2.21	      2.17	     -1.00	     -1.00	-17.48	 3.329e+01	     -9.77	0	Gaussian	9990000000.000000	9990000000.000000
375	0	1052.474280	1502.584084	     -1.00	   1443.22	    926.59	      2.22	      2.14	     -1.00	     -1.00	-17.72	 3.212e+01	     -9.77	0	Gaussian	9990000000.000000	9990000000.000000
376	0	1052.422032	1474.000440	     -1.00	   1457.26	   1476.08	      2.21	      2.19	     -1.00	     -1.00	-61.32	 3.239e+01	     -9.77	0	Gaussian	9990000000.000000	9990000000.000000
377	0	1051.884134	1440.001787	     -1.00	   3711.63	   3775.69	      2.29	      2.17	     -1.00	     -1.00	26.17	 3.478e+01	     -9.77	0	Gaussian	9990000000.000000	9990000000.000000
378	0	1057.985850	1450.168725	     -1.00	   3088.99	   1460.21	      2.28	      2.15	     -1.00	     -1.00	-81.93	 3.291e+01	     -9.77	0	Gaussian	9990000000.000000	9990000000.000000
379	0	1052.739211	1462.929976	     -1.00	   3027.23	   3304.64	      2.23	      2.17	     -1.00	     -1.00	30.93	 2.898e+01	     -9.76	0	Gaussian	9990000000.000000	9990000000.000000
380	0	1053.598244	1527.318749	     -1.00	   3735.53	   3515.22	      2.17	      2.13	     -1.00	     -1.00	-13.52	 3.334e+01	     -9.76	0	Gaussian	9990000000.000000	9990000000.000000
381	0	1050.113027	1428.796200	     -1.00	     89.79	   3884.74	      2.26	      2.19	     -1.00	     -1.00	72.64	 3.230e+01	     -9.76	0	Gaussian	9990000000.000000	9990000000.000000
382	0	1057.447797	1475.059733	     -1.00	   1889.32	   1016.93	      2.21	      2.15	     -1.00	     -1.00	85.95	 3.348e+01	     -9.75	0	Gaussian	9990000000.000000	9990000000.000000
383	0	1052.814623	1471.761324	     -1.00	    401.47	   3172.84	      2.18	      2.18	     -1.00	     -1.00	-38.42	 3.352e+01	     -9.75	0	Gaussian	9990000000.000000	9990000000.000000
384	0	1052.295790	1363.694450	     -1.00	   5253.95	   3381.20	      2.26	      2.26	     -1.00	     -1.00	51.27	 3.373e+01	     -9.74	0	Gaussian	9990000000.000000	9990000000.000000
385	0	1052.157922	1451.443357	     -1.00	   2813.82	   3900.44	      2.22	      2.17	     -1.00	     -1.00	-6.64	 3.436e+01	     -9.74	0	Gaussian	9990000000.000000	9990000000.000000
386	0	1049.501582	1378.227343	     -1.00	   2618.83	   2865.89	      2.32	      2.18	     -1.00	     -1.00	77.51	 3.140e+01	     -9.74	0	Gaussian	9990000000.000000	9990000000.000000
387	0	1051.501868	1451.241198	     -1.00	   1775.16	   3480.53	      2.20	      2.17	     -1.00	     -1.00	89.38	 3.344e+01	     -9.74	0	Gaussian	9990000000.000000	9990000000.000000
388	0	1054.788020	1422.899981	     -1.00	   3828.96	    387.88	      2.21	      2.19	     -1.00	     -1.00	85.14	 3.379e+01	     -9.73	0	Gaussian	9990000000.000000	9990000000.000000
389	0	1051.915365	1356.193908	     -1.00	    217.34	    176.08	      2.30	      2.18	     -1.00	     -1.00	-73.37	 3.355e+01	     -9.72	0	Gaussian	9990000000.000000	9990000000.000000
390	0	1053.413694	1380.757742	     -1.00	   4641.98	   2602.30	      2.28	      2.17	     -1.00	     -1.00	6.39	 3.285e+01	     -9.72	0	Gaussian	9990000000.000000	9990000000.000000
391	0	1050.963304	1327.344297	     -1.00	   1899.89	    134.58	      2.28	      2.23	     -1.00	     -1.00	-32.77	 3.070e+01	     -9.71	0	Gaussian	9990000000.000000	9990000000.000000
392	0	1059.183064	1413.895169	     -1.00	   3465.61	   3398.93	      2.22	      2.14	     -1.00	     -1.00	-39.92	 3.396e+01	     -9.70	0	Gaussian	9990000000.000000	9990000000.000000
393	0	1054.485931	1418.357322	     -1.00	   5688.95	   1183.29	      2.16	      2.16	     -1.00	     -1.00	-43.70	 3.221e+01	     -9.69	0	Gaussian	9990000000.000000	9990000000.000000
