
*** PLPLOT ERROR, ABORTING OPERATION ***
plInitDispatchTable: Could not open drivers directory, aborting operation

> WARNING: default.psfex not found, using internal defaults

[1M> 
[1A----- PSFEx 3.21.1 started on 2026-08-13 at 16:41:40 with 1 thread

[1M> 
[1A----- 3 input catalogues:
g_00001.cat         :  "no ident        "    1 extension   19171 detections
g_00005.cat         :  "no ident        "    1 extension   19122 detections
g_00009.cat         :  "no ident        "    1 extension   18991 detections

[1M> Initializing contexts...
[1A[1M> Computing optimum PSF sampling steps...
[1A[1M> Reading data from g_00001...
[1A[1M> Computing final PSF model for g_00001...
[1A[1M> Reading data from g_00005...
[1A[1M> Computing final PSF model for g_00005...
[1A[1M> Reading data from g_00009...
[1A[1M> Computing final PSF model for g_00009...
[1A[7m   filename      [ext] accepted/total samp. chi2/dof FWHM ellip. resi. asym.[0m
[1M> Computing diagnostics for g_00001...
[1Ag_00001                   2053/2275    0.49   1.49   2.06  0.07  0.07  0.10
[1M> Plotting source selection diagrams...
[1A[1M> Computing diagnostics for g_00005...
[1Ag_00005                   2165/2391    0.51   1.44   2.10  0.12  0.07  0.05
[1M> Plotting source selection diagrams...
[1A[1M> Computing diagnostics for g_00009...
[1Ag_00009                   2175/2414    0.53   1.37   2.12  0.16  0.09  0.09
[1M> Plotting source selection diagrams...
[1A[1M> Saving PSF model and metadata for g_00001...
[1A[1M> Plotting PSF maps...
[1A[1M> Saving PSF model and metadata for g_00005...
[1A[1M> Plotting PSF maps...
[1A[1M> Saving PSF model and metadata for g_00009...
[1A[1M> Plotting PSF maps...
[1A[1M> Writing XML file...
[1A[1M> 
[1A> All done (in 62.0 s)
