# 393 stars found using the following parameters:
# sigma=1.00 roundness=0.50 radius=5 relax=0 profile=0 minbeta=1.5 max_stars=0 layer=0 minA=0.00 maxA=0.00 maxR=1.00
# star#	layer	B	A	beta	X	Y	FWHMx [px]	FWHMy [px]	FWHMx ["]	FWHMy ["]	angle	RMSE	mag	Sat	Profile	RA	Dec
1	0	1052.672775	27646.782030	     -1.00	   2426.00	    718.67	      2.21	      2.19	     -1.00	     -1.00	8.42	 3.992e+01	    -12.95	1	Gaussian	9990000000.000000	9990000000.000000
2	0	1047.088704	26009.469910	     -1.00	   4745.10	     54.61	      2.22	      2.20	     -1.00	     -1.00	-65.21	 3.879e+01	    -12.89	1	Gaussian	9990000000.000000	9990000000.000000
3	0	1053.744347	25384.884406	     -1.00	   2888.55	    706.02	      2.21	      2.20	     -1.00	     -1.00	89.93	 3.506e+01	    -12.86	1	Gaussian	9990000000.000000	9990000000.000000
4	0	1050.057570	24887.571312	     -1.00	    464.38	   2679.12	      2.21	      2.20	     -1.00	     -1.00	59.83	 3.721e+01	    -12.84	1	Gaussian	9990000000.000000	9990000000.000000
5	0	1056.097302	24796.597955	     -1.00	   5628.24	    530.03	      2.21	      2.21	     -1.00	     -1.00	84.61	 3.708e+01	    -12.84	1	Gaussian	9990000000.000000	9990000000.000000
6	0	1053.062326	23519.104344	     -1.00	    394.88	    821.98	      2.23	      2.21	     -1.00	     -1.00	-31.07	 3.752e+01	    -12.79	0	Gaussian	9990000000.000000	9990000000.000000
7	0	1053.366760	22490.154953	     -1.00	   4749.17	   3717.30	      2.21	      2.21	     -1.00	     -1.00	35.47	 3.816e+01	    -12.74	0	Gaussian	9990000000.000000	9990000000.000000
8	0	1053.196484	20526.562020	     -1.00	   3496.48	   2900.39	      2.21	      2.21	     -1.00	     -1.00	33.68	 3.496e+01	    -12.64	0	Gaussian	9990000000.000000	9990000000.000000
9	0	1048.351095	20441.128143	     -1.00	   4640.44	    383.47	      2.22	      2.21	     -1.00	     -1.00	-39.03	 3.447e+01	    -12.64	0	Gaussian	9990000000.000000	9990000000.000000
10	0	1053.327155	17951.914242	     -1.00	   2938.05	    902.33	      2.21	      2.19	     -1.00	     -1.00	-26.72	 3.652e+01	    -12.49	0	Gaussian	9990000000.000000	9990000000.000000
11	0	1055.707894	17283.123919	     -1.00	   2461.87	   2011.91	      2.21	      2.20	     -1.00	     -1.00	-42.86	 3.539e+01	    -12.45	0	Gaussian	9990000000.000000	9990000000.000000
12	0	1050.647402	16260.348351	     -1.00	   2309.12	    828.73	      2.21	      2.21	     -1.00	     -1.00	-21.14	 3.352e+01	    -12.39	0	Gaussian	9990000000.000000	9990000000.000000
13	0	1052.863039	16190.454905	     -1.00	     92.09	   1587.36	      2.22	      2.20	     -1.00	     -1.00	-85.36	 3.181e+01	    -12.38	0	Gaussian	9990000000.000000	9990000000.000000
14	0	1054.044489	16047.590967	     -1.00	   5615.03	   3579.41	      2.22	      2.21	     -1.00	     -1.00	87.51	 3.508e+01	    -12.37	0	Gaussian	9990000000.000000	9990000000.000000
15	0	1053.019090	15924.842255	     -1.00	   2331.54	    340.20	      2.21	      2.20	     -1.00	     -1.00	21.72	 3.365e+01	    -12.36	0	Gaussian	9990000000.000000	9990000000.000000
16	0	1053.421218	15837.939112	     -1.00	   4658.67	   1205.74	      2.21	      2.20	     -1.00	     -1.00	-29.15	 3.721e+01	    -12.36	0	Gaussian	9990000000.000000	9990000000.000000
17	0	1059.816278	15021.596313	     -1.00	   4469.98	    679.94	      2.22	      2.20	     -1.00	     -1.00	14.26	 5.443e+01	    -12.30	0	Gaussian	9990000000.000000	9990000000.000000
18	0	1054.411103	14767.905605	     -1.00	    590.84	   1777.12	      2.22	      2.19	     -1.00	     -1.00	-68.31	 3.485e+01	    -12.27	0	Gaussian	9990000000.000000	9990000000.000000
19	0	1051.761648	13653.925655	     -1.00	   3839.29	   2245.22	      2.21	      2.21	     -1.00	     -1.00	52.41	 3.472e+01	    -12.20	0	Gaussian	9990000000.000000	9990000000.000000
20	0	1050.419937	13662.595053	     -1.00	   1043.34	   2239.55	      2.21	      2.21	     -1.00	     -1.00	-63.20	 3.258e+01	    -12.20	0	Gaussian	9990000000.000000	9990000000.000000
21	0	1052.176042	13837.490544	     -1.00	   5836.76	   1543.26	      2.20	      2.20	     -1.00	     -1.00	-14.18	 3.612e+01	    -12.20	0	Gaussian	9990000000.000000	9990000000.000000
22	0	1053.164565	13754.051865	     -1.00	   2913.01	   2763.41	      2.20	      2.19	     -1.00	     -1.00	18.26	 3.541e+01	    -12.19	0	Gaussian	9990000000.000000	9990000000.000000
23	0	1052.371575	13642.567523	     -1.00	   3560.95	   1715.87	      2.21	      2.20	     -1.00	     -1.00	62.40	 3.695e+01	    -12.19	0	Gaussian	9990000000.000000	9990000000.000000
24	0	1056.045793	13133.104789	     -1.00	   3753.02	   1039.38	      2.22	      2.21	     -1.00	     -1.00	55.48	 3.455e+01	    -12.16	0	Gaussian	9990000000.000000	9990000000.000000
25	0	1053.816129	12328.714834	     -1.00	   5357.74	   3337.60	      2.22	      2.19	     -1.00	     -1.00	-23.93	 3.427e+01	    -12.08	0	Gaussian	9990000000.000000	9990000000.000000
26	0	1049.533734	12295.970607	     -1.00	   5418.40	   1355.91	      2.21	      2.20	     -1.00	     -1.00	-48.73	 3.479e+01	    -12.07	0	Gaussian	9990000000.000000	9990000000.000000
27	0	1051.242252	12100.244104	     -1.00	   4509.20	   2593.43	      2.20	      2.20	     -1.00	     -1.00	13.95	 3.767e+01	    -12.06	0	Gaussian	9990000000.000000	9990000000.000000
28	0	1052.331626	12011.174895	     -1.00	   4077.70	   2321.28	      2.20	      2.20	     -1.00	     -1.00	-59.69	 3.416e+01	    -12.05	0	Gaussian	9990000000.000000	9990000000.000000
29	0	1053.849572	11993.876984	     -1.00	   4909.57	   1712.81	      2.19	      2.19	     -1.00	     -1.00	43.26	 3.406e+01	    -12.04	0	Gaussian	9990000000.000000	9990000000.000000
30	0	1053.827418	11660.193416	     -1.00	   1714.07	   1207.35	      2.22	      2.20	     -1.00	     -1.00	-82.76	 3.836e+01	    -12.02	0	Gaussian	9990000000.000000	9990000000.000000
31	0	1051.545983	10852.734664	     -1.00	    507.58	   2369.27	      2.22	      2.19	     -1.00	     -1.00	71.66	 3.369e+01	    -11.94	0	Gaussian	9990000000.000000	9990000000.000000
32	0	1056.901430	10826.675628	     -1.00	   3024.04	   1607.36	      2.20	      2.18	     -1.00	     -1.00	69.46	 3.322e+01	    -11.92	0	Gaussian	9990000000.000000	9990000000.000000
33	0	1051.957489	10514.080791	     -1.00	   2211.00	   3254.70	      2.22	      2.20	     -1.00	     -1.00	-0.33	 3.352e+01	    -11.91	0	Gaussian	9990000000.000000	9990000000.000000
34	0	1054.874608	10523.634512	     -1.00	   2427.79	    835.17	      2.19	      2.19	     -1.00	     -1.00	-76.69	 3.530e+01	    -11.90	0	Gaussian	9990000000.000000	9990000000.000000
35	0	1050.499732	10010.688965	     -1.00	    852.09	   3995.72	      2.22	      2.20	     -1.00	     -1.00	-60.91	 3.448e+01	    -11.86	0	Gaussian	9990000000.000000	9990000000.000000
36	0	1053.654701	9627.860622	     -1.00	   4406.73	   2828.42	      2.21	      2.21	     -1.00	     -1.00	8.75	 3.610e+01	    -11.82	0	Gaussian	9990000000.000000	9990000000.000000
37	0	1052.733617	8937.050327	     -1.00	   3256.11	   2838.02	      2.20	      2.19	     -1.00	     -1.00	19.43	 3.276e+01	    -11.72	0	Gaussian	9990000000.000000	9990000000.000000
38	0	1053.190138	8846.708437	     -1.00	   2069.56	   1441.38	      2.22	      2.18	     -1.00	     -1.00	71.90	 3.434e+01	    -11.71	0	Gaussian	9990000000.000000	9990000000.000000
39	0	1049.696398	8843.292115	     -1.00	   5858.77	    712.19	      2.20	      2.19	     -1.00	     -1.00	1.48	 3.646e+01	    -11.71	0	Gaussian	9990000000.000000	9990000000.000000
40	0	1054.199186	8738.069363	     -1.00	    333.51	    497.42	      2.21	      2.21	     -1.00	     -1.00	-4.65	 3.365e+01	    -11.71	0	Gaussian	9990000000.000000	9990000000.000000
41	0	1050.531908	8706.575401	     -1.00	    589.46	    361.36	      2.22	      2.19	     -1.00	     -1.00	-67.93	 3.125e+01	    -11.70	0	Gaussian	9990000000.000000	9990000000.000000
42	0	1050.718079	8492.333333	     -1.00	   1416.73	   2233.18	      2.23	      2.21	     -1.00	     -1.00	-12.08	 3.135e+01	    -11.69	0	Gaussian	9990000000.000000	9990000000.000000
43	0	1053.376099	8341.466823	     -1.00	   5335.98	   3963.03	      2.22	      2.21	     -1.00	     -1.00	-60.97	 3.614e+01	    -11.67	0	Gaussian	9990000000.000000	9990000000.000000
44	0	1055.439215	8240.874233	     -1.00	   1076.25	    382.51	      2.23	      2.19	     -1.00	     -1.00	36.39	 3.335e+01	    -11.65	0	Gaussian	9990000000.000000	9990000000.000000
45	0	1050.803341	8123.815976	     -1.00	   5645.47	   2339.23	      2.24	      2.20	     -1.00	     -1.00	20.79	 3.398e+01	    -11.64	0	Gaussian	9990000000.000000	9990000000.000000
46	0	1053.407749	8057.546842	     -1.00	    697.89	   2948.30	      2.25	      2.20	     -1.00	     -1.00	75.98	 3.642e+01	    -11.64	0	Gaussian	9990000000.000000	9990000000.000000
47	0	1055.809345	8134.398047	     -1.00	   5896.52	   1589.03	      2.19	      2.18	     -1.00	     -1.00	-64.91	 3.173e+01	    -11.61	0	Gaussian	9990000000.000000	9990000000.000000
48	0	1052.203412	8006.812494	     -1.00	    619.25	    155.02	      2.21	      2.19	     -1.00	     -1.00	52.92	 3.184e+01	    -11.61	0	Gaussian	9990000000.000000	9990000000.000000
49	0	1051.369331	7779.136886	     -1.00	   1255.87	    134.10	      2.22	      2.20	     -1.00	     -1.00	-54.86	 3.341e+01	    -11.59	0	Gaussian	9990000000.000000	9990000000.000000
50	0	1058.947543	7479.240395	     -1.00	   2300.04	   3004.31	      2.28	      2.18	     -1.00	     -1.00	55.86	 5.137e+01	    -11.56	0	Gaussian	9990000000.000000	9990000000.000000
51	0	1055.786244	7799.536669	     -1.00	   3697.75	   3101.15	      2.20	      2.17	     -1.00	     -1.00	49.31	 3.343e+01	    -11.56	0	Gaussian	9990000000.000000	9990000000.000000
52	0	1053.319127	7719.448532	     -1.00	    418.85	   2374.54	      2.18	      2.18	     -1.00	     -1.00	-5.09	 3.357e+01	    -11.55	0	Gaussian	9990000000.000000	9990000000.000000
53	0	1053.329651	7501.472746	     -1.00	   2867.35	    613.91	      2.19	      2.19	     -1.00	     -1.00	81.93	 3.356e+01	    -11.53	0	Gaussian	9990000000.000000	9990000000.000000
54	0	1050.713322	7313.138322	     -1.00	   1603.85	   1980.26	      2.21	      2.21	     -1.00	     -1.00	28.83	 2.832e+01	    -11.52	0	Gaussian	9990000000.000000	9990000000.000000
55	0	1051.823863	7200.350961	     -1.00	   2370.48	   2274.80	      2.21	      2.21	     -1.00	     -1.00	10.18	 3.228e+01	    -11.50	0	Gaussian	9990000000.000000	9990000000.000000
56	0	1051.137200	7211.220514	     -1.00	   4047.14	   3724.39	      2.21	      2.18	     -1.00	     -1.00	55.16	 3.029e+01	    -11.49	0	Gaussian	9990000000.000000	9990000000.000000
57	0	1049.652802	6946.503675	     -1.00	   5647.42	   1757.24	      2.22	      2.19	     -1.00	     -1.00	60.23	 3.360e+01	    -11.46	0	Gaussian	9990000000.000000	9990000000.000000
58	0	1051.144911	6744.556838	     -1.00	   5642.15	   1346.81	      2.25	      2.20	     -1.00	     -1.00	71.99	 3.507e+01	    -11.44	0	Gaussian	9990000000.000000	9990000000.000000
59	0	1053.798038	6710.485626	     -1.00	    457.74	   1119.52	      2.24	      2.19	     -1.00	     -1.00	-11.57	 3.322e+01	    -11.43	0	Gaussian	9990000000.000000	9990000000.000000
60	0	1051.487744	6741.166505	     -1.00	   1833.80	    626.14	      2.21	      2.20	     -1.00	     -1.00	72.95	 3.286e+01	    -11.42	0	Gaussian	9990000000.000000	9990000000.000000
61	0	1054.145461	6680.242664	     -1.00	   3801.42	   2811.62	      2.23	      2.19	     -1.00	     -1.00	-79.49	 3.548e+01	    -11.42	0	Gaussian	9990000000.000000	9990000000.000000
62	0	1053.818240	6646.109669	     -1.00	   3053.92	   1015.03	      2.22	      2.19	     -1.00	     -1.00	69.81	 3.578e+01	    -11.41	0	Gaussian	9990000000.000000	9990000000.000000
63	0	1053.745332	6551.188239	     -1.00	   1696.41	    671.51	      2.23	      2.19	     -1.00	     -1.00	8.65	 3.430e+01	    -11.40	0	Gaussian	9990000000.000000	9990000000.000000
64	0	1051.330967	6572.685671	     -1.00	   5330.30	   2622.09	      2.21	      2.18	     -1.00	     -1.00	-41.66	 3.457e+01	    -11.39	0	Gaussian	9990000000.000000	9990000000.000000
65	0	1052.069554	6204.220937	     -1.00	   3204.17	   2866.11	      2.24	      2.18	     -1.00	     -1.00	55.50	 3.364e+01	    -11.34	0	Gaussian	9990000000.000000	9990000000.000000
66	0	1051.528957	6096.112388	     -1.00	   4837.40	    405.92	      2.21	      2.20	     -1.00	     -1.00	17.10	 3.319e+01	    -11.31	0	Gaussian	9990000000.000000	9990000000.000000
67	0	1051.218113	6132.884367	     -1.00	   4723.01	   1322.61	      2.21	      2.16	     -1.00	     -1.00	-60.88	 3.389e+01	    -11.30	0	Gaussian	9990000000.000000	9990000000.000000
68	0	1051.112665	6053.656308	     -1.00	   4660.02	   2676.91	      2.20	      2.19	     -1.00	     -1.00	-63.34	 3.428e+01	    -11.30	0	Gaussian	9990000000.000000	9990000000.000000
69	0	1051.402619	5956.868787	     -1.00	   1244.30	   1905.57	      2.23	      2.18	     -1.00	     -1.00	46.62	 3.118e+01	    -11.29	0	Gaussian	9990000000.000000	9990000000.000000
70	0	1051.143893	5485.913271	     -1.00	   1882.81	   1672.30	      2.20	      2.19	     -1.00	     -1.00	-12.68	 3.227e+01	    -11.19	0	Gaussian	9990000000.000000	9990000000.000000
71	0	1053.841456	5250.598551	     -1.00	   5700.27	   1892.76	      2.23	      2.17	     -1.00	     -1.00	-84.87	 3.115e+01	    -11.15	0	Gaussian	9990000000.000000	9990000000.000000
72	0	1053.897806	5149.573720	     -1.00	    835.39	   1440.81	      2.19	      2.18	     -1.00	     -1.00	-37.28	 3.471e+01	    -11.11	0	Gaussian	9990000000.000000	9990000000.000000
73	0	1056.097049	5000.231524	     -1.00	   4011.60	   2767.99	      2.21	      2.19	     -1.00	     -1.00	-54.05	 3.301e+01	    -11.10	0	Gaussian	9990000000.000000	9990000000.000000
74	0	1054.941060	4955.945035	     -1.00	   2949.31	    346.43	      2.20	      2.19	     -1.00	     -1.00	-24.40	 3.077e+01	    -11.08	0	Gaussian	9990000000.000000	9990000000.000000
75	0	1051.760048	4849.472096	     -1.00	   5359.99	   1994.05	      2.22	      2.20	     -1.00	     -1.00	80.83	 3.335e+01	    -11.07	0	Gaussian	9990000000.000000	9990000000.000000
76	0	1053.940018	4849.794557	     -1.00	   5314.81	   3314.33	      2.24	      2.18	     -1.00	     -1.00	-72.42	 3.383e+01	    -11.07	0	Gaussian	9990000000.000000	9990000000.000000
77	0	1050.390413	4956.506096	     -1.00	   1314.72	   2107.99	      2.18	      2.18	     -1.00	     -1.00	-13.66	 3.306e+01	    -11.07	0	Gaussian	9990000000.000000	9990000000.000000
78	0	1055.111193	4943.860661	     -1.00	   2081.25	    401.71	      2.20	      2.17	     -1.00	     -1.00	32.02	 3.293e+01	    -11.07	0	Gaussian	9990000000.000000	9990000000.000000
79	0	1050.840416	4831.098435	     -1.00	   3548.88	   3909.87	      2.22	      2.19	     -1.00	     -1.00	38.15	 3.289e+01	    -11.06	0	Gaussian	9990000000.000000	9990000000.000000
80	0	1053.872723	4727.972862	     -1.00	   5471.09	    897.70	      2.25	      2.19	     -1.00	     -1.00	-7.53	 3.186e+01	    -11.05	0	Gaussian	9990000000.000000	9990000000.000000
81	0	1053.734334	4744.988650	     -1.00	   1568.18	    931.52	      2.22	      2.21	     -1.00	     -1.00	66.38	 3.375e+01	    -11.05	0	Gaussian	9990000000.000000	9990000000.000000
82	0	1051.891619	4696.085322	     -1.00	   4343.23	   3664.38	      2.25	      2.20	     -1.00	     -1.00	75.22	 3.354e+01	    -11.05	0	Gaussian	9990000000.000000	9990000000.000000
83	0	1057.425165	4895.596964	     -1.00	   1146.42	   1221.97	      2.21	      2.15	     -1.00	     -1.00	75.56	 3.278e+01	    -11.05	0	Gaussian	9990000000.000000	9990000000.000000
84	0	1055.514567	4754.838773	     -1.00	   5918.71	   3436.19	      2.25	      2.17	     -1.00	     -1.00	-11.63	 3.461e+01	    -11.05	0	Gaussian	9990000000.000000	9990000000.000000
85	0	1055.056705	4705.295520	     -1.00	   3398.99	   1418.45	      2.21	      2.21	     -1.00	     -1.00	-18.82	 3.177e+01	    -11.03	0	Gaussian	9990000000.000000	9990000000.000000
86	0	1054.768310	4692.660667	     -1.00	   1019.46	   1393.80	      2.22	      2.20	     -1.00	     -1.00	61.95	 3.367e+01	    -11.03	0	Gaussian	9990000000.000000	9990000000.000000
87	0	1051.945029	4546.953514	     -1.00	   4016.46	   3327.21	      2.22	      2.19	     -1.00	     -1.00	77.00	 3.384e+01	    -11.00	0	Gaussian	9990000000.000000	9990000000.000000
88	0	1049.579049	4428.486723	     -1.00	    498.36	   2653.56	      2.24	      2.21	     -1.00	     -1.00	-26.33	 3.442e+01	    -10.99	0	Gaussian	9990000000.000000	9990000000.000000
89	0	1053.339147	4468.343721	     -1.00	    703.54	   3168.19	      2.23	      2.20	     -1.00	     -1.00	71.71	 3.153e+01	    -10.99	0	Gaussian	9990000000.000000	9990000000.000000
90	0	1051.106182	4402.623120	     -1.00	    118.69	    429.93	      2.25	      2.21	     -1.00	     -1.00	-47.62	 3.342e+01	    -10.98	0	Gaussian	9990000000.000000	9990000000.000000
91	0	1054.224329	4489.591197	     -1.00	   1168.03	   1486.33	      2.23	      2.17	     -1.00	     -1.00	-14.03	 3.170e+01	    -10.98	0	Gaussian	9990000000.000000	9990000000.000000
92	0	1051.116794	4474.255004	     -1.00	   2268.47	   3652.52	      2.22	      2.18	     -1.00	     -1.00	77.79	 3.217e+01	    -10.97	0	Gaussian	9990000000.000000	9990000000.000000
93	0	1052.453600	4399.465741	     -1.00	   2592.82	   2885.34	      2.24	      2.19	     -1.00	     -1.00	-44.33	 3.234e+01	    -10.97	0	Gaussian	9990000000.000000	9990000000.000000
94	0	1053.130421	4472.125330	     -1.00	   1932.99	   3459.75	      2.20	      2.18	     -1.00	     -1.00	56.80	 3.492e+01	    -10.97	0	Gaussian	9990000000.000000	9990000000.000000
95	0	1052.479068	4335.258711	     -1.00	    587.18	   3062.59	      2.23	      2.20	     -1.00	     -1.00	-40.48	 3.494e+01	    -10.95	0	Gaussian	9990000000.000000	9990000000.000000
96	0	1054.986829	4207.024076	     -1.00	   1432.47	   1837.94	      2.25	      2.22	     -1.00	     -1.00	46.31	 3.099e+01	    -10.94	0	Gaussian	9990000000.000000	9990000000.000000
97	0	1054.276137	4297.428561	     -1.00	   2776.18	    226.86	      2.21	      2.21	     -1.00	     -1.00	-37.00	 3.334e+01	    -10.94	0	Gaussian	9990000000.000000	9990000000.000000
98	0	1053.829424	4331.275057	     -1.00	   5931.79	   3598.76	      2.21	      2.18	     -1.00	     -1.00	-41.83	 3.156e+01	    -10.94	0	Gaussian	9990000000.000000	9990000000.000000
99	0	1053.129974	4240.261373	     -1.00	   3942.59	   1020.35	      2.23	      2.19	     -1.00	     -1.00	-71.38	 3.306e+01	    -10.93	0	Gaussian	9990000000.000000	9990000000.000000
100	0	1052.784837	4205.627967	     -1.00	   2578.30	    577.59	      2.23	      2.19	     -1.00	     -1.00	-82.42	 3.364e+01	    -10.92	0	Gaussian	9990000000.000000	9990000000.000000
101	0	1053.908324	4160.335365	     -1.00	    324.48	   3241.85	      2.23	      2.18	     -1.00	     -1.00	-67.07	 3.352e+01	    -10.90	0	Gaussian	9990000000.000000	9990000000.000000
102	0	1051.224542	4058.528127	     -1.00	   1703.67	   3952.75	      2.24	      2.20	     -1.00	     -1.00	77.23	 3.069e+01	    -10.89	0	Gaussian	9990000000.000000	9990000000.000000
103	0	1054.002537	3955.702295	     -1.00	   4783.55	    139.92	      2.26	      2.21	     -1.00	     -1.00	25.65	 3.017e+01	    -10.88	0	Gaussian	9990000000.000000	9990000000.000000
104	0	1054.457841	4122.121401	     -1.00	   5593.88	   2526.54	      2.20	      2.18	     -1.00	     -1.00	-19.74	 3.194e+01	    -10.87	0	Gaussian	9990000000.000000	9990000000.000000
105	0	1055.165687	4091.293073	     -1.00	   5440.41	   2922.48	      2.20	      2.20	     -1.00	     -1.00	-12.90	 3.274e+01	    -10.87	0	Gaussian	9990000000.000000	9990000000.000000
106	0	1054.011851	4033.340530	     -1.00	   5286.70	   3235.69	      2.23	      2.18	     -1.00	     -1.00	70.02	 3.240e+01	    -10.87	0	Gaussian	9990000000.000000	9990000000.000000
107	0	1050.974002	4001.400312	     -1.00	    247.84	   1344.93	      2.23	      2.18	     -1.00	     -1.00	22.88	 3.346e+01	    -10.86	0	Gaussian	9990000000.000000	9990000000.000000
108	0	1056.420670	4056.998594	     -1.00	   1239.29	   3710.21	      2.20	      2.18	     -1.00	     -1.00	36.82	 3.434e+01	    -10.86	0	Gaussian	9990000000.000000	9990000000.000000
109	0	1050.676361	3908.260127	     -1.00	   4464.53	   3930.39	      2.23	      2.22	     -1.00	     -1.00	8.73	 3.358e+01	    -10.85	0	Gaussian	9990000000.000000	9990000000.000000
110	0	1056.336825	4061.455962	     -1.00	   3402.38	    772.31	      2.20	      2.16	     -1.00	     -1.00	-70.99	 3.481e+01	    -10.85	0	Gaussian	9990000000.000000	9990000000.000000
111	0	1052.781369	3943.172085	     -1.00	   2532.22	   2601.79	      2.23	      2.18	     -1.00	     -1.00	48.03	 3.101e+01	    -10.85	0	Gaussian	9990000000.000000	9990000000.000000
112	0	1056.403761	3976.529252	     -1.00	   3812.91	   3957.65	      2.21	      2.19	     -1.00	     -1.00	-18.72	 3.361e+01	    -10.84	0	Gaussian	9990000000.000000	9990000000.000000
113	0	1057.671332	3869.040185	     -1.00	    649.61	   2580.40	      2.22	      2.22	     -1.00	     -1.00	-52.35	 3.014e+01	    -10.84	0	Gaussian	9990000000.000000	9990000000.000000
114	0	1051.416853	3880.291778	     -1.00	     83.31	   3879.22	      2.25	      2.18	     -1.00	     -1.00	52.18	 3.182e+01	    -10.83	0	Gaussian	9990000000.000000	9990000000.000000
115	0	1053.833477	4010.565767	     -1.00	   4482.01	   2728.90	      2.21	      2.14	     -1.00	     -1.00	-67.13	 3.379e+01	    -10.83	0	Gaussian	9990000000.000000	9990000000.000000
116	0	1050.791374	3832.603194	     -1.00	   4668.37	   3390.67	      2.22	      2.22	     -1.00	     -1.00	-7.67	 3.359e+01	    -10.83	0	Gaussian	9990000000.000000	9990000000.000000
117	0	1051.994316	3788.400854	     -1.00	   5984.76	   3629.65	      2.26	      2.20	     -1.00	     -1.00	11.42	 3.260e+01	    -10.82	0	Gaussian	9990000000.000000	9990000000.000000
118	0	1051.569839	3829.198886	     -1.00	   1401.29	    785.22	      2.23	      2.20	     -1.00	     -1.00	24.82	 3.148e+01	    -10.82	0	Gaussian	9990000000.000000	9990000000.000000
119	0	1053.975256	3817.951418	     -1.00	   2797.42	   2002.60	      2.23	      2.19	     -1.00	     -1.00	-21.60	 3.483e+01	    -10.81	0	Gaussian	9990000000.000000	9990000000.000000
120	0	1053.977739	3644.813955	     -1.00	   4041.12	   3646.63	      2.27	      2.22	     -1.00	     -1.00	28.41	 3.321e+01	    -10.79	0	Gaussian	9990000000.000000	9990000000.000000
121	0	1052.883807	3737.225122	     -1.00	   1459.23	   3827.95	      2.21	      2.21	     -1.00	     -1.00	38.01	 3.306e+01	    -10.79	0	Gaussian	9990000000.000000	9990000000.000000
122	0	1054.482455	3664.041102	     -1.00	   2250.16	    795.26	      2.23	      2.23	     -1.00	     -1.00	39.45	 3.213e+01	    -10.79	0	Gaussian	9990000000.000000	9990000000.000000
123	0	1055.103963	3692.786206	     -1.00	   5580.00	   2711.42	      2.23	      2.18	     -1.00	     -1.00	-75.64	 3.200e+01	    -10.77	0	Gaussian	9990000000.000000	9990000000.000000
124	0	1058.987553	3765.191674	     -1.00	   1440.93	   2852.53	      2.19	      2.18	     -1.00	     -1.00	-47.41	 3.972e+01	    -10.77	0	Gaussian	9990000000.000000	9990000000.000000
125	0	1053.040834	3690.816205	     -1.00	   2107.94	   3904.65	      2.21	      2.19	     -1.00	     -1.00	55.15	 3.246e+01	    -10.77	0	Gaussian	9990000000.000000	9990000000.000000
126	0	1053.484718	3650.031670	     -1.00	   4910.08	    590.49	      2.20	      2.19	     -1.00	     -1.00	86.96	 3.230e+01	    -10.75	0	Gaussian	9990000000.000000	9990000000.000000
127	0	1055.042117	3644.426163	     -1.00	   4562.04	   3897.20	      2.25	      2.14	     -1.00	     -1.00	-50.81	 2.978e+01	    -10.74	0	Gaussian	9990000000.000000	9990000000.000000
128	0	1050.343104	3646.699209	     -1.00	   2119.32	    790.05	      2.19	      2.19	     -1.00	     -1.00	6.95	 2.994e+01	    -10.74	0	Gaussian	9990000000.000000	9990000000.000000
129	0	1063.958251	3599.542566	     -1.00	   1506.56	   1211.84	      2.23	      2.16	     -1.00	     -1.00	53.23	 6.769e+01	    -10.73	0	Gaussian	9990000000.000000	9990000000.000000
130	0	1048.734721	3569.129401	     -1.00	   3344.37	   2984.35	      2.21	      2.19	     -1.00	     -1.00	22.98	 3.297e+01	    -10.73	0	Gaussian	9990000000.000000	9990000000.000000
131	0	1055.594875	3619.707870	     -1.00	   5500.09	   2646.44	      2.20	      2.16	     -1.00	     -1.00	34.50	 3.316e+01	    -10.73	0	Gaussian	9990000000.000000	9990000000.000000
132	0	1049.334825	3419.427257	     -1.00	   5665.25	    494.20	      2.25	      2.21	     -1.00	     -1.00	25.72	 3.181e+01	    -10.71	0	Gaussian	9990000000.000000	9990000000.000000
133	0	1051.348541	3435.574157	     -1.00	    728.69	   1556.99	      2.24	      2.21	     -1.00	     -1.00	44.99	 3.294e+01	    -10.71	0	Gaussian	9990000000.000000	9990000000.000000
134	0	1050.989456	3415.672326	     -1.00	   3137.12	    673.57	      2.26	      2.19	     -1.00	     -1.00	-74.08	 3.457e+01	    -10.70	0	Gaussian	9990000000.000000	9990000000.000000
135	0	1050.809689	3443.761763	     -1.00	   3402.68	   2869.20	      2.22	      2.21	     -1.00	     -1.00	-87.61	 3.251e+01	    -10.70	0	Gaussian	9990000000.000000	9990000000.000000
136	0	1052.269179	3575.263155	     -1.00	   5875.55	    881.95	      2.18	      2.16	     -1.00	     -1.00	29.64	 3.285e+01	    -10.70	0	Gaussian	9990000000.000000	9990000000.000000
137	0	1054.357347	3520.185165	     -1.00	   3398.90	   2703.27	      2.20	      2.16	     -1.00	     -1.00	24.85	 3.474e+01	    -10.69	0	Gaussian	9990000000.000000	9990000000.000000
138	0	1054.631796	3431.395071	     -1.00	   3057.60	   3533.88	      2.22	      2.19	     -1.00	     -1.00	69.14	 3.463e+01	    -10.69	0	Gaussian	9990000000.000000	9990000000.000000
139	0	1053.651246	3491.211181	     -1.00	   4400.97	   3375.87	      2.20	      2.16	     -1.00	     -1.00	74.34	 3.430e+01	    -10.69	0	Gaussian	9990000000.000000	9990000000.000000
140	0	1055.088183	3428.661381	     -1.00	   4902.82	   1319.14	      2.22	      2.18	     -1.00	     -1.00	-58.86	 3.144e+01	    -10.69	0	Gaussian	9990000000.000000	9990000000.000000
141	0	1052.077870	3412.835982	     -1.00	    459.65	   2189.49	      2.20	      2.20	     -1.00	     -1.00	-9.10	 3.236e+01	    -10.68	0	Gaussian	9990000000.000000	9990000000.000000
142	0	1056.329278	3389.043322	     -1.00	   1906.61	   2798.18	      2.22	      2.18	     -1.00	     -1.00	48.82	 3.251e+01	    -10.68	0	Gaussian	9990000000.000000	9990000000.000000
143	0	1054.426356	3336.861466	     -1.00	   2435.50	   1784.27	      2.24	      2.19	     -1.00	     -1.00	-10.24	 3.299e+01	    -10.67	0	Gaussian	9990000000.000000	9990000000.000000
144	0	1052.926768	3304.770003	     -1.00	   5479.29	    979.84	      2.24	      2.20	     -1.00	     -1.00	28.90	 3.161e+01	    -10.66	0	Gaussian	9990000000.000000	9990000000.000000
145	0	1051.609540	3349.253667	     -1.00	   4212.32	   2300.26	      2.18	      2.18	     -1.00	     -1.00	24.96	 3.331e+01	    -10.64	0	Gaussian	9990000000.000000	9990000000.000000
146	0	1049.737033	3201.080318	     -1.00	   5718.79	   1248.05	      2.26	      2.20	     -1.00	     -1.00	20.15	 3.199e+01	    -10.64	0	Gaussian	9990000000.000000	9990000000.000000
147	0	1050.832938	3174.194845	     -1.00	   1403.90	    643.18	      2.27	      2.18	     -1.00	     -1.00	-4.94	 3.293e+01	    -10.63	0	Gaussian	9990000000.000000	9990000000.000000
148	0	1050.988588	3200.446050	     -1.00	   4856.64	   1869.30	      2.23	      2.20	     -1.00	     -1.00	22.76	 3.350e+01	    -10.63	0	Gaussian	9990000000.000000	9990000000.000000
149	0	1051.255616	3166.796429	     -1.00	   5446.99	   1488.51	      2.23	      2.22	     -1.00	     -1.00	10.12	 3.413e+01	    -10.62	0	Gaussian	9990000000.000000	9990000000.000000
150	0	1052.872763	3123.583164	     -1.00	    873.85	   1571.44	      2.23	      2.23	     -1.00	     -1.00	-11.33	 3.212e+01	    -10.61	0	Gaussian	9990000000.000000	9990000000.000000
151	0	1054.012314	3211.713825	     -1.00	   2907.07	   2267.51	      2.21	      2.16	     -1.00	     -1.00	-73.61	 3.539e+01	    -10.60	0	Gaussian	9990000000.000000	9990000000.000000
152	0	1053.284906	3126.627089	     -1.00	   3929.45	   1669.53	      2.25	      2.16	     -1.00	     -1.00	-82.01	 3.490e+01	    -10.59	0	Gaussian	9990000000.000000	9990000000.000000
153	0	1050.079799	3179.897290	     -1.00	   5651.28	   3828.02	      2.19	      2.16	     -1.00	     -1.00	-83.66	 3.313e+01	    -10.58	0	Gaussian	9990000000.000000	9990000000.000000
154	0	1057.333644	3108.148332	     -1.00	   3291.77	   3872.28	      2.23	      2.16	     -1.00	     -1.00	23.66	 3.436e+01	    -10.58	0	Gaussian	9990000000.000000	9990000000.000000
155	0	1051.601347	3006.986969	     -1.00	    938.77	   3920.47	      2.23	      2.22	     -1.00	     -1.00	-60.15	 3.374e+01	    -10.57	0	Gaussian	9990000000.000000	9990000000.000000
156	0	1054.294892	3076.707260	     -1.00	   4247.58	   1630.77	      2.21	      2.17	     -1.00	     -1.00	-18.56	 3.254e+01	    -10.56	0	Gaussian	9990000000.000000	9990000000.000000
157	0	1052.656446	2920.744047	     -1.00	   4631.63	    364.15	      2.26	      2.22	     -1.00	     -1.00	30.03	 3.388e+01	    -10.55	0	Gaussian	9990000000.000000	9990000000.000000
158	0	1052.272741	3011.444452	     -1.00	   2682.70	   3419.15	      2.22	      2.18	     -1.00	     -1.00	-78.82	 3.402e+01	    -10.54	0	Gaussian	9990000000.000000	9990000000.000000
159	0	1054.927564	2972.600723	     -1.00	    454.58	    326.20	      2.26	      2.15	     -1.00	     -1.00	45.78	 3.390e+01	    -10.53	0	Gaussian	9990000000.000000	9990000000.000000
160	0	1051.236119	2807.158389	     -1.00	   5709.06	   1104.89	      2.25	      2.24	     -1.00	     -1.00	55.01	 3.152e+01	    -10.51	0	Gaussian	9990000000.000000	9990000000.000000
161	0	1054.761285	2953.079860	     -1.00	   1140.36	    956.89	      2.19	      2.19	     -1.00	     -1.00	3.24	 3.386e+01	    -10.51	0	Gaussian	9990000000.000000	9990000000.000000
162	0	1053.390118	2783.816485	     -1.00	   5964.66	    796.44	      2.27	      2.22	     -1.00	     -1.00	-59.51	 3.099e+01	    -10.51	0	Gaussian	9990000000.000000	9990000000.000000
163	0	1051.149354	2841.735951	     -1.00	    406.13	   1455.05	      2.23	      2.20	     -1.00	     -1.00	-47.76	 3.578e+01	    -10.50	0	Gaussian	9990000000.000000	9990000000.000000
164	0	1052.016113	2792.245413	     -1.00	   5080.49	   3356.82	      2.25	      2.21	     -1.00	     -1.00	-14.80	 3.144e+01	    -10.49	0	Gaussian	9990000000.000000	9990000000.000000
165	0	1050.422208	2875.618117	     -1.00	   2521.34	   1532.49	      2.21	      2.19	     -1.00	     -1.00	11.36	 3.215e+01	    -10.49	0	Gaussian	9990000000.000000	9990000000.000000
166	0	1055.008957	2814.640907	     -1.00	   5082.99	   2406.91	      2.23	      2.19	     -1.00	     -1.00	68.91	 3.409e+01	    -10.48	0	Gaussian	9990000000.000000	9990000000.000000
167	0	1054.191529	2872.789749	     -1.00	   1051.60	   1799.62	      2.19	      2.19	     -1.00	     -1.00	46.95	 3.060e+01	    -10.48	0	Gaussian	9990000000.000000	9990000000.000000
168	0	1051.363155	2801.315312	     -1.00	    387.61	   1208.97	      2.22	      2.19	     -1.00	     -1.00	88.78	 3.205e+01	    -10.47	0	Gaussian	9990000000.000000	9990000000.000000
169	0	1054.290175	2815.149348	     -1.00	   1819.37	   3314.55	      2.19	      2.19	     -1.00	     -1.00	2.73	 3.201e+01	    -10.47	0	Gaussian	9990000000.000000	9990000000.000000
170	0	1053.538698	2762.146311	     -1.00	   1165.06	   2488.93	      2.24	      2.18	     -1.00	     -1.00	-80.18	 3.078e+01	    -10.46	0	Gaussian	9990000000.000000	9990000000.000000
171	0	1055.083355	2748.612990	     -1.00	    108.90	   3353.50	      2.22	      2.21	     -1.00	     -1.00	6.80	 3.372e+01	    -10.46	0	Gaussian	9990000000.000000	9990000000.000000
172	0	1052.806407	2829.798971	     -1.00	   2939.97	    656.16	      2.19	      2.17	     -1.00	     -1.00	-0.51	 3.292e+01	    -10.46	0	Gaussian	9990000000.000000	9990000000.000000
173	0	1056.077471	2829.203876	     -1.00	   3343.31	    281.26	      2.21	      2.14	     -1.00	     -1.00	-73.37	 3.368e+01	    -10.45	0	Gaussian	9990000000.000000	9990000000.000000
174	0	1054.644474	2733.003267	     -1.00	   3819.88	   1036.64	      2.20	      2.20	     -1.00	     -1.00	3.56	 3.384e+01	    -10.44	0	Gaussian	9990000000.000000	9990000000.000000
175	0	1053.013985	2653.573553	     -1.00	   2649.86	   2289.02	      2.28	      2.18	     -1.00	     -1.00	-18.24	 3.186e+01	    -10.44	0	Gaussian	9990000000.000000	9990000000.000000
176	0	1049.321282	2681.871861	     -1.00	   3036.62	   1818.42	      2.22	      2.20	     -1.00	     -1.00	35.47	 3.151e+01	    -10.43	0	Gaussian	9990000000.000000	9990000000.000000
177	0	1052.327176	2634.450808	     -1.00	   4571.08	    274.09	      2.25	      2.21	     -1.00	     -1.00	8.64	 3.177e+01	    -10.43	0	Gaussian	9990000000.000000	9990000000.000000
178	0	1053.660811	2711.853615	     -1.00	   2220.47	   3393.64	      2.22	      2.16	     -1.00	     -1.00	3.93	 3.378e+01	    -10.42	0	Gaussian	9990000000.000000	9990000000.000000
179	0	1054.169623	2748.244816	     -1.00	   1672.77	   3875.93	      2.20	      2.15	     -1.00	     -1.00	-13.14	 3.181e+01	    -10.42	0	Gaussian	9990000000.000000	9990000000.000000
180	0	1051.424486	2646.226466	     -1.00	   5032.18	   1454.88	      2.26	      2.18	     -1.00	     -1.00	-69.34	 3.245e+01	    -10.42	0	Gaussian	9990000000.000000	9990000000.000000
181	0	1053.932418	2609.473975	     -1.00	   1523.28	    431.75	      2.24	      2.20	     -1.00	     -1.00	-18.31	 3.295e+01	    -10.41	0	Gaussian	9990000000.000000	9990000000.000000
182	0	1051.521591	2523.201292	     -1.00	   1260.61	    959.75	      2.29	      2.23	     -1.00	     -1.00	-30.63	 3.159e+01	    -10.41	0	Gaussian	9990000000.000000	9990000000.000000
183	0	1052.323922	2551.862241	     -1.00	   2715.18	   3093.24	      2.28	      2.21	     -1.00	     -1.00	-3.12	 3.277e+01	    -10.41	0	Gaussian	9990000000.000000	9990000000.000000
184	0	1051.422719	2518.875721	     -1.00	   3945.91	    316.60	      2.26	      2.26	     -1.00	     -1.00	18.55	 3.326e+01	    -10.40	0	Gaussian	9990000000.000000	9990000000.000000
185	0	1056.616402	2605.541606	     -1.00	   3070.16	   2560.78	      2.25	      2.17	     -1.00	     -1.00	-64.52	 3.369e+01	    -10.39	0	Gaussian	9990000000.000000	9990000000.000000
186	0	1053.455692	2680.984383	     -1.00	   2533.88	   2212.32	      2.19	      2.16	     -1.00	     -1.00	34.07	 3.111e+01	    -10.39	0	Gaussian	9990000000.000000	9990000000.000000
187	0	1051.599867	2566.221224	     -1.00	   4087.10	   2754.93	      2.25	      2.18	     -1.00	     -1.00	6.39	 3.229e+01	    -10.38	0	Gaussian	9990000000.000000	9990000000.000000
188	0	1055.602678	2565.886230	     -1.00	   1271.96	   3925.41	      2.22	      2.20	     -1.00	     -1.00	-2.92	 3.473e+01	    -10.38	0	Gaussian	9990000000.000000	9990000000.000000
189	0	1054.644955	2581.536807	     -1.00	   5056.76	   1466.75	      2.24	      2.17	     -1.00	     -1.00	-3.91	 3.146e+01	    -10.38	0	Gaussian	9990000000.000000	9990000000.000000
190	0	1058.355976	2579.065746	     -1.00	    851.19	   1107.63	      2.23	      2.17	     -1.00	     -1.00	53.17	 3.390e+01	    -10.38	0	Gaussian	9990000000.000000	9990000000.000000
191	0	1052.960248	2488.634920	     -1.00	   3735.42	   1737.79	      2.23	      2.23	     -1.00	     -1.00	-27.42	 3.131e+01	    -10.37	0	Gaussian	9990000000.000000	9990000000.000000
192	0	1051.335362	2441.434680	     -1.00	   1644.49	   2071.34	      2.26	      2.24	     -1.00	     -1.00	-48.45	 3.139e+01	    -10.36	0	Gaussian	9990000000.000000	9990000000.000000
193	0	1056.572841	2597.918295	     -1.00	   2195.42	    308.88	      2.20	      2.15	     -1.00	     -1.00	-29.22	 3.041e+01	    -10.36	0	Gaussian	9990000000.000000	9990000000.000000
194	0	1050.344715	2501.018480	     -1.00	   3796.49	   1676.43	      2.21	      2.21	     -1.00	     -1.00	-1.24	 3.286e+01	    -10.36	0	Gaussian	9990000000.000000	9990000000.000000
195	0	1054.138106	2421.188680	     -1.00	    271.90	    526.99	      2.27	      2.23	     -1.00	     -1.00	-39.79	 3.189e+01	    -10.36	0	Gaussian	9990000000.000000	9990000000.000000
196	0	1055.747400	2502.537758	     -1.00	   5665.53	   3795.10	      2.25	      2.17	     -1.00	     -1.00	-0.69	 3.137e+01	    -10.35	0	Gaussian	9990000000.000000	9990000000.000000
197	0	1052.423632	2473.194081	     -1.00	   2794.18	   1808.74	      2.25	      2.17	     -1.00	     -1.00	44.26	 3.300e+01	    -10.34	0	Gaussian	9990000000.000000	9990000000.000000
198	0	1051.134308	2471.399966	     -1.00	   3246.56	   2766.24	      2.21	      2.20	     -1.00	     -1.00	33.96	 3.360e+01	    -10.34	0	Gaussian	9990000000.000000	9990000000.000000
199	0	1054.265030	2382.130550	     -1.00	   2038.66	    945.55	      2.25	      2.24	     -1.00	     -1.00	52.66	 3.073e+01	    -10.33	0	Gaussian	9990000000.000000	9990000000.000000
200	0	1051.669208	2465.054774	     -1.00	   1202.49	   3065.55	      2.23	      2.18	     -1.00	     -1.00	58.72	 3.533e+01	    -10.33	0	Gaussian	9990000000.000000	9990000000.000000
201	0	1052.087674	2527.966296	     -1.00	    691.06	    122.51	      2.17	      2.17	     -1.00	     -1.00	-19.50	 3.199e+01	    -10.32	0	Gaussian	9990000000.000000	9990000000.000000
202	0	1050.934787	2446.277201	     -1.00	   2602.43	    625.22	      2.23	      2.17	     -1.00	     -1.00	30.75	 3.300e+01	    -10.32	0	Gaussian	9990000000.000000	9990000000.000000
203	0	1055.072357	2459.785110	     -1.00	   4814.81	   1241.06	      2.20	      2.18	     -1.00	     -1.00	61.99	 3.127e+01	    -10.32	0	Gaussian	9990000000.000000	9990000000.000000
204	0	1055.034747	2539.868784	     -1.00	   1678.14	   2686.12	      2.19	      2.10	     -1.00	     -1.00	-59.94	 3.347e+01	    -10.31	0	Gaussian	9990000000.000000	9990000000.000000
205	0	1052.164567	2445.521208	     -1.00	   4414.87	   2380.83	      2.23	      2.14	     -1.00	     -1.00	-56.56	 3.298e+01	    -10.30	0	Gaussian	9990000000.000000	9990000000.000000
206	0	1052.556917	2419.357154	     -1.00	   2569.23	   1740.30	      2.20	      2.18	     -1.00	     -1.00	46.17	 3.148e+01	    -10.30	0	Gaussian	9990000000.000000	9990000000.000000
207	0	1051.800722	2361.947951	     -1.00	   2987.48	   3263.10	      2.26	      2.18	     -1.00	     -1.00	-1.37	 3.353e+01	    -10.30	0	Gaussian	9990000000.000000	9990000000.000000
208	0	1050.153395	2323.217455	     -1.00	   3712.77	   3683.18	      2.25	      2.21	     -1.00	     -1.00	-89.66	 3.358e+01	    -10.29	0	Gaussian	9990000000.000000	9990000000.000000
209	0	1053.558054	2333.725827	     -1.00	    942.06	   2443.55	      2.27	      2.17	     -1.00	     -1.00	-59.33	 3.368e+01	    -10.29	0	Gaussian	9990000000.000000	9990000000.000000
210	0	1052.435430	2465.866929	     -1.00	     67.72	   2460.77	      2.21	      2.11	     -1.00	     -1.00	-42.81	 3.154e+01	    -10.29	0	Gaussian	9990000000.000000	9990000000.000000
211	0	1052.134068	2401.782751	     -1.00	   3454.29	     87.63	      2.21	      2.16	     -1.00	     -1.00	75.27	 3.418e+01	    -10.28	0	Gaussian	9990000000.000000	9990000000.000000
212	0	1053.565375	2318.205320	     -1.00	   1153.59	   3430.83	      2.25	      2.20	     -1.00	     -1.00	80.38	 2.984e+01	    -10.28	0	Gaussian	9990000000.000000	9990000000.000000
213	0	1051.250447	2271.111430	     -1.00	   5302.40	    573.97	      2.26	      2.22	     -1.00	     -1.00	88.90	 3.444e+01	    -10.28	0	Gaussian	9990000000.000000	9990000000.000000
214	0	1054.522819	2356.599798	     -1.00	   3068.20	   2650.73	      2.20	      2.20	     -1.00	     -1.00	22.82	 3.161e+01	    -10.28	0	Gaussian	9990000000.000000	9990000000.000000
215	0	1054.385843	2322.900474	     -1.00	   4610.67	   3266.60	      2.23	      2.19	     -1.00	     -1.00	43.12	 3.278e+01	    -10.27	0	Gaussian	9990000000.000000	9990000000.000000
216	0	1053.214821	2342.963270	     -1.00	   3839.55	   3701.83	      2.20	      2.19	     -1.00	     -1.00	86.86	 3.261e+01	    -10.27	0	Gaussian	9990000000.000000	9990000000.000000
217	0	1052.429887	2343.998986	     -1.00	   1272.07	   1981.80	      2.24	      2.14	     -1.00	     -1.00	22.45	 3.250e+01	    -10.26	0	Gaussian	9990000000.000000	9990000000.000000
218	0	1051.056453	2222.504758	     -1.00	    315.78	   1361.21	      2.29	      2.21	     -1.00	     -1.00	-15.30	 3.181e+01	    -10.26	0	Gaussian	9990000000.000000	9990000000.000000
219	0	1054.420577	2401.974030	     -1.00	   4607.88	   2057.20	      2.16	      2.16	     -1.00	     -1.00	-56.27	 3.217e+01	    -10.26	0	Gaussian	9990000000.000000	9990000000.000000
220	0	1053.402456	2189.891553	     -1.00	   3019.94	   1530.90	      2.27	      2.22	     -1.00	     -1.00	-64.47	 3.348e+01	    -10.24	0	Gaussian	9990000000.000000	9990000000.000000
221	0	1051.391733	2258.993368	     -1.00	   1175.49	   1985.53	      2.24	      2.18	     -1.00	     -1.00	-73.82	 3.205e+01	    -10.24	0	Gaussian	9990000000.000000	9990000000.000000
222	0	1056.642841	2369.856557	     -1.00	    910.69	   1340.11	      2.21	      2.11	     -1.00	     -1.00	-9.18	 3.359e+01	    -10.24	0	Gaussian	9990000000.000000	9990000000.000000
223	0	1051.160945	2266.685745	     -1.00	   1430.18	   1473.04	      2.25	      2.15	     -1.00	     -1.00	-48.01	 3.356e+01	    -10.24	0	Gaussian	9990000000.000000	9990000000.000000
224	0	1052.488681	2197.371803	     -1.00	    742.09	   2290.72	      2.29	      2.19	     -1.00	     -1.00	-16.00	 3.336e+01	    -10.24	0	Gaussian	9990000000.000000	9990000000.000000
225	0	1057.866758	2252.212789	     -1.00	   3505.90	   1302.78	      2.24	      2.17	     -1.00	     -1.00	-69.89	 2.955e+01	    -10.24	0	Gaussian	9990000000.000000	9990000000.000000
226	0	1050.906778	2256.441621	     -1.00	    890.10	   3776.25	      2.22	      2.19	     -1.00	     -1.00	72.45	 3.197e+01	    -10.24	0	Gaussian	9990000000.000000	9990000000.000000
227	0	1055.727814	2284.716846	     -1.00	   3097.12	   1815.57	      2.23	      2.15	     -1.00	     -1.00	-29.67	 3.167e+01	    -10.24	0	Gaussian	9990000000.000000	9990000000.000000
228	0	1050.913356	2179.193792	     -1.00	   4839.80	    991.56	      2.31	      2.18	     -1.00	     -1.00	-53.20	 3.146e+01	    -10.23	0	Gaussian	9990000000.000000	9990000000.000000
229	0	1053.164350	2294.770949	     -1.00	    692.13	   3115.21	      2.20	      2.15	     -1.00	     -1.00	42.25	 3.311e+01	    -10.23	0	Gaussian	9990000000.000000	9990000000.000000
230	0	1051.010090	2251.519570	     -1.00	   2523.77	    686.45	      2.21	      2.19	     -1.00	     -1.00	-57.54	 3.294e+01	    -10.23	0	Gaussian	9990000000.000000	9990000000.000000
231	0	1050.324029	2286.160790	     -1.00	   1062.56	   2519.03	      2.21	      2.15	     -1.00	     -1.00	-86.69	 3.294e+01	    -10.23	0	Gaussian	9990000000.000000	9990000000.000000
232	0	1049.874974	2223.611032	     -1.00	    963.38	   3773.99	      2.23	      2.18	     -1.00	     -1.00	6.36	 3.255e+01	    -10.22	0	Gaussian	9990000000.000000	9990000000.000000
233	0	1051.945285	2208.570946	     -1.00	   4096.73	   3746.57	      2.24	      2.17	     -1.00	     -1.00	-2.62	 3.309e+01	    -10.21	0	Gaussian	9990000000.000000	9990000000.000000
234	0	1054.165066	2025.458552	     -1.00	   5820.32	   3483.20	      2.36	      2.25	     -1.00	     -1.00	-23.51	 3.293e+01	    -10.21	0	Gaussian	9990000000.000000	9990000000.000000
235	0	1055.070685	2194.150248	     -1.00	   4887.57	   3336.45	      2.25	      2.18	     -1.00	     -1.00	83.06	 3.381e+01	    -10.21	0	Gaussian	9990000000.000000	9990000000.000000
236	0	1053.025495	2218.234343	     -1.00	   4208.08	   2498.39	      2.22	      2.18	     -1.00	     -1.00	11.10	 3.127e+01	    -10.21	0	Gaussian	9990000000.000000	9990000000.000000
237	0	1054.508311	2251.684526	     -1.00	    459.72	   2248.97	      2.19	      2.17	     -1.00	     -1.00	20.43	 3.411e+01	    -10.21	0	Gaussian	9990000000.000000	9990000000.000000
238	0	1054.858953	2281.226704	     -1.00	   1158.76	    904.21	      2.24	      2.10	     -1.00	     -1.00	7.38	 3.378e+01	    -10.21	0	Gaussian	9990000000.000000	9990000000.000000
239	0	1053.250699	2056.130511	     -1.00	   5962.91	   3929.42	      2.33	      2.22	     -1.00	     -1.00	50.92	 3.273e+01	    -10.20	0	Gaussian	9990000000.000000	9990000000.000000
240	0	1050.751276	2106.552023	     -1.00	   4710.80	   1998.47	      2.26	      2.24	     -1.00	     -1.00	17.89	 3.168e+01	    -10.20	0	Gaussian	9990000000.000000	9990000000.000000
241	0	1053.693281	2219.779045	     -1.00	   3217.99	   3553.64	      2.24	      2.13	     -1.00	     -1.00	-8.29	 3.313e+01	    -10.20	0	Gaussian	9990000000.000000	9990000000.000000
242	0	1054.912451	2133.488841	     -1.00	   5499.82	   2200.11	      2.24	      2.21	     -1.00	     -1.00	-79.11	 3.297e+01	    -10.20	0	Gaussian	9990000000.000000	9990000000.000000
243	0	1054.652430	2155.670033	     -1.00	   4603.75	   1835.08	      2.23	      2.19	     -1.00	     -1.00	-44.87	 3.332e+01	    -10.19	0	Gaussian	9990000000.000000	9990000000.000000
244	0	1053.950564	2187.137020	     -1.00	   3986.62	    727.21	      2.20	      2.19	     -1.00	     -1.00	-77.17	 3.377e+01	    -10.19	0	Gaussian	9990000000.000000	9990000000.000000
245	0	1052.718901	2155.883402	     -1.00	   2584.04	   2598.67	      2.26	      2.15	     -1.00	     -1.00	1.45	 3.403e+01	    -10.19	0	Gaussian	9990000000.000000	9990000000.000000
246	0	1049.795135	2041.124824	     -1.00	   2289.47	   1604.04	      2.25	      2.25	     -1.00	     -1.00	-67.13	 3.194e+01	    -10.17	0	Gaussian	9990000000.000000	9990000000.000000
247	0	1051.378605	2122.582014	     -1.00	   1665.07	   3797.32	      2.22	      2.18	     -1.00	     -1.00	-26.21	 3.312e+01	    -10.17	0	Gaussian	9990000000.000000	9990000000.000000
248	0	1055.660062	2185.103415	     -1.00	   3785.48	    122.44	      2.18	      2.16	     -1.00	     -1.00	-34.52	 3.038e+01	    -10.17	0	Gaussian	9990000000.000000	9990000000.000000
249	0	1051.321663	2160.343944	     -1.00	   2943.84	   2290.52	      2.18	      2.18	     -1.00	     -1.00	18.54	 3.168e+01	    -10.16	0	Gaussian	9990000000.000000	9990000000.000000
250	0	1051.765603	2024.714341	     -1.00	   2077.27	   1031.34	      2.26	      2.23	     -1.00	     -1.00	-32.61	 3.295e+01	    -10.16	0	Gaussian	9990000000.000000	9990000000.000000
251	0	1051.342098	2019.597576	     -1.00	   5066.86	    339.98	      2.24	      2.24	     -1.00	     -1.00	-82.16	 3.275e+01	    -10.15	0	Gaussian	9990000000.000000	9990000000.000000
252	0	1053.066642	2023.444054	     -1.00	   4508.78	   2557.08	      2.25	      2.23	     -1.00	     -1.00	-23.67	 3.259e+01	    -10.15	0	Gaussian	9990000000.000000	9990000000.000000
253	0	1048.954887	2140.607109	     -1.00	   3806.21	   2093.40	      2.22	      2.13	     -1.00	     -1.00	-44.10	 3.449e+01	    -10.15	0	Gaussian	9990000000.000000	9990000000.000000
254	0	1054.339774	2078.362303	     -1.00	   5390.18	   2756.61	      2.22	      2.19	     -1.00	     -1.00	83.47	 4.280e+01	    -10.15	0	Gaussian	9990000000.000000	9990000000.000000
255	0	1053.093749	2121.795879	     -1.00	   5506.82	   3005.07	      2.18	      2.16	     -1.00	     -1.00	-13.78	 3.205e+01	    -10.14	0	Gaussian	9990000000.000000	9990000000.000000
256	0	1052.946657	1998.058926	     -1.00	   4037.69	   3657.61	      2.27	      2.21	     -1.00	     -1.00	-48.88	 3.300e+01	    -10.14	0	Gaussian	9990000000.000000	9990000000.000000
257	0	1051.985950	2099.793889	     -1.00	    657.36	   1100.16	      2.22	      2.15	     -1.00	     -1.00	68.94	 3.315e+01	    -10.13	0	Gaussian	9990000000.000000	9990000000.000000
258	0	1050.473126	1903.740960	     -1.00	   2542.91	    438.44	      2.32	      2.26	     -1.00	     -1.00	-71.48	 3.302e+01	    -10.13	0	Gaussian	9990000000.000000	9990000000.000000
259	0	1055.216906	2132.477506	     -1.00	   1712.19	    428.85	      2.20	      2.12	     -1.00	     -1.00	-42.05	 3.116e+01	    -10.13	0	Gaussian	9990000000.000000	9990000000.000000
260	0	1052.068880	2022.367044	     -1.00	   3736.96	   3658.57	      2.25	      2.18	     -1.00	     -1.00	4.84	 3.298e+01	    -10.13	0	Gaussian	9990000000.000000	9990000000.000000
261	0	1051.490881	1885.644001	     -1.00	   5151.55	   2386.24	      2.33	      2.25	     -1.00	     -1.00	42.76	 3.180e+01	    -10.12	0	Gaussian	9990000000.000000	9990000000.000000
262	0	1047.802810	1972.433806	     -1.00	   3508.42	   2653.30	      2.26	      2.21	     -1.00	     -1.00	-39.51	 2.945e+01	    -10.12	0	Gaussian	9990000000.000000	9990000000.000000
263	0	1051.731520	2073.793909	     -1.00	   3830.58	   3112.62	      2.21	      2.14	     -1.00	     -1.00	12.31	 3.160e+01	    -10.12	0	Gaussian	9990000000.000000	9990000000.000000
264	0	1054.827720	1960.707583	     -1.00	    545.04	   3250.55	      2.26	      2.19	     -1.00	     -1.00	-20.51	 3.500e+01	    -10.10	0	Gaussian	9990000000.000000	9990000000.000000
265	0	1071.921296	2035.612992	     -1.00	    404.35	   2306.09	      2.24	      2.12	     -1.00	     -1.00	76.65	 1.017e+02	    -10.10	0	Gaussian	9990000000.000000	9990000000.000000
266	0	1057.555053	1931.674026	     -1.00	    332.51	   3217.54	      2.26	      2.20	     -1.00	     -1.00	41.15	 3.257e+01	    -10.09	0	Gaussian	9990000000.000000	9990000000.000000
267	0	1057.879515	2010.094438	     -1.00	   3748.27	   3297.60	      2.20	      2.18	     -1.00	     -1.00	-57.31	 3.509e+01	    -10.09	0	Gaussian	9990000000.000000	9990000000.000000
268	0	1052.100416	1930.003118	     -1.00	   2819.10	   2248.90	      2.27	      2.18	     -1.00	     -1.00	87.61	 3.291e+01	    -10.08	0	Gaussian	9990000000.000000	9990000000.000000
269	0	1051.248621	1983.117643	     -1.00	   4535.85	   2557.30	      2.19	      2.19	     -1.00	     -1.00	6.64	 3.142e+01	    -10.08	0	Gaussian	9990000000.000000	9990000000.000000
270	0	1051.357069	2043.576444	     -1.00	   4026.34	    640.72	      2.17	      2.13	     -1.00	     -1.00	47.80	 3.220e+01	    -10.07	0	Gaussian	9990000000.000000	9990000000.000000
271	0	1054.987939	1989.914627	     -1.00	   5786.83	    833.34	      2.22	      2.13	     -1.00	     -1.00	-63.23	 3.471e+01	    -10.07	0	Gaussian	9990000000.000000	9990000000.000000
272	0	1050.777380	1873.448202	     -1.00	   5937.54	   2936.27	      2.27	      2.21	     -1.00	     -1.00	55.64	 3.160e+01	    -10.07	0	Gaussian	9990000000.000000	9990000000.000000
273	0	1056.949127	1899.243361	     -1.00	   1959.94	   1452.92	      2.26	      2.19	     -1.00	     -1.00	17.45	 3.368e+01	    -10.07	0	Gaussian	9990000000.000000	9990000000.000000
274	0	1057.982196	2016.134857	     -1.00	   2133.60	    136.20	      2.20	      2.12	     -1.00	     -1.00	-83.43	 3.136e+01	    -10.07	0	Gaussian	9990000000.000000	9990000000.000000
275	0	1052.334038	1969.910375	     -1.00	   4731.21	    206.83	      2.20	      2.16	     -1.00	     -1.00	40.47	 3.211e+01	    -10.06	0	Gaussian	9990000000.000000	9990000000.000000
276	0	1054.250201	1991.299432	     -1.00	   5278.95	   2381.76	      2.16	      2.16	     -1.00	     -1.00	0.02	 3.413e+01	    -10.06	0	Gaussian	9990000000.000000	9990000000.000000
277	0	1054.359996	1833.182861	     -1.00	    731.34	   3097.79	      2.25	      2.25	     -1.00	     -1.00	-60.30	 3.046e+01	    -10.05	0	Gaussian	9990000000.000000	9990000000.000000
278	0	1057.393489	1811.571497	     -1.00	   2665.97	   2680.34	      2.26	      2.25	     -1.00	     -1.00	-89.83	 3.423e+01	    -10.05	0	Gaussian	9990000000.000000	9990000000.000000
279	0	1052.588714	1930.850548	     -1.00	    204.00	    147.93	      2.21	      2.16	     -1.00	     -1.00	-36.76	 3.100e+01	    -10.04	0	Gaussian	9990000000.000000	9990000000.000000
280	0	1054.464597	1971.519596	     -1.00	   5912.09	    562.87	      2.20	      2.12	     -1.00	     -1.00	65.85	 3.166e+01	    -10.04	0	Gaussian	9990000000.000000	9990000000.000000
281	0	1054.686933	1834.279269	     -1.00	   5614.79	   3084.19	      2.24	      2.22	     -1.00	     -1.00	24.05	 3.000e+01	    -10.04	0	Gaussian	9990000000.000000	9990000000.000000
282	0	1052.417587	1878.686681	     -1.00	   2360.89	    293.27	      2.20	      2.20	     -1.00	     -1.00	-20.92	 3.414e+01	    -10.03	0	Gaussian	9990000000.000000	9990000000.000000
283	0	1052.970247	1833.419893	     -1.00	   1745.09	   1879.09	      2.26	      2.19	     -1.00	     -1.00	15.06	 3.015e+01	    -10.03	0	Gaussian	9990000000.000000	9990000000.000000
284	0	1052.323671	1914.268241	     -1.00	   1226.36	   1221.88	      2.22	      2.10	     -1.00	     -1.00	38.67	 3.279e+01	    -10.01	0	Gaussian	9990000000.000000	9990000000.000000
285	0	1054.296764	1787.598772	     -1.00	   5890.20	    117.08	      2.30	      2.16	     -1.00	     -1.00	-85.85	 3.266e+01	    -10.01	0	Gaussian	9990000000.000000	9990000000.000000
286	0	1052.450864	1792.312022	     -1.00	   5738.73	   1178.52	      2.27	      2.17	     -1.00	     -1.00	-73.97	 3.436e+01	    -10.00	0	Gaussian	9990000000.000000	9990000000.000000
287	0	1051.025531	1708.935852	     -1.00	   2530.08	   1918.09	      2.30	      2.25	     -1.00	     -1.00	22.27	 3.233e+01	    -10.00	0	Gaussian	9990000000.000000	9990000000.000000
288	0	1052.547501	1905.260228	     -1.00	   1863.35	   1359.99	      2.17	      2.14	     -1.00	     -1.00	-17.87	 3.222e+01	    -10.00	0	Gaussian	9990000000.000000	9990000000.000000
289	0	1052.201825	1782.401537	     -1.00	   3875.57	   2093.83	      2.24	      2.18	     -1.00	     -1.00	60.74	 3.176e+01	     -9.98	0	Gaussian	9990000000.000000	9990000000.000000
290	0	1053.037583	1831.019036	     -1.00	   2018.48	   2521.07	      2.17	      2.17	     -1.00	     -1.00	17.34	 3.131e+01	     -9.98	0	Gaussian	9990000000.000000	9990000000.000000
291	0	1053.006684	1763.715520	     -1.00	   1817.31	   1074.45	      2.27	      2.15	     -1.00	     -1.00	80.20	 3.243e+01	     -9.97	0	Gaussian	9990000000.000000	9990000000.000000
292	0	1052.454800	1747.300453	     -1.00	   5286.34	   1060.04	      2.28	      2.16	     -1.00	     -1.00	56.88	 3.384e+01	     -9.97	0	Gaussian	9990000000.000000	9990000000.000000
293	0	1051.168872	1810.112032	     -1.00	   1809.84	   2495.48	      2.22	      2.13	     -1.00	     -1.00	40.34	 3.170e+01	     -9.97	0	Gaussian	9990000000.000000	9990000000.000000
294	0	1057.056560	1794.342093	     -1.00	   5316.27	    546.27	      2.20	      2.18	     -1.00	     -1.00	-22.10	 3.072e+01	     -9.97	0	Gaussian	9990000000.000000	9990000000.000000
295	0	1052.483945	1723.020990	     -1.00	   5846.11	    490.96	      2.28	      2.18	     -1.00	     -1.00	-37.17	 3.124e+01	     -9.97	0	Gaussian	9990000000.000000	9990000000.000000
296	0	1053.774064	1660.010412	     -1.00	   1026.85	    269.00	      2.31	      2.23	     -1.00	     -1.00	23.31	 3.007e+01	     -9.96	0	Gaussian	9990000000.000000	9990000000.000000
297	0	1054.963534	1766.814366	     -1.00	    650.72	   3595.91	      2.24	      2.16	     -1.00	     -1.00	32.26	 3.288e+01	     -9.96	0	Gaussian	9990000000.000000	9990000000.000000
298	0	1052.913313	1759.913511	     -1.00	   1994.04	   3554.01	      2.24	      2.15	     -1.00	     -1.00	61.81	 3.072e+01	     -9.96	0	Gaussian	9990000000.000000	9990000000.000000
299	0	1055.658522	1740.379615	     -1.00	   2036.40	   1589.99	      2.22	      2.19	     -1.00	     -1.00	-1.04	 3.350e+01	     -9.96	0	Gaussian	9990000000.000000	9990000000.000000
300	0	1052.963907	1744.347528	     -1.00	     44.38	   2955.73	      2.22	      2.18	     -1.00	     -1.00	37.43	 3.224e+01	     -9.95	0	Gaussian	9990000000.000000	9990000000.000000
301	0	1053.324067	1761.450596	     -1.00	   1412.57	   3580.04	      2.21	      2.16	     -1.00	     -1.00	-48.84	 3.075e+01	     -9.95	0	Gaussian	9990000000.000000	9990000000.000000
302	0	1054.533217	1600.611018	     -1.00	   1012.83	   2120.93	      2.34	      2.22	     -1.00	     -1.00	-10.17	 3.237e+01	     -9.94	0	Gaussian	9990000000.000000	9990000000.000000
303	0	1064.202045	1731.303961	     -1.00	   3833.31	   2661.29	      2.23	      2.15	     -1.00	     -1.00	8.93	 6.180e+01	     -9.93	0	Gaussian	9990000000.000000	9990000000.000000
304	0	1049.307812	1659.789555	     -1.00	    409.51	   2792.03	      2.24	      2.24	     -1.00	     -1.00	-72.73	 3.169e+01	     -9.93	0	Gaussian	9990000000.000000	9990000000.000000
305	0	1050.588518	1659.803477	     -1.00	   2847.01	   1094.88	      2.35	      2.12	     -1.00	     -1.00	51.73	 2.944e+01	     -9.93	0	Gaussian	9990000000.000000	9990000000.000000
306	0	1054.415902	1703.305063	     -1.00	   2089.80	    386.05	      2.25	      2.15	     -1.00	     -1.00	53.71	 3.309e+01	     -9.93	0	Gaussian	9990000000.000000	9990000000.000000
307	0	1050.936398	1653.107788	     -1.00	   1798.74	   3765.87	      2.26	      2.21	     -1.00	     -1.00	-7.29	 3.034e+01	     -9.93	0	Gaussian	9990000000.000000	9990000000.000000
308	0	1053.400919	1619.302251	     -1.00	    810.98	   3222.06	      2.29	      2.23	     -1.00	     -1.00	-47.22	 3.360e+01	     -9.93	0	Gaussian	9990000000.000000	9990000000.000000
309	0	1052.536466	1673.165678	     -1.00	    959.93	     83.06	      2.25	      2.19	     -1.00	     -1.00	-49.78	 3.355e+01	     -9.92	0	Gaussian	9990000000.000000	9990000000.000000
310	0	1056.285474	1687.703027	     -1.00	    687.28	   2013.22	      2.21	      2.19	     -1.00	     -1.00	-6.77	 3.182e+01	     -9.92	0	Gaussian	9990000000.000000	9990000000.000000
311	0	1050.150378	1603.996751	     -1.00	   1196.40	   1673.11	      2.28	      2.23	     -1.00	     -1.00	3.21	 3.238e+01	     -9.91	0	Gaussian	9990000000.000000	9990000000.000000
312	0	1051.861549	1635.026470	     -1.00	   4886.24	   3824.22	      2.30	      2.16	     -1.00	     -1.00	29.49	 3.075e+01	     -9.91	0	Gaussian	9990000000.000000	9990000000.000000
313	0	1052.803509	1666.593782	     -1.00	   1032.45	    409.43	      2.26	      2.15	     -1.00	     -1.00	-57.86	 3.168e+01	     -9.91	0	Gaussian	9990000000.000000	9990000000.000000
314	0	1053.914163	1672.703912	     -1.00	   1889.10	   2070.29	      2.23	      2.16	     -1.00	     -1.00	67.10	 3.363e+01	     -9.90	0	Gaussian	9990000000.000000	9990000000.000000
315	0	1064.696307	1680.397814	     -1.00	   3495.37	   3624.26	      2.27	      2.11	     -1.00	     -1.00	-16.74	 7.254e+01	     -9.90	0	Gaussian	9990000000.000000	9990000000.000000
316	0	1047.917945	1684.154008	     -1.00	   5953.84	   2285.60	      2.21	      2.15	     -1.00	     -1.00	66.17	 3.071e+01	     -9.89	0	Gaussian	9990000000.000000	9990000000.000000
317	0	1059.694358	1638.656102	     -1.00	   1491.44	   1688.52	      2.26	      2.16	     -1.00	     -1.00	51.22	 4.536e+01	     -9.89	0	Gaussian	9990000000.000000	9990000000.000000
318	0	1050.579189	1672.861827	     -1.00	   2712.26	   1360.41	      2.25	      2.12	     -1.00	     -1.00	-68.00	 3.270e+01	     -9.89	0	Gaussian	9990000000.000000	9990000000.000000
319	0	1051.778867	1629.716936	     -1.00	     70.83	   3443.70	      2.24	      2.18	     -1.00	     -1.00	-61.27	 3.176e+01	     -9.89	0	Gaussian	9990000000.000000	9990000000.000000
320	0	1054.627027	1675.117827	     -1.00	   1569.65	   2976.02	      2.20	      2.15	     -1.00	     -1.00	-67.44	 3.370e+01	     -9.89	0	Gaussian	9990000000.000000	9990000000.000000
321	0	1051.199366	1634.779718	     -1.00	   3673.04	   2224.85	      2.26	      2.15	     -1.00	     -1.00	82.98	 3.424e+01	     -9.89	0	Gaussian	9990000000.000000	9990000000.000000
322	0	1050.794241	1608.889069	     -1.00	   3682.12	   1709.53	      2.28	      2.17	     -1.00	     -1.00	-73.89	 2.982e+01	     -9.88	0	Gaussian	9990000000.000000	9990000000.000000
323	0	1053.929040	1686.422326	     -1.00	   1162.87	   3370.04	      2.20	      2.14	     -1.00	     -1.00	36.78	 3.191e+01	     -9.88	0	Gaussian	9990000000.000000	9990000000.000000
324	0	1051.043923	1639.327438	     -1.00	    891.00	   3599.08	      2.20	      2.18	     -1.00	     -1.00	-11.77	 3.388e+01	     -9.88	0	Gaussian	9990000000.000000	9990000000.000000
325	0	1059.074570	1588.133962	     -1.00	   1823.04	   3727.96	      2.29	      2.17	     -1.00	     -1.00	72.41	 4.338e+01	     -9.88	0	Gaussian	9990000000.000000	9990000000.000000
326	0	1055.043963	1604.026371	     -1.00	   4953.09	   2308.75	      2.23	      2.20	     -1.00	     -1.00	68.12	 3.116e+01	     -9.87	0	Gaussian	9990000000.000000	9990000000.000000
327	0	1052.568546	1694.863056	     -1.00	   1940.22	   1362.24	      2.17	      2.13	     -1.00	     -1.00	77.79	 3.176e+01	     -9.87	0	Gaussian	9990000000.000000	9990000000.000000
328	0	1051.576507	1580.519116	     -1.00	   2623.72	   3363.11	      2.28	      2.17	     -1.00	     -1.00	84.57	 3.174e+01	     -9.87	0	Gaussian	9990000000.000000	9990000000.000000
329	0	1053.806628	1633.187715	     -1.00	   4961.44	   3878.99	      2.19	      2.19	     -1.00	     -1.00	40.36	 3.072e+01	     -9.87	0	Gaussian	9990000000.000000	9990000000.000000
330	0	1053.224754	1606.621699	     -1.00	   3417.49	   1057.98	      2.23	      2.17	     -1.00	     -1.00	70.37	 3.117e+01	     -9.86	0	Gaussian	9990000000.000000	9990000000.000000
331	0	1053.224989	1641.697480	     -1.00	   1760.81	   1186.39	      2.19	      2.16	     -1.00	     -1.00	48.01	 3.142e+01	     -9.86	0	Gaussian	9990000000.000000	9990000000.000000
332	0	1049.527540	1557.211446	     -1.00	   2899.64	   1445.02	      2.27	      2.19	     -1.00	     -1.00	77.36	 3.277e+01	     -9.86	0	Gaussian	9990000000.000000	9990000000.000000
333	0	1051.946426	1604.308373	     -1.00	    920.36	   1603.73	      2.21	      2.18	     -1.00	     -1.00	-14.60	 3.329e+01	     -9.86	0	Gaussian	9990000000.000000	9990000000.000000
334	0	1055.159571	1568.152871	     -1.00	   3736.61	   3932.37	      2.25	      2.18	     -1.00	     -1.00	9.00	 3.307e+01	     -9.85	0	Gaussian	9990000000.000000	9990000000.000000
335	0	1053.489075	1492.932748	     -1.00	   1111.71	   3525.67	      2.32	      2.22	     -1.00	     -1.00	-26.13	 3.082e+01	     -9.85	0	Gaussian	9990000000.000000	9990000000.000000
336	0	1052.086993	1573.312814	     -1.00	   6014.34	   3741.04	      2.23	      2.17	     -1.00	     -1.00	-17.45	 3.181e+01	     -9.84	0	Gaussian	9990000000.000000	9990000000.000000
337	0	1055.329229	1601.253402	     -1.00	   4296.45	   3576.21	      2.22	      2.14	     -1.00	     -1.00	-14.04	 3.286e+01	     -9.84	0	Gaussian	9990000000.000000	9990000000.000000
338	0	1053.093601	1586.599601	     -1.00	   5506.13	   2218.69	      2.21	      2.16	     -1.00	     -1.00	12.35	 3.498e+01	     -9.83	0	Gaussian	9990000000.000000	9990000000.000000
339	0	1049.877503	1574.239783	     -1.00	   3157.46	   1315.00	      2.22	      2.17	     -1.00	     -1.00	31.67	 3.275e+01	     -9.83	0	Gaussian	9990000000.000000	9990000000.000000
340	0	1054.448607	1530.289753	     -1.00	   3050.39	   3275.01	      2.24	      2.20	     -1.00	     -1.00	14.30	 3.153e+01	     -9.83	0	Gaussian	9990000000.000000	9990000000.000000
341	0	1053.960041	1594.181156	     -1.00	   4067.10	    690.39	      2.21	      2.14	     -1.00	     -1.00	69.19	 3.059e+01	     -9.83	0	Gaussian	9990000000.000000	9990000000.000000
342	0	1050.387560	1462.004448	     -1.00	   4864.43	   2672.05	      2.27	      2.26	     -1.00	     -1.00	48.75	 3.174e+01	     -9.83	0	Gaussian	9990000000.000000	9990000000.000000
343	0	1052.568700	1542.900386	     -1.00	   1728.29	   2040.87	      2.25	      2.16	     -1.00	     -1.00	-5.86	 3.294e+01	     -9.83	0	Gaussian	9990000000.000000	9990000000.000000
344	0	1056.682489	1649.492069	     -1.00	   4422.22	   1068.09	      2.18	      2.09	     -1.00	     -1.00	-6.20	 3.142e+01	     -9.82	0	Gaussian	9990000000.000000	9990000000.000000
345	0	1054.329593	1589.478312	     -1.00	   4037.27	   1224.59	      2.17	      2.17	     -1.00	     -1.00	1.08	 3.207e+01	     -9.82	0	Gaussian	9990000000.000000	9990000000.000000
346	0	1052.451636	1473.593635	     -1.00	   5940.71	   1320.82	      2.30	      2.20	     -1.00	     -1.00	60.99	 3.361e+01	     -9.82	0	Gaussian	9990000000.000000	9990000000.000000
347	0	1051.453876	1510.736757	     -1.00	    419.75	   3314.83	      2.24	      2.19	     -1.00	     -1.00	-26.72	 3.169e+01	     -9.81	0	Gaussian	9990000000.000000	9990000000.000000
348	0	1056.662816	1587.518449	     -1.00	     99.34	    614.37	      2.17	      2.15	     -1.00	     -1.00	62.07	 3.095e+01	     -9.81	0	Gaussian	9990000000.000000	9990000000.000000
349	0	1053.506274	1560.577653	     -1.00	   1879.92	   3401.25	      2.20	      2.14	     -1.00	     -1.00	-24.59	 2.965e+01	     -9.80	0	Gaussian	9990000000.000000	9990000000.000000
350	0	1057.379088	1528.994988	     -1.00	    721.11	   2040.12	      2.26	      2.13	     -1.00	     -1.00	-80.97	 3.233e+01	     -9.80	0	Gaussian	9990000000.000000	9990000000.000000
351	0	1055.833018	1526.797236	     -1.00	   3025.26	   1126.72	      2.23	      2.14	     -1.00	     -1.00	5.52	 3.371e+01	     -9.80	0	Gaussian	9990000000.000000	9990000000.000000
352	0	1048.255235	1462.421716	     -1.00	   5250.86	   2147.63	      2.25	      2.22	     -1.00	     -1.00	43.27	 3.310e+01	     -9.79	0	Gaussian	9990000000.000000	9990000000.000000
353	0	1055.301395	1580.121363	     -1.00	   5026.01	   2795.08	      2.19	      2.09	     -1.00	     -1.00	-13.90	 3.250e+01	     -9.79	0	Gaussian	9990000000.000000	9990000000.000000
354	0	1051.777185	1444.832086	     -1.00	   4444.99	    167.99	      2.28	      2.21	     -1.00	     -1.00	12.17	 3.179e+01	     -9.79	0	Gaussian	9990000000.000000	9990000000.000000
355	0	1049.456355	1532.858004	     -1.00	   3615.32	   1661.37	      2.21	      2.14	     -1.00	     -1.00	20.57	 3.320e+01	     -9.79	0	Gaussian	9990000000.000000	9990000000.000000
356	0	1054.468716	1406.990307	     -1.00	   5080.10	   2865.03	      2.31	      2.23	     -1.00	     -1.00	27.52	 3.272e+01	     -9.79	0	Gaussian	9990000000.000000	9990000000.000000
357	0	1052.853105	1595.848697	     -1.00	   2826.20	   1132.31	      2.15	      2.11	     -1.00	     -1.00	71.18	 3.277e+01	     -9.79	0	Gaussian	9990000000.000000	9990000000.000000
358	0	1055.085433	1479.202091	     -1.00	   4247.49	   1093.92	      2.25	      2.17	     -1.00	     -1.00	63.64	 3.487e+01	     -9.78	0	Gaussian	9990000000.000000	9990000000.000000
359	0	1054.212060	1477.653062	     -1.00	   5688.32	   3097.54	      2.25	      2.17	     -1.00	     -1.00	-73.39	 3.449e+01	     -9.78	0	Gaussian	9990000000.000000	9990000000.000000
360	0	1051.542490	1479.169882	     -1.00	   4674.35	    414.83	      2.23	      2.18	     -1.00	     -1.00	86.41	 3.382e+01	     -9.78	0	Gaussian	9990000000.000000	9990000000.000000
361	0	1052.924222	1454.314069	     -1.00	   4472.02	    702.36	      2.23	      2.23	     -1.00	     -1.00	16.66	 3.330e+01	     -9.78	0	Gaussian	9990000000.000000	9990000000.000000
362	0	1052.764205	1413.017294	     -1.00	   3489.17	   3727.16	      2.26	      2.26	     -1.00	     -1.00	-1.65	 3.447e+01	     -9.78	0	Gaussian	9990000000.000000	9990000000.000000
363	0	1051.539428	1455.934957	     -1.00	   1698.99	   2556.91	      2.22	      2.22	     -1.00	     -1.00	-63.36	 3.083e+01	     -9.78	0	Gaussian	9990000000.000000	9990000000.000000
364	0	1050.049013	1456.787814	     -1.00	   5319.83	   3236.45	      2.23	      2.22	     -1.00	     -1.00	-29.63	 3.429e+01	     -9.78	0	Gaussian	9990000000.000000	9990000000.000000
365	0	1054.897731	1451.606360	     -1.00	    417.86	   2116.63	      2.23	      2.21	     -1.00	     -1.00	-17.10	 3.150e+01	     -9.77	0	Gaussian	9990000000.000000	9990000000.000000
366	0	1050.344680	1529.726379	     -1.00	   5753.14	   1682.37	      2.16	      2.16	     -1.00	     -1.00	19.22	 3.281e+01	     -9.77	0	Gaussian	9990000000.000000	9990000000.000000
367	0	1056.998854	1400.166150	     -1.00	    379.30	   1881.24	      2.26	      2.26	     -1.00	     -1.00	26.67	 3.132e+01	     -9.77	0	Gaussian	9990000000.000000	9990000000.000000
368	0	1056.317538	1498.100637	     -1.00	   2282.14	   1485.10	      2.21	      2.15	     -1.00	     -1.00	75.77	 3.113e+01	     -9.77	0	Gaussian	9990000000.000000	9990000000.000000
369	0	1051.934254	1428.934115	     -1.00	   1778.15	   3777.38	      2.26	      2.21	     -1.00	     -1.00	52.02	 3.265e+01	     -9.77	0	Gaussian	9990000000.000000	9990000000.000000
370	0	1052.751036	1466.827789	     -1.00	   1543.22	   2684.36	      2.20	      2.20	     -1.00	     -1.00	-3.44	 3.399e+01	     -9.76	0	Gaussian	9990000000.000000	9990000000.000000
371	0	1050.647602	1458.046678	     -1.00	   1342.27	   1243.98	      2.27	      2.14	     -1.00	     -1.00	48.40	 3.266e+01	     -9.76	0	Gaussian	9990000000.000000	9990000000.000000
372	0	1052.636708	1429.791915	     -1.00	    826.66	   2019.95	      2.27	      2.17	     -1.00	     -1.00	20.29	 3.325e+01	     -9.76	0	Gaussian	9990000000.000000	9990000000.000000
373	0	1051.956990	1444.147672	     -1.00	   5329.62	    249.23	      2.23	      2.19	     -1.00	     -1.00	56.72	 3.408e+01	     -9.76	0	Gaussian	9990000000.000000	9990000000.000000
374	0	1054.702908	1494.296029	     -1.00	   5652.91	   1721.23	      2.22	      2.12	     -1.00	     -1.00	-55.83	 3.244e+01	     -9.75	0	Gaussian	9990000000.000000	9990000000.000000
375	0	1052.575878	1553.008768	     -1.00	    848.29	   1463.40	      2.17	      2.09	     -1.00	     -1.00	18.48	 3.244e+01	     -9.75	0	Gaussian	9990000000.000000	9990000000.000000
376	0	1053.331547	1423.421907	     -1.00	   4336.26	   1528.60	      2.22	      2.22	     -1.00	     -1.00	-19.94	 3.121e+01	     -9.75	0	Gaussian	9990000000.000000	9990000000.000000
377	0	1050.109076	1461.817164	     -1.00	   2220.42	   2660.31	      2.24	      2.13	     -1.00	     -1.00	-32.51	 3.051e+01	     -9.75	0	Gaussian	9990000000.000000	9990000000.000000
378	0	1052.198259	1390.114830	     -1.00	   3405.64	    711.95	      2.26	      2.23	     -1.00	     -1.00	-31.57	 3.176e+01	     -9.75	0	Gaussian	9990000000.000000	9990000000.000000
379	0	1049.247229	1442.372438	     -1.00	     47.27	   1302.14	      2.26	      2.14	     -1.00	     -1.00	-5.67	 3.397e+01	     -9.75	0	Gaussian	9990000000.000000	9990000000.000000
380	0	1057.818862	1523.210423	     -1.00	   5704.39	     86.80	      2.23	      2.05	     -1.00	     -1.00	-51.15	 3.411e+01	     -9.74	0	Gaussian	9990000000.000000	9990000000.000000
381	0	1053.355732	1474.574703	     -1.00	   3828.54	   2380.89	      2.22	      2.12	     -1.00	     -1.00	2.45	 3.070e+01	     -9.74	0	Gaussian	9990000000.000000	9990000000.000000
382	0	1052.504379	1462.483426	     -1.00	   3900.58	   1051.21	      2.26	      2.09	     -1.00	     -1.00	-56.57	 3.328e+01	     -9.74	0	Gaussian	9990000000.000000	9990000000.000000
383	0	1053.630108	1391.965057	     -1.00	   6003.22	   1484.38	      2.31	      2.15	     -1.00	     -1.00	-1.12	 3.097e+01	     -9.74	0	Gaussian	9990000000.000000	9990000000.000000
384	0	1052.929693	1468.550744	     -1.00	   5265.08	   1374.95	      2.21	      2.13	     -1.00	     -1.00	-33.54	 3.186e+01	     -9.74	0	Gaussian	9990000000.000000	9990000000.000000
385	0	1050.950702	1399.024404	     -1.00	    909.86	   2476.69	      2.22	      2.22	     -1.00	     -1.00	2.34	 3.322e+01	     -9.73	0	Gaussian	9990000000.000000	9990000000.000000
386	0	1048.245203	1377.187478	     -1.00	    461.69	   2430.96	      2.30	      2.17	     -1.00	     -1.00	49.42	 3.249e+01	     -9.72	0	Gaussian	9990000000.000000	9990000000.000000
387	0	1052.806551	1359.079590	     -1.00	   5246.84	   3891.46	      2.28	      2.19	     -1.00	     -1.00	-38.56	 3.209e+01	     -9.72	0	Gaussian	9990000000.000000	9990000000.000000
388	0	1054.581133	1397.572906	     -1.00	   3803.84	    605.93	      2.22	      2.19	     -1.00	     -1.00	-10.23	 3.207e+01	     -9.72	0	Gaussian	9990000000.000000	9990000000.000000
389	0	1050.312119	1375.591003	     -1.00	   5405.92	   1580.90	      2.27	      2.17	     -1.00	     -1.00	-40.33	 3.253e+01	     -9.71	0	Gaussian	9990000000.000000	9990000000.000000
390	0	1054.043792	1389.318258	     -1.00	   5817.68	   2908.47	      2.28	      2.14	     -1.00	     -1.00	-86.70	 3.103e+01	     -9.71	0	Gaussian	9990000000.000000	9990000000.000000
391	0	1053.986105	1397.197258	     -1.00	    643.03	    169.42	      2.23	      2.16	     -1.00	     -1.00	43.95	 3.005e+01	     -9.70	0	Gaussian	9990000000.000000	9990000000.000000
392	0	1054.350996	1349.945586	     -1.00	   3602.96	   1043.49	      2.22	      2.22	     -1.00	     -1.00	-9.88	 2.999e+01	     -9.70	0	Gaussian	9990000000.000000	9990000000.000000
393	0	1052.618736	1259.402251	     -1.00	   5083.95	   2522.53	      2.26	      2.09	     -1.00	     -1.00	89.74	 3.126e+01	     -9.57	0	Gaussian	9990000000.000000	9990000000.000000
