# 376 stars found using the following parameters:
# sigma=1.00 roundness=0.50 radius=5 relax=0 profile=0 minbeta=1.5 max_stars=0 layer=1 minA=0.00 maxA=0.00 maxR=1.00
# star#	layer	B	A	beta	X	Y	FWHMx [px]	FWHMy [px]	FWHMx ["]	FWHMy ["]	angle	RMSE	mag	Sat	Profile	RA	Dec
1	1	  0.016062	  0.421874	     -1.00	   2426.00	    718.67	      2.21	      2.19	     -1.00	     -1.00	16.32	 6.097e-04	     -0.91	1	Gaussian	9990000000.000000	9990000000.000000
2	1	  0.015977	  0.396876	     -1.00	   4745.10	     54.61	      2.21	      2.21	     -1.00	     -1.00	-72.06	 5.970e-04	     -0.85	1	Gaussian	9990000000.000000	9990000000.000000
3	1	  0.016079	  0.387392	     -1.00	   2888.55	    706.02	      2.21	      2.21	     -1.00	     -1.00	-59.11	 5.423e-04	     -0.82	1	Gaussian	9990000000.000000	9990000000.000000
4	1	  0.016022	  0.379763	     -1.00	    464.38	   2679.12	      2.21	      2.20	     -1.00	     -1.00	60.22	 5.672e-04	     -0.80	1	Gaussian	9990000000.000000	9990000000.000000
5	1	  0.016114	  0.378385	     -1.00	   5628.24	    530.03	      2.21	      2.21	     -1.00	     -1.00	-87.18	 5.659e-04	     -0.80	1	Gaussian	9990000000.000000	9990000000.000000
6	1	  0.016067	  0.358873	     -1.00	    394.88	    821.98	      2.22	      2.22	     -1.00	     -1.00	-33.04	 5.871e-04	     -0.75	0	Gaussian	9990000000.000000	9990000000.000000
7	1	  0.016072	  0.343187	     -1.00	   4749.17	   3717.30	      2.21	      2.21	     -1.00	     -1.00	30.53	 5.820e-04	     -0.69	0	Gaussian	9990000000.000000	9990000000.000000
8	1	  0.016070	  0.313216	     -1.00	   3496.48	   2900.39	      2.21	      2.21	     -1.00	     -1.00	16.98	 5.330e-04	     -0.60	0	Gaussian	9990000000.000000	9990000000.000000
9	1	  0.015996	  0.311913	     -1.00	   4640.44	    383.47	      2.22	      2.21	     -1.00	     -1.00	-47.15	 5.260e-04	     -0.59	0	Gaussian	9990000000.000000	9990000000.000000
10	1	  0.016072	  0.273932	     -1.00	   2938.05	    902.33	      2.20	      2.20	     -1.00	     -1.00	-46.98	 5.678e-04	     -0.44	0	Gaussian	9990000000.000000	9990000000.000000
11	1	  0.016108	  0.263718	     -1.00	   2461.87	   2011.91	      2.21	      2.20	     -1.00	     -1.00	-40.15	 5.395e-04	     -0.41	0	Gaussian	9990000000.000000	9990000000.000000
12	1	  0.016031	  0.248116	     -1.00	   2309.12	    828.73	      2.21	      2.21	     -1.00	     -1.00	-21.52	 5.114e-04	     -0.35	0	Gaussian	9990000000.000000	9990000000.000000
13	1	  0.016065	  0.247027	     -1.00	     92.09	   1587.36	      2.21	      2.21	     -1.00	     -1.00	-68.89	 4.990e-04	     -0.34	0	Gaussian	9990000000.000000	9990000000.000000
14	1	  0.016083	  0.244855	     -1.00	   5615.03	   3579.41	      2.21	      2.21	     -1.00	     -1.00	77.09	 5.372e-04	     -0.33	0	Gaussian	9990000000.000000	9990000000.000000
15	1	  0.016067	  0.243000	     -1.00	   2331.54	    340.20	      2.21	      2.20	     -1.00	     -1.00	25.17	 5.129e-04	     -0.32	0	Gaussian	9990000000.000000	9990000000.000000
16	1	  0.016073	  0.241676	     -1.00	   4658.67	   1205.74	      2.21	      2.21	     -1.00	     -1.00	-20.49	 5.685e-04	     -0.31	0	Gaussian	9990000000.000000	9990000000.000000
17	1	  0.016171	  0.229211	     -1.00	   4469.98	    679.94	      2.22	      2.20	     -1.00	     -1.00	14.59	 8.303e-04	     -0.25	0	Gaussian	9990000000.000000	9990000000.000000
18	1	  0.016088	  0.225273	     -1.00	    590.84	   1777.12	      2.22	      2.19	     -1.00	     -1.00	-68.71	 5.313e-04	     -0.23	0	Gaussian	9990000000.000000	9990000000.000000
19	1	  0.016048	  0.208339	     -1.00	   3839.29	   2245.22	      2.21	      2.21	     -1.00	     -1.00	34.55	 5.298e-04	     -0.16	0	Gaussian	9990000000.000000	9990000000.000000
20	1	  0.016027	  0.208467	     -1.00	   1043.34	   2239.55	      2.21	      2.21	     -1.00	     -1.00	-32.19	 4.970e-04	     -0.16	0	Gaussian	9990000000.000000	9990000000.000000
21	1	  0.016054	  0.211147	     -1.00	   5836.76	   1543.26	      2.20	      2.20	     -1.00	     -1.00	-14.19	 5.507e-04	     -0.15	0	Gaussian	9990000000.000000	9990000000.000000
22	1	  0.016069	  0.209873	     -1.00	   2913.01	   2763.41	      2.20	      2.19	     -1.00	     -1.00	17.51	 5.401e-04	     -0.15	0	Gaussian	9990000000.000000	9990000000.000000
23	1	  0.016062	  0.207986	     -1.00	   3560.95	   1715.87	      2.21	      2.20	     -1.00	     -1.00	61.82	 5.644e-04	     -0.15	0	Gaussian	9990000000.000000	9990000000.000000
24	1	  0.016113	  0.200393	     -1.00	   3753.02	   1039.38	      2.22	      2.21	     -1.00	     -1.00	46.19	 5.273e-04	     -0.11	0	Gaussian	9990000000.000000	9990000000.000000
25	1	  0.016079	  0.188100	     -1.00	   5357.74	   3337.60	      2.21	      2.20	     -1.00	     -1.00	-16.18	 5.235e-04	     -0.04	0	Gaussian	9990000000.000000	9990000000.000000
26	1	  0.016014	  0.187617	     -1.00	   5418.40	   1355.91	      2.21	      2.20	     -1.00	     -1.00	-47.25	 5.305e-04	     -0.03	0	Gaussian	9990000000.000000	9990000000.000000
27	1	  0.016040	  0.184638	     -1.00	   4509.20	   2593.43	      2.20	      2.20	     -1.00	     -1.00	-65.24	 5.746e-04	     -0.02	0	Gaussian	9990000000.000000	9990000000.000000
28	1	  0.016057	  0.183265	     -1.00	   4077.70	   2321.28	      2.20	      2.20	     -1.00	     -1.00	-35.69	 5.207e-04	     -0.00	0	Gaussian	9990000000.000000	9990000000.000000
29	1	  0.016080	  0.183012	     -1.00	   4909.57	   1712.81	      2.19	      2.19	     -1.00	     -1.00	44.82	 5.192e-04	      0.01	0	Gaussian	9990000000.000000	9990000000.000000
30	1	  0.016079	  0.177911	     -1.00	   1714.07	   1207.35	      2.22	      2.20	     -1.00	     -1.00	-82.72	 5.849e-04	      0.02	0	Gaussian	9990000000.000000	9990000000.000000
31	1	  0.016045	  0.165592	     -1.00	    507.58	   2369.27	      2.22	      2.20	     -1.00	     -1.00	79.00	 5.145e-04	      0.10	0	Gaussian	9990000000.000000	9990000000.000000
32	1	  0.016126	  0.165184	     -1.00	   3024.04	   1607.36	      2.19	      2.18	     -1.00	     -1.00	67.38	 5.073e-04	      0.12	0	Gaussian	9990000000.000000	9990000000.000000
33	1	  0.016051	  0.160417	     -1.00	   2211.00	   3254.70	      2.22	      2.20	     -1.00	     -1.00	-4.11	 5.118e-04	      0.13	0	Gaussian	9990000000.000000	9990000000.000000
34	1	  0.016096	  0.160566	     -1.00	   2427.79	    835.17	      2.20	      2.19	     -1.00	     -1.00	-75.97	 5.420e-04	      0.14	0	Gaussian	9990000000.000000	9990000000.000000
35	1	  0.016029	  0.152733	     -1.00	    852.09	   3995.72	      2.22	      2.20	     -1.00	     -1.00	-62.19	 5.257e-04	      0.18	0	Gaussian	9990000000.000000	9990000000.000000
36	1	  0.016077	  0.146902	     -1.00	   4406.73	   2828.42	      2.21	      2.21	     -1.00	     -1.00	8.64	 5.504e-04	      0.22	0	Gaussian	9990000000.000000	9990000000.000000
37	1	  0.016064	  0.136224	     -1.00	   3256.11	   2838.02	      2.20	      2.20	     -1.00	     -1.00	0.74	 4.998e-04	      0.32	0	Gaussian	9990000000.000000	9990000000.000000
38	1	  0.016070	  0.134972	     -1.00	   2069.56	   1441.38	      2.20	      2.19	     -1.00	     -1.00	24.46	 5.388e-04	      0.33	0	Gaussian	9990000000.000000	9990000000.000000
39	1	  0.016016	  0.134894	     -1.00	   5858.77	    712.19	      2.20	      2.19	     -1.00	     -1.00	-0.94	 5.564e-04	      0.33	0	Gaussian	9990000000.000000	9990000000.000000
40	1	  0.016085	  0.133321	     -1.00	    333.51	    497.42	      2.21	      2.20	     -1.00	     -1.00	-4.55	 5.130e-04	      0.33	0	Gaussian	9990000000.000000	9990000000.000000
41	1	  0.016029	  0.132827	     -1.00	    589.46	    361.36	      2.21	      2.20	     -1.00	     -1.00	-39.49	 4.856e-04	      0.34	0	Gaussian	9990000000.000000	9990000000.000000
42	1	  0.016032	  0.129574	     -1.00	   1416.73	   2233.18	      2.23	      2.21	     -1.00	     -1.00	-11.54	 4.779e-04	      0.35	0	Gaussian	9990000000.000000	9990000000.000000
43	1	  0.016077	  0.126848	     -1.00	   5335.98	   3963.03	      2.22	      2.22	     -1.00	     -1.00	-73.48	 5.521e-04	      0.38	0	Gaussian	9990000000.000000	9990000000.000000
44	1	  0.016104	  0.125733	     -1.00	   1076.25	    382.51	      2.22	      2.20	     -1.00	     -1.00	35.35	 5.092e-04	      0.39	0	Gaussian	9990000000.000000	9990000000.000000
45	1	  0.016033	  0.123938	     -1.00	   5645.47	   2339.23	      2.23	      2.20	     -1.00	     -1.00	23.18	 5.182e-04	      0.40	0	Gaussian	9990000000.000000	9990000000.000000
46	1	  0.016073	  0.122905	     -1.00	    697.89	   2948.30	      2.24	      2.21	     -1.00	     -1.00	-83.73	 5.618e-04	      0.40	0	Gaussian	9990000000.000000	9990000000.000000
47	1	  0.016110	  0.124126	     -1.00	   5896.52	   1589.03	      2.19	      2.19	     -1.00	     -1.00	-23.98	 4.840e-04	      0.43	0	Gaussian	9990000000.000000	9990000000.000000
48	1	  0.016055	  0.122174	     -1.00	    619.25	    155.02	      2.21	      2.19	     -1.00	     -1.00	52.59	 4.853e-04	      0.43	0	Gaussian	9990000000.000000	9990000000.000000
49	1	  0.016042	  0.118630	     -1.00	   1255.87	    134.10	      2.23	      2.20	     -1.00	     -1.00	-54.79	 5.095e-04	      0.45	0	Gaussian	9990000000.000000	9990000000.000000
50	1	  0.016159	  0.114123	     -1.00	   2300.04	   3004.31	      2.28	      2.18	     -1.00	     -1.00	55.72	 7.836e-04	      0.48	0	Gaussian	9990000000.000000	9990000000.000000
51	1	  0.016109	  0.119016	     -1.00	   3697.75	   3101.15	      2.19	      2.18	     -1.00	     -1.00	39.57	 5.159e-04	      0.48	0	Gaussian	9990000000.000000	9990000000.000000
52	1	  0.016072	  0.117791	     -1.00	    418.85	   2374.54	      2.18	      2.18	     -1.00	     -1.00	-5.04	 5.119e-04	      0.49	0	Gaussian	9990000000.000000	9990000000.000000
53	1	  0.016072	  0.114467	     -1.00	   2867.35	    613.91	      2.19	      2.19	     -1.00	     -1.00	-85.95	 5.117e-04	      0.51	0	Gaussian	9990000000.000000	9990000000.000000
54	1	  0.016032	  0.111587	     -1.00	   1603.85	   1980.26	      2.21	      2.21	     -1.00	     -1.00	17.10	 4.321e-04	      0.52	0	Gaussian	9990000000.000000	9990000000.000000
55	1	  0.016049	  0.109871	     -1.00	   2370.48	   2274.80	      2.21	      2.21	     -1.00	     -1.00	9.53	 4.922e-04	      0.54	0	Gaussian	9990000000.000000	9990000000.000000
56	1	  0.016039	  0.110012	     -1.00	   4047.14	   3724.39	      2.20	      2.19	     -1.00	     -1.00	42.33	 4.634e-04	      0.55	0	Gaussian	9990000000.000000	9990000000.000000
57	1	  0.016016	  0.105998	     -1.00	   5647.42	   1757.24	      2.22	      2.19	     -1.00	     -1.00	59.93	 5.123e-04	      0.58	0	Gaussian	9990000000.000000	9990000000.000000
58	1	  0.016039	  0.102920	     -1.00	   5642.15	   1346.81	      2.23	      2.21	     -1.00	     -1.00	71.71	 5.380e-04	      0.60	0	Gaussian	9990000000.000000	9990000000.000000
59	1	  0.016079	  0.102390	     -1.00	    457.74	   1119.52	      2.24	      2.19	     -1.00	     -1.00	-10.95	 5.065e-04	      0.61	0	Gaussian	9990000000.000000	9990000000.000000
60	1	  0.016044	  0.102862	     -1.00	   1833.80	    626.14	      2.20	      2.20	     -1.00	     -1.00	-78.49	 5.013e-04	      0.62	0	Gaussian	9990000000.000000	9990000000.000000
61	1	  0.016084	  0.101935	     -1.00	   3801.42	   2811.62	      2.23	      2.19	     -1.00	     -1.00	-79.14	 5.410e-04	      0.62	0	Gaussian	9990000000.000000	9990000000.000000
62	1	  0.016079	  0.101413	     -1.00	   3053.92	   1015.03	      2.22	      2.18	     -1.00	     -1.00	66.44	 5.455e-04	      0.64	0	Gaussian	9990000000.000000	9990000000.000000
63	1	  0.016078	  0.099967	     -1.00	   1696.41	    671.51	      2.23	      2.19	     -1.00	     -1.00	7.88	 5.229e-04	      0.64	0	Gaussian	9990000000.000000	9990000000.000000
64	1	  0.016042	  0.100270	     -1.00	   5330.30	   2622.09	      2.21	      2.18	     -1.00	     -1.00	-44.76	 5.272e-04	      0.66	0	Gaussian	9990000000.000000	9990000000.000000
65	1	  0.016053	  0.094658	     -1.00	   3204.17	   2866.11	      2.24	      2.18	     -1.00	     -1.00	55.13	 5.128e-04	      0.70	0	Gaussian	9990000000.000000	9990000000.000000
66	1	  0.016044	  0.093004	     -1.00	   4837.40	    405.92	      2.20	      2.20	     -1.00	     -1.00	30.81	 5.064e-04	      0.73	0	Gaussian	9990000000.000000	9990000000.000000
67	1	  0.016040	  0.093584	     -1.00	   4723.01	   1322.61	      2.20	      2.16	     -1.00	     -1.00	-67.38	 5.176e-04	      0.74	0	Gaussian	9990000000.000000	9990000000.000000
68	1	  0.016042	  0.091992	     -1.00	   4660.02	   2676.91	      2.20	      2.19	     -1.00	     -1.00	-73.69	 5.236e-04	      0.74	0	Gaussian	9990000000.000000	9990000000.000000
69	1	  0.016042	  0.090891	     -1.00	   1244.30	   1905.57	      2.22	      2.19	     -1.00	     -1.00	71.34	 4.802e-04	      0.75	0	Gaussian	9990000000.000000	9990000000.000000
70	1	  0.016039	  0.083698	     -1.00	   1882.81	   1672.29	      2.20	      2.19	     -1.00	     -1.00	-18.25	 4.921e-04	      0.85	0	Gaussian	9990000000.000000	9990000000.000000
71	1	  0.016080	  0.080129	     -1.00	   5700.27	   1892.76	      2.23	      2.17	     -1.00	     -1.00	-85.17	 4.748e-04	      0.89	0	Gaussian	9990000000.000000	9990000000.000000
72	1	  0.016080	  0.078574	     -1.00	    835.39	   1440.81	      2.19	      2.18	     -1.00	     -1.00	-27.98	 5.292e-04	      0.93	0	Gaussian	9990000000.000000	9990000000.000000
73	1	  0.016114	  0.076298	     -1.00	   4011.60	   2767.99	      2.21	      2.20	     -1.00	     -1.00	-4.12	 5.051e-04	      0.94	0	Gaussian	9990000000.000000	9990000000.000000
74	1	  0.016097	  0.075631	     -1.00	   2949.31	    346.43	      2.19	      2.19	     -1.00	     -1.00	-6.35	 4.693e-04	      0.96	0	Gaussian	9990000000.000000	9990000000.000000
75	1	  0.016051	  0.073779	     -1.00	   5359.99	   1994.05	      2.23	      2.20	     -1.00	     -1.00	70.89	 5.088e-04	      0.97	0	Gaussian	9990000000.000000	9990000000.000000
76	1	  0.016081	  0.074016	     -1.00	   5314.81	   3314.33	      2.23	      2.18	     -1.00	     -1.00	-68.77	 5.163e-04	      0.97	0	Gaussian	9990000000.000000	9990000000.000000
77	1	  0.016027	  0.075634	     -1.00	   1314.72	   2107.99	      2.19	      2.18	     -1.00	     -1.00	-17.26	 5.044e-04	      0.97	0	Gaussian	9990000000.000000	9990000000.000000
78	1	  0.016099	  0.075442	     -1.00	   2081.25	    401.71	      2.19	      2.18	     -1.00	     -1.00	40.66	 5.028e-04	      0.97	0	Gaussian	9990000000.000000	9990000000.000000
79	1	  0.016034	  0.073679	     -1.00	   3548.88	   3909.87	      2.22	      2.19	     -1.00	     -1.00	35.73	 5.015e-04	      0.98	0	Gaussian	9990000000.000000	9990000000.000000
80	1	  0.016081	  0.072122	     -1.00	   5471.09	    897.70	      2.24	      2.20	     -1.00	     -1.00	-11.52	 4.860e-04	      0.99	0	Gaussian	9990000000.000000	9990000000.000000
81	1	  0.016078	  0.072405	     -1.00	   1568.18	    931.52	      2.21	      2.21	     -1.00	     -1.00	32.30	 5.148e-04	      0.99	0	Gaussian	9990000000.000000	9990000000.000000
82	1	  0.016050	  0.071647	     -1.00	   4343.23	   3664.38	      2.23	      2.22	     -1.00	     -1.00	-66.44	 5.187e-04	      0.99	0	Gaussian	9990000000.000000	9990000000.000000
83	1	  0.016134	  0.074694	     -1.00	   1146.42	   1221.97	      2.18	      2.18	     -1.00	     -1.00	-83.52	 5.071e-04	      0.99	0	Gaussian	9990000000.000000	9990000000.000000
84	1	  0.016105	  0.072549	     -1.00	   5918.71	   3436.19	      2.25	      2.17	     -1.00	     -1.00	-14.10	 5.277e-04	      0.99	0	Gaussian	9990000000.000000	9990000000.000000
85	1	  0.016098	  0.071805	     -1.00	   3398.99	   1418.45	      2.20	      2.20	     -1.00	     -1.00	-18.83	 4.844e-04	      1.01	0	Gaussian	9990000000.000000	9990000000.000000
86	1	  0.016094	  0.071614	     -1.00	   1019.46	   1393.80	      2.21	      2.20	     -1.00	     -1.00	43.97	 5.142e-04	      1.01	0	Gaussian	9990000000.000000	9990000000.000000
87	1	  0.016051	  0.069408	     -1.00	   4016.46	   3327.21	      2.21	      2.19	     -1.00	     -1.00	61.42	 5.174e-04	      1.05	0	Gaussian	9990000000.000000	9990000000.000000
88	1	  0.016015	  0.067580	     -1.00	    498.36	   2653.56	      2.24	      2.21	     -1.00	     -1.00	-25.02	 5.247e-04	      1.05	0	Gaussian	9990000000.000000	9990000000.000000
89	1	  0.016072	  0.068190	     -1.00	    703.54	   3168.19	      2.22	      2.21	     -1.00	     -1.00	29.05	 4.831e-04	      1.06	0	Gaussian	9990000000.000000	9990000000.000000
90	1	  0.016038	  0.067195	     -1.00	    118.69	    429.93	      2.23	      2.22	     -1.00	     -1.00	-31.55	 5.117e-04	      1.06	0	Gaussian	9990000000.000000	9990000000.000000
91	1	  0.016085	  0.068504	     -1.00	   1168.03	   1486.33	      2.22	      2.17	     -1.00	     -1.00	-26.58	 4.845e-04	      1.06	0	Gaussian	9990000000.000000	9990000000.000000
92	1	  0.016038	  0.068278	     -1.00	   2268.47	   3652.52	      2.22	      2.18	     -1.00	     -1.00	77.69	 4.904e-04	      1.07	0	Gaussian	9990000000.000000	9990000000.000000
93	1	  0.016058	  0.067133	     -1.00	   2592.82	   2885.34	      2.24	      2.19	     -1.00	     -1.00	-44.90	 4.932e-04	      1.07	0	Gaussian	9990000000.000000	9990000000.000000
94	1	  0.016072	  0.068121	     -1.00	   1932.99	   3459.75	      2.20	      2.18	     -1.00	     -1.00	49.36	 5.328e-04	      1.08	0	Gaussian	9990000000.000000	9990000000.000000
95	1	  0.016060	  0.066161	     -1.00	    587.18	   3062.59	      2.22	      2.20	     -1.00	     -1.00	-30.88	 5.330e-04	      1.09	0	Gaussian	9990000000.000000	9990000000.000000
96	1	  0.016097	  0.064194	     -1.00	   1432.47	   1837.94	      2.23	      2.23	     -1.00	     -1.00	-2.38	 4.750e-04	      1.10	0	Gaussian	9990000000.000000	9990000000.000000
97	1	  0.016086	  0.065573	     -1.00	   2776.18	    226.86	      2.21	      2.21	     -1.00	     -1.00	-34.44	 5.083e-04	      1.10	0	Gaussian	9990000000.000000	9990000000.000000
98	1	  0.016079	  0.066086	     -1.00	   5931.79	   3598.76	      2.21	      2.18	     -1.00	     -1.00	-24.54	 4.819e-04	      1.10	0	Gaussian	9990000000.000000	9990000000.000000
99	1	  0.016069	  0.064697	     -1.00	   3942.59	   1020.35	      2.22	      2.20	     -1.00	     -1.00	-80.26	 5.047e-04	      1.11	0	Gaussian	9990000000.000000	9990000000.000000
100	1	  0.016063	  0.064173	     -1.00	   2578.30	    577.59	      2.23	      2.18	     -1.00	     -1.00	-75.64	 5.132e-04	      1.13	0	Gaussian	9990000000.000000	9990000000.000000
101	1	  0.016081	  0.063483	     -1.00	    324.48	   3241.85	      2.23	      2.18	     -1.00	     -1.00	-67.55	 5.111e-04	      1.14	0	Gaussian	9990000000.000000	9990000000.000000
102	1	  0.016040	  0.061932	     -1.00	   1703.67	   3952.75	      2.22	      2.22	     -1.00	     -1.00	51.78	 4.697e-04	      1.15	0	Gaussian	9990000000.000000	9990000000.000000
103	1	  0.016082	  0.060349	     -1.00	   4783.55	    139.92	      2.26	      2.21	     -1.00	     -1.00	26.22	 4.601e-04	      1.17	0	Gaussian	9990000000.000000	9990000000.000000
104	1	  0.016100	  0.062447	     -1.00	   5440.41	   2922.48	      2.19	      2.19	     -1.00	     -1.00	-12.64	 4.992e-04	      1.17	0	Gaussian	9990000000.000000	9990000000.000000
105	1	  0.016090	  0.062877	     -1.00	   5593.88	   2526.54	      2.20	      2.17	     -1.00	     -1.00	-6.05	 4.874e-04	      1.17	0	Gaussian	9990000000.000000	9990000000.000000
106	1	  0.016082	  0.061552	     -1.00	   5286.70	   3235.69	      2.23	      2.18	     -1.00	     -1.00	70.17	 4.939e-04	      1.18	0	Gaussian	9990000000.000000	9990000000.000000
107	1	  0.016036	  0.061074	     -1.00	    247.84	   1344.93	      2.22	      2.19	     -1.00	     -1.00	29.75	 5.107e-04	      1.18	0	Gaussian	9990000000.000000	9990000000.000000
108	1	  0.016119	  0.061912	     -1.00	   1239.29	   3710.21	      2.20	      2.18	     -1.00	     -1.00	36.20	 5.235e-04	      1.18	0	Gaussian	9990000000.000000	9990000000.000000
109	1	  0.016031	  0.059636	     -1.00	   4464.53	   3930.39	      2.23	      2.22	     -1.00	     -1.00	6.72	 5.119e-04	      1.19	0	Gaussian	9990000000.000000	9990000000.000000
110	1	  0.016118	  0.061978	     -1.00	   3402.38	    772.31	      2.20	      2.16	     -1.00	     -1.00	-71.01	 5.306e-04	      1.19	0	Gaussian	9990000000.000000	9990000000.000000
111	1	  0.016063	  0.060153	     -1.00	   2532.22	   2601.79	      2.21	      2.20	     -1.00	     -1.00	71.10	 4.762e-04	      1.20	0	Gaussian	9990000000.000000	9990000000.000000
112	1	  0.016119	  0.060680	     -1.00	   3812.91	   3957.65	      2.20	      2.19	     -1.00	     -1.00	-19.86	 5.125e-04	      1.20	0	Gaussian	9990000000.000000	9990000000.000000
113	1	  0.016138	  0.059034	     -1.00	    649.61	   2580.40	      2.22	      2.22	     -1.00	     -1.00	-19.30	 4.595e-04	      1.21	0	Gaussian	9990000000.000000	9990000000.000000
114	1	  0.016043	  0.059193	     -1.00	     83.31	   3879.22	      2.24	      2.19	     -1.00	     -1.00	81.32	 4.920e-04	      1.21	0	Gaussian	9990000000.000000	9990000000.000000
115	1	  0.016079	  0.061205	     -1.00	   4482.01	   2728.90	      2.21	      2.13	     -1.00	     -1.00	-66.48	 5.151e-04	      1.21	0	Gaussian	9990000000.000000	9990000000.000000
116	1	  0.016034	  0.058501	     -1.00	   4668.37	   3390.67	      2.22	      2.22	     -1.00	     -1.00	-7.57	 5.121e-04	      1.22	0	Gaussian	9990000000.000000	9990000000.000000
117	1	  0.016051	  0.057798	     -1.00	   5984.76	   3629.65	      2.26	      2.20	     -1.00	     -1.00	11.58	 4.970e-04	      1.22	0	Gaussian	9990000000.000000	9990000000.000000
118	1	  0.016045	  0.058432	     -1.00	   1401.29	    785.22	      2.23	      2.20	     -1.00	     -1.00	24.80	 4.799e-04	      1.22	0	Gaussian	9990000000.000000	9990000000.000000
119	1	  0.016082	  0.058273	     -1.00	   2797.42	   2002.60	      2.22	      2.18	     -1.00	     -1.00	-14.85	 5.311e-04	      1.23	0	Gaussian	9990000000.000000	9990000000.000000
120	1	  0.016082	  0.055583	     -1.00	   4041.12	   3646.63	      2.25	      2.23	     -1.00	     -1.00	20.35	 5.074e-04	      1.25	0	Gaussian	9990000000.000000	9990000000.000000
121	1	  0.016065	  0.057032	     -1.00	   1459.23	   3827.94	      2.21	      2.21	     -1.00	     -1.00	26.36	 5.042e-04	      1.25	0	Gaussian	9990000000.000000	9990000000.000000
122	1	  0.016089	  0.055914	     -1.00	   2250.16	    795.26	      2.23	      2.23	     -1.00	     -1.00	37.88	 4.899e-04	      1.25	0	Gaussian	9990000000.000000	9990000000.000000
123	1	  0.016099	  0.056351	     -1.00	   5580.00	   2711.42	      2.22	      2.18	     -1.00	     -1.00	-85.65	 4.882e-04	      1.27	0	Gaussian	9990000000.000000	9990000000.000000
124	1	  0.016158	  0.057454	     -1.00	   1440.93	   2852.53	      2.18	      2.18	     -1.00	     -1.00	-41.12	 6.058e-04	      1.27	0	Gaussian	9990000000.000000	9990000000.000000
125	1	  0.016068	  0.056304	     -1.00	   2107.94	   3904.65	      2.21	      2.19	     -1.00	     -1.00	40.07	 4.952e-04	      1.27	0	Gaussian	9990000000.000000	9990000000.000000
126	1	  0.016074	  0.055693	     -1.00	   4910.08	    590.49	      2.20	      2.20	     -1.00	     -1.00	-66.54	 4.926e-04	      1.29	0	Gaussian	9990000000.000000	9990000000.000000
127	1	  0.016099	  0.055608	     -1.00	   4562.04	   3897.20	      2.19	      2.19	     -1.00	     -1.00	-20.65	 4.722e-04	      1.30	0	Gaussian	9990000000.000000	9990000000.000000
128	1	  0.016026	  0.055636	     -1.00	   2119.32	    790.05	      2.19	      2.18	     -1.00	     -1.00	5.23	 4.579e-04	      1.30	0	Gaussian	9990000000.000000	9990000000.000000
129	1	  0.016234	  0.054936	     -1.00	   1506.56	   1211.84	      2.20	      2.18	     -1.00	     -1.00	78.98	 1.035e-03	      1.31	0	Gaussian	9990000000.000000	9990000000.000000
130	1	  0.016002	  0.054465	     -1.00	   3344.37	   2984.35	      2.21	      2.19	     -1.00	     -1.00	21.70	 5.026e-04	      1.31	0	Gaussian	9990000000.000000	9990000000.000000
131	1	  0.016107	  0.055199	     -1.00	   5500.09	   2646.44	      2.20	      2.16	     -1.00	     -1.00	26.61	 5.057e-04	      1.32	0	Gaussian	9990000000.000000	9990000000.000000
132	1	  0.016011	  0.052181	     -1.00	   5665.25	    494.20	      2.25	      2.21	     -1.00	     -1.00	25.56	 4.849e-04	      1.33	0	Gaussian	9990000000.000000	9990000000.000000
133	1	  0.016042	  0.052427	     -1.00	    728.69	   1556.99	      2.24	      2.21	     -1.00	     -1.00	45.72	 5.022e-04	      1.33	0	Gaussian	9990000000.000000	9990000000.000000
134	1	  0.016036	  0.052063	     -1.00	   3137.12	    673.57	      2.23	      2.22	     -1.00	     -1.00	-44.94	 5.329e-04	      1.34	0	Gaussian	9990000000.000000	9990000000.000000
135	1	  0.016033	  0.052553	     -1.00	   3402.68	   2869.20	      2.22	      2.20	     -1.00	     -1.00	-69.67	 4.957e-04	      1.34	0	Gaussian	9990000000.000000	9990000000.000000
136	1	  0.016056	  0.054559	     -1.00	   5875.55	    881.95	      2.18	      2.16	     -1.00	     -1.00	27.34	 5.007e-04	      1.34	0	Gaussian	9990000000.000000	9990000000.000000
137	1	  0.016088	  0.053728	     -1.00	   3398.90	   2703.27	      2.20	      2.16	     -1.00	     -1.00	24.93	 5.295e-04	      1.35	0	Gaussian	9990000000.000000	9990000000.000000
138	1	  0.016092	  0.052374	     -1.00	   3057.60	   3533.88	      2.21	      2.19	     -1.00	     -1.00	61.51	 5.283e-04	      1.35	0	Gaussian	9990000000.000000	9990000000.000000
139	1	  0.016099	  0.052320	     -1.00	   4902.82	   1319.14	      2.22	      2.18	     -1.00	     -1.00	-58.85	 4.793e-04	      1.36	0	Gaussian	9990000000.000000	9990000000.000000
140	1	  0.016078	  0.053200	     -1.00	   4400.97	   3375.87	      2.20	      2.16	     -1.00	     -1.00	73.75	 5.230e-04	      1.36	0	Gaussian	9990000000.000000	9990000000.000000
141	1	  0.016053	  0.052077	     -1.00	    459.65	   2189.49	      2.20	      2.20	     -1.00	     -1.00	-8.93	 4.935e-04	      1.36	0	Gaussian	9990000000.000000	9990000000.000000
142	1	  0.016117	  0.051713	     -1.00	   1906.61	   2798.18	      2.21	      2.20	     -1.00	     -1.00	68.89	 4.972e-04	      1.36	0	Gaussian	9990000000.000000	9990000000.000000
143	1	  0.016089	  0.050921	     -1.00	   2435.50	   1784.27	      2.24	      2.19	     -1.00	     -1.00	-9.68	 5.029e-04	      1.37	0	Gaussian	9990000000.000000	9990000000.000000
144	1	  0.016066	  0.050429	     -1.00	   5479.29	    979.84	      2.23	      2.20	     -1.00	     -1.00	30.93	 4.819e-04	      1.38	0	Gaussian	9990000000.000000	9990000000.000000
145	1	  0.016046	  0.051112	     -1.00	   4212.32	   2300.26	      2.18	      2.18	     -1.00	     -1.00	26.43	 5.081e-04	      1.40	0	Gaussian	9990000000.000000	9990000000.000000
146	1	  0.016017	  0.048822	     -1.00	   5718.79	   1248.05	      2.23	      2.23	     -1.00	     -1.00	-16.71	 4.925e-04	      1.40	0	Gaussian	9990000000.000000	9990000000.000000
147	1	  0.016036	  0.048844	     -1.00	   4856.64	   1869.30	      2.22	      2.21	     -1.00	     -1.00	20.32	 5.107e-04	      1.42	0	Gaussian	9990000000.000000	9990000000.000000
148	1	  0.016035	  0.048366	     -1.00	   1403.90	    643.18	      2.24	      2.21	     -1.00	     -1.00	43.00	 5.112e-04	      1.42	0	Gaussian	9990000000.000000	9990000000.000000
149	1	  0.016042	  0.048165	     -1.00	   5446.99	   1488.51	      2.24	      2.21	     -1.00	     -1.00	1.14	 5.210e-04	      1.42	0	Gaussian	9990000000.000000	9990000000.000000
150	1	  0.016065	  0.047670	     -1.00	    873.85	   1571.44	      2.23	      2.23	     -1.00	     -1.00	-11.06	 4.897e-04	      1.43	0	Gaussian	9990000000.000000	9990000000.000000
151	1	  0.016082	  0.048998	     -1.00	   2907.07	   2267.51	      2.20	      2.17	     -1.00	     -1.00	71.32	 5.414e-04	      1.44	0	Gaussian	9990000000.000000	9990000000.000000
152	1	  0.016072	  0.047680	     -1.00	   3929.45	   1669.53	      2.22	      2.19	     -1.00	     -1.00	78.62	 5.379e-04	      1.45	0	Gaussian	9990000000.000000	9990000000.000000
153	1	  0.016022	  0.048523	     -1.00	   5651.28	   3828.02	      2.19	      2.16	     -1.00	     -1.00	-83.58	 5.051e-04	      1.46	0	Gaussian	9990000000.000000	9990000000.000000
154	1	  0.016133	  0.047425	     -1.00	   3291.77	   3872.28	      2.23	      2.16	     -1.00	     -1.00	38.06	 5.249e-04	      1.46	0	Gaussian	9990000000.000000	9990000000.000000
155	1	  0.016045	  0.045879	     -1.00	    938.77	   3920.47	      2.22	      2.22	     -1.00	     -1.00	-19.33	 5.145e-04	      1.47	0	Gaussian	9990000000.000000	9990000000.000000
156	1	  0.016087	  0.046950	     -1.00	   4247.58	   1630.77	      2.20	      2.17	     -1.00	     -1.00	-15.14	 4.961e-04	      1.48	0	Gaussian	9990000000.000000	9990000000.000000
157	1	  0.016062	  0.044568	     -1.00	   4631.63	    364.15	      2.24	      2.24	     -1.00	     -1.00	61.41	 5.175e-04	      1.49	0	Gaussian	9990000000.000000	9990000000.000000
158	1	  0.016056	  0.045950	     -1.00	   2682.70	   3419.15	      2.21	      2.19	     -1.00	     -1.00	-38.35	 5.202e-04	      1.50	0	Gaussian	9990000000.000000	9990000000.000000
159	1	  0.016096	  0.045302	     -1.00	    454.58	    326.20	      2.22	      2.18	     -1.00	     -1.00	-78.44	 5.329e-04	      1.51	0	Gaussian	9990000000.000000	9990000000.000000
160	1	  0.016040	  0.042656	     -1.00	   5709.06	   1104.89	      2.25	      2.25	     -1.00	     -1.00	-82.79	 4.807e-04	      1.53	0	Gaussian	9990000000.000000	9990000000.000000
161	1	  0.016094	  0.045063	     -1.00	   1140.36	    956.89	      2.19	      2.19	     -1.00	     -1.00	3.05	 5.162e-04	      1.53	0	Gaussian	9990000000.000000	9990000000.000000
162	1	  0.016073	  0.042484	     -1.00	   5964.66	    796.44	      2.26	      2.24	     -1.00	     -1.00	-59.83	 4.731e-04	      1.53	0	Gaussian	9990000000.000000	9990000000.000000
163	1	  0.016038	  0.043351	     -1.00	    406.13	   1455.05	      2.23	      2.20	     -1.00	     -1.00	-48.12	 5.455e-04	      1.54	0	Gaussian	9990000000.000000	9990000000.000000
164	1	  0.016052	  0.042606	     -1.00	   5080.49	   3356.82	      2.24	      2.21	     -1.00	     -1.00	-18.64	 4.794e-04	      1.55	0	Gaussian	9990000000.000000	9990000000.000000
165	1	  0.016027	  0.043883	     -1.00	   2521.34	   1532.49	      2.20	      2.19	     -1.00	     -1.00	9.42	 4.901e-04	      1.55	0	Gaussian	9990000000.000000	9990000000.000000
166	1	  0.016085	  0.043841	     -1.00	   1051.60	   1799.62	      2.18	      2.18	     -1.00	     -1.00	44.68	 4.666e-04	      1.56	0	Gaussian	9990000000.000000	9990000000.000000
167	1	  0.016100	  0.042793	     -1.00	   5082.99	   2406.91	      2.23	      2.20	     -1.00	     -1.00	67.55	 5.199e-04	      1.56	0	Gaussian	9990000000.000000	9990000000.000000
168	1	  0.016043	  0.042765	     -1.00	    387.61	   1208.97	      2.22	      2.19	     -1.00	     -1.00	-74.43	 4.889e-04	      1.57	0	Gaussian	9990000000.000000	9990000000.000000
169	1	  0.016087	  0.042995	     -1.00	   1819.37	   3314.55	      2.19	      2.19	     -1.00	     -1.00	2.55	 4.881e-04	      1.58	0	Gaussian	9990000000.000000	9990000000.000000
170	1	  0.016075	  0.042134	     -1.00	   1165.06	   2488.93	      2.24	      2.18	     -1.00	     -1.00	-79.39	 4.692e-04	      1.58	0	Gaussian	9990000000.000000	9990000000.000000
171	1	  0.016098	  0.041888	     -1.00	    108.90	   3353.50	      2.22	      2.20	     -1.00	     -1.00	5.36	 5.142e-04	      1.58	0	Gaussian	9990000000.000000	9990000000.000000
172	1	  0.016066	  0.043114	     -1.00	   2939.97	    656.16	      2.18	      2.18	     -1.00	     -1.00	-41.26	 5.025e-04	      1.58	0	Gaussian	9990000000.000000	9990000000.000000
173	1	  0.016114	  0.043174	     -1.00	   3343.31	    281.26	      2.19	      2.15	     -1.00	     -1.00	-73.37	 5.143e-04	      1.59	0	Gaussian	9990000000.000000	9990000000.000000
174	1	  0.016092	  0.041713	     -1.00	   3819.88	   1036.64	      2.20	      2.20	     -1.00	     -1.00	4.83	 5.161e-04	      1.60	0	Gaussian	9990000000.000000	9990000000.000000
175	1	  0.016068	  0.040515	     -1.00	   2649.86	   2289.02	      2.28	      2.17	     -1.00	     -1.00	-18.36	 4.858e-04	      1.60	0	Gaussian	9990000000.000000	9990000000.000000
176	1	  0.016011	  0.040938	     -1.00	   3036.62	   1818.42	      2.21	      2.20	     -1.00	     -1.00	22.74	 4.805e-04	      1.61	0	Gaussian	9990000000.000000	9990000000.000000
177	1	  0.016057	  0.040142	     -1.00	   4571.08	    274.09	      2.23	      2.22	     -1.00	     -1.00	6.84	 4.850e-04	      1.62	0	Gaussian	9990000000.000000	9990000000.000000
178	1	  0.016077	  0.041385	     -1.00	   2220.47	   3393.64	      2.22	      2.16	     -1.00	     -1.00	2.79	 5.149e-04	      1.62	0	Gaussian	9990000000.000000	9990000000.000000
179	1	  0.016085	  0.041936	     -1.00	   1672.77	   3875.93	      2.20	      2.15	     -1.00	     -1.00	-0.89	 4.855e-04	      1.62	0	Gaussian	9990000000.000000	9990000000.000000
180	1	  0.016043	  0.040362	     -1.00	   5032.18	   1454.88	      2.22	      2.21	     -1.00	     -1.00	-77.13	 4.997e-04	      1.62	0	Gaussian	9990000000.000000	9990000000.000000
181	1	  0.016081	  0.039822	     -1.00	   1523.28	    431.75	      2.24	      2.20	     -1.00	     -1.00	-18.48	 5.023e-04	      1.63	0	Gaussian	9990000000.000000	9990000000.000000
182	1	  0.016045	  0.038507	     -1.00	   1260.61	    959.74	      2.26	      2.24	     -1.00	     -1.00	-31.49	 4.829e-04	      1.63	0	Gaussian	9990000000.000000	9990000000.000000
183	1	  0.016057	  0.038953	     -1.00	   2715.18	   3093.24	      2.27	      2.21	     -1.00	     -1.00	-12.89	 5.001e-04	      1.63	0	Gaussian	9990000000.000000	9990000000.000000
184	1	  0.016043	  0.038443	     -1.00	   3945.91	    316.60	      2.25	      2.25	     -1.00	     -1.00	17.61	 5.071e-04	      1.64	0	Gaussian	9990000000.000000	9990000000.000000
185	1	  0.016122	  0.039752	     -1.00	   3070.16	   2560.78	      2.25	      2.16	     -1.00	     -1.00	-61.82	 5.137e-04	      1.65	0	Gaussian	9990000000.000000	9990000000.000000
186	1	  0.016074	  0.040908	     -1.00	   2533.88	   2212.32	      2.18	      2.16	     -1.00	     -1.00	27.48	 4.745e-04	      1.65	0	Gaussian	9990000000.000000	9990000000.000000
187	1	  0.016046	  0.039160	     -1.00	   4087.10	   2754.93	      2.24	      2.19	     -1.00	     -1.00	0.91	 4.925e-04	      1.66	0	Gaussian	9990000000.000000	9990000000.000000
188	1	  0.016092	  0.039390	     -1.00	   5056.76	   1466.75	      2.23	      2.17	     -1.00	     -1.00	-9.00	 4.796e-04	      1.66	0	Gaussian	9990000000.000000	9990000000.000000
189	1	  0.016107	  0.039087	     -1.00	   1271.96	   3925.41	      2.22	      2.20	     -1.00	     -1.00	-9.52	 5.297e-04	      1.66	0	Gaussian	9990000000.000000	9990000000.000000
190	1	  0.016148	  0.039314	     -1.00	    851.19	   1107.63	      2.20	      2.20	     -1.00	     -1.00	88.20	 5.193e-04	      1.66	0	Gaussian	9990000000.000000	9990000000.000000
191	1	  0.016066	  0.037973	     -1.00	   3735.42	   1737.79	      2.23	      2.22	     -1.00	     -1.00	-20.57	 4.775e-04	      1.67	0	Gaussian	9990000000.000000	9990000000.000000
192	1	  0.016042	  0.037252	     -1.00	   1644.49	   2071.34	      2.25	      2.24	     -1.00	     -1.00	-22.88	 4.789e-04	      1.68	0	Gaussian	9990000000.000000	9990000000.000000
193	1	  0.016121	  0.039618	     -1.00	   2195.42	    308.88	      2.20	      2.14	     -1.00	     -1.00	-26.66	 4.637e-04	      1.69	0	Gaussian	9990000000.000000	9990000000.000000
194	1	  0.016026	  0.038173	     -1.00	   3796.49	   1676.43	      2.21	      2.21	     -1.00	     -1.00	-0.42	 5.012e-04	      1.69	0	Gaussian	9990000000.000000	9990000000.000000
195	1	  0.016108	  0.038172	     -1.00	   5665.53	   3795.10	      2.24	      2.18	     -1.00	     -1.00	-1.31	 4.784e-04	      1.69	0	Gaussian	9990000000.000000	9990000000.000000
196	1	  0.016085	  0.036797	     -1.00	    271.90	    526.99	      2.26	      2.24	     -1.00	     -1.00	-44.77	 4.863e-04	      1.69	0	Gaussian	9990000000.000000	9990000000.000000
197	1	  0.016058	  0.037741	     -1.00	   2794.18	   1808.74	      2.21	      2.20	     -1.00	     -1.00	15.32	 5.078e-04	      1.70	0	Gaussian	9990000000.000000	9990000000.000000
198	1	  0.016038	  0.037719	     -1.00	   3246.56	   2766.24	      2.21	      2.20	     -1.00	     -1.00	14.57	 5.124e-04	      1.71	0	Gaussian	9990000000.000000	9990000000.000000
199	1	  0.016086	  0.036343	     -1.00	   2038.66	    945.55	      2.24	      2.24	     -1.00	     -1.00	28.34	 4.685e-04	      1.71	0	Gaussian	9990000000.000000	9990000000.000000
200	1	  0.016047	  0.037622	     -1.00	   1202.49	   3065.55	      2.23	      2.17	     -1.00	     -1.00	59.63	 5.387e-04	      1.71	0	Gaussian	9990000000.000000	9990000000.000000
201	1	  0.016053	  0.038593	     -1.00	    691.06	    122.51	      2.17	      2.16	     -1.00	     -1.00	-20.04	 4.882e-04	      1.72	0	Gaussian	9990000000.000000	9990000000.000000
202	1	  0.016035	  0.037324	     -1.00	   2602.43	    625.22	      2.23	      2.17	     -1.00	     -1.00	37.32	 5.032e-04	      1.72	0	Gaussian	9990000000.000000	9990000000.000000
203	1	  0.016098	  0.037508	     -1.00	   4814.81	   1241.06	      2.19	      2.19	     -1.00	     -1.00	40.08	 4.768e-04	      1.73	0	Gaussian	9990000000.000000	9990000000.000000
204	1	  0.016099	  0.038667	     -1.00	   1678.14	   2686.12	      2.18	      2.10	     -1.00	     -1.00	-37.63	 5.135e-04	      1.74	0	Gaussian	9990000000.000000	9990000000.000000
205	1	  0.016060	  0.036914	     -1.00	   2569.23	   1740.30	      2.20	      2.19	     -1.00	     -1.00	40.38	 4.799e-04	      1.74	0	Gaussian	9990000000.000000	9990000000.000000
206	1	  0.016054	  0.037315	     -1.00	   4414.87	   2380.83	      2.23	      2.13	     -1.00	     -1.00	-52.19	 5.030e-04	      1.74	0	Gaussian	9990000000.000000	9990000000.000000
207	1	  0.016048	  0.036044	     -1.00	   2987.48	   3263.10	      2.26	      2.18	     -1.00	     -1.00	-1.72	 5.112e-04	      1.74	0	Gaussian	9990000000.000000	9990000000.000000
208	1	  0.016023	  0.035453	     -1.00	   3712.77	   3683.18	      2.25	      2.21	     -1.00	     -1.00	84.74	 5.120e-04	      1.75	0	Gaussian	9990000000.000000	9990000000.000000
209	1	  0.016076	  0.035535	     -1.00	    942.06	   2443.55	      2.24	      2.21	     -1.00	     -1.00	85.46	 5.184e-04	      1.75	0	Gaussian	9990000000.000000	9990000000.000000
210	1	  0.016058	  0.037630	     -1.00	     67.72	   2460.77	      2.21	      2.11	     -1.00	     -1.00	-42.39	 4.808e-04	      1.76	0	Gaussian	9990000000.000000	9990000000.000000
211	1	  0.016053	  0.036626	     -1.00	   3454.29	     87.63	      2.20	      2.17	     -1.00	     -1.00	80.02	 5.213e-04	      1.76	0	Gaussian	9990000000.000000	9990000000.000000
212	1	  0.016075	  0.035371	     -1.00	   1153.59	   3430.83	      2.24	      2.20	     -1.00	     -1.00	85.27	 4.549e-04	      1.76	0	Gaussian	9990000000.000000	9990000000.000000
213	1	  0.016040	  0.034654	     -1.00	   5302.40	    573.97	      2.26	      2.22	     -1.00	     -1.00	88.49	 5.251e-04	      1.76	0	Gaussian	9990000000.000000	9990000000.000000
214	1	  0.016091	  0.036021	     -1.00	   3068.20	   2650.73	      2.24	      2.15	     -1.00	     -1.00	-88.72	 4.772e-04	      1.77	0	Gaussian	9990000000.000000	9990000000.000000
215	1	  0.016088	  0.035453	     -1.00	   4610.67	   3266.60	      2.22	      2.19	     -1.00	     -1.00	29.72	 5.002e-04	      1.77	0	Gaussian	9990000000.000000	9990000000.000000
216	1	  0.016070	  0.035757	     -1.00	   3839.55	   3701.83	      2.20	      2.19	     -1.00	     -1.00	60.46	 4.972e-04	      1.77	0	Gaussian	9990000000.000000	9990000000.000000
217	1	  0.016058	  0.035663	     -1.00	   1272.07	   1981.80	      2.19	      2.19	     -1.00	     -1.00	-25.96	 5.014e-04	      1.78	0	Gaussian	9990000000.000000	9990000000.000000
218	1	  0.016037	  0.033901	     -1.00	    315.78	   1361.21	      2.28	      2.21	     -1.00	     -1.00	-11.38	 4.850e-04	      1.78	0	Gaussian	9990000000.000000	9990000000.000000
219	1	  0.016089	  0.036659	     -1.00	   4607.88	   2057.20	      2.16	      2.15	     -1.00	     -1.00	-58.33	 4.906e-04	      1.79	0	Gaussian	9990000000.000000	9990000000.000000
220	1	  0.016042	  0.034471	     -1.00	   1175.49	   1985.53	      2.24	      2.18	     -1.00	     -1.00	-74.82	 4.887e-04	      1.80	0	Gaussian	9990000000.000000	9990000000.000000
221	1	  0.016074	  0.033393	     -1.00	   3019.94	   1530.91	      2.25	      2.24	     -1.00	     -1.00	-48.07	 5.110e-04	      1.80	0	Gaussian	9990000000.000000	9990000000.000000
222	1	  0.016123	  0.036143	     -1.00	    910.69	   1340.11	      2.20	      2.11	     -1.00	     -1.00	-17.56	 5.127e-04	      1.80	0	Gaussian	9990000000.000000	9990000000.000000
223	1	  0.016039	  0.034560	     -1.00	   1430.18	   1473.04	      2.21	      2.20	     -1.00	     -1.00	6.14	 5.178e-04	      1.80	0	Gaussian	9990000000.000000	9990000000.000000
224	1	  0.016141	  0.034321	     -1.00	   3505.90	   1302.78	      2.23	      2.18	     -1.00	     -1.00	-78.07	 4.510e-04	      1.80	0	Gaussian	9990000000.000000	9990000000.000000
225	1	  0.016059	  0.033505	     -1.00	    742.09	   2290.72	      2.28	      2.19	     -1.00	     -1.00	-11.79	 5.087e-04	      1.80	0	Gaussian	9990000000.000000	9990000000.000000
226	1	  0.016035	  0.034416	     -1.00	    890.10	   3776.25	      2.22	      2.19	     -1.00	     -1.00	74.67	 4.874e-04	      1.80	0	Gaussian	9990000000.000000	9990000000.000000
227	1	  0.016108	  0.034863	     -1.00	   3097.12	   1815.57	      2.23	      2.15	     -1.00	     -1.00	-29.32	 4.828e-04	      1.80	0	Gaussian	9990000000.000000	9990000000.000000
228	1	  0.016037	  0.033298	     -1.00	   4839.80	    991.56	      2.25	      2.22	     -1.00	     -1.00	-59.54	 4.850e-04	      1.81	0	Gaussian	9990000000.000000	9990000000.000000
229	1	  0.016069	  0.035014	     -1.00	    692.13	   3115.21	      2.20	      2.16	     -1.00	     -1.00	43.75	 5.048e-04	      1.81	0	Gaussian	9990000000.000000	9990000000.000000
230	1	  0.016036	  0.034353	     -1.00	   2523.77	    686.45	      2.20	      2.19	     -1.00	     -1.00	-53.03	 5.023e-04	      1.81	0	Gaussian	9990000000.000000	9990000000.000000
231	1	  0.016028	  0.034905	     -1.00	   1062.56	   2519.03	      2.21	      2.14	     -1.00	     -1.00	-83.10	 5.022e-04	      1.82	0	Gaussian	9990000000.000000	9990000000.000000
232	1	  0.016019	  0.033930	     -1.00	    963.38	   3773.99	      2.23	      2.17	     -1.00	     -1.00	7.83	 4.962e-04	      1.82	0	Gaussian	9990000000.000000	9990000000.000000
233	1	  0.016051	  0.033695	     -1.00	   4096.73	   3746.57	      2.24	      2.18	     -1.00	     -1.00	-2.28	 5.045e-04	      1.83	0	Gaussian	9990000000.000000	9990000000.000000
234	1	  0.016085	  0.030915	     -1.00	   5820.33	   3483.20	      2.35	      2.25	     -1.00	     -1.00	-22.37	 5.021e-04	      1.83	0	Gaussian	9990000000.000000	9990000000.000000
235	1	  0.016067	  0.033786	     -1.00	   4208.08	   2498.39	      2.22	      2.18	     -1.00	     -1.00	17.59	 4.768e-04	      1.83	0	Gaussian	9990000000.000000	9990000000.000000
236	1	  0.016099	  0.033496	     -1.00	   4887.57	   3336.45	      2.25	      2.18	     -1.00	     -1.00	84.39	 5.153e-04	      1.83	0	Gaussian	9990000000.000000	9990000000.000000
237	1	  0.016090	  0.034339	     -1.00	    459.72	   2248.97	      2.19	      2.17	     -1.00	     -1.00	7.81	 5.201e-04	      1.83	0	Gaussian	9990000000.000000	9990000000.000000
238	1	  0.016095	  0.034801	     -1.00	   1158.76	    904.21	      2.23	      2.10	     -1.00	     -1.00	9.48	 5.152e-04	      1.83	0	Gaussian	9990000000.000000	9990000000.000000
239	1	  0.016032	  0.032143	     -1.00	   4710.80	   1998.48	      2.25	      2.24	     -1.00	     -1.00	11.92	 4.829e-04	      1.84	0	Gaussian	9990000000.000000	9990000000.000000
240	1	  0.016072	  0.031382	     -1.00	   5962.91	   3929.42	      2.30	      2.25	     -1.00	     -1.00	87.12	 5.042e-04	      1.84	0	Gaussian	9990000000.000000	9990000000.000000
241	1	  0.016096	  0.032553	     -1.00	   5499.82	   2200.11	      2.24	      2.20	     -1.00	     -1.00	89.29	 5.027e-04	      1.85	0	Gaussian	9990000000.000000	9990000000.000000
242	1	  0.016079	  0.033800	     -1.00	   3217.99	   3553.64	      2.23	      2.14	     -1.00	     -1.00	-6.82	 5.052e-04	      1.85	0	Gaussian	9990000000.000000	9990000000.000000
243	1	  0.016081	  0.033377	     -1.00	   3986.62	    727.21	      2.19	      2.19	     -1.00	     -1.00	-10.46	 5.150e-04	      1.85	0	Gaussian	9990000000.000000	9990000000.000000
244	1	  0.016092	  0.032901	     -1.00	   4603.75	   1835.08	      2.23	      2.19	     -1.00	     -1.00	-43.69	 5.080e-04	      1.85	0	Gaussian	9990000000.000000	9990000000.000000
245	1	  0.016063	  0.032819	     -1.00	   2584.04	   2598.67	      2.25	      2.16	     -1.00	     -1.00	0.98	 5.192e-04	      1.86	0	Gaussian	9990000000.000000	9990000000.000000
246	1	  0.016018	  0.031150	     -1.00	   2289.47	   1604.04	      2.25	      2.25	     -1.00	     -1.00	-61.48	 4.870e-04	      1.87	0	Gaussian	9990000000.000000	9990000000.000000
247	1	  0.016043	  0.032337	     -1.00	   1665.08	   3797.32	      2.21	      2.19	     -1.00	     -1.00	-5.81	 5.055e-04	      1.87	0	Gaussian	9990000000.000000	9990000000.000000
248	1	  0.016108	  0.033354	     -1.00	   3785.48	    122.44	      2.18	      2.15	     -1.00	     -1.00	-15.10	 4.633e-04	      1.88	0	Gaussian	9990000000.000000	9990000000.000000
249	1	  0.016041	  0.032967	     -1.00	   2943.84	   2290.52	      2.18	      2.17	     -1.00	     -1.00	12.76	 4.832e-04	      1.88	0	Gaussian	9990000000.000000	9990000000.000000
250	1	  0.016048	  0.030898	     -1.00	   2077.27	   1031.34	      2.25	      2.23	     -1.00	     -1.00	-35.72	 5.025e-04	      1.89	0	Gaussian	9990000000.000000	9990000000.000000
251	1	  0.016042	  0.030748	     -1.00	   5066.86	    339.98	      2.24	      2.24	     -1.00	     -1.00	-81.45	 4.994e-04	      1.89	0	Gaussian	9990000000.000000	9990000000.000000
252	1	  0.016068	  0.030879	     -1.00	   4508.78	   2557.08	      2.25	      2.23	     -1.00	     -1.00	-22.87	 4.968e-04	      1.89	0	Gaussian	9990000000.000000	9990000000.000000
253	1	  0.016005	  0.032658	     -1.00	   3806.21	   2093.40	      2.20	      2.13	     -1.00	     -1.00	-67.28	 5.283e-04	      1.89	0	Gaussian	9990000000.000000	9990000000.000000
254	1	  0.016087	  0.031710	     -1.00	   5390.18	   2756.61	      2.21	      2.19	     -1.00	     -1.00	78.51	 6.527e-04	      1.90	0	Gaussian	9990000000.000000	9990000000.000000
255	1	  0.016068	  0.032371	     -1.00	   5506.82	   3005.07	      2.18	      2.17	     -1.00	     -1.00	-8.73	 4.886e-04	      1.90	0	Gaussian	9990000000.000000	9990000000.000000
256	1	  0.016066	  0.030481	     -1.00	   4037.69	   3657.61	      2.25	      2.22	     -1.00	     -1.00	75.31	 5.057e-04	      1.90	0	Gaussian	9990000000.000000	9990000000.000000
257	1	  0.016051	  0.032042	     -1.00	    657.36	   1100.16	      2.18	      2.18	     -1.00	     -1.00	51.38	 5.075e-04	      1.91	0	Gaussian	9990000000.000000	9990000000.000000
258	1	  0.016028	  0.029019	     -1.00	   2542.91	    438.44	      2.28	      2.28	     -1.00	     -1.00	-79.42	 5.049e-04	      1.91	0	Gaussian	9990000000.000000	9990000000.000000
259	1	  0.016101	  0.032539	     -1.00	   1712.19	    428.85	      2.19	      2.12	     -1.00	     -1.00	-38.74	 4.751e-04	      1.91	0	Gaussian	9990000000.000000	9990000000.000000
260	1	  0.016053	  0.030847	     -1.00	   3736.96	   3658.57	      2.24	      2.18	     -1.00	     -1.00	5.93	 5.028e-04	      1.92	0	Gaussian	9990000000.000000	9990000000.000000
261	1	  0.016044	  0.028761	     -1.00	   5151.55	   2386.24	      2.30	      2.27	     -1.00	     -1.00	81.95	 4.877e-04	      1.92	0	Gaussian	9990000000.000000	9990000000.000000
262	1	  0.015988	  0.030092	     -1.00	   3508.43	   2653.30	      2.24	      2.23	     -1.00	     -1.00	-38.98	 4.496e-04	      1.92	0	Gaussian	9990000000.000000	9990000000.000000
263	1	  0.016047	  0.031649	     -1.00	   3830.58	   3112.62	      2.21	      2.14	     -1.00	     -1.00	11.17	 4.816e-04	      1.92	0	Gaussian	9990000000.000000	9990000000.000000
264	1	  0.016096	  0.029872	     -1.00	    545.04	   3250.55	      2.27	      2.18	     -1.00	     -1.00	-19.16	 5.336e-04	      1.94	0	Gaussian	9990000000.000000	9990000000.000000
265	1	  0.016355	  0.030998	     -1.00	    404.35	   2306.09	      2.23	      2.13	     -1.00	     -1.00	63.49	 1.552e-03	      1.94	0	Gaussian	9990000000.000000	9990000000.000000
266	1	  0.016141	  0.030670	     -1.00	   3748.27	   3297.60	      2.19	      2.18	     -1.00	     -1.00	-51.04	 5.350e-04	      1.95	0	Gaussian	9990000000.000000	9990000000.000000
267	1	  0.016136	  0.029473	     -1.00	    332.51	   3217.54	      2.24	      2.21	     -1.00	     -1.00	41.50	 4.968e-04	      1.95	0	Gaussian	9990000000.000000	9990000000.000000
268	1	  0.016054	  0.029467	     -1.00	   2819.10	   2248.90	      2.22	      2.22	     -1.00	     -1.00	59.88	 5.050e-04	      1.96	0	Gaussian	9990000000.000000	9990000000.000000
269	1	  0.016041	  0.030267	     -1.00	   4535.84	   2557.30	      2.18	      2.18	     -1.00	     -1.00	0.75	 4.794e-04	      1.96	0	Gaussian	9990000000.000000	9990000000.000000
270	1	  0.016042	  0.031189	     -1.00	   4026.34	    640.72	      2.16	      2.13	     -1.00	     -1.00	-84.33	 4.924e-04	      1.97	0	Gaussian	9990000000.000000	9990000000.000000
271	1	  0.016097	  0.030364	     -1.00	   5786.83	    833.34	      2.21	      2.13	     -1.00	     -1.00	-74.37	 5.295e-04	      1.97	0	Gaussian	9990000000.000000	9990000000.000000
272	1	  0.016033	  0.028590	     -1.00	   5937.54	   2936.27	      2.27	      2.21	     -1.00	     -1.00	54.51	 4.817e-04	      1.97	0	Gaussian	9990000000.000000	9990000000.000000
273	1	  0.016143	  0.030754	     -1.00	   2133.60	    136.20	      2.19	      2.12	     -1.00	     -1.00	73.12	 4.798e-04	      1.97	0	Gaussian	9990000000.000000	9990000000.000000
274	1	  0.016127	  0.028983	     -1.00	   1959.94	   1452.92	      2.25	      2.20	     -1.00	     -1.00	17.80	 5.135e-04	      1.97	0	Gaussian	9990000000.000000	9990000000.000000
275	1	  0.016057	  0.030052	     -1.00	   4731.21	    206.83	      2.20	      2.17	     -1.00	     -1.00	45.13	 4.897e-04	      1.98	0	Gaussian	9990000000.000000	9990000000.000000
276	1	  0.016086	  0.030395	     -1.00	   5278.95	   2381.76	      2.16	      2.16	     -1.00	     -1.00	1.06	 5.204e-04	      1.98	0	Gaussian	9990000000.000000	9990000000.000000
277	1	  0.016088	  0.027967	     -1.00	    731.34	   3097.79	      2.24	      2.24	     -1.00	     -1.00	-59.25	 4.647e-04	      1.99	0	Gaussian	9990000000.000000	9990000000.000000
278	1	  0.016134	  0.027645	     -1.00	   2665.97	   2680.34	      2.25	      2.25	     -1.00	     -1.00	89.09	 5.220e-04	      1.99	0	Gaussian	9990000000.000000	9990000000.000000
279	1	  0.016061	  0.029463	     -1.00	    204.00	    147.93	      2.19	      2.16	     -1.00	     -1.00	-10.68	 4.735e-04	      2.00	0	Gaussian	9990000000.000000	9990000000.000000
280	1	  0.016089	  0.030088	     -1.00	   5912.09	    562.87	      2.20	      2.12	     -1.00	     -1.00	65.57	 4.826e-04	      2.00	0	Gaussian	9990000000.000000	9990000000.000000
281	1	  0.016093	  0.027995	     -1.00	   5614.79	   3084.19	      2.23	      2.22	     -1.00	     -1.00	23.74	 4.575e-04	      2.01	0	Gaussian	9990000000.000000	9990000000.000000
282	1	  0.016059	  0.028648	     -1.00	   2360.89	    293.27	      2.20	      2.20	     -1.00	     -1.00	-21.29	 5.205e-04	      2.01	0	Gaussian	9990000000.000000	9990000000.000000
283	1	  0.016056	  0.029189	     -1.00	   1226.36	   1221.88	      2.21	      2.11	     -1.00	     -1.00	29.16	 5.007e-04	      2.03	0	Gaussian	9990000000.000000	9990000000.000000
284	1	  0.016087	  0.027292	     -1.00	   5890.20	    117.08	      2.29	      2.16	     -1.00	     -1.00	-73.87	 4.990e-04	      2.04	0	Gaussian	9990000000.000000	9990000000.000000
285	1	  0.016059	  0.027340	     -1.00	   5738.73	   1178.52	      2.23	      2.19	     -1.00	     -1.00	-70.09	 5.254e-04	      2.04	0	Gaussian	9990000000.000000	9990000000.000000
286	1	  0.016060	  0.029075	     -1.00	   1863.35	   1359.99	      2.16	      2.13	     -1.00	     -1.00	-8.83	 4.912e-04	      2.04	0	Gaussian	9990000000.000000	9990000000.000000
287	1	  0.016037	  0.026043	     -1.00	   2530.08	   1918.09	      2.28	      2.27	     -1.00	     -1.00	-20.65	 4.937e-04	      2.04	0	Gaussian	9990000000.000000	9990000000.000000
288	1	  0.016055	  0.027205	     -1.00	   3875.57	   2093.83	      2.21	      2.20	     -1.00	     -1.00	37.42	 4.855e-04	      2.06	0	Gaussian	9990000000.000000	9990000000.000000
289	1	  0.016067	  0.027927	     -1.00	   2018.48	   2521.07	      2.17	      2.17	     -1.00	     -1.00	20.28	 4.775e-04	      2.06	0	Gaussian	9990000000.000000	9990000000.000000
290	1	  0.016068	  0.026872	     -1.00	   1817.32	   1074.45	      2.25	      2.17	     -1.00	     -1.00	66.45	 4.957e-04	      2.07	0	Gaussian	9990000000.000000	9990000000.000000
291	1	  0.016059	  0.026639	     -1.00	   5286.34	   1060.04	      2.27	      2.16	     -1.00	     -1.00	54.14	 5.160e-04	      2.07	0	Gaussian	9990000000.000000	9990000000.000000
292	1	  0.016038	  0.027592	     -1.00	   1809.84	   2495.48	      2.22	      2.14	     -1.00	     -1.00	47.23	 4.835e-04	      2.07	0	Gaussian	9990000000.000000	9990000000.000000
293	1	  0.016129	  0.027387	     -1.00	   5316.27	    546.27	      2.19	      2.18	     -1.00	     -1.00	-31.16	 4.682e-04	      2.07	0	Gaussian	9990000000.000000	9990000000.000000
294	1	  0.016097	  0.026967	     -1.00	    650.72	   3595.91	      2.22	      2.18	     -1.00	     -1.00	44.79	 5.016e-04	      2.08	0	Gaussian	9990000000.000000	9990000000.000000
295	1	  0.016060	  0.026296	     -1.00	   5846.11	    490.96	      2.28	      2.17	     -1.00	     -1.00	-36.97	 4.762e-04	      2.08	0	Gaussian	9990000000.000000	9990000000.000000
296	1	  0.016079	  0.025351	     -1.00	   1026.85	    269.00	      2.26	      2.25	     -1.00	     -1.00	86.68	 4.613e-04	      2.08	0	Gaussian	9990000000.000000	9990000000.000000
297	1	  0.016107	  0.026564	     -1.00	   2036.40	   1589.99	      2.22	      2.20	     -1.00	     -1.00	18.13	 5.108e-04	      2.09	0	Gaussian	9990000000.000000	9990000000.000000
298	1	  0.016066	  0.026627	     -1.00	     44.38	   2955.73	      2.20	      2.19	     -1.00	     -1.00	31.10	 4.920e-04	      2.09	0	Gaussian	9990000000.000000	9990000000.000000
299	1	  0.016070	  0.026418	     -1.00	   1994.03	   3554.00	      2.22	      2.18	     -1.00	     -1.00	54.80	 4.705e-04	      2.09	0	Gaussian	9990000000.000000	9990000000.000000
300	1	  0.016072	  0.026863	     -1.00	   1412.57	   3580.04	      2.20	      2.16	     -1.00	     -1.00	-35.63	 4.691e-04	      2.10	0	Gaussian	9990000000.000000	9990000000.000000
301	1	  0.016091	  0.024432	     -1.00	   1012.83	   2120.93	      2.28	      2.27	     -1.00	     -1.00	43.30	 4.978e-04	      2.11	0	Gaussian	9990000000.000000	9990000000.000000
302	1	  0.016011	  0.025324	     -1.00	    409.51	   2792.03	      2.23	      2.23	     -1.00	     -1.00	-74.10	 4.832e-04	      2.11	0	Gaussian	9990000000.000000	9990000000.000000
303	1	  0.016239	  0.026439	     -1.00	   3833.31	   2661.29	      2.22	      2.15	     -1.00	     -1.00	10.41	 9.427e-04	      2.11	0	Gaussian	9990000000.000000	9990000000.000000
304	1	  0.016089	  0.025989	     -1.00	   2089.80	    386.05	      2.21	      2.20	     -1.00	     -1.00	79.89	 5.074e-04	      2.11	0	Gaussian	9990000000.000000	9990000000.000000
305	1	  0.016035	  0.025228	     -1.00	   1798.74	   3765.87	      2.26	      2.20	     -1.00	     -1.00	-4.93	 4.626e-04	      2.11	0	Gaussian	9990000000.000000	9990000000.000000
306	1	  0.016073	  0.024697	     -1.00	    810.98	   3222.06	      2.28	      2.23	     -1.00	     -1.00	-35.46	 5.125e-04	      2.11	0	Gaussian	9990000000.000000	9990000000.000000
307	1	  0.016117	  0.025760	     -1.00	    687.27	   2013.22	      2.21	      2.19	     -1.00	     -1.00	-5.05	 4.850e-04	      2.12	0	Gaussian	9990000000.000000	9990000000.000000
308	1	  0.016050	  0.024935	     -1.00	   4886.24	   3824.22	      2.29	      2.16	     -1.00	     -1.00	13.72	 4.705e-04	      2.13	0	Gaussian	9990000000.000000	9990000000.000000
309	1	  0.016024	  0.024491	     -1.00	   1196.40	   1673.11	      2.26	      2.23	     -1.00	     -1.00	-18.35	 4.941e-04	      2.13	0	Gaussian	9990000000.000000	9990000000.000000
310	1	  0.016064	  0.025420	     -1.00	   1032.45	    409.43	      2.21	      2.20	     -1.00	     -1.00	82.31	 4.868e-04	      2.13	0	Gaussian	9990000000.000000	9990000000.000000
311	1	  0.016245	  0.025611	     -1.00	   3495.37	   3624.26	      2.27	      2.11	     -1.00	     -1.00	-18.15	 1.107e-03	      2.14	0	Gaussian	9990000000.000000	9990000000.000000
312	1	  0.016081	  0.025522	     -1.00	   1889.10	   2070.29	      2.22	      2.17	     -1.00	     -1.00	77.67	 5.128e-04	      2.14	0	Gaussian	9990000000.000000	9990000000.000000
313	1	  0.016169	  0.024985	     -1.00	   1491.45	   1688.52	      2.22	      2.20	     -1.00	     -1.00	79.99	 6.932e-04	      2.15	0	Gaussian	9990000000.000000	9990000000.000000
314	1	  0.015990	  0.025716	     -1.00	   5953.84	   2285.60	      2.19	      2.17	     -1.00	     -1.00	85.04	 4.687e-04	      2.15	0	Gaussian	9990000000.000000	9990000000.000000
315	1	  0.016030	  0.025526	     -1.00	   2712.26	   1360.41	      2.24	      2.12	     -1.00	     -1.00	-67.76	 4.986e-04	      2.15	0	Gaussian	9990000000.000000	9990000000.000000
316	1	  0.016048	  0.024870	     -1.00	     70.83	   3443.70	      2.23	      2.19	     -1.00	     -1.00	-64.42	 4.843e-04	      2.15	0	Gaussian	9990000000.000000	9990000000.000000
317	1	  0.016091	  0.025540	     -1.00	   1569.65	   2976.02	      2.18	      2.17	     -1.00	     -1.00	-39.28	 5.143e-04	      2.15	0	Gaussian	9990000000.000000	9990000000.000000
318	1	  0.016033	  0.024514	     -1.00	   3682.12	   1709.53	      2.22	      2.22	     -1.00	     -1.00	-46.58	 4.583e-04	      2.16	0	Gaussian	9990000000.000000	9990000000.000000
319	1	  0.016037	  0.025014	     -1.00	    891.00	   3599.08	      2.19	      2.19	     -1.00	     -1.00	-38.19	 5.166e-04	      2.16	0	Gaussian	9990000000.000000	9990000000.000000
320	1	  0.016160	  0.024231	     -1.00	   1823.04	   3727.96	      2.25	      2.20	     -1.00	     -1.00	-87.96	 6.633e-04	      2.17	0	Gaussian	9990000000.000000	9990000000.000000
321	1	  0.016098	  0.024478	     -1.00	   4953.09	   2308.75	      2.22	      2.20	     -1.00	     -1.00	85.45	 4.751e-04	      2.17	0	Gaussian	9990000000.000000	9990000000.000000
322	1	  0.016060	  0.025860	     -1.00	   1940.22	   1362.24	      2.16	      2.13	     -1.00	     -1.00	-86.45	 4.845e-04	      2.17	0	Gaussian	9990000000.000000	9990000000.000000
323	1	  0.016080	  0.024955	     -1.00	   4961.44	   3878.99	      2.18	      2.18	     -1.00	     -1.00	38.95	 4.684e-04	      2.17	0	Gaussian	9990000000.000000	9990000000.000000
324	1	  0.016047	  0.024101	     -1.00	   2623.72	   3363.11	      2.27	      2.17	     -1.00	     -1.00	81.90	 4.840e-04	      2.18	0	Gaussian	9990000000.000000	9990000000.000000
325	1	  0.016070	  0.024514	     -1.00	   3417.49	   1057.98	      2.23	      2.17	     -1.00	     -1.00	71.11	 4.751e-04	      2.18	0	Gaussian	9990000000.000000	9990000000.000000
326	1	  0.016070	  0.025053	     -1.00	   1760.82	   1186.39	      2.17	      2.17	     -1.00	     -1.00	28.06	 4.791e-04	      2.18	0	Gaussian	9990000000.000000	9990000000.000000
327	1	  0.016014	  0.023750	     -1.00	   2899.63	   1445.03	      2.23	      2.22	     -1.00	     -1.00	80.00	 5.012e-04	      2.18	0	Gaussian	9990000000.000000	9990000000.000000
328	1	  0.016051	  0.024481	     -1.00	    920.36	   1603.73	      2.21	      2.17	     -1.00	     -1.00	-13.97	 5.075e-04	      2.19	0	Gaussian	9990000000.000000	9990000000.000000
329	1	  0.016074	  0.022776	     -1.00	   1111.71	   3525.67	      2.30	      2.24	     -1.00	     -1.00	-27.13	 4.703e-04	      2.19	0	Gaussian	9990000000.000000	9990000000.000000
330	1	  0.016101	  0.023958	     -1.00	   3736.60	   3932.37	      2.24	      2.18	     -1.00	     -1.00	4.70	 5.043e-04	      2.19	0	Gaussian	9990000000.000000	9990000000.000000
331	1	  0.016053	  0.024004	     -1.00	   6014.34	   3741.04	      2.22	      2.18	     -1.00	     -1.00	-3.38	 4.852e-04	      2.20	0	Gaussian	9990000000.000000	9990000000.000000
332	1	  0.016103	  0.024452	     -1.00	   4296.45	   3576.21	      2.21	      2.14	     -1.00	     -1.00	-22.96	 5.011e-04	      2.21	0	Gaussian	9990000000.000000	9990000000.000000
333	1	  0.016068	  0.024189	     -1.00	   5506.13	   2218.69	      2.20	      2.17	     -1.00	     -1.00	10.76	 5.334e-04	      2.21	0	Gaussian	9990000000.000000	9990000000.000000
334	1	  0.016019	  0.024019	     -1.00	   3157.46	   1315.00	      2.19	      2.19	     -1.00	     -1.00	30.55	 4.998e-04	      2.21	0	Gaussian	9990000000.000000	9990000000.000000
335	1	  0.016089	  0.023360	     -1.00	   3050.39	   3275.01	      2.21	      2.21	     -1.00	     -1.00	71.43	 4.812e-04	      2.21	0	Gaussian	9990000000.000000	9990000000.000000
336	1	  0.016082	  0.024316	     -1.00	   4067.10	    690.40	      2.18	      2.17	     -1.00	     -1.00	-85.40	 4.672e-04	      2.21	0	Gaussian	9990000000.000000	9990000000.000000
337	1	  0.016027	  0.022310	     -1.00	   4864.43	   2672.05	      2.27	      2.27	     -1.00	     -1.00	32.11	 4.840e-04	      2.21	0	Gaussian	9990000000.000000	9990000000.000000
338	1	  0.016060	  0.023536	     -1.00	   1728.29	   2040.87	      2.26	      2.15	     -1.00	     -1.00	-2.66	 5.023e-04	      2.22	0	Gaussian	9990000000.000000	9990000000.000000
339	1	  0.016087	  0.024260	     -1.00	   4037.27	   1224.59	      2.16	      2.16	     -1.00	     -1.00	1.90	 4.889e-04	      2.22	0	Gaussian	9990000000.000000	9990000000.000000
340	1	  0.016058	  0.022440	     -1.00	   5940.71	   1320.82	      2.25	      2.25	     -1.00	     -1.00	13.68	 5.147e-04	      2.22	0	Gaussian	9990000000.000000	9990000000.000000
341	1	  0.016043	  0.023041	     -1.00	    419.75	   3314.83	      2.21	      2.20	     -1.00	     -1.00	-28.30	 4.836e-04	      2.23	0	Gaussian	9990000000.000000	9990000000.000000
342	1	  0.016123	  0.024225	     -1.00	     99.34	    614.37	      2.16	      2.16	     -1.00	     -1.00	50.64	 4.719e-04	      2.23	0	Gaussian	9990000000.000000	9990000000.000000
343	1	  0.016075	  0.023837	     -1.00	   1879.92	   3401.25	      2.19	      2.14	     -1.00	     -1.00	-24.00	 4.519e-04	      2.24	0	Gaussian	9990000000.000000	9990000000.000000
344	1	  0.016110	  0.023287	     -1.00	   3025.25	   1126.72	      2.23	      2.14	     -1.00	     -1.00	8.69	 5.139e-04	      2.25	0	Gaussian	9990000000.000000	9990000000.000000
345	1	  0.015995	  0.022332	     -1.00	   5250.86	   2147.63	      2.25	      2.21	     -1.00	     -1.00	37.22	 5.047e-04	      2.25	0	Gaussian	9990000000.000000	9990000000.000000
346	1	  0.016013	  0.023392	     -1.00	   3615.32	   1661.37	      2.21	      2.14	     -1.00	     -1.00	20.54	 5.061e-04	      2.25	0	Gaussian	9990000000.000000	9990000000.000000
347	1	  0.016065	  0.024364	     -1.00	   2826.20	   1132.31	      2.14	      2.12	     -1.00	     -1.00	-61.03	 5.004e-04	      2.26	0	Gaussian	9990000000.000000	9990000000.000000
348	1	  0.016099	  0.022572	     -1.00	   4247.49	   1093.92	      2.25	      2.18	     -1.00	     -1.00	64.94	 5.316e-04	      2.26	0	Gaussian	9990000000.000000	9990000000.000000
349	1	  0.016085	  0.022554	     -1.00	   5688.32	   3097.54	      2.25	      2.16	     -1.00	     -1.00	-73.91	 5.258e-04	      2.26	0	Gaussian	9990000000.000000	9990000000.000000
350	1	  0.016045	  0.022555	     -1.00	   4674.35	    414.83	      2.23	      2.18	     -1.00	     -1.00	88.63	 5.155e-04	      2.26	0	Gaussian	9990000000.000000	9990000000.000000
351	1	  0.016063	  0.021545	     -1.00	   3489.17	   3727.15	      2.26	      2.25	     -1.00	     -1.00	-2.01	 5.260e-04	      2.26	0	Gaussian	9990000000.000000	9990000000.000000
352	1	  0.016022	  0.022241	     -1.00	   5319.83	   3236.45	      2.22	      2.21	     -1.00	     -1.00	-12.05	 5.227e-04	      2.27	0	Gaussian	9990000000.000000	9990000000.000000
353	1	  0.016096	  0.022134	     -1.00	    417.86	   2116.63	      2.23	      2.21	     -1.00	     -1.00	3.33	 4.802e-04	      2.27	0	Gaussian	9990000000.000000	9990000000.000000
354	1	  0.016027	  0.023342	     -1.00	   5753.14	   1682.37	      2.16	      2.16	     -1.00	     -1.00	19.08	 5.002e-04	      2.27	0	Gaussian	9990000000.000000	9990000000.000000
355	1	  0.016128	  0.021375	     -1.00	    379.30	   1881.24	      2.26	      2.25	     -1.00	     -1.00	23.70	 4.776e-04	      2.27	0	Gaussian	9990000000.000000	9990000000.000000
356	1	  0.016117	  0.022841	     -1.00	   2282.14	   1485.10	      2.19	      2.16	     -1.00	     -1.00	-88.35	 4.749e-04	      2.27	0	Gaussian	9990000000.000000	9990000000.000000
357	1	  0.016051	  0.021815	     -1.00	   1778.15	   3777.38	      2.25	      2.21	     -1.00	     -1.00	47.83	 4.978e-04	      2.27	0	Gaussian	9990000000.000000	9990000000.000000
358	1	  0.016063	  0.022392	     -1.00	   1543.22	   2684.36	      2.20	      2.20	     -1.00	     -1.00	60.63	 5.183e-04	      2.28	0	Gaussian	9990000000.000000	9990000000.000000
359	1	  0.016051	  0.022052	     -1.00	   5329.62	    249.23	      2.21	      2.21	     -1.00	     -1.00	26.95	 5.201e-04	      2.29	0	Gaussian	9990000000.000000	9990000000.000000
360	1	  0.016062	  0.021832	     -1.00	    826.66	   2019.95	      2.24	      2.18	     -1.00	     -1.00	5.20	 5.077e-04	      2.29	0	Gaussian	9990000000.000000	9990000000.000000
361	1	  0.016061	  0.023714	     -1.00	    848.29	   1463.40	      2.16	      2.08	     -1.00	     -1.00	15.85	 4.946e-04	      2.29	0	Gaussian	9990000000.000000	9990000000.000000
362	1	  0.016072	  0.021729	     -1.00	   4336.26	   1528.60	      2.21	      2.21	     -1.00	     -1.00	-11.96	 4.760e-04	      2.29	0	Gaussian	9990000000.000000	9990000000.000000
363	1	  0.016023	  0.022307	     -1.00	   2220.42	   2660.31	      2.23	      2.13	     -1.00	     -1.00	-59.78	 4.676e-04	      2.29	0	Gaussian	9990000000.000000	9990000000.000000
364	1	  0.016055	  0.021212	     -1.00	   3405.64	    711.95	      2.24	      2.23	     -1.00	     -1.00	-59.15	 4.843e-04	      2.29	0	Gaussian	9990000000.000000	9990000000.000000
365	1	  0.016009	  0.021918	     -1.00	     47.27	   1302.14	      2.26	      2.14	     -1.00	     -1.00	-2.75	 5.182e-04	      2.30	0	Gaussian	9990000000.000000	9990000000.000000
366	1	  0.016140	  0.023236	     -1.00	   5704.39	     86.80	      2.23	      2.05	     -1.00	     -1.00	-50.17	 5.200e-04	      2.30	0	Gaussian	9990000000.000000	9990000000.000000
367	1	  0.016072	  0.022490	     -1.00	   3828.54	   2380.89	      2.20	      2.14	     -1.00	     -1.00	17.21	 4.687e-04	      2.30	0	Gaussian	9990000000.000000	9990000000.000000
368	1	  0.016077	  0.021250	     -1.00	   6003.22	   1484.38	      2.31	      2.15	     -1.00	     -1.00	-0.93	 4.721e-04	      2.31	0	Gaussian	9990000000.000000	9990000000.000000
369	1	  0.016061	  0.022269	     -1.00	   3900.58	   1051.21	      2.19	      2.15	     -1.00	     -1.00	-42.27	 5.123e-04	      2.31	0	Gaussian	9990000000.000000	9990000000.000000
370	1	  0.016037	  0.021379	     -1.00	    909.86	   2476.69	      2.21	      2.20	     -1.00	     -1.00	8.88	 5.068e-04	      2.32	0	Gaussian	9990000000.000000	9990000000.000000
371	1	  0.016064	  0.020737	     -1.00	   5246.84	   3891.46	      2.27	      2.18	     -1.00	     -1.00	-28.91	 4.895e-04	      2.32	0	Gaussian	9990000000.000000	9990000000.000000
372	1	  0.016084	  0.021225	     -1.00	   5817.68	   2908.47	      2.21	      2.19	     -1.00	     -1.00	66.44	 4.773e-04	      2.33	0	Gaussian	9990000000.000000	9990000000.000000
373	1	  0.016082	  0.021316	     -1.00	    643.03	    169.42	      2.23	      2.16	     -1.00	     -1.00	43.54	 4.580e-04	      2.34	0	Gaussian	9990000000.000000	9990000000.000000
374	1	  0.016088	  0.020605	     -1.00	   3602.96	   1043.48	      2.22	      2.22	     -1.00	     -1.00	-12.85	 4.575e-04	      2.35	0	Gaussian	9990000000.000000	9990000000.000000
375	1	  0.016155	  0.020877	     -1.00	     98.44	   3295.01	      2.26	      2.09	     -1.00	     -1.00	19.23	 4.783e-04	      2.38	0	Gaussian	9990000000.000000	9990000000.000000
376	1	  0.016061	  0.019217	     -1.00	   5083.95	   2522.53	      2.26	      2.10	     -1.00	     -1.00	-89.84	 4.765e-04	      2.47	0	Gaussian	9990000000.000000	9990000000.000000
