# 489 stars found using the following parameters:
# sigma=1.00 roundness=0.10 radius=5 relax=1 profile=0 minbeta=1.5 max_stars=0 layer=1 minA=0.00 maxA=0.00 maxR=1.00
# star#	layer	B	A	beta	X	Y	FWHMx [px]	FWHMy [px]	FWHMx ["]	FWHMy ["]	angle	RMSE	mag	Sat	Profile	RA	Dec
1	1	 -0.000318	  0.002366	     -1.00	    218.61	    426.34	     49.75	     26.66	    870.73	    466.65	-2.03	 4.847e-04	     -0.51	0	Gaussian	322.422676	32.268209
2	1	  0.002246	  0.115891	     -1.00	    619.88	    426.70	      3.12	      2.44	     54.65	     42.63	36.89	 1.704e-03	      0.00	0	Gaussian	320.337817	32.609349
3	1	  0.001978	  0.068762	     -1.00	    636.60	    466.00	      3.22	      2.39	     56.28	     41.90	35.93	 1.010e-03	      0.55	0	Gaussian	320.205594	32.448615
4	1	  0.001955	  0.053193	     -1.00	    706.97	    246.45	      3.05	      2.49	     53.35	     43.52	28.63	 8.129e-04	      0.85	0	Gaussian	320.082589	33.482691
5	1	  0.001829	  0.033998	     -1.00	    709.87	    540.47	      2.84	      2.68	     49.79	     46.90	67.70	 7.185e-04	      1.33	0	Gaussian	319.738801	32.176799
6	1	  0.001782	  0.034850	     -1.00	    100.57	    286.32	      3.09	      2.37	     54.06	     41.51	37.74	 5.238e-04	      1.35	0	Gaussian	323.208453	32.773822
7	1	  0.001719	  0.024777	     -1.00	    134.26	     59.74	      3.13	      2.49	     54.75	     43.60	38.21	 3.432e-04	      1.65	0	Gaussian	323.332966	33.799727
8	1	  0.001761	  0.024509	     -1.00	    235.26	    306.78	      3.18	      2.44	     55.63	     42.68	32.05	 3.740e-04	      1.67	0	Gaussian	322.487331	32.807692
9	1	  0.001732	  0.023086	     -1.00	    204.40	     71.74	      3.07	      2.50	     53.69	     43.71	33.34	 3.528e-04	      1.75	0	Gaussian	322.950804	33.813593
10	1	  0.001703	  0.021179	     -1.00	    145.35	    204.63	      3.04	      2.43	     53.22	     42.61	30.76	 3.179e-04	      1.88	0	Gaussian	323.084110	33.173611
11	1	  0.001712	  0.020719	     -1.00	     81.62	    182.21	      3.01	      2.41	     52.70	     42.23	12.81	 3.548e-04	      1.92	0	Gaussian	323.443149	33.211887
12	1	  0.001686	  0.021536	     -1.00	    771.59	    614.37	      2.89	      2.34	     50.54	     41.04	30.52	 3.035e-04	      1.95	0	Gaussian	319.335621	31.896821
13	1	  0.001708	  0.018472	     -1.00	    432.01	    171.07	      2.75	      2.72	     48.08	     47.62	51.70	 3.444e-04	      2.02	0	Gaussian	321.629047	33.582885
14	1	  0.001723	  0.016548	     -1.00	    491.10	    324.53	      2.97	      2.36	     52.05	     41.39	25.25	 2.531e-04	      2.20	0	Gaussian	321.132525	32.954470
15	1	  0.001645	  0.014226	     -1.00	    460.04	    199.93	      3.04	      2.58	     53.29	     45.10	33.22	 1.879e-04	      2.24	0	Gaussian	321.445924	33.479678
16	1	  0.001737	  0.014601	     -1.00	    726.28	    301.74	      3.02	      2.51	     52.90	     44.01	33.93	 3.196e-04	      2.25	0	Gaussian	319.917299	33.251768
17	1	  0.001690	  0.015103	     -1.00	     38.78	    352.39	      3.13	      2.29	     54.84	     40.10	28.26	 2.580e-04	      2.28	0	Gaussian	323.438525	32.427622
18	1	  0.001634	  0.013133	     -1.00	    505.95	    162.75	      3.15	      2.56	     55.14	     44.89	30.50	 1.645e-04	      2.30	0	Gaussian	321.248571	33.684924
19	1	  0.001061	  0.004140	     -1.00	    202.83	    434.64	      6.05	      3.83	    105.84	     67.08	20.36	 7.497e-04	      2.40	0	Gaussian	322.493333	32.217816
20	1	  0.001644	  0.011927	     -1.00	     33.52	    185.98	      2.90	      2.71	     50.75	     47.45	46.97	 2.067e-04	      2.43	0	Gaussian	323.686094	33.149522
21	1	  0.001650	  0.011601	     -1.00	    268.64	    373.63	      3.04	      2.65	     53.26	     46.33	9.47	 2.067e-04	      2.44	0	Gaussian	322.230727	32.543928
22	1	  0.001653	  0.011761	     -1.00	    441.72	    583.08	      3.23	      2.33	     56.59	     40.70	29.53	 1.869e-04	      2.50	0	Gaussian	321.084491	31.772072
23	1	  0.001798	  0.011362	     -1.00	     56.66	    255.87	      2.83	      2.72	     49.50	     47.54	62.98	 5.200e-04	      2.52	0	Gaussian	323.474098	32.865889
24	1	  0.001650	  0.011261	     -1.00	    302.72	     97.20	      3.09	      2.46	     54.17	     43.13	26.92	 1.681e-04	      2.53	0	Gaussian	322.402294	33.792945
25	1	  0.001639	  0.011362	     -1.00	    628.44	    147.54	      2.99	      2.50	     52.31	     43.80	26.34	 1.457e-04	      2.53	0	Gaussian	320.615684	33.858304
26	1	  0.001719	  0.013142	     -1.00	    263.41	    426.41	      2.72	      2.36	     47.58	     41.34	8.07	 2.944e-04	      2.54	0	Gaussian	322.192133	32.307603
27	1	  0.001696	  0.011125	     -1.00	    299.03	    288.74	      2.83	      2.69	     49.46	     47.07	40.96	 2.448e-04	      2.54	0	Gaussian	322.179230	32.944466
28	1	  0.001682	  0.011143	     -1.00	    350.41	    471.34	      2.82	      2.46	     49.38	     43.02	14.06	 1.966e-04	      2.65	0	Gaussian	321.688395	32.186139
29	1	  0.001664	  0.009749	     -1.00	    516.41	    539.81	      3.14	      2.49	     55.04	     43.51	14.55	 1.869e-04	      2.65	0	Gaussian	320.748280	32.024256
30	1	  0.001656	  0.009313	     -1.00	    553.85	     42.74	      3.09	      2.59	     54.06	     45.39	27.48	 1.646e-04	      2.68	0	Gaussian	321.139300	34.261096
31	1	  0.001792	  0.010977	     -1.00	    338.47	    533.52	      2.75	      2.33	     48.06	     40.86	13.44	 3.091e-04	      2.74	0	Gaussian	321.674979	31.902850
32	1	  0.001658	  0.008939	     -1.00	    124.30	    110.46	      3.06	      2.58	     53.50	     45.09	22.91	 1.456e-04	      2.75	0	Gaussian	323.317338	33.567256
33	1	  0.001627	  0.008659	     -1.00	    529.31	    140.64	      3.14	      2.49	     55.03	     43.56	17.86	 1.207e-04	      2.79	0	Gaussian	321.151415	33.803593
34	1	  0.001658	  0.008198	     -1.00	    347.32	     12.03	      2.86	      2.82	     49.99	     49.37	11.19	 1.949e-04	      2.80	0	Gaussian	322.276126	34.211133
35	1	  0.001626	  0.007766	     -1.00	    243.18	    220.71	      3.33	      2.58	     58.23	     45.21	34.85	 1.196e-04	      2.80	0	Gaussian	322.555642	33.193458
36	1	  0.001635	  0.008586	     -1.00	    413.88	    487.04	      3.11	      2.41	     54.43	     42.16	29.05	 1.466e-04	      2.84	0	Gaussian	321.341425	32.171255
37	1	  0.001651	  0.009986	     -1.00	    534.12	    558.20	      2.76	      2.35	     48.36	     41.06	9.16	 1.833e-04	      2.85	0	Gaussian	320.635285	31.957667
38	1	  0.001657	  0.006936	     -1.00	    286.04	     49.40	      3.48	      2.64	     60.86	     46.16	39.33	 2.242e-04	      2.86	0	Gaussian	322.551481	33.988772
39	1	  0.001628	  0.007797	     -1.00	    193.04	    110.51	      3.20	      2.52	     56.00	     44.16	26.90	 1.266e-04	      2.87	0	Gaussian	322.959370	33.632092
40	1	  0.001628	  0.008072	     -1.00	    492.33	    186.73	      3.11	      2.46	     54.52	     43.14	23.59	 1.096e-04	      2.87	0	Gaussian	321.291549	33.566537
41	1	  0.001662	  0.008175	     -1.00	    339.82	    364.87	      2.75	      2.73	     48.20	     47.75	17.77	 1.975e-04	      2.89	0	Gaussian	321.872936	32.645316
42	1	  0.001630	  0.008103	     -1.00	    195.49	    347.02	      2.77	      2.72	     48.54	     47.62	41.05	 1.667e-04	      2.90	0	Gaussian	322.641703	32.595089
43	1	  0.000912	  0.009238	     -1.00	    389.10	    640.95	      3.47	      1.82	     60.71	     31.90	5.70	 8.538e-04	      2.94	0	Gaussian	321.287315	31.474336
44	1	  0.001629	  0.005309	     -1.00	    258.34	    406.00	      4.52	      2.42	     79.17	     42.43	31.82	 1.464e-04	      2.95	0	Gaussian	322.243606	32.392701
45	1	  0.001665	  0.007828	     -1.00	    328.64	    296.39	      2.97	      2.43	     52.07	     42.54	19.81	 1.456e-04	      2.97	0	Gaussian	322.015643	32.937167
46	1	  0.001616	  0.006858	     -1.00	    497.77	     90.98	      2.86	      2.84	     49.99	     49.65	-24.13	 1.232e-04	      2.99	0	Gaussian	321.379327	33.996765
47	1	  0.001639	  0.007358	     -1.00	    722.61	    479.96	      2.93	      2.55	     51.29	     44.66	-88.93	 1.835e-04	      3.00	0	Gaussian	319.738387	32.455439
48	1	  0.001666	  0.007377	     -1.00	    737.00	    554.75	      3.13	      2.34	     54.74	     40.96	26.66	 1.920e-04	      3.02	0	Gaussian	319.581007	32.134629
49	1	  0.001606	  0.006642	     -1.00	    636.32	    550.73	      3.41	      2.41	     59.77	     42.12	29.42	 1.097e-04	      3.02	0	Gaussian	320.111961	32.073122
50	1	  0.001614	  0.006737	     -1.00	    473.78	    133.36	      3.14	      2.54	     54.91	     44.38	23.75	 1.000e-04	      3.04	0	Gaussian	321.454709	33.787216
51	1	  0.001637	  0.006639	     -1.00	    351.69	    484.13	      3.17	      2.50	     55.55	     43.81	6.90	 1.480e-04	      3.06	0	Gaussian	321.666379	32.131009
52	1	  0.001781	  0.007102	     -1.00	    772.63	    265.58	      2.96	      2.49	     51.75	     43.64	20.73	 4.868e-04	      3.08	0	Gaussian	319.710986	33.450736
53	1	  0.001628	  0.006120	     -1.00	    687.33	    251.52	      3.15	      2.60	     55.05	     45.54	25.70	 1.321e-04	      3.11	0	Gaussian	320.181359	33.443897
54	1	  0.001636	  0.007002	     -1.00	    791.01	    557.63	      2.82	      2.47	     49.32	     43.26	-69.55	 2.035e-04	      3.15	0	Gaussian	319.294467	32.163613
55	1	  0.001599	  0.005991	     -1.00	    724.51	    416.71	      3.03	      2.57	     53.01	     44.92	31.09	 8.393e-05	      3.19	0	Gaussian	319.798264	32.738168
56	1	  0.001594	  0.005701	     -1.00	    777.73	    583.10	      3.08	      2.59	     53.98	     45.41	33.65	 7.394e-05	      3.21	0	Gaussian	319.336925	32.040294
57	1	  0.001618	  0.005903	     -1.00	    508.46	    482.60	      2.95	      2.43	     51.62	     42.60	16.52	 1.047e-04	      3.29	0	Gaussian	320.855834	32.270188
58	1	  0.001629	  0.005255	     -1.00	    761.26	    398.28	      3.05	      2.69	     53.37	     47.10	12.92	 9.860e-05	      3.29	0	Gaussian	319.624339	32.849450
59	1	  0.001623	  0.005497	     -1.00	    496.59	    604.33	      3.24	      2.39	     56.65	     41.78	26.73	 1.012e-04	      3.30	0	Gaussian	320.776669	31.723767
60	1	  0.001610	  0.006017	     -1.00	    436.45	    555.76	      3.01	      2.32	     52.72	     40.60	13.78	 1.069e-04	      3.30	0	Gaussian	321.143613	31.887844
61	1	  0.001683	  0.004058	     -1.00	    794.81	    192.85	      3.83	      2.70	     67.05	     47.32	0.57	 1.073e-04	      3.31	0	Gaussian	319.673594	33.794082
62	1	  0.001630	  0.005068	     -1.00	    775.47	    180.05	      3.11	      2.65	     54.36	     46.32	25.08	 1.305e-04	      3.32	0	Gaussian	319.791692	33.835689
63	1	  0.001607	  0.005130	     -1.00	    253.60	    163.45	      3.09	      2.63	     54.10	     46.08	17.85	 8.194e-05	      3.32	0	Gaussian	322.574640	33.455235
64	1	  0.001631	  0.005199	     -1.00	    246.85	    321.62	      2.97	      2.64	     51.98	     46.23	26.77	 1.126e-04	      3.36	0	Gaussian	322.408615	32.752966
65	1	  0.001592	  0.004349	     -1.00	    473.75	     63.29	      3.18	      2.62	     55.69	     45.93	22.25	 6.697e-05	      3.46	0	Gaussian	321.541065	34.098553
66	1	  0.001574	  0.003416	     -1.00	    635.94	    115.48	      3.54	      2.94	     62.03	     51.46	-5.15	 5.153e-05	      3.49	0	Gaussian	320.613436	34.007773
67	1	  0.001595	  0.004419	     -1.00	    300.60	    177.65	      3.10	      2.59	     54.18	     45.35	17.07	 6.810e-05	      3.50	0	Gaussian	322.310897	33.435674
68	1	  0.001577	  0.004279	     -1.00	    458.44	     14.08	      3.09	      2.66	     54.03	     46.60	6.14	 7.146e-05	      3.50	0	Gaussian	321.683618	34.303653
69	1	  0.001601	  0.004257	     -1.00	    697.00	     33.44	      3.15	      2.58	     55.14	     45.11	8.16	 6.820e-05	      3.52	0	Gaussian	320.382178	34.426684
70	1	  0.001597	  0.004181	     -1.00	    530.05	    398.15	      3.18	      2.52	     55.71	     44.10	22.75	 6.788e-05	      3.55	0	Gaussian	320.841603	32.661538
71	1	  0.001600	  0.003546	     -1.00	    289.03	     34.25	      3.26	      2.86	     57.09	     50.06	41.34	 6.175e-05	      3.56	0	Gaussian	322.555331	34.058558
72	1	  0.001616	  0.004155	     -1.00	    340.33	    617.03	      2.93	      2.73	     51.20	     47.73	39.45	 1.044e-04	      3.57	0	Gaussian	321.565446	31.538332
73	1	  0.001625	  0.004222	     -1.00	    639.73	    396.40	      3.08	      2.56	     53.88	     44.73	20.71	 8.712e-05	      3.58	0	Gaussian	320.267979	32.760025
74	1	  0.001639	  0.004307	     -1.00	    574.52	    370.52	      3.07	      2.50	     53.77	     43.80	15.10	 1.123e-04	      3.58	0	Gaussian	320.640594	32.821067
75	1	  0.001600	  0.003620	     -1.00	    783.08	    106.89	      3.24	      2.71	     56.75	     47.49	21.63	 8.464e-05	      3.60	0	Gaussian	319.833574	34.169734
76	1	  0.001594	  0.003929	     -1.00	    517.15	     14.99	      2.85	      2.78	     49.94	     48.58	14.98	 6.136e-05	      3.62	0	Gaussian	321.369362	34.352290
77	1	  0.001617	  0.003834	     -1.00	    452.96	    275.44	      3.30	      2.55	     57.75	     44.65	5.00	 6.871e-05	      3.62	0	Gaussian	321.391488	33.138977
78	1	  0.001584	  0.003076	     -1.00	    623.88	    365.98	      3.38	      3.01	     59.13	     52.70	16.74	 4.799e-05	      3.63	0	Gaussian	320.386168	32.882106
79	1	  0.001593	  0.003739	     -1.00	    422.67	     21.50	      3.14	      2.65	     54.95	     46.43	21.05	 5.914e-05	      3.65	0	Gaussian	321.864587	34.238260
80	1	  0.001583	  0.003901	     -1.00	    205.78	    202.47	      3.07	      2.59	     53.70	     45.26	23.61	 6.385e-05	      3.66	0	Gaussian	322.773515	33.239303
81	1	  0.001639	  0.003682	     -1.00	    568.89	    618.65	      3.13	      2.55	     54.72	     44.55	4.84	 1.126e-04	      3.67	0	Gaussian	320.386330	31.719149
82	1	  0.001839	  0.004347	     -1.00	    769.12	    257.21	      2.69	      2.54	     47.09	     44.42	24.36	 7.763e-04	      3.68	0	Gaussian	319.739059	33.485331
83	1	  0.001683	  0.003797	     -1.00	    683.29	     68.55	      3.02	      2.57	     52.93	     44.91	17.92	 2.581e-04	      3.70	0	Gaussian	320.414820	34.257866
84	1	  0.001596	  0.003227	     -1.00	    162.18	     27.24	      3.15	      2.92	     55.13	     51.18	27.79	 6.996e-05	      3.71	0	Gaussian	323.230485	33.969489
85	1	  0.001581	  0.002757	     -1.00	    713.14	    359.24	      3.43	      2.93	     60.03	     51.25	41.49	 6.083e-05	      3.74	0	Gaussian	319.922437	32.984888
86	1	  0.001593	  0.003591	     -1.00	    446.01	    522.29	      3.05	      2.54	     53.45	     44.52	16.50	 8.821e-05	      3.75	0	Gaussian	321.133512	32.043100
87	1	  0.001577	  0.003021	     -1.00	    434.11	    100.83	      3.25	      2.84	     56.86	     49.65	25.67	 4.304e-05	      3.76	0	Gaussian	321.704821	33.896315
88	1	  0.001588	  0.003059	     -1.00	    210.77	    345.54	      3.15	      2.81	     55.09	     49.23	25.85	 5.883e-05	      3.81	0	Gaussian	322.564779	32.615431
89	1	  0.001620	  0.003644	     -1.00	    585.50	    460.43	      2.91	      2.49	     50.95	     43.65	20.47	 8.201e-05	      3.82	0	Gaussian	320.479478	32.431757
90	1	  0.001592	  0.002988	     -1.00	    747.09	    230.37	      3.23	      2.65	     56.52	     46.42	17.64	 6.297e-05	      3.84	0	Gaussian	319.886843	33.587402
91	1	  0.001585	  0.002121	     -1.00	    102.52	    139.93	      3.76	      3.18	     65.88	     55.67	26.05	 5.095e-05	      3.85	0	Gaussian	323.391206	33.417142
92	1	  0.001607	  0.003059	     -1.00	    722.98	    514.38	      3.02	      2.66	     52.89	     46.58	17.92	 8.863e-05	      3.86	0	Gaussian	319.698621	32.302858
93	1	  0.001602	  0.001249	     -1.00	    741.44	    357.61	      5.85	      3.37	    102.31	     58.99	-37.54	 7.539e-05	      3.88	0	Gaussian	319.774365	33.014889
94	1	  0.001626	  0.003143	     -1.00	    793.56	    629.77	      3.13	      2.56	     54.73	     44.85	14.31	 6.752e-05	      3.90	0	Gaussian	319.204296	31.845261
95	1	  0.001586	  0.000364	     -1.00	    300.91	    422.35	     12.47	      5.21	    218.25	     91.14	-4.52	 1.172e-04	      3.90	0	Gaussian	322.003730	32.358400
96	1	  0.001590	  0.002870	     -1.00	    629.74	    243.39	      3.24	      2.67	     56.69	     46.70	20.45	 5.021e-05	      3.91	0	Gaussian	320.496695	33.432201
97	1	  0.001638	  0.003026	     -1.00	     47.58	     76.39	      3.09	      2.58	     54.10	     45.16	18.38	 1.422e-04	      3.91	0	Gaussian	323.761110	33.642924
98	1	  0.001655	  0.002862	     -1.00	    533.31	    302.15	      3.09	      2.76	     54.07	     48.34	16.93	 1.367e-04	      3.92	0	Gaussian	320.937340	33.089644
99	1	  0.001619	  0.002699	     -1.00	    702.61	     63.31	      3.28	      2.76	     57.43	     48.35	12.97	 9.957e-05	      3.92	0	Gaussian	320.317035	34.297695
100	1	  0.001591	  0.002493	     -1.00	    504.32	    340.81	      3.57	      2.62	     62.44	     45.82	11.95	 8.120e-05	      3.95	0	Gaussian	321.043871	32.893670
101	1	  0.001590	  0.001856	     -1.00	    756.87	     58.60	      3.97	      3.14	     69.45	     54.96	-27.59	 6.539e-05	      3.95	0	Gaussian	320.030102	34.364506
102	1	  0.001613	  0.002235	     -1.00	    162.48	     10.04	      3.48	      2.80	     60.99	     49.00	22.41	 6.750e-05	      4.01	0	Gaussian	323.251780	34.045559
103	1	  0.001634	  0.002486	     -1.00	    658.52	    414.72	      3.23	      2.70	     56.49	     47.20	14.38	 7.726e-05	      4.04	0	Gaussian	320.148315	32.693922
104	1	  0.001576	  0.002324	     -1.00	    109.59	    367.70	      3.24	      2.92	     56.65	     51.04	17.30	 6.033e-05	      4.04	0	Gaussian	323.056539	32.426258
105	1	  0.001621	  0.002336	     -1.00	    669.62	    147.33	      3.30	      2.83	     57.68	     49.58	21.39	 1.960e-04	      4.04	0	Gaussian	320.396054	33.894109
106	1	  0.001657	  0.002557	     -1.00	    766.54	     26.42	      3.16	      2.70	     55.33	     47.20	12.03	 1.362e-04	      4.05	0	Gaussian	320.014951	34.516932
107	1	  0.001594	  0.002350	     -1.00	    786.37	    503.84	      3.43	      2.73	     59.96	     47.77	18.90	 8.887e-05	      4.05	0	Gaussian	319.376699	32.399174
108	1	  0.001718	  0.002536	     -1.00	    700.93	    180.01	      3.23	      2.52	     56.53	     44.05	16.18	 2.469e-04	      4.06	0	Gaussian	320.190848	33.774365
109	1	  0.001650	  0.002329	     -1.00	    462.90	     38.49	      3.38	      2.65	     59.14	     46.47	9.87	 1.611e-04	      4.07	0	Gaussian	321.629504	34.199129
110	1	  0.001584	  0.001280	     -1.00	    494.63	    356.15	      5.20	      3.07	     91.03	     53.66	-6.65	 6.853e-05	      4.09	0	Gaussian	321.076428	32.817542
111	1	  0.001581	  0.002095	     -1.00	    717.42	    128.49	      3.48	      2.86	     60.99	     50.01	16.81	 4.634e-05	      4.11	0	Gaussian	320.161905	34.018463
112	1	  0.001612	  0.002502	     -1.00	    579.91	    413.47	      3.09	      2.66	     54.07	     46.48	28.10	 7.790e-05	      4.11	0	Gaussian	320.562660	32.635159
113	1	  0.001581	  0.002061	     -1.00	    167.45	    189.30	      3.38	      2.98	     59.14	     52.15	20.02	 6.122e-05	      4.12	0	Gaussian	322.989584	33.261602
114	1	  0.001599	  0.002054	     -1.00	    641.50	     76.90	      3.53	      2.71	     61.82	     47.36	6.46	 6.248e-05	      4.12	0	Gaussian	320.629250	34.184798
115	1	  0.001612	  0.002047	     -1.00	    707.03	    163.60	      3.45	      2.86	     60.36	     49.97	8.97	 7.573e-05	      4.13	0	Gaussian	320.177127	33.852779
116	1	  0.001037	  0.001842	     -1.00	     27.19	    396.71	      3.19	      2.42	     55.82	     42.32	-4.67	 7.545e-04	      4.15	0	Gaussian	323.439582	32.223675
117	1	  0.001579	  0.002112	     -1.00	    603.72	    633.54	      3.27	      2.80	     57.30	     49.02	30.80	 7.414e-05	      4.18	0	Gaussian	320.189136	31.681282
118	1	  0.001635	  0.002141	     -1.00	    457.73	    146.75	      3.26	      2.81	     57.05	     49.20	15.38	 1.368e-04	      4.18	0	Gaussian	321.523172	33.713579
119	1	  0.001631	  0.002028	     -1.00	    726.88	    492.46	      3.30	      2.80	     57.80	     48.92	17.13	 1.035e-04	      4.19	0	Gaussian	319.702159	32.403257
120	1	  0.001588	  0.001724	     -1.00	    537.38	    261.54	      3.78	      2.85	     66.19	     49.94	15.61	 4.613e-05	      4.19	0	Gaussian	320.963973	33.273317
121	1	  0.001604	  0.001180	     -1.00	    449.31	    230.20	      4.23	      3.65	     74.03	     63.84	-66.87	 1.425e-04	      4.19	0	Gaussian	321.465570	33.336109
122	1	  0.001589	  0.001915	     -1.00	    644.51	    437.49	      3.41	      2.92	     59.63	     51.04	16.88	 5.976e-05	      4.20	0	Gaussian	320.196272	32.581509
123	1	  0.001601	  0.001955	     -1.00	    658.32	    327.88	      3.37	      2.90	     58.99	     50.68	25.40	 6.263e-05	      4.21	0	Gaussian	320.247946	33.079803
124	1	  0.001589	  0.001547	     -1.00	    554.50	    596.92	      3.75	      3.06	     65.68	     53.63	19.31	 6.537e-05	      4.24	0	Gaussian	320.485472	31.803426
125	1	  0.001504	  0.000998	     -1.00	    529.04	    628.23	      5.49	      3.27	     96.11	     57.27	-0.55	 3.455e-04	      4.24	0	Gaussian	320.581673	31.644883
126	1	  0.001618	  0.001739	     -1.00	    145.76	     47.13	      3.56	      2.84	     62.32	     49.76	18.00	 1.149e-04	      4.25	0	Gaussian	323.289813	33.866222
127	1	  0.001594	  0.001709	     -1.00	    466.51	    239.63	      3.54	      2.95	     62.04	     51.66	21.24	 6.082e-05	      4.28	0	Gaussian	321.363642	33.309377
128	1	  0.001729	  0.002268	     -1.00	    736.38	    292.75	      3.10	      2.50	     54.26	     43.71	15.11	 5.525e-04	      4.28	0	Gaussian	319.873706	33.300108
129	1	  0.001592	  0.001931	     -1.00	    743.40	    485.20	      3.03	      2.87	     53.01	     50.32	23.06	 6.630e-05	      4.28	0	Gaussian	319.623242	32.448537
130	1	  0.001599	  0.002002	     -1.00	    702.00	    575.74	      3.20	      2.69	     55.97	     47.00	18.55	 7.888e-05	      4.30	0	Gaussian	319.741325	32.014278
131	1	  0.001582	  0.001768	     -1.00	    672.51	    298.16	      3.37	      2.91	     59.03	     50.92	13.77	 3.851e-05	      4.31	0	Gaussian	320.206763	33.223801
132	1	  0.001594	  0.000807	     -1.00	    619.90	     84.49	      6.39	      3.10	    111.84	     54.32	47.38	 7.551e-05	      4.32	0	Gaussian	320.735903	34.132364
133	1	  0.001602	  0.001365	     -1.00	    686.54	      5.59	      3.76	      3.09	     65.85	     54.12	1.71	 7.049e-05	      4.33	0	Gaussian	320.471344	34.542477
134	1	  0.001571	  0.001711	     -1.00	    344.11	    178.69	      3.43	      2.82	     60.10	     49.40	10.69	 4.128e-05	      4.35	0	Gaussian	322.081729	33.470535
135	1	  0.001598	  0.001555	     -1.00	    363.86	    568.39	      3.62	      2.82	     63.39	     49.38	21.82	 7.428e-05	      4.36	0	Gaussian	321.502688	31.771404
136	1	  0.001579	  0.001563	     -1.00	    560.08	    267.86	      3.62	      2.90	     63.28	     50.80	7.02	 4.819e-05	      4.37	0	Gaussian	320.836718	33.264569
137	1	  0.001633	  0.001820	     -1.00	    335.69	     63.83	      3.17	      2.79	     55.50	     48.76	12.43	 1.466e-04	      4.39	0	Gaussian	322.271365	33.970921
138	1	  0.001570	  0.001378	     -1.00	    267.65	    159.52	      3.81	      2.92	     66.64	     51.05	12.37	 4.278e-05	      4.39	0	Gaussian	322.506320	33.485495
139	1	  0.001580	  0.000988	     -1.00	    599.24	    146.76	      4.54	      3.53	     79.39	     61.81	18.81	 5.598e-05	      4.41	0	Gaussian	320.772278	33.836817
140	1	  0.001605	  0.001411	     -1.00	    212.21	    108.96	      3.57	      2.90	     62.57	     50.73	43.68	 7.597e-05	      4.41	0	Gaussian	322.861323	33.656918
141	1	  0.001592	  0.000552	     -1.00	     25.74	    205.83	      6.88	      4.05	    120.35	     70.94	87.88	 8.968e-05	      4.41	0	Gaussian	323.699547	33.055244
142	1	  0.001622	  0.001868	     -1.00	    757.52	    666.49	      2.95	      2.69	     51.57	     47.06	30.84	 8.457e-05	      4.44	0	Gaussian	319.353559	31.655151
143	1	  0.001575	  0.001560	     -1.00	    392.65	    556.09	      3.30	      2.97	     57.76	     51.99	-40.96	 6.433e-05	      4.44	0	Gaussian	321.369142	31.849697
144	1	  0.001621	  0.001629	     -1.00	    645.91	    377.32	      3.32	      2.73	     58.08	     47.81	12.32	 8.267e-05	      4.44	0	Gaussian	320.257120	32.849797
145	1	  0.001610	  0.001645	     -1.00	    199.14	    368.25	      3.34	      2.70	     58.37	     47.31	16.37	 6.215e-05	      4.44	0	Gaussian	322.595940	32.505322
146	1	  0.001672	  0.001848	     -1.00	    604.51	    424.06	      3.07	      2.69	     53.68	     47.00	4.58	 1.668e-04	      4.44	0	Gaussian	320.421493	32.608470
147	1	  0.001578	  0.001561	     -1.00	    768.22	    598.22	      3.38	      2.93	     59.08	     51.33	17.54	 5.192e-05	      4.45	0	Gaussian	319.370565	31.965884
148	1	  0.001615	  0.001687	     -1.00	    772.05	    653.36	      3.24	      2.70	     56.77	     47.26	13.29	 9.897e-05	      4.45	0	Gaussian	319.291705	31.724352
149	1	  0.001606	  0.001389	     -1.00	    314.41	    278.95	      3.48	      2.88	     60.93	     50.35	7.85	 8.811e-05	      4.46	0	Gaussian	322.111415	33.001348
150	1	  0.001629	  0.001663	     -1.00	    138.71	    189.80	      2.94	      2.87	     51.41	     50.27	33.52	 1.080e-04	      4.46	0	Gaussian	323.137925	33.232481
151	1	  0.001596	  0.001386	     -1.00	    745.37	     18.45	      3.52	      2.93	     61.60	     51.34	6.50	 5.861e-05	      4.48	0	Gaussian	320.138619	34.534931
152	1	  0.001589	  0.000542	     -1.00	    698.23	    466.83	      8.49	      3.27	    148.62	     57.21	4.51	 5.354e-05	      4.48	0	Gaussian	319.881086	32.494436
153	1	  0.001596	  0.001469	     -1.00	    429.91	     70.27	      3.41	      2.79	     59.74	     48.79	8.27	 6.355e-05	      4.50	0	Gaussian	321.765082	34.028184
154	1	  0.001481	  0.000717	     -1.00	    322.52	    442.29	      4.46	      4.11	     78.04	     71.98	16.99	 4.091e-04	      4.51	0	Gaussian	321.867698	32.289649
155	1	  0.001588	  0.001374	     -1.00	    415.82	    240.23	      3.46	      2.87	     60.47	     50.24	9.86	 4.850e-05	      4.53	0	Gaussian	321.629237	33.262296
156	1	  0.001653	  0.000991	     -1.00	    708.08	    261.09	      3.81	      3.50	     66.67	     61.28	-39.99	 1.897e-04	      4.53	0	Gaussian	320.060034	33.418276
157	1	  0.001575	  0.001250	     -1.00	    732.37	    338.55	      3.54	      3.21	     62.05	     56.11	29.40	 3.778e-05	      4.54	0	Gaussian	319.843718	33.092591
158	1	  0.001606	  0.001528	     -1.00	    333.61	    421.46	      3.17	      2.81	     55.45	     49.27	30.29	 8.182e-05	      4.54	0	Gaussian	321.835815	32.390872
159	1	  0.001578	  0.000408	     -1.00	    655.79	    262.93	      6.73	      4.62	    117.73	     80.84	-49.00	 4.710e-05	      4.56	0	Gaussian	320.335841	33.366876
160	1	  0.001591	  0.001254	     -1.00	    474.19	    500.09	      3.90	      2.66	     68.28	     46.49	4.56	 7.912e-05	      4.56	0	Gaussian	321.013475	32.164467
161	1	  0.001588	  0.000319	     -1.00	    750.84	    166.28	      8.79	      4.56	    153.82	     79.73	88.27	 7.971e-05	      4.57	0	Gaussian	319.939377	33.877110
162	1	  0.001583	  0.001370	     -1.00	    477.49	    196.55	      3.46	      2.89	     60.53	     50.50	22.58	 4.290e-05	      4.58	0	Gaussian	321.357996	33.509967
163	1	  0.001618	  0.001439	     -1.00	    333.67	    352.29	      3.33	      2.80	     58.20	     49.02	17.25	 1.135e-04	      4.59	0	Gaussian	321.920343	32.695316
164	1	  0.001597	  0.001341	     -1.00	    551.76	    362.34	      3.56	      2.83	     62.32	     49.62	13.54	 8.403e-05	      4.60	0	Gaussian	320.769669	32.838346
165	1	  0.001623	  0.000796	     -1.00	    706.08	     77.48	      5.27	      2.96	     92.25	     51.85	42.88	 1.067e-04	      4.60	0	Gaussian	320.281868	34.237225
166	1	  0.001638	  0.001449	     -1.00	    677.46	    469.93	      3.42	      2.60	     59.80	     45.48	19.14	 1.506e-04	      4.61	0	Gaussian	319.986780	32.464061
167	1	  0.001581	  0.001177	     -1.00	    500.74	    287.95	      3.58	      2.96	     62.58	     51.88	15.67	 3.811e-05	      4.61	0	Gaussian	321.125501	33.124798
168	1	  0.001608	  0.001277	     -1.00	    455.25	    574.12	      3.20	      3.10	     56.06	     54.33	18.41	 9.207e-05	      4.62	0	Gaussian	321.025104	31.822691
169	1	  0.001576	  0.001303	     -1.00	    552.63	    288.06	      3.47	      2.94	     60.76	     51.46	7.94	 4.454e-05	      4.62	0	Gaussian	320.852199	33.168531
170	1	  0.001617	  0.000782	     -1.00	    647.08	    329.68	      5.48	      2.85	     95.84	     49.96	-26.87	 1.836e-04	      4.63	0	Gaussian	320.305320	33.062546
171	1	  0.001595	  0.001198	     -1.00	    724.33	    609.84	      3.87	      2.58	     67.66	     45.23	11.73	 7.295e-05	      4.63	0	Gaussian	319.587573	31.880575
172	1	  0.001577	  0.001167	     -1.00	    565.55	    163.46	      3.74	      3.02	     65.44	     52.81	12.60	 4.419e-05	      4.64	0	Gaussian	320.931607	33.733487
173	1	  0.001583	  0.001436	     -1.00	    578.67	    663.12	      3.47	      2.44	     60.73	     42.77	17.68	 1.328e-04	      4.65	0	Gaussian	320.285867	31.530965
174	1	  0.001577	  0.001197	     -1.00	    118.04	    143.37	      3.61	      2.91	     63.18	     50.93	12.89	 4.347e-05	      4.65	0	Gaussian	323.306188	33.416808
175	1	  0.001566	  0.001077	     -1.00	    594.71	    230.08	      3.70	      3.09	     64.72	     54.16	12.68	 3.049e-05	      4.67	0	Gaussian	320.697995	33.461921
176	1	  0.001581	  0.000694	     -1.00	    481.83	    389.86	      5.29	      3.21	     92.65	     56.21	-30.94	 4.674e-05	      4.67	0	Gaussian	321.103474	32.657565
177	1	  0.001600	  0.001017	     -1.00	    218.59	    372.23	      3.80	      3.07	     66.44	     53.71	8.61	 6.054e-05	      4.68	0	Gaussian	322.490750	32.505362
178	1	  0.001577	  0.001206	     -1.00	    751.97	    192.27	      3.50	      2.84	     61.30	     49.78	5.34	 4.606e-05	      4.69	0	Gaussian	319.903846	33.761742
179	1	  0.001655	  0.001286	     -1.00	    527.77	    419.75	      3.41	      2.80	     59.70	     49.03	12.54	 1.685e-04	      4.69	0	Gaussian	320.828284	32.564030
180	1	  0.001611	  0.001360	     -1.00	    242.70	    399.64	      3.33	      2.68	     58.34	     46.98	10.91	 1.270e-04	      4.69	0	Gaussian	322.332134	32.406710
181	1	  0.001589	  0.001221	     -1.00	    416.97	    140.61	      3.50	      2.86	     61.28	     49.98	0.17	 4.540e-05	      4.70	0	Gaussian	321.745980	33.704528
182	1	  0.001639	  0.001491	     -1.00	    726.06	    561.09	      2.89	      2.68	     50.65	     46.84	23.23	 2.907e-04	      4.70	0	Gaussian	319.631423	32.098018
183	1	  0.001730	  0.001503	     -1.00	    700.66	    187.41	      3.12	      2.57	     54.53	     44.94	11.76	 3.351e-04	      4.70	0	Gaussian	320.183830	33.741090
184	1	  0.001584	  0.000760	     -1.00	    668.60	    116.94	      4.58	      3.28	     80.19	     57.44	35.67	 4.539e-05	      4.70	0	Gaussian	320.436964	34.029037
185	1	  0.001578	  0.000755	     -1.00	    341.85	    395.86	      4.59	      3.26	     80.33	     57.13	20.20	 3.557e-05	      4.71	0	Gaussian	321.824469	32.510661
186	1	  0.001590	  0.000927	     -1.00	     37.54	    129.61	      4.12	      3.02	     72.06	     52.84	14.90	 9.150e-05	      4.71	0	Gaussian	323.741127	33.400044
187	1	  0.001582	  0.001329	     -1.00	    639.06	    625.93	      3.33	      2.68	     58.36	     46.91	14.94	 7.482e-05	      4.72	0	Gaussian	320.014177	31.742782
188	1	  0.001593	  0.000272	     -1.00	    195.06	    313.45	     10.01	      4.11	    175.13	     71.92	68.69	 6.647e-05	      4.73	0	Gaussian	322.686652	32.741945
189	1	  0.001571	  0.000398	     -1.00	    633.19	    191.41	      7.19	      3.89	    125.88	     68.01	40.40	 3.849e-05	      4.73	0	Gaussian	320.538949	33.666692
190	1	  0.001628	  0.001123	     -1.00	     88.46	    373.44	      3.47	      3.01	     60.74	     52.64	26.16	 9.551e-05	      4.74	0	Gaussian	323.157273	32.381760
191	1	  0.001580	  0.001144	     -1.00	     50.20	    284.32	      3.47	      2.99	     60.67	     52.34	25.74	 4.439e-05	      4.74	0	Gaussian	323.469674	32.735446
192	1	  0.001578	  0.001000	     -1.00	    399.87	     38.92	      3.48	      3.14	     60.88	     54.94	40.35	 8.738e-05	      4.74	0	Gaussian	321.963615	34.140126
193	1	  0.001610	  0.001238	     -1.00	    178.94	    375.56	      3.34	      2.72	     58.42	     47.60	11.15	 8.707e-05	      4.74	0	Gaussian	322.690578	32.455041
194	1	  0.001586	  0.001160	     -1.00	    244.62	    113.19	      3.05	      2.99	     53.42	     52.41	26.68	 7.725e-05	      4.74	0	Gaussian	322.686361	33.668566
195	1	  0.001611	  0.001090	     -1.00	    102.34	    401.56	      3.68	      2.57	     64.43	     44.91	23.58	 7.469e-05	      4.74	0	Gaussian	323.049999	32.271718
196	1	  0.001604	  0.001203	     -1.00	    514.10	    583.47	      3.65	      2.59	     63.89	     45.30	-6.52	 6.885e-05	      4.75	0	Gaussian	320.710026	31.829892
197	1	  0.001624	  0.001222	     -1.00	    512.50	     76.05	      3.46	      2.67	     60.59	     46.74	0.93	 9.231e-05	      4.75	0	Gaussian	321.319283	34.076252
198	1	  0.001605	  0.001198	     -1.00	    353.99	    291.42	      3.46	      2.76	     60.56	     48.25	2.98	 1.041e-04	      4.76	0	Gaussian	321.889697	32.981571
199	1	  0.001639	  0.001236	     -1.00	    414.57	    271.68	      3.33	      2.76	     58.33	     48.32	22.99	 1.197e-04	      4.76	0	Gaussian	321.597351	33.122115
200	1	  0.001573	  0.001135	     -1.00	    552.41	     64.75	      3.50	      2.95	     61.28	     51.63	7.71	 4.081e-05	      4.76	0	Gaussian	321.120301	34.161733
201	1	  0.001580	  0.001089	     -1.00	    112.47	    246.35	      3.42	      3.03	     59.92	     53.00	30.63	 5.468e-05	      4.77	0	Gaussian	323.199417	32.959938
202	1	  0.001600	  0.000999	     -1.00	    629.56	    261.68	      3.66	      3.10	     64.00	     54.26	19.79	 5.360e-05	      4.78	0	Gaussian	320.476411	33.350582
203	1	  0.001612	  0.001182	     -1.00	    245.65	     53.32	      3.43	      2.77	     60.00	     48.40	10.88	 9.266e-05	      4.78	0	Gaussian	322.758716	33.933693
204	1	  0.001631	  0.001256	     -1.00	    173.85	    391.76	      3.14	      2.75	     55.03	     48.16	32.67	 1.017e-04	      4.79	0	Gaussian	322.696198	32.379493
205	1	  0.001579	  0.001154	     -1.00	    378.64	    436.07	      3.47	      2.79	     60.69	     48.79	13.62	 3.991e-05	      4.79	0	Gaussian	321.584978	32.365558
206	1	  0.001580	  0.001092	     -1.00	    353.58	    103.41	      3.66	      2.87	     64.09	     50.19	5.48	 3.388e-05	      4.79	0	Gaussian	322.126790	33.812091
207	1	  0.001571	  0.001022	     -1.00	    754.46	    530.23	      3.37	      3.12	     58.91	     54.61	33.79	 5.164e-05	      4.79	0	Gaussian	319.516038	32.257076
208	1	  0.001599	  0.001002	     -1.00	    183.25	    411.78	      3.89	      2.69	     68.01	     47.03	18.80	 5.991e-05	      4.80	0	Gaussian	322.622586	32.300332
209	1	  0.001612	  0.001071	     -1.00	    687.26	    272.34	      3.59	      2.78	     62.91	     48.67	3.77	 1.126e-04	      4.80	0	Gaussian	320.157922	33.350969
210	1	  0.001649	  0.001163	     -1.00	    677.17	    461.81	      3.25	      2.79	     56.84	     48.80	15.71	 1.630e-04	      4.80	0	Gaussian	319.997389	32.499891
211	1	  0.001567	  0.001101	     -1.00	    702.64	    616.43	      3.33	      2.98	     58.21	     52.24	22.74	 4.288e-05	      4.80	0	Gaussian	319.693579	31.834557
212	1	  0.001589	  0.001131	     -1.00	    371.78	    456.55	      3.64	      2.57	     63.67	     44.98	14.30	 4.472e-05	      4.81	0	Gaussian	321.595801	32.269564
213	1	  0.001644	  0.001282	     -1.00	    443.11	    570.26	      3.05	      2.75	     53.42	     48.06	23.49	 1.438e-04	      4.82	0	Gaussian	321.092284	31.829602
214	1	  0.001589	  0.001096	     -1.00	    558.57	     77.54	      3.43	      2.85	     60.12	     49.86	9.85	 4.203e-05	      4.83	0	Gaussian	321.071964	34.110136
215	1	  0.001573	  0.000575	     -1.00	    445.00	    505.28	      5.89	      2.95	    103.03	     51.68	-5.12	 9.874e-05	      4.83	0	Gaussian	321.158705	32.117196
216	1	  0.001624	  0.001024	     -1.00	     65.96	    354.83	      3.52	      2.95	     61.54	     51.57	11.45	 1.165e-04	      4.83	0	Gaussian	323.296479	32.442254
217	1	  0.001621	  0.001161	     -1.00	    150.57	     27.84	      3.35	      2.76	     58.58	     48.25	13.10	 1.299e-04	      4.83	0	Gaussian	323.290354	33.955718
218	1	  0.001664	  0.001224	     -1.00	    508.43	     86.88	      3.09	      2.76	     54.03	     48.38	26.48	 4.614e-04	      4.83	0	Gaussian	321.327676	34.024450
219	1	  0.001593	  0.001021	     -1.00	    656.19	    438.46	      3.62	      2.84	     63.45	     49.73	8.76	 6.728e-05	      4.84	0	Gaussian	320.133809	32.586635
220	1	  0.001594	  0.000967	     -1.00	    465.81	    393.69	      3.63	      3.01	     63.59	     52.71	1.40	 5.123e-05	      4.85	0	Gaussian	321.182521	32.627031
221	1	  0.001590	  0.000958	     -1.00	    215.76	    140.32	      3.65	      2.87	     63.86	     50.26	13.67	 4.498e-05	      4.85	0	Gaussian	322.802009	33.522111
222	1	  0.001578	  0.000910	     -1.00	    708.20	    143.99	      3.83	      2.93	     66.96	     51.35	13.13	 3.274e-05	      4.86	0	Gaussian	320.193458	33.941417
223	1	  0.001591	  0.001021	     -1.00	    442.34	    434.27	      3.35	      3.02	     58.61	     52.86	13.44	 5.061e-05	      4.87	0	Gaussian	321.256531	32.427934
224	1	  0.001591	  0.000802	     -1.00	    199.89	    125.66	      4.69	      2.54	     82.06	     44.53	-0.23	 6.056e-05	      4.88	0	Gaussian	322.903855	33.571829
225	1	  0.001621	  0.000994	     -1.00	    453.65	    136.11	      3.66	      2.83	     64.04	     49.49	6.76	 1.976e-04	      4.88	0	Gaussian	321.557820	33.757171
226	1	  0.001588	  0.000683	     -1.00	    204.17	    260.82	      4.04	      3.36	     70.69	     58.72	5.78	 6.194e-05	      4.90	0	Gaussian	322.706812	32.981333
227	1	  0.001594	  0.001195	     -1.00	    439.13	    619.32	      3.23	      2.54	     56.55	     44.38	9.97	 8.209e-05	      4.90	0	Gaussian	321.055597	31.610666
228	1	  0.001584	  0.001021	     -1.00	    679.60	    599.95	      3.44	      2.72	     60.20	     47.56	25.51	 7.741e-05	      4.91	0	Gaussian	319.831739	31.889511
229	1	  0.001575	  0.000796	     -1.00	    668.85	    243.67	      3.73	      3.18	     65.28	     55.72	2.87	 5.115e-05	      4.92	0	Gaussian	320.288624	33.463597
230	1	  0.001571	  0.000851	     -1.00	    743.60	      6.89	      3.72	      3.21	     65.13	     56.10	10.78	 2.620e-05	      4.93	0	Gaussian	320.161661	34.585263
231	1	  0.001599	  0.000923	     -1.00	    540.10	    370.66	      3.72	      2.81	     65.14	     49.21	8.46	 1.093e-04	      4.93	0	Gaussian	320.821121	32.791692
232	1	  0.001571	  0.000975	     -1.00	    369.69	    332.15	      3.63	      2.83	     63.48	     49.58	10.77	 3.782e-05	      4.93	0	Gaussian	321.757760	32.815707
233	1	  0.001578	  0.000919	     -1.00	    488.40	     45.54	      3.71	      3.00	     64.93	     52.43	-0.45	 5.013e-05	      4.93	0	Gaussian	321.485038	34.190608
234	1	  0.001613	  0.001044	     -1.00	    187.71	    387.10	      3.18	      2.85	     55.70	     49.87	20.94	 1.060e-04	      4.93	0	Gaussian	322.630881	32.412417
235	1	  0.001583	  0.000834	     -1.00	    786.47	     72.26	      3.74	      3.18	     65.42	     55.71	4.51	 7.310e-05	      4.94	0	Gaussian	319.854665	34.327867
236	1	  0.001568	  0.000853	     -1.00	    182.83	    214.92	      3.64	      3.09	     63.79	     54.07	2.55	 3.681e-05	      4.95	0	Gaussian	322.876534	33.163319
237	1	  0.001574	  0.000370	     -1.00	    274.40	     17.98	      6.11	      3.95	    107.00	     69.22	36.72	 4.460e-05	      4.96	0	Gaussian	322.653522	34.116808
238	1	  0.001567	  0.000962	     -1.00	    601.46	    587.66	      3.58	      2.78	     62.64	     48.58	13.85	 6.267e-05	      4.96	0	Gaussian	320.252194	31.882022
239	1	  0.001570	  0.000488	     -1.00	     11.18	    233.77	      5.32	      3.40	     93.05	     59.42	65.32	 5.201e-05	      4.96	0	Gaussian	323.736875	32.919292
240	1	  0.001598	  0.000853	     -1.00	    397.04	    303.40	      3.85	      2.71	     67.42	     47.50	10.55	 8.056e-05	      4.97	0	Gaussian	321.650283	32.966559
241	1	  0.001488	  0.000642	     -1.00	    510.25	    630.24	      3.70	      3.68	     64.75	     64.48	-21.13	 3.389e-04	      4.97	0	Gaussian	320.676455	31.620837
242	1	  0.001603	  0.001023	     -1.00	    103.87	     67.29	      3.22	      2.68	     56.32	     47.00	1.09	 5.414e-05	      4.98	0	Gaussian	323.481151	33.737318
243	1	  0.001582	  0.000942	     -1.00	    367.49	    173.46	      3.79	      2.78	     66.27	     48.61	6.07	 5.246e-05	      4.98	0	Gaussian	321.965582	33.514696
244	1	  0.001615	  0.000842	     -1.00	    774.95	     88.73	      3.76	      2.98	     65.81	     52.21	-4.42	 6.716e-05	      4.98	0	Gaussian	319.898051	34.244416
245	1	  0.001620	  0.000566	     -1.00	    777.27	     13.38	      5.61	      2.93	     98.23	     51.20	20.58	 2.079e-04	      4.98	0	Gaussian	319.971898	34.584495
246	1	  0.001569	  0.000483	     -1.00	    619.54	    204.80	      5.78	      3.19	    101.24	     55.79	37.96	 2.963e-05	      4.99	0	Gaussian	320.595884	33.595467
247	1	  0.001634	  0.000956	     -1.00	    335.61	     73.07	      3.41	      2.81	     59.66	     49.21	8.68	 2.024e-04	      5.00	0	Gaussian	322.260031	33.929968
248	1	  0.001598	  0.000935	     -1.00	    453.71	    341.06	      3.69	      2.74	     64.50	     47.92	3.81	 6.212e-05	      5.00	0	Gaussian	321.308539	32.849305
249	1	  0.001587	  0.000785	     -1.00	    309.44	    390.07	      3.55	      2.93	     62.15	     51.27	18.11	 6.707e-05	      5.00	0	Gaussian	321.999397	32.507775
250	1	  0.001580	  0.000904	     -1.00	    400.23	    499.78	      3.63	      2.71	     63.49	     47.52	11.78	 5.387e-05	      5.01	0	Gaussian	321.396918	32.103608
251	1	  0.001600	  0.001235	     -1.00	    550.53	    608.46	      2.72	      2.46	     47.65	     43.10	-82.87	 9.509e-05	      5.02	0	Gaussian	320.492959	31.749320
252	1	  0.001567	  0.000853	     -1.00	    338.65	    241.34	      3.71	      2.97	     64.97	     52.02	10.32	 3.425e-05	      5.02	0	Gaussian	322.031943	33.188920
253	1	  0.001609	  0.000656	     -1.00	    134.35	    176.90	      3.94	      3.31	     69.02	     57.99	22.38	 8.789e-05	      5.02	0	Gaussian	323.177436	33.285022
254	1	  0.001594	  0.000773	     -1.00	    783.83	    239.87	      3.78	      2.91	     66.24	     50.85	-2.14	 6.425e-05	      5.03	0	Gaussian	319.679832	33.574760
255	1	  0.001587	  0.000762	     -1.00	    690.46	    432.46	      3.97	      3.09	     69.53	     54.09	11.34	 4.272e-05	      5.03	0	Gaussian	319.960260	32.640887
256	1	  0.001592	  0.001134	     -1.00	    582.86	    672.30	      3.31	      2.41	     57.85	     42.15	17.38	 1.417e-04	      5.03	0	Gaussian	320.253936	31.493820
257	1	  0.001583	  0.000815	     -1.00	     51.30	    323.51	      3.65	      3.04	     63.89	     53.20	19.50	 5.440e-05	      5.03	0	Gaussian	323.412434	32.565317
258	1	  0.001598	  0.000846	     -1.00	    323.06	    373.81	      3.52	      2.94	     61.69	     51.47	7.65	 5.983e-05	      5.04	0	Gaussian	321.948911	32.591257
259	1	  0.001581	  0.000805	     -1.00	    258.79	     71.43	      3.73	      2.77	     65.27	     48.51	-3.05	 4.253e-05	      5.04	0	Gaussian	322.666208	33.866051
260	1	  0.001584	  0.000878	     -1.00	    423.64	    374.66	      3.53	      2.89	     61.74	     50.57	15.59	 5.669e-05	      5.04	0	Gaussian	321.425142	32.675005
261	1	  0.001590	  0.000910	     -1.00	    616.23	    592.35	      3.53	      2.66	     61.76	     46.64	12.04	 8.838e-05	      5.05	0	Gaussian	320.170151	31.873085
262	1	  0.001571	  0.000927	     -1.00	    729.03	    656.71	      3.64	      2.58	     63.77	     45.24	8.99	 5.412e-05	      5.05	0	Gaussian	319.512478	31.676668
263	1	  0.001580	  0.000632	     -1.00	    271.65	    116.51	      4.16	      2.99	     72.86	     52.30	-14.85	 6.481e-05	      5.06	0	Gaussian	322.540539	33.678986
264	1	  0.001592	  0.000803	     -1.00	    601.84	     97.00	      3.63	      2.93	     63.56	     51.36	0.99	 6.585e-05	      5.06	0	Gaussian	320.817577	34.060926
265	1	  0.001598	  0.000734	     -1.00	    214.99	    297.83	      3.90	      2.93	     68.26	     51.20	3.47	 6.164e-05	      5.06	0	Gaussian	322.603587	32.828650
266	1	  0.001568	  0.000298	     -1.00	    729.14	    217.76	      6.07	      4.56	    106.17	     79.88	69.52	 3.999e-05	      5.06	0	Gaussian	319.997014	33.629026
267	1	  0.001568	  0.000799	     -1.00	    431.11	    125.74	      3.69	      2.96	     64.50	     51.77	10.57	 3.157e-05	      5.07	0	Gaussian	321.689764	33.783105
268	1	  0.001601	  0.000762	     -1.00	    474.77	    330.55	      3.81	      2.77	     66.70	     48.51	-4.43	 5.813e-05	      5.07	0	Gaussian	321.210889	32.913857
269	1	  0.001606	  0.000502	     -1.00	    775.92	     41.34	      6.19	      2.69	    108.35	     47.14	5.79	 1.336e-04	      5.07	0	Gaussian	319.947070	34.457852
270	1	  0.001591	  0.000809	     -1.00	    112.85	     16.68	      3.75	      2.69	     65.64	     47.16	3.55	 4.939e-05	      5.07	0	Gaussian	323.502312	33.968463
271	1	  0.001584	  0.000748	     -1.00	    302.98	     15.86	      3.79	      3.06	     66.35	     53.60	-0.01	 6.259e-05	      5.08	0	Gaussian	322.505550	34.152966
272	1	  0.001580	  0.000849	     -1.00	    107.45	    192.79	      3.57	      2.92	     62.41	     51.15	14.92	 3.684e-05	      5.08	0	Gaussian	323.295748	33.189971
273	1	  0.001590	  0.000850	     -1.00	    418.50	    189.68	      3.69	      2.82	     64.65	     49.33	12.62	 6.184e-05	      5.09	0	Gaussian	321.677300	33.488482
274	1	  0.001587	  0.000900	     -1.00	    203.86	    290.67	      3.36	      2.70	     58.81	     47.26	8.08	 6.332e-05	      5.09	0	Gaussian	322.670231	32.849946
275	1	  0.001610	  0.000637	     -1.00	    612.67	    400.48	      3.99	      2.86	     69.85	     50.03	8.23	 6.404e-05	      5.11	0	Gaussian	320.405620	32.719749
276	1	  0.001568	  0.000826	     -1.00	    586.16	    589.81	      3.58	      2.68	     62.61	     46.88	17.96	 5.355e-05	      5.13	0	Gaussian	320.329228	31.860261
277	1	  0.001566	  0.000763	     -1.00	    622.59	    172.35	      3.75	      2.99	     65.63	     52.28	-0.61	 2.590e-05	      5.13	0	Gaussian	320.617710	33.742653
278	1	  0.001589	  0.000676	     -1.00	    538.83	    382.83	      3.84	      3.01	     67.17	     52.73	-9.25	 6.962e-05	      5.13	0	Gaussian	320.813507	32.736691
279	1	  0.001570	  0.000664	     -1.00	    258.74	    307.01	      3.80	      3.24	     66.50	     56.66	-8.53	 3.836e-05	      5.13	0	Gaussian	322.365422	32.827871
280	1	  0.001646	  0.000881	     -1.00	    317.93	    289.21	      3.40	      2.58	     59.48	     45.08	9.26	 1.857e-04	      5.13	0	Gaussian	322.080283	32.959279
281	1	  0.001591	  0.000730	     -1.00	    518.27	    290.78	      3.52	      3.04	     61.54	     53.13	1.04	 4.001e-05	      5.15	0	Gaussian	321.029954	33.127251
282	1	  0.001575	  0.000723	     -1.00	    545.32	    397.98	      3.91	      2.75	     68.42	     48.16	1.88	 3.711e-05	      5.15	0	Gaussian	320.761851	32.675063
283	1	  0.001561	  0.000724	     -1.00	    582.14	    245.59	      3.85	      2.87	     67.33	     50.26	-2.40	 2.408e-05	      5.15	0	Gaussian	320.746331	33.382263
284	1	  0.001582	  0.000975	     -1.00	    698.95	    637.72	      3.04	      2.54	     53.15	     44.38	12.35	 7.048e-05	      5.17	0	Gaussian	319.689673	31.737499
285	1	  0.001572	  0.000779	     -1.00	    394.87	    125.29	      3.60	      2.73	     62.98	     47.83	7.07	 2.792e-05	      5.17	0	Gaussian	321.881650	33.752591
286	1	  0.001568	  0.000752	     -1.00	    547.18	     13.20	      3.69	      2.81	     64.54	     49.24	-1.49	 4.936e-05	      5.17	0	Gaussian	321.210962	34.386959
287	1	  0.001581	  0.000725	     -1.00	    605.01	     27.42	      3.80	      2.85	     66.56	     49.95	4.59	 4.037e-05	      5.17	0	Gaussian	320.883898	34.374333
288	1	  0.001582	  0.000342	     -1.00	    521.15	    270.14	      6.43	      3.26	    112.62	     56.99	59.55	 5.909e-05	      5.17	0	Gaussian	321.039305	33.221265
289	1	  0.001575	  0.000759	     -1.00	    477.85	    156.38	      3.57	      2.79	     62.48	     48.76	1.29	 3.568e-05	      5.18	0	Gaussian	321.405010	33.688588
290	1	  0.001588	  0.000573	     -1.00	    613.20	    337.68	      4.15	      2.89	     72.64	     50.58	14.51	 4.670e-05	      5.18	0	Gaussian	320.475024	32.999001
291	1	  0.001558	  0.000538	     -1.00	    650.29	    239.98	      4.17	      3.32	     72.99	     58.07	-3.16	 2.958e-05	      5.19	0	Gaussian	320.391533	33.464571
292	1	  0.001616	  0.000962	     -1.00	     47.87	    397.85	      2.73	      2.63	     47.87	     46.02	-83.90	 1.020e-04	      5.19	0	Gaussian	323.332793	32.237852
293	1	  0.001589	  0.000703	     -1.00	    701.17	     10.84	      3.63	      3.00	     63.53	     52.55	0.38	 5.006e-05	      5.20	0	Gaussian	320.386258	34.531472
294	1	  0.001601	  0.000750	     -1.00	    448.80	    161.64	      3.64	      2.69	     63.65	     47.15	-6.26	 9.820e-05	      5.20	0	Gaussian	321.552073	33.639595
295	1	  0.001578	  0.000632	     -1.00	    534.15	     97.07	      3.89	      3.02	     68.05	     52.88	-3.49	 3.838e-05	      5.20	0	Gaussian	321.178422	34.001737
296	1	  0.001576	  0.000470	     -1.00	    521.14	     49.58	      3.99	      3.57	     69.85	     62.42	-23.75	 4.180e-05	      5.20	0	Gaussian	321.305601	34.201747
297	1	  0.001623	  0.000686	     -1.00	    451.89	    186.81	      3.67	      2.89	     64.22	     50.54	-7.54	 1.222e-04	      5.20	0	Gaussian	321.504925	33.530684
298	1	  0.001573	  0.000720	     -1.00	    773.00	    302.45	      3.62	      2.97	     63.32	     51.99	2.58	 3.264e-05	      5.21	0	Gaussian	319.667974	33.286320
299	1	  0.001607	  0.000550	     -1.00	    151.00	     62.11	      4.00	      3.17	     70.01	     55.53	13.00	 8.716e-05	      5.22	0	Gaussian	323.242502	33.805301
300	1	  0.001578	  0.000622	     -1.00	    750.08	    418.20	      4.05	      2.90	     70.94	     50.71	18.49	 4.493e-05	      5.22	0	Gaussian	319.661520	32.751873
301	1	  0.001593	  0.000721	     -1.00	    199.66	     87.10	      3.61	      2.96	     63.18	     51.85	13.28	 8.030e-05	      5.22	0	Gaussian	322.955447	33.741425
302	1	  0.001588	  0.000652	     -1.00	    651.28	    213.72	      3.80	      2.91	     66.43	     50.95	8.87	 5.039e-05	      5.22	0	Gaussian	320.416695	33.582453
303	1	  0.001581	  0.000718	     -1.00	    353.69	    547.08	      3.37	      3.12	     58.91	     54.68	-12.88	 8.725e-05	      5.22	0	Gaussian	321.580393	31.856315
304	1	  0.001593	  0.000716	     -1.00	    687.11	    515.94	      3.71	      2.56	     64.91	     44.78	32.64	 6.978e-05	      5.23	0	Gaussian	319.885035	32.267610
305	1	  0.001575	  0.000745	     -1.00	    723.21	    628.52	      3.39	      2.95	     59.33	     51.61	33.57	 5.063e-05	      5.23	0	Gaussian	319.573208	31.796984
306	1	  0.001583	  0.000731	     -1.00	    245.06	     88.10	      3.47	      2.92	     60.78	     51.12	-5.15	 4.853e-05	      5.23	0	Gaussian	322.716557	33.779642
307	1	  0.001620	  0.000731	     -1.00	    396.09	    327.04	      3.73	      2.66	     65.28	     46.61	-18.82	 9.219e-05	      5.23	0	Gaussian	321.626415	32.861338
308	1	  0.001584	  0.000692	     -1.00	    613.93	    311.15	      3.62	      2.86	     63.40	     49.98	12.58	 6.312e-05	      5.23	0	Gaussian	320.501805	33.117482
309	1	  0.001597	  0.000793	     -1.00	     94.24	    351.43	      3.42	      2.64	     59.84	     46.12	13.32	 5.909e-05	      5.25	0	Gaussian	323.156189	32.483231
310	1	  0.001593	  0.000494	     -1.00	    488.67	    239.59	      4.71	      3.14	     82.36	     54.92	18.34	 7.056e-05	      5.25	0	Gaussian	321.246994	33.328789
311	1	  0.001595	  0.000689	     -1.00	    389.76	     38.29	      3.72	      2.62	     65.10	     45.85	1.72	 9.719e-05	      5.25	0	Gaussian	322.017995	34.133685
312	1	  0.001583	  0.000652	     -1.00	    786.95	    292.85	      3.63	      3.01	     63.49	     52.65	4.66	 3.829e-05	      5.26	0	Gaussian	319.604269	33.340371
313	1	  0.001571	  0.000754	     -1.00	    260.78	     51.89	      3.19	      2.96	     55.88	     51.78	17.09	 3.687e-05	      5.26	0	Gaussian	322.681089	33.954203
314	1	  0.001569	  0.000690	     -1.00	    481.46	    298.08	      3.75	      2.88	     65.69	     50.42	3.65	 2.726e-05	      5.27	0	Gaussian	321.214652	33.063340
315	1	  0.001566	  0.000373	     -1.00	    613.41	     40.03	      4.64	      3.80	     81.26	     66.56	-11.75	 3.065e-05	      5.27	0	Gaussian	320.823694	34.325287
316	1	  0.001606	  0.000765	     -1.00	     67.77	    150.88	      2.96	      2.87	     51.84	     50.15	25.20	 6.413e-05	      5.27	0	Gaussian	323.556423	33.335933
317	1	  0.001597	  0.000640	     -1.00	    105.03	    205.25	      3.56	      3.09	     62.26	     54.02	14.81	 5.509e-05	      5.27	0	Gaussian	323.291797	33.133042
318	1	  0.001564	  0.000472	     -1.00	    515.13	     32.87	      4.63	      3.07	     81.05	     53.68	24.18	 3.184e-05	      5.28	0	Gaussian	321.358167	34.270813
319	1	  0.001620	  0.000740	     -1.00	    327.74	     56.46	      3.50	      2.58	     61.28	     45.09	8.08	 2.040e-04	      5.28	0	Gaussian	322.322700	33.996249
320	1	  0.001600	  0.000595	     -1.00	    549.21	    379.96	      3.60	      3.01	     63.09	     52.66	16.30	 1.228e-04	      5.28	0	Gaussian	320.762458	32.758100
321	1	  0.001587	  0.000541	     -1.00	    777.59	    318.87	      3.97	      3.07	     69.45	     53.72	-11.36	 4.595e-05	      5.29	0	Gaussian	319.625326	33.216686
322	1	  0.001579	  0.000313	     -1.00	    163.22	    306.34	      4.71	      4.70	     82.51	     82.33	64.96	 5.231e-05	      5.29	0	Gaussian	322.860020	32.744052
323	1	  0.001593	  0.000701	     -1.00	     38.79	    119.83	      3.58	      2.90	     62.67	     50.81	17.89	 1.090e-04	      5.29	0	Gaussian	323.747866	33.444085
324	1	  0.001603	  0.000923	     -1.00	    245.44	    420.52	      3.07	      2.43	     53.67	     42.54	21.23	 8.669e-05	      5.30	0	Gaussian	322.291943	32.317551
325	1	  0.001613	  0.000738	     -1.00	    140.50	    387.05	      3.40	      2.61	     59.47	     45.73	51.61	 8.847e-05	      5.30	0	Gaussian	322.873289	32.369919
326	1	  0.001589	  0.000711	     -1.00	    279.38	    128.20	      3.13	      2.97	     54.79	     51.94	24.76	 5.315e-05	      5.30	0	Gaussian	322.485032	33.634493
327	1	  0.001586	  0.000656	     -1.00	    491.62	    445.81	      3.88	      2.86	     67.97	     50.14	7.43	 4.833e-05	      5.30	0	Gaussian	320.986470	32.418591
328	1	  0.001601	  0.000625	     -1.00	    403.31	    236.79	      3.57	      2.97	     62.43	     51.92	17.52	 9.104e-05	      5.31	0	Gaussian	321.699082	33.266506
329	1	  0.001587	  0.000823	     -1.00	     19.43	    304.64	      2.95	      2.37	     51.70	     41.55	-6.31	 7.648e-05	      5.31	0	Gaussian	323.600334	32.617762
330	1	  0.001593	  0.000574	     -1.00	    353.80	    240.15	      3.68	      3.09	     64.37	     54.08	12.31	 5.451e-05	      5.31	0	Gaussian	321.954212	33.207703
331	1	  0.001588	  0.000538	     -1.00	    746.61	    115.81	      3.98	      2.96	     69.65	     51.73	-11.97	 5.992e-05	      5.31	0	Gaussian	320.019728	34.099553
332	1	  0.001581	  0.000550	     -1.00	    182.13	    283.01	      4.04	      2.67	     70.79	     46.70	3.19	 4.057e-05	      5.32	0	Gaussian	322.792398	32.863702
333	1	  0.001583	  0.000882	     -1.00	     15.58	    265.49	      3.51	      2.35	     61.37	     41.15	1.19	 5.697e-05	      5.33	0	Gaussian	323.671991	32.784969
334	1	  0.001575	  0.000275	     -1.00	    448.26	     85.68	      6.19	      4.09	    108.29	     71.58	88.00	 5.137e-05	      5.34	0	Gaussian	321.648655	33.976268
335	1	  0.001600	  0.000666	     -1.00	    394.11	    215.42	      3.47	      2.82	     60.73	     49.35	6.14	 8.664e-05	      5.35	0	Gaussian	321.773703	33.352877
336	1	  0.001573	  0.000486	     -1.00	    241.10	    267.96	      4.28	      2.82	     74.91	     49.30	12.41	 4.337e-05	      5.35	0	Gaussian	322.506265	32.983650
337	1	  0.001592	  0.000313	     -1.00	    472.44	    280.38	      6.77	      3.00	    118.53	     52.49	15.40	 7.482e-05	      5.36	0	Gaussian	321.283274	33.133966
338	1	  0.001573	  0.000626	     -1.00	    356.28	    408.74	      3.83	      2.58	     66.99	     45.20	15.94	 3.350e-05	      5.36	0	Gaussian	321.733968	32.466555
339	1	  0.001620	  0.000664	     -1.00	    553.32	    470.33	      3.58	      2.60	     62.62	     45.50	4.32	 9.833e-05	      5.36	0	Gaussian	320.636236	32.361516
340	1	  0.001599	  0.000547	     -1.00	    390.78	    224.21	      3.91	      2.75	     68.43	     48.20	7.76	 9.239e-05	      5.36	0	Gaussian	321.780313	33.311066
341	1	  0.001583	  0.000636	     -1.00	    345.43	    318.57	      3.65	      2.92	     63.93	     51.16	8.71	 5.003e-05	      5.36	0	Gaussian	321.900805	32.854281
342	1	  0.001582	  0.000402	     -1.00	    523.22	    330.73	      5.03	      2.92	     88.00	     51.12	8.55	 5.009e-05	      5.36	0	Gaussian	320.956585	32.954361
343	1	  0.001586	  0.000652	     -1.00	    591.93	    348.37	      3.64	      2.63	     63.67	     46.05	6.65	 5.238e-05	      5.38	0	Gaussian	320.574710	32.933832
344	1	  0.001564	  0.000672	     -1.00	    408.02	    540.69	      3.72	      2.59	     65.16	     45.30	2.05	 6.124e-05	      5.38	0	Gaussian	321.308113	31.930308
345	1	  0.001595	  0.000590	     -1.00	     32.06	    337.84	      3.76	      2.91	     65.75	     50.86	13.18	 7.522e-05	      5.38	0	Gaussian	323.491941	32.484824
346	1	  0.001567	  0.000496	     -1.00	    245.90	    140.04	      4.04	      3.07	     70.69	     53.65	5.63	 4.870e-05	      5.39	0	Gaussian	322.645002	33.551344
347	1	  0.001573	  0.000581	     -1.00	    757.12	    564.34	      3.96	      2.89	     69.37	     50.50	16.26	 5.940e-05	      5.39	0	Gaussian	319.465143	32.107675
348	1	  0.001566	  0.000393	     -1.00	    772.36	    430.89	      5.01	      3.08	     87.61	     53.96	18.84	 3.051e-05	      5.39	0	Gaussian	319.529814	32.712941
349	1	  0.001584	  0.000602	     -1.00	    531.10	    460.53	      3.92	      2.44	     68.56	     42.71	3.58	 6.519e-05	      5.39	0	Gaussian	320.763493	32.386449
350	1	  0.001564	  0.000683	     -1.00	    659.61	    581.93	      3.47	      2.81	     60.74	     49.13	16.20	 5.498e-05	      5.39	0	Gaussian	319.955834	31.953535
351	1	  0.001615	  0.000733	     -1.00	    560.71	    472.47	      3.27	      2.67	     57.32	     46.70	21.10	 1.021e-04	      5.39	0	Gaussian	320.595219	32.358117
352	1	  0.001587	  0.000321	     -1.00	    169.22	    257.28	      4.61	      3.85	     80.71	     67.36	78.09	 6.465e-05	      5.40	0	Gaussian	322.892248	32.964747
353	1	  0.001584	  0.000609	     -1.00	    365.87	    385.74	      3.53	      2.88	     61.76	     50.41	18.42	 6.388e-05	      5.40	0	Gaussian	321.712208	32.576167
354	1	  0.001587	  0.000256	     -1.00	    513.92	    443.83	      5.61	      4.01	     98.25	     70.12	-75.80	 4.962e-05	      5.42	0	Gaussian	320.872513	32.445977
355	1	  0.001580	  0.000602	     -1.00	    176.26	     98.56	      3.67	      2.74	     64.22	     47.93	16.17	 4.173e-05	      5.42	0	Gaussian	323.062547	33.668921
356	1	  0.001575	  0.000659	     -1.00	    387.99	    188.66	      3.45	      2.71	     60.36	     47.35	7.77	 3.850e-05	      5.42	0	Gaussian	321.838948	33.465824
357	1	  0.001611	  0.000616	     -1.00	    702.86	     87.28	      3.80	      2.51	     66.50	     44.01	-6.29	 1.164e-04	      5.43	0	Gaussian	320.287764	34.190606
358	1	  0.001574	  0.000552	     -1.00	    577.46	    116.50	      4.09	      2.96	     71.58	     51.74	1.11	 4.606e-05	      5.43	0	Gaussian	320.924367	33.952912
359	1	  0.001668	  0.000686	     -1.00	    450.76	    563.70	      3.17	      2.63	     55.57	     46.11	17.02	 1.902e-04	      5.43	0	Gaussian	321.060421	31.864794
360	1	  0.001594	  0.000715	     -1.00	    486.22	    574.56	      3.47	      2.37	     60.74	     41.40	6.01	 7.632e-05	      5.44	0	Gaussian	320.864586	31.846329
361	1	  0.001575	  0.000572	     -1.00	    335.12	    270.91	      3.67	      2.93	     64.19	     51.22	7.17	 2.422e-05	      5.44	0	Gaussian	322.013522	33.055308
362	1	  0.001609	  0.000694	     -1.00	    246.52	    102.90	      3.46	      2.67	     60.48	     46.80	10.73	 7.927e-05	      5.44	0	Gaussian	322.689752	33.715683
363	1	  0.001598	  0.000787	     -1.00	    202.94	    399.27	      3.12	      2.42	     54.54	     42.33	12.69	 6.892e-05	      5.44	0	Gaussian	322.537210	32.372795
364	1	  0.001567	  0.000524	     -1.00	    381.28	    124.17	      3.92	      2.80	     68.58	     48.99	4.02	 3.080e-05	      5.45	0	Gaussian	321.954706	33.745296
365	1	  0.001563	  0.000494	     -1.00	    561.04	    535.83	      4.11	      2.93	     71.89	     51.28	4.55	 5.366e-05	      5.45	0	Gaussian	320.520944	32.078346
366	1	  0.001607	  0.000663	     -1.00	    458.83	    562.13	      3.34	      2.64	     58.41	     46.20	5.49	 1.187e-04	      5.45	0	Gaussian	321.020560	31.878399
367	1	  0.001576	  0.000588	     -1.00	    438.61	    256.17	      3.70	      2.82	     64.82	     49.32	2.45	 3.564e-05	      5.48	0	Gaussian	321.490177	33.211774
368	1	  0.001591	  0.000577	     -1.00	    408.07	     67.47	      3.63	      2.77	     63.48	     48.48	-7.09	 6.090e-05	      5.48	0	Gaussian	321.884289	34.020901
369	1	  0.001552	  0.000686	     -1.00	    391.79	    593.42	      2.90	      2.68	     50.82	     46.90	74.67	 6.319e-05	      5.48	0	Gaussian	321.329431	31.685080
370	1	  0.001588	  0.000512	     -1.00	    577.31	    155.04	      3.86	      2.83	     67.60	     49.49	5.93	 8.200e-05	      5.48	0	Gaussian	320.879118	33.781117
371	1	  0.001588	  0.000632	     -1.00	    377.51	    302.49	      3.43	      2.77	     60.09	     48.47	-4.92	 6.191e-05	      5.48	0	Gaussian	321.753378	32.953469
372	1	  0.001591	  0.000606	     -1.00	    445.60	    330.88	      3.49	      2.70	     61.04	     47.26	-6.69	 8.722e-05	      5.49	0	Gaussian	321.363183	32.887305
373	1	  0.001626	  0.000550	     -1.00	    254.82	    206.10	      3.13	      3.00	     54.79	     52.48	-47.83	 9.061e-05	      5.49	0	Gaussian	322.513703	33.268431
374	1	  0.001593	  0.000493	     -1.00	    299.74	    120.18	      4.67	      2.38	     81.79	     41.61	-1.74	 7.181e-05	      5.50	0	Gaussian	322.388563	33.688678
375	1	  0.001591	  0.000565	     -1.00	    183.94	    241.85	      3.65	      2.75	     63.90	     48.16	1.39	 6.242e-05	      5.51	0	Gaussian	322.836004	33.046043
376	1	  0.001616	  0.000609	     -1.00	    722.47	    191.36	      3.44	      2.75	     60.22	     48.11	-3.50	 8.242e-05	      5.51	0	Gaussian	320.062710	33.741505
377	1	  0.001569	  0.000515	     -1.00	    321.46	    260.25	      3.91	      2.98	     68.48	     52.20	3.42	 2.894e-05	      5.51	0	Gaussian	322.098029	33.090091
378	1	  0.001579	  0.000536	     -1.00	    377.88	    267.95	      3.70	      2.78	     64.83	     48.59	7.60	 4.114e-05	      5.52	0	Gaussian	321.793897	33.106309
379	1	  0.001611	  0.000516	     -1.00	    731.77	    190.40	      3.72	      2.75	     65.15	     48.16	8.56	 8.250e-05	      5.53	0	Gaussian	320.014072	33.753496
380	1	  0.001591	  0.000661	     -1.00	    354.19	    535.36	      3.56	      2.23	     62.29	     38.99	6.55	 9.542e-05	      5.54	0	Gaussian	321.591861	31.908161
381	1	  0.001599	  0.000427	     -1.00	    668.91	    385.78	      4.19	      2.76	     73.29	     48.25	-17.82	 6.397e-05	      5.54	0	Gaussian	320.126247	32.830949
382	1	  0.001579	  0.000467	     -1.00	    764.67	    230.85	      3.81	      3.01	     66.63	     52.73	-5.75	 3.989e-05	      5.54	0	Gaussian	319.792397	33.599551
383	1	  0.001566	  0.000700	     -1.00	    403.49	    631.68	      2.92	      2.19	     51.20	     38.25	67.00	 6.203e-05	      5.55	0	Gaussian	321.224375	31.526951
384	1	  0.001576	  0.000491	     -1.00	    549.91	    567.30	      3.99	      2.55	     69.89	     44.68	3.30	 5.332e-05	      5.56	0	Gaussian	320.542905	31.930375
385	1	  0.001621	  0.000442	     -1.00	    756.16	    160.92	      3.94	      3.02	     68.99	     52.92	1.50	 8.391e-05	      5.56	0	Gaussian	319.916942	33.905443
386	1	  0.001570	  0.000373	     -1.00	    397.50	    608.18	      4.55	      3.20	     79.69	     56.05	28.28	 5.452e-05	      5.56	0	Gaussian	321.282722	31.625069
387	1	  0.001590	  0.000498	     -1.00	    625.38	    489.50	      3.86	      2.58	     67.54	     45.08	7.35	 4.372e-05	      5.56	0	Gaussian	320.237833	32.335413
388	1	  0.001595	  0.000432	     -1.00	    166.29	    238.71	      3.83	      3.03	     67.07	     53.05	-11.87	 5.983e-05	      5.57	0	Gaussian	322.931427	33.043537
389	1	  0.001590	  0.000497	     -1.00	    685.93	    297.32	      3.69	      2.91	     64.64	     50.89	4.27	 6.061e-05	      5.57	0	Gaussian	320.136519	33.238551
390	1	  0.001590	  0.000417	     -1.00	    428.03	    297.96	      4.32	      2.85	     75.57	     49.88	12.57	 5.642e-05	      5.57	0	Gaussian	321.494854	33.017637
391	1	  0.001648	  0.000698	     -1.00	    127.44	     72.26	      3.02	      2.55	     52.93	     44.57	6.80	 2.347e-04	      5.57	0	Gaussian	323.351846	33.738122
392	1	  0.001583	  0.000479	     -1.00	    303.35	     68.03	      4.12	      2.68	     72.15	     46.84	-10.46	 6.335e-05	      5.57	0	Gaussian	322.436376	33.922519
393	1	  0.001574	  0.000590	     -1.00	    648.42	    510.69	      3.07	      2.38	     53.75	     41.62	39.71	 4.094e-05	      5.58	0	Gaussian	320.093501	32.260093
394	1	  0.001584	  0.000363	     -1.00	    291.20	    202.43	      4.14	      3.37	     72.50	     58.92	13.15	 3.902e-05	      5.58	0	Gaussian	322.328631	33.317815
395	1	  0.001575	  0.000462	     -1.00	    341.33	    146.15	      3.84	      2.92	     67.17	     51.10	11.80	 3.341e-05	      5.59	0	Gaussian	322.137281	33.611852
396	1	  0.001566	  0.000473	     -1.00	    673.06	    182.46	      3.87	      2.85	     67.66	     49.92	-1.03	 2.402e-05	      5.60	0	Gaussian	320.336850	33.740151
397	1	  0.001588	  0.000544	     -1.00	    332.97	    106.27	      3.55	      2.68	     62.10	     46.86	-5.15	 5.698e-05	      5.60	0	Gaussian	322.231702	33.780626
398	1	  0.001576	  0.000595	     -1.00	     58.24	    415.45	      2.85	      2.69	     49.95	     47.05	39.40	 6.045e-05	      5.61	0	Gaussian	323.257056	32.170704
399	1	  0.001583	  0.000477	     -1.00	    791.03	    539.57	      4.00	      2.47	     70.10	     43.17	4.54	 4.568e-05	      5.62	0	Gaussian	319.313754	32.243895
400	1	  0.001595	  0.000681	     -1.00	    443.04	    607.64	      3.06	      2.37	     53.55	     41.49	14.57	 8.388e-05	      5.63	0	Gaussian	321.049034	31.665223
401	1	  0.001572	  0.000404	     -1.00	    564.80	    448.23	      4.10	      2.83	     71.69	     49.52	-1.68	 4.609e-05	      5.63	0	Gaussian	320.601725	32.468749
402	1	  0.001574	  0.000417	     -1.00	    777.53	    211.78	      3.90	      3.43	     68.28	     60.07	-6.06	 3.053e-05	      5.63	0	Gaussian	319.744968	33.695322
403	1	  0.001591	  0.000398	     -1.00	    681.74	    323.34	      4.15	      2.59	     72.66	     45.37	9.04	 5.683e-05	      5.63	0	Gaussian	320.129213	33.119240
404	1	  0.001578	  0.000649	     -1.00	    113.39	    420.34	      2.90	      2.17	     50.83	     38.04	81.84	 5.967e-05	      5.64	0	Gaussian	322.969424	32.199799
405	1	  0.001596	  0.000439	     -1.00	    148.79	    385.67	      3.57	      3.06	     62.49	     53.57	31.75	 9.476e-05	      5.64	0	Gaussian	322.832562	32.383477
406	1	  0.001682	  0.000674	     -1.00	    517.93	    131.44	      3.01	      2.36	     52.66	     41.35	-5.97	 5.225e-04	      5.64	0	Gaussian	321.223002	33.834597
407	1	  0.001576	  0.000466	     -1.00	    674.13	    100.18	      3.78	      2.82	     66.08	     49.43	7.44	 4.320e-05	      5.64	0	Gaussian	320.426936	34.108596
408	1	  0.001582	  0.000464	     -1.00	    621.28	    572.63	      3.84	      2.59	     67.23	     45.37	11.13	 5.492e-05	      5.65	0	Gaussian	320.165895	31.964236
409	1	  0.001620	  0.000485	     -1.00	    513.13	     67.56	      3.90	      2.33	     68.28	     40.82	4.87	 1.512e-04	      5.65	0	Gaussian	321.326282	34.114601
410	1	  0.001570	  0.000474	     -1.00	    474.94	    533.59	      3.39	      3.06	     59.33	     53.62	35.98	 6.904e-05	      5.66	0	Gaussian	320.970468	32.017434
411	1	  0.001569	  0.000427	     -1.00	    588.04	     50.23	      3.97	      2.82	     69.43	     49.41	-1.51	 4.150e-05	      5.66	0	Gaussian	320.947402	34.257668
412	1	  0.001588	  0.000446	     -1.00	    301.04	    370.91	      4.06	      2.54	     71.09	     44.48	12.52	 5.284e-05	      5.67	0	Gaussian	322.066555	32.584623
413	1	  0.001616	  0.000511	     -1.00	    477.64	    247.38	      3.70	      2.74	     64.73	     48.03	11.39	 1.301e-04	      5.68	0	Gaussian	321.295712	33.284685
414	1	  0.001606	  0.000444	     -1.00	    709.11	     30.21	      3.67	      2.90	     64.27	     50.81	-8.41	 1.707e-04	      5.68	0	Gaussian	320.320697	34.451487
415	1	  0.001573	  0.000441	     -1.00	    550.44	    339.59	      3.92	      2.62	     68.67	     45.92	5.00	 4.631e-05	      5.68	0	Gaussian	320.803175	32.938076
416	1	  0.001599	  0.000664	     -1.00	    520.34	    508.26	      2.66	      2.37	     46.48	     41.51	-29.89	 7.696e-05	      5.68	0	Gaussian	320.764249	32.166705
417	1	  0.001590	  0.000362	     -1.00	    780.00	    524.77	      4.10	      3.09	     71.70	     54.16	-13.69	 4.957e-05	      5.69	0	Gaussian	319.387650	32.301157
418	1	  0.001609	  0.000554	     -1.00	    485.45	    363.77	      3.52	      2.60	     61.58	     45.57	6.95	 1.698e-04	      5.69	0	Gaussian	321.115472	32.776008
419	1	  0.001600	  0.000527	     -1.00	    237.83	    173.34	      3.37	      2.62	     59.01	     45.93	19.62	 4.710e-05	      5.70	0	Gaussian	322.644245	33.397140
420	1	  0.001591	  0.000296	     -1.00	    655.05	    356.58	      5.22	      2.77	     91.39	     48.41	-4.15	 5.881e-05	      5.70	0	Gaussian	320.232525	32.949462
421	1	  0.001599	  0.000517	     -1.00	    238.01	    413.08	      3.06	      2.75	     53.60	     48.13	13.15	 1.136e-04	      5.70	0	Gaussian	322.339472	32.343577
422	1	  0.001586	  0.000490	     -1.00	    433.15	    446.62	      3.64	      2.60	     63.65	     45.53	4.67	 5.658e-05	      5.70	0	Gaussian	321.289615	32.365659
423	1	  0.001599	  0.000415	     -1.00	    291.42	    123.51	      3.89	      3.04	     68.06	     53.29	14.92	 7.769e-05	      5.71	0	Gaussian	322.427925	33.666315
424	1	  0.001572	  0.000435	     -1.00	    461.44	    463.54	      3.80	      2.98	     66.44	     52.13	19.04	 3.543e-05	      5.71	0	Gaussian	321.122627	32.314993
425	1	  0.001610	  0.000497	     -1.00	    785.90	     81.36	      3.60	      2.54	     62.98	     44.42	4.28	 1.324e-04	      5.71	0	Gaussian	319.847415	34.286528
426	1	  0.001585	  0.000327	     -1.00	     80.96	    255.52	      4.10	      3.34	     71.73	     58.39	24.90	 5.616e-05	      5.71	0	Gaussian	323.349689	32.890271
427	1	  0.001589	  0.000509	     -1.00	     51.78	    302.20	      3.24	      2.90	     56.74	     50.73	15.84	 6.534e-05	      5.71	0	Gaussian	323.437999	32.658849
428	1	  0.001580	  0.000405	     -1.00	    509.76	    274.81	      3.85	      2.90	     67.31	     50.78	-14.95	 4.198e-05	      5.71	0	Gaussian	321.093768	33.190793
429	1	  0.001572	  0.000447	     -1.00	    548.06	    128.02	      3.62	      2.94	     63.41	     51.54	10.51	 5.716e-05	      5.72	0	Gaussian	321.067012	33.876080
430	1	  0.001661	  0.000521	     -1.00	    445.45	    512.18	      3.42	      2.42	     59.92	     42.29	2.73	 3.541e-04	      5.73	0	Gaussian	321.148296	32.087166
431	1	  0.001568	  0.000335	     -1.00	    746.01	     85.38	      4.38	      2.83	     76.64	     49.50	-32.11	 3.493e-05	      5.73	0	Gaussian	320.057883	34.235361
432	1	  0.001608	  0.000598	     -1.00	    399.05	    484.69	      3.26	      2.30	     57.02	     40.34	5.40	 7.237e-05	      5.74	0	Gaussian	321.420987	32.169026
433	1	  0.001584	  0.000347	     -1.00	    221.44	    183.39	      4.02	      3.02	     70.35	     52.78	12.63	 5.069e-05	      5.74	0	Gaussian	322.716711	33.337752
434	1	  0.001581	  0.000337	     -1.00	     14.86	     75.52	      3.99	      3.19	     69.88	     55.81	-17.77	 7.125e-05	      5.75	0	Gaussian	323.931646	33.614872
435	1	  0.001589	  0.000429	     -1.00	    689.95	    646.62	      3.69	      2.87	     64.64	     50.25	-15.07	 1.133e-04	      5.76	0	Gaussian	319.726850	31.691150
436	1	  0.001601	  0.000514	     -1.00	    210.38	      9.42	      3.50	      2.59	     61.23	     45.30	-1.05	 7.217e-05	      5.77	0	Gaussian	323.001494	34.094130
437	1	  0.001579	  0.000414	     -1.00	    655.18	      5.34	      4.09	      2.26	     71.54	     39.56	-2.92	 2.946e-05	      5.78	0	Gaussian	320.640692	34.516611
438	1	  0.001592	  0.000413	     -1.00	    721.31	    107.08	      3.66	      2.83	     63.99	     49.55	-2.15	 5.721e-05	      5.78	0	Gaussian	320.165731	34.117517
439	1	  0.001596	  0.000486	     -1.00	     49.04	    198.21	      3.43	      2.61	     60.04	     45.63	1.12	 5.261e-05	      5.78	0	Gaussian	323.589855	33.110810
440	1	  0.001611	  0.000479	     -1.00	    151.94	     74.86	      3.15	      2.77	     55.17	     48.50	0.30	 8.996e-05	      5.79	0	Gaussian	323.220710	33.750098
441	1	  0.001573	  0.000407	     -1.00	    375.42	     61.40	      3.90	      2.54	     68.29	     44.51	-2.24	 3.461e-05	      5.79	0	Gaussian	322.064689	34.018136
442	1	  0.001606	  0.000453	     -1.00	    640.23	    408.33	      3.59	      2.58	     62.88	     45.20	-2.80	 6.847e-05	      5.80	0	Gaussian	320.251790	32.707455
443	1	  0.001577	  0.000459	     -1.00	    527.20	    216.52	      3.57	      2.59	     62.44	     45.26	-5.09	 3.697e-05	      5.80	0	Gaussian	321.071397	33.464466
444	1	  0.001580	  0.000629	     -1.00	    418.51	    523.40	      2.78	      2.00	     48.74	     34.98	66.70	 6.477e-05	      5.80	0	Gaussian	321.274422	32.015169
445	1	  0.001575	  0.000368	     -1.00	    618.16	    515.71	      3.74	      3.07	     65.51	     53.82	9.43	 5.090e-05	      5.80	0	Gaussian	320.246002	32.213550
446	1	  0.001609	  0.000333	     -1.00	     85.41	    271.69	      3.63	      2.77	     63.55	     48.46	89.57	 1.683e-04	      5.80	0	Gaussian	323.305528	32.823710
447	1	  0.001598	  0.000392	     -1.00	    569.69	     44.96	      3.81	      2.72	     66.75	     47.68	-17.47	 1.276e-04	      5.80	0	Gaussian	321.051947	34.265137
448	1	  0.001604	  0.000256	     -1.00	    130.94	     80.30	      5.37	      2.76	     94.04	     48.28	-13.26	 8.716e-05	      5.81	0	Gaussian	323.322866	33.706141
449	1	  0.001584	  0.000418	     -1.00	    295.67	    307.50	      3.70	      2.67	     64.78	     46.70	-10.17	 6.516e-05	      5.81	0	Gaussian	322.173231	32.858848
450	1	  0.001584	  0.000386	     -1.00	    613.08	    474.60	      3.74	      2.97	     65.47	     51.97	26.23	 3.833e-05	      5.81	0	Gaussian	320.319040	32.391489
451	1	  0.001586	  0.000332	     -1.00	    619.81	     11.85	      4.12	      2.84	     72.18	     49.75	-6.85	 4.676e-05	      5.81	0	Gaussian	320.823144	34.456784
452	1	  0.001585	  0.000448	     -1.00	    407.81	    194.38	      3.50	      2.67	     61.31	     46.68	10.93	 6.647e-05	      5.82	0	Gaussian	321.727724	33.458181
453	1	  0.001596	  0.000522	     -1.00	    438.45	    471.52	      3.32	      2.53	     58.18	     44.21	-4.73	 6.103e-05	      5.83	0	Gaussian	321.232557	32.260392
454	1	  0.001620	  0.000334	     -1.00	    456.67	    287.47	      3.98	      2.81	     69.75	     49.21	-33.79	 1.770e-04	      5.83	0	Gaussian	321.357506	33.088918
455	1	  0.001607	  0.000433	     -1.00	    289.37	    423.85	      3.42	      2.76	     59.92	     48.26	32.09	 7.975e-05	      5.84	0	Gaussian	322.061459	32.341707
456	1	  0.001578	  0.000500	     -1.00	    132.59	    226.49	      3.29	      2.59	     57.59	     45.31	9.03	 4.182e-05	      5.84	0	Gaussian	323.121560	33.065812
457	1	  0.001579	  0.000490	     -1.00	    161.61	    319.19	      2.96	      2.36	     51.78	     41.34	-0.73	 4.294e-05	      5.87	0	Gaussian	322.851749	32.686225
458	1	  0.001585	  0.000486	     -1.00	    607.55	    519.38	      2.95	      2.46	     51.64	     43.03	87.15	 4.895e-05	      5.87	0	Gaussian	320.297289	32.188722
459	1	  0.001562	  0.000449	     -1.00	    280.60	    284.90	      3.06	      2.54	     53.50	     44.38	14.78	 3.989e-05	      5.87	0	Gaussian	322.279820	32.944838
460	1	  0.001618	  0.000387	     -1.00	    622.24	    446.55	      3.88	      2.37	     67.87	     41.54	2.75	 6.646e-05	      5.87	0	Gaussian	320.302867	32.523210
461	1	  0.001583	  0.000406	     -1.00	     61.10	    188.47	      3.81	      2.45	     66.72	     42.93	8.39	 5.122e-05	      5.88	0	Gaussian	323.540680	33.164926
462	1	  0.001579	  0.000529	     -1.00	    261.53	    230.22	      2.72	      2.71	     47.55	     47.51	-46.35	 4.828e-05	      5.88	0	Gaussian	322.448049	33.168338
463	1	  0.001593	  0.000589	     -1.00	    611.62	    600.15	      3.00	      2.30	     52.51	     40.30	4.36	 1.198e-04	      5.88	0	Gaussian	320.185390	31.834947
464	1	  0.001623	  0.000361	     -1.00	    261.41	    332.91	      3.46	      2.92	     60.49	     51.18	8.51	 3.436e-04	      5.89	0	Gaussian	322.319032	32.716442
465	1	  0.001608	  0.000328	     -1.00	    699.13	    203.37	      4.25	      2.75	     74.35	     48.14	1.21	 5.297e-05	      5.90	0	Gaussian	320.173635	33.668510
466	1	  0.001586	  0.000404	     -1.00	    430.23	    280.42	      3.54	      2.69	     61.90	     47.06	6.68	 4.467e-05	      5.91	0	Gaussian	321.504649	33.097159
467	1	  0.001596	  0.000497	     -1.00	    360.40	    306.36	      2.92	      2.08	     51.04	     36.44	8.73	 7.826e-05	      5.92	0	Gaussian	321.837836	32.921316
468	1	  0.001600	  0.000460	     -1.00	    420.89	    305.39	      3.42	      2.42	     59.85	     42.38	1.42	 6.560e-05	      5.92	0	Gaussian	321.523203	32.978614
469	1	  0.001629	  0.000546	     -1.00	    725.52	    548.41	      2.81	      1.91	     49.14	     33.38	-22.30	 1.368e-04	      5.92	0	Gaussian	319.648106	32.153802
470	1	  0.001598	  0.000409	     -1.00	    730.71	    118.49	      3.57	      2.65	     62.52	     46.38	0.02	 6.237e-05	      5.94	0	Gaussian	320.102042	34.074295
471	1	  0.001602	  0.000439	     -1.00	    585.37	    146.69	      3.18	      2.72	     55.68	     47.67	-13.57	 8.258e-05	      5.94	0	Gaussian	320.846178	33.825226
472	1	  0.001644	  0.000440	     -1.00	    772.40	    245.72	      3.39	      2.23	     59.32	     39.11	3.69	 1.367e-04	      5.94	0	Gaussian	319.734381	33.539356
473	1	  0.001644	  0.000497	     -1.00	     60.36	    345.51	      2.78	      2.25	     48.58	     39.44	-74.94	 1.353e-04	      5.95	0	Gaussian	323.337288	32.477721
474	1	  0.001598	  0.000398	     -1.00	    725.37	    201.39	      3.54	      2.80	     61.97	     48.98	16.54	 7.630e-05	      5.96	0	Gaussian	320.035789	33.699069
475	1	  0.001620	  0.000421	     -1.00	    349.52	    628.89	      2.93	      2.51	     51.34	     43.90	-81.44	 2.969e-04	      5.96	0	Gaussian	321.504309	31.494132
476	1	  0.001622	  0.000327	     -1.00	    727.10	    315.90	      4.42	      2.48	     77.38	     43.44	-9.49	 2.904e-04	      6.00	0	Gaussian	319.897018	33.189323
477	1	  0.001609	  0.000506	     -1.00	    453.68	    440.47	      2.73	      2.37	     47.75	     41.42	24.05	 9.649e-05	      6.01	0	Gaussian	321.190195	32.410214
478	1	  0.001602	  0.000379	     -1.00	    166.94	    161.28	      3.43	      2.74	     59.98	     48.00	8.07	 5.077e-05	      6.02	0	Gaussian	323.028844	33.384236
479	1	  0.001607	  0.000340	     -1.00	    327.65	     17.42	      4.07	      2.44	     71.24	     42.63	0.65	 4.495e-05	      6.02	0	Gaussian	322.373258	34.169021
480	1	  0.001609	  0.000404	     -1.00	    583.71	    359.64	      3.31	      2.55	     57.88	     44.60	-13.22	 2.044e-04	      6.03	0	Gaussian	320.604904	32.877007
481	1	  0.001610	  0.000329	     -1.00	    657.12	    316.38	      3.89	      2.47	     68.07	     43.28	3.16	 9.671e-05	      6.05	0	Gaussian	320.267472	33.129995
482	1	  0.001595	  0.000428	     -1.00	     13.54	     84.25	      2.88	      2.34	     50.35	     41.01	36.66	 7.344e-05	      6.06	0	Gaussian	323.926589	33.575348
483	1	  0.001602	  0.000466	     -1.00	     19.29	    295.40	      2.81	      2.17	     49.14	     37.99	10.58	 1.001e-04	      6.06	0	Gaussian	323.613277	32.657944
484	1	  0.001583	  0.000333	     -1.00	    720.54	     82.19	      3.15	      2.30	     55.10	     40.27	-6.66	 4.503e-05	      6.11	0	Gaussian	320.198640	34.228328
485	1	  0.001615	  0.000393	     -1.00	    403.63	    474.46	      2.83	      2.53	     49.51	     44.26	-2.41	 9.025e-05	      6.12	0	Gaussian	321.409522	32.217928
486	1	  0.001613	  0.000410	     -1.00	     86.64	    283.73	      2.84	      2.33	     49.77	     40.76	50.43	 1.244e-04	      6.13	0	Gaussian	323.283426	32.772153
487	1	  0.001597	  0.000335	     -1.00	     97.42	    103.24	      2.95	      2.44	     51.70	     42.72	54.23	 6.633e-05	      6.22	0	Gaussian	323.466535	33.573261
488	1	  0.001622	  0.000449	     -1.00	    590.77	    473.56	      2.97	      1.32	     51.96	     23.13	55.71	 1.503e-04	      6.38	0	Gaussian	320.436946	32.377903
489	1	  0.001705	  0.000124	     -1.00	    786.71	    179.72	     13.60	      1.40	    238.07	     24.59	38.45	 4.971e-04	      6.69	0	Gaussian	319.731789	33.846332
